PS C:\Data\Code\GitHub\JAVA-000\Week_02> java -XX:+UseParallelGC -Xms2g -Xmx2g -Xlog:gc*:file=gc.parallel.2g.log:time,uptime,pid,tid,level,tags -Xlog:gc,gc+heap+exit::time,uptime,pid,tid GCLogAnalysis.java
[2020-10-28T10:31:37.908+0800][0.026s][15500][19968] Using Parallel
正在执行...
[2020-10-28T10:31:39.460+0800][1.578s][15500][21232] GC(0) Pause Young (Allocation Failure) 512M->156M(1963M) 48.106ms
[2020-10-28T10:31:39.655+0800][1.772s][15500][21232] GC(1) Pause Young (Allocation Failure) 668M->278M(1963M) 60.684ms
[2020-10-28T10:31:39.851+0800][1.969s][15500][21232] GC(2) Pause Young (Allocation Failure) 790M->401M(1963M) 67.866ms
[2020-10-28T10:31:40.242+0800][2.360s][15500][21232] GC(3) Pause Young (Allocation Failure) 914M->525M(1963M) 258.485ms
执行结束!共生成对象次数:9491
[2020-10-28T10:31:40.492+0800][2.610s][15500][19968] Heap
[2020-10-28T10:31:40.493+0800][2.610s][15500][19968]  PSYoungGen      total 611840K, used 113182K [0x00000000d5580000, 0x0000000100000000, 0x0000000100000000)
[2020-10-28T10:31:40.493+0800][2.611s][15500][19968]   eden space 524800K, 4% used [0x00000000d5580000,0x00000000d6f08100,0x00000000f5600000)
[2020-10-28T10:31:40.493+0800][2.611s][15500][19968]   from space 87040K, 99% used [0x00000000fab00000,0x00000000fffff8a0,0x0000000100000000)
[2020-10-28T10:31:40.494+0800][2.612s][15500][19968]   to   space 87040K, 0% used [0x00000000f5600000,0x00000000f5600000,0x00000000fab00000)
[2020-10-28T10:31:40.494+0800][2.612s][15500][19968]  ParOldGen       total 1398272K, used 451036K [0x0000000080000000, 0x00000000d5580000, 0x00000000d5580000)
[2020-10-28T10:31:40.494+0800][2.612s][15500][19968]   object space 1398272K, 32% used [0x0000000080000000,0x000000009b8773d8,0x00000000d5580000)
[2020-10-28T10:31:40.495+0800][2.613s][15500][19968]  Metaspace       used 16608K, capacity 16956K, committed 17024K, reserved 1064960K
[2020-10-28T10:31:40.495+0800][2.613s][15500][19968]   class space    used 1747K, capacity 1890K, committed 1920K, reserved 1048576K
