[2020-10-28T10:27:35.105+0800][0.027s][19796][5392][info][gc] Using Parallel
[2020-10-28T10:27:35.106+0800][0.028s][19796][5392][info][gc,heap,coops] Heap address: 0x00000000f0000000, size: 256 MB, Compressed Oops mode: 32-bit
[2020-10-28T10:27:35.952+0800][0.873s][19796][2020][info][gc,start     ] GC(0) Pause Young (Allocation Failure)
[2020-10-28T10:27:35.974+0800][0.895s][19796][2020][info][gc,heap      ] GC(0) PSYoungGen: 65168K->10750K(76288K)
[2020-10-28T10:27:35.974+0800][0.895s][19796][2020][info][gc,heap      ] GC(0) ParOldGen: 0K->8332K(175104K)
[2020-10-28T10:27:35.974+0800][0.895s][19796][2020][info][gc,metaspace ] GC(0) Metaspace: 16363K->16363K(1064960K)
[2020-10-28T10:27:35.979+0800][0.900s][19796][2020][info][gc           ] GC(0) Pause Young (Allocation Failure) 63M->18M(245M) 26.901ms
[2020-10-28T10:27:35.979+0800][0.900s][19796][2020][info][gc,cpu       ] GC(0) User=0.03s Sys=0.06s Real=0.03s
[2020-10-28T10:27:36.009+0800][0.929s][19796][2020][info][gc,start     ] GC(1) Pause Young (Allocation Failure)
[2020-10-28T10:27:36.038+0800][0.958s][19796][2020][info][gc,heap      ] GC(1) PSYoungGen: 76160K->10739K(76288K)
[2020-10-28T10:27:36.038+0800][0.958s][19796][2020][info][gc,heap      ] GC(1) ParOldGen: 8332K->33699K(175104K)
[2020-10-28T10:27:36.039+0800][0.958s][19796][2020][info][gc,metaspace ] GC(1) Metaspace: 16375K->16375K(1064960K)
[2020-10-28T10:27:36.039+0800][0.958s][19796][2020][info][gc           ] GC(1) Pause Young (Allocation Failure) 82M->43M(245M) 29.201ms
[2020-10-28T10:27:36.039+0800][0.959s][19796][2020][info][gc,cpu       ] GC(1) User=0.03s Sys=0.13s Real=0.03s
[2020-10-28T10:27:36.058+0800][0.978s][19796][2020][info][gc,start     ] GC(2) Pause Young (Allocation Failure)
[2020-10-28T10:27:36.074+0800][0.994s][19796][2020][info][gc,heap      ] GC(2) PSYoungGen: 76267K->10750K(76288K)
[2020-10-28T10:27:36.074+0800][0.994s][19796][2020][info][gc,heap      ] GC(2) ParOldGen: 33699K->57561K(175104K)
[2020-10-28T10:27:36.074+0800][0.994s][19796][2020][info][gc,metaspace ] GC(2) Metaspace: 16377K->16377K(1064960K)
[2020-10-28T10:27:36.074+0800][0.994s][19796][2020][info][gc           ] GC(2) Pause Young (Allocation Failure) 107M->66M(245M) 15.922ms
[2020-10-28T10:27:36.074+0800][0.994s][19796][2020][info][gc,cpu       ] GC(2) User=0.16s Sys=0.00s Real=0.02s
[2020-10-28T10:27:36.087+0800][1.007s][19796][2020][info][gc,start     ] GC(3) Pause Young (Allocation Failure)
[2020-10-28T10:27:36.103+0800][1.023s][19796][2020][info][gc,heap      ] GC(3) PSYoungGen: 76286K->10741K(76288K)
[2020-10-28T10:27:36.103+0800][1.023s][19796][2020][info][gc,heap      ] GC(3) ParOldGen: 57561K->83925K(175104K)
[2020-10-28T10:27:36.104+0800][1.023s][19796][2020][info][gc,metaspace ] GC(3) Metaspace: 16377K->16377K(1064960K)
[2020-10-28T10:27:36.104+0800][1.023s][19796][2020][info][gc           ] GC(3) Pause Young (Allocation Failure) 130M->92M(245M) 16.813ms
[2020-10-28T10:27:36.104+0800][1.024s][19796][2020][info][gc,cpu       ] GC(3) User=0.05s Sys=0.03s Real=0.02s
[2020-10-28T10:27:36.116+0800][1.036s][19796][2020][info][gc,start     ] GC(4) Pause Young (Allocation Failure)
[2020-10-28T10:27:36.129+0800][1.049s][19796][2020][info][gc,heap      ] GC(4) PSYoungGen: 76277K->10749K(76288K)
[2020-10-28T10:27:36.129+0800][1.049s][19796][2020][info][gc,heap      ] GC(4) ParOldGen: 83925K->109090K(175104K)
[2020-10-28T10:27:36.129+0800][1.049s][19796][2020][info][gc,metaspace ] GC(4) Metaspace: 16377K->16377K(1064960K)
[2020-10-28T10:27:36.129+0800][1.049s][19796][2020][info][gc           ] GC(4) Pause Young (Allocation Failure) 156M->117M(245M) 13.687ms
[2020-10-28T10:27:36.130+0800][1.050s][19796][2020][info][gc,cpu       ] GC(4) User=0.00s Sys=0.08s Real=0.01s
[2020-10-28T10:27:36.142+0800][1.062s][19796][2020][info][gc,start     ] GC(5) Pause Young (Allocation Failure)
[2020-10-28T10:27:36.155+0800][1.075s][19796][2020][info][gc,heap      ] GC(5) PSYoungGen: 76285K->10748K(40448K)
[2020-10-28T10:27:36.155+0800][1.075s][19796][2020][info][gc,heap      ] GC(5) ParOldGen: 109090K->131936K(175104K)
[2020-10-28T10:27:36.155+0800][1.075s][19796][2020][info][gc,metaspace ] GC(5) Metaspace: 16377K->16377K(1064960K)
[2020-10-28T10:27:36.155+0800][1.075s][19796][2020][info][gc           ] GC(5) Pause Young (Allocation Failure) 181M->139M(210M) 13.297ms
[2020-10-28T10:27:36.155+0800][1.075s][19796][2020][info][gc,cpu       ] GC(5) User=0.03s Sys=0.05s Real=0.01s
[2020-10-28T10:27:36.161+0800][1.081s][19796][2020][info][gc,start     ] GC(6) Pause Young (Allocation Failure)
[2020-10-28T10:27:36.169+0800][1.089s][19796][2020][info][gc,heap      ] GC(6) PSYoungGen: 40444K->19538K(58368K)
[2020-10-28T10:27:36.169+0800][1.089s][19796][2020][info][gc,heap      ] GC(6) ParOldGen: 131936K->136316K(175104K)
[2020-10-28T10:27:36.169+0800][1.089s][19796][2020][info][gc,metaspace ] GC(6) Metaspace: 16377K->16377K(1064960K)
[2020-10-28T10:27:36.169+0800][1.089s][19796][2020][info][gc           ] GC(6) Pause Young (Allocation Failure) 168M->152M(228M) 8.494ms
[2020-10-28T10:27:36.169+0800][1.089s][19796][2020][info][gc,cpu       ] GC(6) User=0.08s Sys=0.00s Real=0.01s
[2020-10-28T10:27:36.176+0800][1.096s][19796][2020][info][gc,start     ] GC(7) Pause Young (Allocation Failure)
[2020-10-28T10:27:36.186+0800][1.106s][19796][2020][info][gc,heap      ] GC(7) PSYoungGen: 48558K->28663K(58368K)
[2020-10-28T10:27:36.186+0800][1.106s][19796][2020][info][gc,heap      ] GC(7) ParOldGen: 136316K->140853K(175104K)
[2020-10-28T10:27:36.186+0800][1.106s][19796][2020][info][gc,metaspace ] GC(7) Metaspace: 16377K->16377K(1064960K)
[2020-10-28T10:27:36.186+0800][1.106s][19796][2020][info][gc           ] GC(7) Pause Young (Allocation Failure) 180M->165M(228M) 9.934ms
[2020-10-28T10:27:36.186+0800][1.106s][19796][2020][info][gc,cpu       ] GC(7) User=0.06s Sys=0.02s Real=0.01s
[2020-10-28T10:27:36.186+0800][1.106s][19796][2020][info][gc,start     ] GC(8) Pause Full (Ergonomics)
[2020-10-28T10:27:36.186+0800][1.106s][19796][2020][info][gc,phases,start] GC(8) Marking Phase
[2020-10-28T10:27:36.191+0800][1.111s][19796][2020][info][gc,phases      ] GC(8) Marking Phase 5.239ms
[2020-10-28T10:27:36.191+0800][1.111s][19796][2020][info][gc,phases,start] GC(8) Summary Phase
[2020-10-28T10:27:36.191+0800][1.111s][19796][2020][info][gc,phases      ] GC(8) Summary Phase 0.025ms
[2020-10-28T10:27:36.191+0800][1.111s][19796][2020][info][gc,phases,start] GC(8) Adjust Roots
[2020-10-28T10:27:36.194+0800][1.114s][19796][2020][info][gc,phases      ] GC(8) Adjust Roots 2.639ms
[2020-10-28T10:27:36.194+0800][1.114s][19796][2020][info][gc,phases,start] GC(8) Compaction Phase
[2020-10-28T10:27:36.232+0800][1.152s][19796][2020][info][gc,phases      ] GC(8) Compaction Phase 37.869ms
[2020-10-28T10:27:36.232+0800][1.152s][19796][2020][info][gc,phases,start] GC(8) Post Compact
[2020-10-28T10:27:36.233+0800][1.153s][19796][2020][info][gc,phases      ] GC(8) Post Compact 1.005ms
[2020-10-28T10:27:36.233+0800][1.153s][19796][2020][info][gc,heap        ] GC(8) PSYoungGen: 28663K->0K(58368K)
[2020-10-28T10:27:36.233+0800][1.153s][19796][2020][info][gc,heap        ] GC(8) ParOldGen: 140853K->140311K(175104K)
[2020-10-28T10:27:36.233+0800][1.153s][19796][2020][info][gc,metaspace   ] GC(8) Metaspace: 16377K->16377K(1064960K)
[2020-10-28T10:27:36.233+0800][1.153s][19796][2020][info][gc             ] GC(8) Pause Full (Ergonomics) 165M->137M(228M) 47.389ms
[2020-10-28T10:27:36.234+0800][1.154s][19796][2020][info][gc,cpu         ] GC(8) User=0.23s Sys=0.00s Real=0.05s
[2020-10-28T10:27:36.240+0800][1.160s][19796][2020][info][gc,start       ] GC(9) Pause Young (Allocation Failure)
[2020-10-28T10:27:36.243+0800][1.163s][19796][2020][info][gc,heap        ] GC(9) PSYoungGen: 29546K->12596K(58368K)
[2020-10-28T10:27:36.243+0800][1.163s][19796][2020][info][gc,heap        ] GC(9) ParOldGen: 140311K->140311K(175104K)
[2020-10-28T10:27:36.243+0800][1.163s][19796][2020][info][gc,metaspace   ] GC(9) Metaspace: 16377K->16377K(1064960K)
[2020-10-28T10:27:36.243+0800][1.163s][19796][2020][info][gc             ] GC(9) Pause Young (Allocation Failure) 165M->149M(228M) 3.189ms
[2020-10-28T10:27:36.244+0800][1.164s][19796][2020][info][gc,cpu         ] GC(9) User=0.00s Sys=0.00s Real=0.00s
[2020-10-28T10:27:36.244+0800][1.164s][19796][2020][info][gc,start       ] GC(10) Pause Full (Ergonomics)
[2020-10-28T10:27:36.244+0800][1.164s][19796][2020][info][gc,phases,start] GC(10) Marking Phase
[2020-10-28T10:27:36.249+0800][1.169s][19796][2020][info][gc,phases      ] GC(10) Marking Phase 5.262ms
[2020-10-28T10:27:36.249+0800][1.169s][19796][2020][info][gc,phases,start] GC(10) Summary Phase
[2020-10-28T10:27:36.249+0800][1.169s][19796][2020][info][gc,phases      ] GC(10) Summary Phase 0.029ms
[2020-10-28T10:27:36.249+0800][1.169s][19796][2020][info][gc,phases,start] GC(10) Adjust Roots
[2020-10-28T10:27:36.250+0800][1.170s][19796][2020][info][gc,phases      ] GC(10) Adjust Roots 1.063ms
[2020-10-28T10:27:36.250+0800][1.170s][19796][2020][info][gc,phases,start] GC(10) Compaction Phase
[2020-10-28T10:27:36.285+0800][1.205s][19796][2020][info][gc,phases      ] GC(10) Compaction Phase 34.974ms
[2020-10-28T10:27:36.285+0800][1.205s][19796][2020][info][gc,phases,start] GC(10) Post Compact
[2020-10-28T10:27:36.286+0800][1.206s][19796][2020][info][gc,phases      ] GC(10) Post Compact 0.852ms
[2020-10-28T10:27:36.286+0800][1.206s][19796][2020][info][gc,heap        ] GC(10) PSYoungGen: 12596K->0K(58368K)
[2020-10-28T10:27:36.286+0800][1.206s][19796][2020][info][gc,heap        ] GC(10) ParOldGen: 140311K->149498K(175104K)
[2020-10-28T10:27:36.286+0800][1.206s][19796][2020][info][gc,metaspace   ] GC(10) Metaspace: 16377K->16377K(1064960K)
[2020-10-28T10:27:36.286+0800][1.206s][19796][2020][info][gc             ] GC(10) Pause Full (Ergonomics) 149M->145M(228M) 42.711ms
[2020-10-28T10:27:36.287+0800][1.207s][19796][2020][info][gc,cpu         ] GC(10) User=0.23s Sys=0.00s Real=0.04s
[2020-10-28T10:27:36.293+0800][1.213s][19796][2020][info][gc,start       ] GC(11) Pause Full (Ergonomics)
[2020-10-28T10:27:36.293+0800][1.213s][19796][2020][info][gc,phases,start] GC(11) Marking Phase
[2020-10-28T10:27:36.298+0800][1.218s][19796][2020][info][gc,phases      ] GC(11) Marking Phase 5.037ms
[2020-10-28T10:27:36.298+0800][1.218s][19796][2020][info][gc,phases,start] GC(11) Summary Phase
[2020-10-28T10:27:36.298+0800][1.218s][19796][2020][info][gc,phases      ] GC(11) Summary Phase 0.028ms
[2020-10-28T10:27:36.298+0800][1.218s][19796][2020][info][gc,phases,start] GC(11) Adjust Roots
[2020-10-28T10:27:36.300+0800][1.220s][19796][2020][info][gc,phases      ] GC(11) Adjust Roots 2.166ms
[2020-10-28T10:27:36.300+0800][1.220s][19796][2020][info][gc,phases,start] GC(11) Compaction Phase
[2020-10-28T10:27:36.336+0800][1.256s][19796][2020][info][gc,phases      ] GC(11) Compaction Phase 35.895ms
[2020-10-28T10:27:36.336+0800][1.256s][19796][2020][info][gc,phases,start] GC(11) Post Compact
[2020-10-28T10:27:36.337+0800][1.257s][19796][2020][info][gc,phases      ] GC(11) Post Compact 0.627ms
[2020-10-28T10:27:36.337+0800][1.257s][19796][2020][info][gc,heap        ] GC(11) PSYoungGen: 29617K->0K(58368K)
[2020-10-28T10:27:36.337+0800][1.257s][19796][2020][info][gc,heap        ] GC(11) ParOldGen: 149498K->154052K(175104K)
[2020-10-28T10:27:36.337+0800][1.257s][19796][2020][info][gc,metaspace   ] GC(11) Metaspace: 16377K->16377K(1064960K)
[2020-10-28T10:27:36.337+0800][1.257s][19796][2020][info][gc             ] GC(11) Pause Full (Ergonomics) 174M->150M(228M) 44.416ms
[2020-10-28T10:27:36.338+0800][1.258s][19796][2020][info][gc,cpu         ] GC(11) User=0.14s Sys=0.02s Real=0.05s
[2020-10-28T10:27:36.344+0800][1.264s][19796][2020][info][gc,start       ] GC(12) Pause Full (Ergonomics)
[2020-10-28T10:27:36.345+0800][1.264s][19796][2020][info][gc,phases,start] GC(12) Marking Phase
[2020-10-28T10:27:36.351+0800][1.271s][19796][2020][info][gc,phases      ] GC(12) Marking Phase 6.236ms
[2020-10-28T10:27:36.351+0800][1.271s][19796][2020][info][gc,phases,start] GC(12) Summary Phase
[2020-10-28T10:27:36.351+0800][1.271s][19796][2020][info][gc,phases      ] GC(12) Summary Phase 0.032ms
[2020-10-28T10:27:36.351+0800][1.271s][19796][2020][info][gc,phases,start] GC(12) Adjust Roots
[2020-10-28T10:27:36.352+0800][1.272s][19796][2020][info][gc,phases      ] GC(12) Adjust Roots 1.284ms
[2020-10-28T10:27:36.352+0800][1.272s][19796][2020][info][gc,phases,start] GC(12) Compaction Phase
[2020-10-28T10:27:36.388+0800][1.308s][19796][2020][info][gc,phases      ] GC(12) Compaction Phase 35.851ms
[2020-10-28T10:27:36.388+0800][1.308s][19796][2020][info][gc,phases,start] GC(12) Post Compact
[2020-10-28T10:27:36.389+0800][1.309s][19796][2020][info][gc,phases      ] GC(12) Post Compact 0.458ms
[2020-10-28T10:27:36.389+0800][1.309s][19796][2020][info][gc,heap        ] GC(12) PSYoungGen: 29391K->0K(58368K)
[2020-10-28T10:27:36.389+0800][1.309s][19796][2020][info][gc,heap        ] GC(12) ParOldGen: 154052K->160241K(175104K)
[2020-10-28T10:27:36.389+0800][1.309s][19796][2020][info][gc,metaspace   ] GC(12) Metaspace: 16377K->16377K(1064960K)
[2020-10-28T10:27:36.389+0800][1.309s][19796][2020][info][gc             ] GC(12) Pause Full (Ergonomics) 179M->156M(228M) 44.348ms
[2020-10-28T10:27:36.389+0800][1.309s][19796][2020][info][gc,cpu         ] GC(12) User=0.23s Sys=0.00s Real=0.04s
[2020-10-28T10:27:36.397+0800][1.317s][19796][2020][info][gc,start       ] GC(13) Pause Full (Ergonomics)
[2020-10-28T10:27:36.398+0800][1.318s][19796][2020][info][gc,phases,start] GC(13) Marking Phase
[2020-10-28T10:27:36.402+0800][1.322s][19796][2020][info][gc,phases      ] GC(13) Marking Phase 4.556ms
[2020-10-28T10:27:36.402+0800][1.322s][19796][2020][info][gc,phases,start] GC(13) Summary Phase
[2020-10-28T10:27:36.403+0800][1.322s][19796][2020][info][gc,phases      ] GC(13) Summary Phase 0.039ms
[2020-10-28T10:27:36.403+0800][1.322s][19796][2020][info][gc,phases,start] GC(13) Adjust Roots
[2020-10-28T10:27:36.404+0800][1.324s][19796][2020][info][gc,phases      ] GC(13) Adjust Roots 1.138ms
[2020-10-28T10:27:36.404+0800][1.324s][19796][2020][info][gc,phases,start] GC(13) Compaction Phase
[2020-10-28T10:27:36.443+0800][1.362s][19796][2020][info][gc,phases      ] GC(13) Compaction Phase 38.027ms
[2020-10-28T10:27:36.443+0800][1.362s][19796][2020][info][gc,phases,start] GC(13) Post Compact
[2020-10-28T10:27:36.443+0800][1.362s][19796][2020][info][gc,phases      ] GC(13) Post Compact 0.537ms
[2020-10-28T10:27:36.443+0800][1.362s][19796][2020][info][gc,heap        ] GC(13) PSYoungGen: 29629K->0K(58368K)
[2020-10-28T10:27:36.443+0800][1.362s][19796][2020][info][gc,heap        ] GC(13) ParOldGen: 160241K->167929K(175104K)
[2020-10-28T10:27:36.444+0800][1.362s][19796][2020][info][gc,metaspace   ] GC(13) Metaspace: 16377K->16377K(1064960K)
[2020-10-28T10:27:36.444+0800][1.363s][19796][2020][info][gc             ] GC(13) Pause Full (Ergonomics) 185M->163M(228M) 45.217ms
[2020-10-28T10:27:36.444+0800][1.363s][19796][2020][info][gc,cpu         ] GC(13) User=0.17s Sys=0.00s Real=0.05s
[2020-10-28T10:27:36.452+0800][1.371s][19796][2020][info][gc,start       ] GC(14) Pause Full (Ergonomics)
[2020-10-28T10:27:36.452+0800][1.371s][19796][2020][info][gc,phases,start] GC(14) Marking Phase
[2020-10-28T10:27:36.456+0800][1.375s][19796][2020][info][gc,phases      ] GC(14) Marking Phase 3.816ms
[2020-10-28T10:27:36.456+0800][1.375s][19796][2020][info][gc,phases,start] GC(14) Summary Phase
[2020-10-28T10:27:36.456+0800][1.375s][19796][2020][info][gc,phases      ] GC(14) Summary Phase 0.028ms
[2020-10-28T10:27:36.456+0800][1.375s][19796][2020][info][gc,phases,start] GC(14) Adjust Roots
[2020-10-28T10:27:36.457+0800][1.376s][19796][2020][info][gc,phases      ] GC(14) Adjust Roots 1.139ms
[2020-10-28T10:27:36.457+0800][1.376s][19796][2020][info][gc,phases,start] GC(14) Compaction Phase
[2020-10-28T10:27:36.500+0800][1.419s][19796][2020][info][gc,phases      ] GC(14) Compaction Phase 42.645ms
[2020-10-28T10:27:36.500+0800][1.419s][19796][2020][info][gc,phases,start] GC(14) Post Compact
[2020-10-28T10:27:36.502+0800][1.421s][19796][2020][info][gc,phases      ] GC(14) Post Compact 2.120ms
[2020-10-28T10:27:36.502+0800][1.421s][19796][2020][info][gc,heap        ] GC(14) PSYoungGen: 29696K->3804K(58368K)
[2020-10-28T10:27:36.502+0800][1.421s][19796][2020][info][gc,heap        ] GC(14) ParOldGen: 167929K->174363K(175104K)
[2020-10-28T10:27:36.502+0800][1.421s][19796][2020][info][gc,metaspace   ] GC(14) Metaspace: 16377K->16377K(1064960K)
[2020-10-28T10:27:36.502+0800][1.421s][19796][2020][info][gc             ] GC(14) Pause Full (Ergonomics) 192M->173M(228M) 50.487ms
[2020-10-28T10:27:36.502+0800][1.421s][19796][2020][info][gc,cpu         ] GC(14) User=0.23s Sys=0.00s Real=0.05s
[2020-10-28T10:27:36.508+0800][1.427s][19796][2020][info][gc,start       ] GC(15) Pause Full (Ergonomics)
[2020-10-28T10:27:36.509+0800][1.427s][19796][2020][info][gc,phases,start] GC(15) Marking Phase
[2020-10-28T10:27:36.512+0800][1.431s][19796][2020][info][gc,phases      ] GC(15) Marking Phase 3.587ms
[2020-10-28T10:27:36.512+0800][1.431s][19796][2020][info][gc,phases,start] GC(15) Summary Phase
[2020-10-28T10:27:36.512+0800][1.431s][19796][2020][info][gc,phases      ] GC(15) Summary Phase 0.030ms
[2020-10-28T10:27:36.512+0800][1.431s][19796][2020][info][gc,phases,start] GC(15) Adjust Roots
[2020-10-28T10:27:36.513+0800][1.432s][19796][2020][info][gc,phases      ] GC(15) Adjust Roots 1.211ms
[2020-10-28T10:27:36.513+0800][1.432s][19796][2020][info][gc,phases,start] GC(15) Compaction Phase
[2020-10-28T10:27:36.562+0800][1.481s][19796][2020][info][gc,phases      ] GC(15) Compaction Phase 48.434ms
[2020-10-28T10:27:36.562+0800][1.481s][19796][2020][info][gc,phases,start] GC(15) Post Compact
[2020-10-28T10:27:36.563+0800][1.482s][19796][2020][info][gc,phases      ] GC(15) Post Compact 0.663ms
[2020-10-28T10:27:36.563+0800][1.482s][19796][2020][info][gc,heap        ] GC(15) PSYoungGen: 29328K->4167K(58368K)
[2020-10-28T10:27:36.563+0800][1.482s][19796][2020][info][gc,heap        ] GC(15) ParOldGen: 174363K->174826K(175104K)
[2020-10-28T10:27:36.563+0800][1.482s][19796][2020][info][gc,metaspace   ] GC(15) Metaspace: 16377K->16377K(1064960K)
[2020-10-28T10:27:36.563+0800][1.482s][19796][2020][info][gc             ] GC(15) Pause Full (Ergonomics) 198M->174M(228M) 54.444ms
[2020-10-28T10:27:36.563+0800][1.482s][19796][2020][info][gc,cpu         ] GC(15) User=0.22s Sys=0.02s Real=0.06s
[2020-10-28T10:27:36.570+0800][1.489s][19796][2020][info][gc,start       ] GC(16) Pause Full (Ergonomics)
[2020-10-28T10:27:36.570+0800][1.489s][19796][2020][info][gc,phases,start] GC(16) Marking Phase
[2020-10-28T10:27:36.574+0800][1.493s][19796][2020][info][gc,phases      ] GC(16) Marking Phase 4.082ms
[2020-10-28T10:27:36.574+0800][1.493s][19796][2020][info][gc,phases,start] GC(16) Summary Phase
[2020-10-28T10:27:36.574+0800][1.493s][19796][2020][info][gc,phases      ] GC(16) Summary Phase 0.030ms
[2020-10-28T10:27:36.574+0800][1.493s][19796][2020][info][gc,phases,start] GC(16) Adjust Roots
[2020-10-28T10:27:36.576+0800][1.495s][19796][2020][info][gc,phases      ] GC(16) Adjust Roots 1.994ms
[2020-10-28T10:27:36.576+0800][1.495s][19796][2020][info][gc,phases,start] GC(16) Compaction Phase
[2020-10-28T10:27:36.622+0800][1.541s][19796][2020][info][gc,phases      ] GC(16) Compaction Phase 46.024ms
[2020-10-28T10:27:36.622+0800][1.541s][19796][2020][info][gc,phases,start] GC(16) Post Compact
[2020-10-28T10:27:36.623+0800][1.542s][19796][2020][info][gc,phases      ] GC(16) Post Compact 0.693ms
[2020-10-28T10:27:36.623+0800][1.542s][19796][2020][info][gc,heap        ] GC(16) PSYoungGen: 29682K->9046K(58368K)
[2020-10-28T10:27:36.623+0800][1.542s][19796][2020][info][gc,heap        ] GC(16) ParOldGen: 174826K->174643K(175104K)
[2020-10-28T10:27:36.623+0800][1.542s][19796][2020][info][gc,metaspace   ] GC(16) Metaspace: 16377K->16377K(1064960K)
[2020-10-28T10:27:36.623+0800][1.542s][19796][2020][info][gc             ] GC(16) Pause Full (Ergonomics) 199M->179M(228M) 53.421ms
[2020-10-28T10:27:36.624+0800][1.543s][19796][2020][info][gc,cpu         ] GC(16) User=0.22s Sys=0.00s Real=0.05s
[2020-10-28T10:27:36.631+0800][1.550s][19796][2020][info][gc,start       ] GC(17) Pause Full (Ergonomics)
[2020-10-28T10:27:36.632+0800][1.551s][19796][2020][info][gc,phases,start] GC(17) Marking Phase
[2020-10-28T10:27:36.639+0800][1.558s][19796][2020][info][gc,phases      ] GC(17) Marking Phase 7.860ms
[2020-10-28T10:27:36.639+0800][1.558s][19796][2020][info][gc,phases,start] GC(17) Summary Phase
[2020-10-28T10:27:36.640+0800][1.558s][19796][2020][info][gc,phases      ] GC(17) Summary Phase 0.028ms
[2020-10-28T10:27:36.640+0800][1.558s][19796][2020][info][gc,phases,start] GC(17) Adjust Roots
[2020-10-28T10:27:36.641+0800][1.560s][19796][2020][info][gc,phases      ] GC(17) Adjust Roots 1.524ms
[2020-10-28T10:27:36.641+0800][1.560s][19796][2020][info][gc,phases,start] GC(17) Compaction Phase
[2020-10-28T10:27:36.687+0800][1.606s][19796][2020][info][gc,phases      ] GC(17) Compaction Phase 45.920ms
[2020-10-28T10:27:36.687+0800][1.606s][19796][2020][info][gc,phases,start] GC(17) Post Compact
[2020-10-28T10:27:36.688+0800][1.607s][19796][2020][info][gc,phases      ] GC(17) Post Compact 1.097ms
[2020-10-28T10:27:36.688+0800][1.607s][19796][2020][info][gc,heap        ] GC(17) PSYoungGen: 29570K->11976K(58368K)
[2020-10-28T10:27:36.688+0800][1.607s][19796][2020][info][gc,heap        ] GC(17) ParOldGen: 174643K->175038K(175104K)
[2020-10-28T10:27:36.689+0800][1.608s][19796][2020][info][gc,metaspace   ] GC(17) Metaspace: 16377K->16377K(1064960K)
[2020-10-28T10:27:36.689+0800][1.608s][19796][2020][info][gc             ] GC(17) Pause Full (Ergonomics) 199M->182M(228M) 57.359ms
[2020-10-28T10:27:36.689+0800][1.608s][19796][2020][info][gc,cpu         ] GC(17) User=0.20s Sys=0.00s Real=0.06s
[2020-10-28T10:27:36.696+0800][1.615s][19796][2020][info][gc,start       ] GC(18) Pause Full (Ergonomics)
[2020-10-28T10:27:36.696+0800][1.615s][19796][2020][info][gc,phases,start] GC(18) Marking Phase
[2020-10-28T10:27:36.702+0800][1.621s][19796][2020][info][gc,phases      ] GC(18) Marking Phase 6.368ms
[2020-10-28T10:27:36.702+0800][1.621s][19796][2020][info][gc,phases,start] GC(18) Summary Phase
[2020-10-28T10:27:36.702+0800][1.621s][19796][2020][info][gc,phases      ] GC(18) Summary Phase 0.066ms
[2020-10-28T10:27:36.702+0800][1.621s][19796][2020][info][gc,phases,start] GC(18) Adjust Roots
[2020-10-28T10:27:36.704+0800][1.623s][19796][2020][info][gc,phases      ] GC(18) Adjust Roots 1.402ms
[2020-10-28T10:27:36.704+0800][1.623s][19796][2020][info][gc,phases,start] GC(18) Compaction Phase
[2020-10-28T10:27:36.746+0800][1.665s][19796][2020][info][gc,phases      ] GC(18) Compaction Phase 41.741ms
[2020-10-28T10:27:36.746+0800][1.665s][19796][2020][info][gc,phases,start] GC(18) Post Compact
[2020-10-28T10:27:36.746+0800][1.665s][19796][2020][info][gc,phases      ] GC(18) Post Compact 0.616ms
[2020-10-28T10:27:36.747+0800][1.666s][19796][2020][info][gc,heap        ] GC(18) PSYoungGen: 29680K->16565K(58368K)
[2020-10-28T10:27:36.747+0800][1.666s][19796][2020][info][gc,heap        ] GC(18) ParOldGen: 175038K->174858K(175104K)
[2020-10-28T10:27:36.747+0800][1.666s][19796][2020][info][gc,metaspace   ] GC(18) Metaspace: 16377K->16377K(1064960K)
[2020-10-28T10:27:36.747+0800][1.666s][19796][2020][info][gc             ] GC(18) Pause Full (Ergonomics) 199M->186M(228M) 50.948ms
[2020-10-28T10:27:36.747+0800][1.666s][19796][2020][info][gc,cpu         ] GC(18) User=0.20s Sys=0.00s Real=0.05s
[2020-10-28T10:27:36.753+0800][1.672s][19796][2020][info][gc,start       ] GC(19) Pause Full (Ergonomics)
[2020-10-28T10:27:36.753+0800][1.672s][19796][2020][info][gc,phases,start] GC(19) Marking Phase
[2020-10-28T10:27:36.758+0800][1.677s][19796][2020][info][gc,phases      ] GC(19) Marking Phase 4.348ms
[2020-10-28T10:27:36.758+0800][1.677s][19796][2020][info][gc,phases,start] GC(19) Summary Phase
[2020-10-28T10:27:36.758+0800][1.677s][19796][2020][info][gc,phases      ] GC(19) Summary Phase 0.040ms
[2020-10-28T10:27:36.758+0800][1.677s][19796][2020][info][gc,phases,start] GC(19) Adjust Roots
[2020-10-28T10:27:36.759+0800][1.678s][19796][2020][info][gc,phases      ] GC(19) Adjust Roots 1.297ms
[2020-10-28T10:27:36.759+0800][1.678s][19796][2020][info][gc,phases,start] GC(19) Compaction Phase
[2020-10-28T10:27:36.806+0800][1.725s][19796][2020][info][gc,phases      ] GC(19) Compaction Phase 46.445ms
[2020-10-28T10:27:36.806+0800][1.725s][19796][2020][info][gc,phases,start] GC(19) Post Compact
[2020-10-28T10:27:36.807+0800][1.726s][19796][2020][info][gc,phases      ] GC(19) Post Compact 1.115ms
[2020-10-28T10:27:36.807+0800][1.726s][19796][2020][info][gc,heap        ] GC(19) PSYoungGen: 29341K->20238K(58368K)
[2020-10-28T10:27:36.807+0800][1.726s][19796][2020][info][gc,heap        ] GC(19) ParOldGen: 174858K->174842K(175104K)
[2020-10-28T10:27:36.807+0800][1.726s][19796][2020][info][gc,metaspace   ] GC(19) Metaspace: 16377K->16377K(1064960K)
[2020-10-28T10:27:36.807+0800][1.726s][19796][2020][info][gc             ] GC(19) Pause Full (Ergonomics) 199M->190M(228M) 54.017ms
[2020-10-28T10:27:36.808+0800][1.727s][19796][2020][info][gc,cpu         ] GC(19) User=0.22s Sys=0.00s Real=0.06s
[2020-10-28T10:27:36.811+0800][1.730s][19796][2020][info][gc,start       ] GC(20) Pause Full (Ergonomics)
[2020-10-28T10:27:36.811+0800][1.730s][19796][2020][info][gc,phases,start] GC(20) Marking Phase
[2020-10-28T10:27:36.818+0800][1.737s][19796][2020][info][gc,phases      ] GC(20) Marking Phase 6.532ms
[2020-10-28T10:27:36.818+0800][1.737s][19796][2020][info][gc,phases,start] GC(20) Summary Phase
[2020-10-28T10:27:36.818+0800][1.737s][19796][2020][info][gc,phases      ] GC(20) Summary Phase 0.025ms
[2020-10-28T10:27:36.818+0800][1.737s][19796][2020][info][gc,phases,start] GC(20) Adjust Roots
[2020-10-28T10:27:36.819+0800][1.738s][19796][2020][info][gc,phases      ] GC(20) Adjust Roots 1.252ms
[2020-10-28T10:27:36.819+0800][1.738s][19796][2020][info][gc,phases,start] GC(20) Compaction Phase
[2020-10-28T10:27:36.867+0800][1.786s][19796][2020][info][gc,phases      ] GC(20) Compaction Phase 47.207ms
[2020-10-28T10:27:36.867+0800][1.786s][19796][2020][info][gc,phases,start] GC(20) Post Compact
[2020-10-28T10:27:36.867+0800][1.786s][19796][2020][info][gc,phases      ] GC(20) Post Compact 0.431ms
[2020-10-28T10:27:36.867+0800][1.786s][19796][2020][info][gc,heap        ] GC(20) PSYoungGen: 29696K->23557K(58368K)
[2020-10-28T10:27:36.867+0800][1.786s][19796][2020][info][gc,heap        ] GC(20) ParOldGen: 174842K->174825K(175104K)
[2020-10-28T10:27:36.867+0800][1.786s][19796][2020][info][gc,metaspace   ] GC(20) Metaspace: 16377K->16377K(1064960K)
[2020-10-28T10:27:36.867+0800][1.786s][19796][2020][info][gc             ] GC(20) Pause Full (Ergonomics) 199M->193M(228M) 55.929ms
[2020-10-28T10:27:36.868+0800][1.787s][19796][2020][info][gc,cpu         ] GC(20) User=0.23s Sys=0.00s Real=0.06s
[2020-10-28T10:27:36.869+0800][1.788s][19796][2020][info][gc,start       ] GC(21) Pause Full (Ergonomics)
[2020-10-28T10:27:36.869+0800][1.788s][19796][2020][info][gc,phases,start] GC(21) Marking Phase
[2020-10-28T10:27:36.874+0800][1.793s][19796][2020][info][gc,phases      ] GC(21) Marking Phase 4.596ms
[2020-10-28T10:27:36.874+0800][1.793s][19796][2020][info][gc,phases,start] GC(21) Summary Phase
[2020-10-28T10:27:36.874+0800][1.793s][19796][2020][info][gc,phases      ] GC(21) Summary Phase 0.023ms
[2020-10-28T10:27:36.874+0800][1.793s][19796][2020][info][gc,phases,start] GC(21) Adjust Roots
[2020-10-28T10:27:36.875+0800][1.794s][19796][2020][info][gc,phases      ] GC(21) Adjust Roots 0.890ms
[2020-10-28T10:27:36.875+0800][1.794s][19796][2020][info][gc,phases,start] GC(21) Compaction Phase
[2020-10-28T10:27:36.919+0800][1.837s][19796][2020][info][gc,phases      ] GC(21) Compaction Phase 43.245ms
[2020-10-28T10:27:36.919+0800][1.837s][19796][2020][info][gc,phases,start] GC(21) Post Compact
[2020-10-28T10:27:36.920+0800][1.838s][19796][2020][info][gc,phases      ] GC(21) Post Compact 0.879ms
[2020-10-28T10:27:36.920+0800][1.838s][19796][2020][info][gc,heap        ] GC(21) PSYoungGen: 29274K->24217K(58368K)
[2020-10-28T10:27:36.920+0800][1.838s][19796][2020][info][gc,heap        ] GC(21) ParOldGen: 174825K->174481K(175104K)
[2020-10-28T10:27:36.920+0800][1.838s][19796][2020][info][gc,metaspace   ] GC(21) Metaspace: 16377K->16377K(1064960K)
[2020-10-28T10:27:36.920+0800][1.838s][19796][2020][info][gc             ] GC(21) Pause Full (Ergonomics) 199M->194M(228M) 50.470ms
[2020-10-28T10:27:36.921+0800][1.839s][19796][2020][info][gc,cpu         ] GC(21) User=0.25s Sys=0.00s Real=0.05s
[2020-10-28T10:27:36.923+0800][1.841s][19796][2020][info][gc,start       ] GC(22) Pause Full (Ergonomics)
[2020-10-28T10:27:36.923+0800][1.841s][19796][2020][info][gc,phases,start] GC(22) Marking Phase
[2020-10-28T10:27:36.929+0800][1.847s][19796][2020][info][gc,phases      ] GC(22) Marking Phase 5.612ms
[2020-10-28T10:27:36.929+0800][1.847s][19796][2020][info][gc,phases,start] GC(22) Summary Phase
[2020-10-28T10:27:36.929+0800][1.847s][19796][2020][info][gc,phases      ] GC(22) Summary Phase 0.048ms
[2020-10-28T10:27:36.929+0800][1.847s][19796][2020][info][gc,phases,start] GC(22) Adjust Roots
[2020-10-28T10:27:36.931+0800][1.849s][19796][2020][info][gc,phases      ] GC(22) Adjust Roots 1.367ms
[2020-10-28T10:27:36.931+0800][1.849s][19796][2020][info][gc,phases,start] GC(22) Compaction Phase
[2020-10-28T10:27:36.976+0800][1.894s][19796][2020][info][gc,phases      ] GC(22) Compaction Phase 45.087ms
[2020-10-28T10:27:36.976+0800][1.894s][19796][2020][info][gc,phases,start] GC(22) Post Compact
[2020-10-28T10:27:36.976+0800][1.894s][19796][2020][info][gc,phases      ] GC(22) Post Compact 0.435ms
[2020-10-28T10:27:36.976+0800][1.894s][19796][2020][info][gc,heap        ] GC(22) PSYoungGen: 29506K->24193K(58368K)
[2020-10-28T10:27:36.976+0800][1.894s][19796][2020][info][gc,heap        ] GC(22) ParOldGen: 174481K->174964K(175104K)
[2020-10-28T10:27:36.976+0800][1.894s][19796][2020][info][gc,metaspace   ] GC(22) Metaspace: 16377K->16377K(1064960K)
[2020-10-28T10:27:36.976+0800][1.894s][19796][2020][info][gc             ] GC(22) Pause Full (Ergonomics) 199M->194M(228M) 53.091ms
[2020-10-28T10:27:36.977+0800][1.895s][19796][2020][info][gc,cpu         ] GC(22) User=0.09s Sys=0.00s Real=0.05s
[2020-10-28T10:27:36.992+0800][1.910s][19796][5392][info][gc,heap,exit   ] Heap
[2020-10-28T10:27:36.992+0800][1.910s][19796][5392][info][gc,heap,exit   ]  PSYoungGen      total 58368K, used 25801K [0x00000000fab00000, 0x0000000100000000, 0x0000000100000000)
[2020-10-28T10:27:36.992+0800][1.910s][19796][5392][info][gc,heap,exit   ]   eden space 29696K, 86% used [0x00000000fab00000,0x00000000fc432440,0x00000000fc800000)
[2020-10-28T10:27:36.992+0800][1.910s][19796][5392][info][gc,heap,exit   ]   from space 28672K, 0% used [0x00000000fc800000,0x00000000fc800000,0x00000000fe400000)
[2020-10-28T10:27:36.993+0800][1.911s][19796][5392][info][gc,heap,exit   ]   to   space 28672K, 0% used [0x00000000fe400000,0x00000000fe400000,0x0000000100000000)
[2020-10-28T10:27:36.993+0800][1.911s][19796][5392][info][gc,heap,exit   ]  ParOldGen       total 175104K, used 174964K [0x00000000f0000000, 0x00000000fab00000, 0x00000000fab00000)
[2020-10-28T10:27:36.993+0800][1.911s][19796][5392][info][gc,heap,exit   ]   object space 175104K, 99% used [0x00000000f0000000,0x00000000faadd360,0x00000000fab00000)
[2020-10-28T10:27:36.993+0800][1.911s][19796][5392][info][gc,heap,exit   ]  Metaspace       used 16543K, capacity 16939K, committed 17024K, reserved 1064960K
[2020-10-28T10:27:36.994+0800][1.912s][19796][5392][info][gc,heap,exit   ]   class space    used 1746K, capacity 1890K, committed 1920K, reserved 1048576K
