[2020-10-28T10:32:29.987+0800][0.037s][11356][20044][info][gc] Using Parallel
[2020-10-28T10:32:29.988+0800][0.037s][11356][20044][info][gc,heap,coops] Heap address: 0x0000000700000000, size: 4096 MB, Compressed Oops mode: Zero based, Oop shift amount: 3
[2020-10-28T10:32:31.478+0800][1.528s][11356][9144 ][info][gc,start     ] GC(0) Pause Young (Allocation Failure)
[2020-10-28T10:32:31.729+0800][1.778s][11356][9144 ][info][gc,heap      ] GC(0) PSYoungGen: 1048576K->174582K(1223168K)
[2020-10-28T10:32:31.729+0800][1.779s][11356][9144 ][info][gc,heap      ] GC(0) ParOldGen: 0K->76293K(2796544K)
[2020-10-28T10:32:31.730+0800][1.780s][11356][9144 ][info][gc,metaspace ] GC(0) Metaspace: 16367K->16367K(1064960K)
[2020-10-28T10:32:31.731+0800][1.781s][11356][9144 ][info][gc           ] GC(0) Pause Young (Allocation Failure) 1024M->244M(3925M) 253.284ms
[2020-10-28T10:32:31.732+0800][1.781s][11356][9144 ][info][gc,cpu       ] GC(0) User=0.25s Sys=1.42s Real=0.25s
[2020-10-28T10:32:31.943+0800][1.993s][11356][20044][info][gc,heap,exit ] Heap
[2020-10-28T10:32:31.944+0800][1.994s][11356][20044][info][gc,heap,exit ]  PSYoungGen      total 1223168K, used 288575K [0x00000007aab00000, 0x0000000800000000, 0x0000000800000000)
[2020-10-28T10:32:31.945+0800][1.994s][11356][20044][info][gc,heap,exit ]   eden space 1048576K, 10% used [0x00000007aab00000,0x00000007b1a520f0,0x00000007eab00000)
[2020-10-28T10:32:31.945+0800][1.995s][11356][20044][info][gc,heap,exit ]   from space 174592K, 99% used [0x00000007eab00000,0x00000007f557dbf0,0x00000007f5580000)
[2020-10-28T10:32:31.946+0800][1.995s][11356][20044][info][gc,heap,exit ]   to   space 174592K, 0% used [0x00000007f5580000,0x00000007f5580000,0x0000000800000000)
[2020-10-28T10:32:31.946+0800][1.996s][11356][20044][info][gc,heap,exit ]  ParOldGen       total 2796544K, used 76293K [0x0000000700000000, 0x00000007aab00000, 0x00000007aab00000)
[2020-10-28T10:32:31.946+0800][1.996s][11356][20044][info][gc,heap,exit ]   object space 2796544K, 2% used [0x0000000700000000,0x0000000704a81650,0x00000007aab00000)
[2020-10-28T10:32:31.946+0800][1.996s][11356][20044][info][gc,heap,exit ]  Metaspace       used 16584K, capacity 16955K, committed 17024K, reserved 1064960K
[2020-10-28T10:32:31.947+0800][1.996s][11356][20044][info][gc,heap,exit ]   class space    used 1747K, capacity 1890K, committed 1920K, reserved 1048576K
