[2020-10-28T10:31:37.908+0800][0.026s][15500][19968][info][gc] Using Parallel
[2020-10-28T10:31:37.909+0800][0.026s][15500][19968][info][gc,heap,coops] Heap address: 0x0000000080000000, size: 2048 MB, Compressed Oops mode: 32-bit
[2020-10-28T10:31:39.412+0800][1.530s][15500][21232][info][gc,start     ] GC(0) Pause Young (Allocation Failure)
[2020-10-28T10:31:39.459+0800][1.577s][15500][21232][info][gc,heap      ] GC(0) PSYoungGen: 524800K->87024K(611840K)
[2020-10-28T10:31:39.460+0800][1.577s][15500][21232][info][gc,heap      ] GC(0) ParOldGen: 0K->73119K(1398272K)
[2020-10-28T10:31:39.460+0800][1.578s][15500][21232][info][gc,metaspace ] GC(0) Metaspace: 16387K->16387K(1064960K)
[2020-10-28T10:31:39.460+0800][1.578s][15500][21232][info][gc           ] GC(0) Pause Young (Allocation Failure) 512M->156M(1963M) 48.106ms
[2020-10-28T10:31:39.461+0800][1.578s][15500][21232][info][gc,cpu       ] GC(0) User=0.05s Sys=0.22s Real=0.05s
[2020-10-28T10:31:39.594+0800][1.712s][15500][21232][info][gc,start     ] GC(1) Pause Young (Allocation Failure)
[2020-10-28T10:31:39.654+0800][1.772s][15500][21232][info][gc,heap      ] GC(1) PSYoungGen: 611824K->87030K(611840K)
[2020-10-28T10:31:39.654+0800][1.772s][15500][21232][info][gc,heap      ] GC(1) ParOldGen: 73119K->198092K(1398272K)
[2020-10-28T10:31:39.654+0800][1.772s][15500][21232][info][gc,metaspace ] GC(1) Metaspace: 16392K->16392K(1064960K)
[2020-10-28T10:31:39.655+0800][1.772s][15500][21232][info][gc           ] GC(1) Pause Young (Allocation Failure) 668M->278M(1963M) 60.684ms
[2020-10-28T10:31:39.655+0800][1.773s][15500][21232][info][gc,cpu       ] GC(1) User=0.14s Sys=0.34s Real=0.06s
[2020-10-28T10:31:39.783+0800][1.901s][15500][21232][info][gc,start     ] GC(2) Pause Young (Allocation Failure)
[2020-10-28T10:31:39.850+0800][1.968s][15500][21232][info][gc,heap      ] GC(2) PSYoungGen: 611830K->87031K(611840K)
[2020-10-28T10:31:39.851+0800][1.968s][15500][21232][info][gc,heap      ] GC(2) ParOldGen: 198092K->324305K(1398272K)
[2020-10-28T10:31:39.851+0800][1.968s][15500][21232][info][gc,metaspace ] GC(2) Metaspace: 16393K->16393K(1064960K)
[2020-10-28T10:31:39.851+0800][1.969s][15500][21232][info][gc           ] GC(2) Pause Young (Allocation Failure) 790M->401M(1963M) 67.866ms
[2020-10-28T10:31:39.851+0800][1.969s][15500][21232][info][gc,cpu       ] GC(2) User=0.22s Sys=0.23s Real=0.07s
[2020-10-28T10:31:39.983+0800][2.101s][15500][21232][info][gc,start     ] GC(3) Pause Young (Allocation Failure)
[2020-10-28T10:31:40.224+0800][2.342s][15500][21232][info][gc,heap      ] GC(3) PSYoungGen: 611831K->87038K(611840K)
[2020-10-28T10:31:40.230+0800][2.348s][15500][21232][info][gc,heap      ] GC(3) ParOldGen: 324305K->451036K(1398272K)
[2020-10-28T10:31:40.238+0800][2.355s][15500][21232][info][gc,metaspace ] GC(3) Metaspace: 16393K->16393K(1064960K)
[2020-10-28T10:31:40.242+0800][2.360s][15500][21232][info][gc           ] GC(3) Pause Young (Allocation Failure) 914M->525M(1963M) 258.485ms
[2020-10-28T10:31:40.245+0800][2.363s][15500][21232][info][gc,cpu       ] GC(3) User=0.14s Sys=0.59s Real=0.26s
[2020-10-28T10:31:40.492+0800][2.610s][15500][19968][info][gc,heap,exit ] Heap
[2020-10-28T10:31:40.493+0800][2.610s][15500][19968][info][gc,heap,exit ]  PSYoungGen      total 611840K, used 113182K [0x00000000d5580000, 0x0000000100000000, 0x0000000100000000)
[2020-10-28T10:31:40.493+0800][2.611s][15500][19968][info][gc,heap,exit ]   eden space 524800K, 4% used [0x00000000d5580000,0x00000000d6f08100,0x00000000f5600000)
[2020-10-28T10:31:40.493+0800][2.611s][15500][19968][info][gc,heap,exit ]   from space 87040K, 99% used [0x00000000fab00000,0x00000000fffff8a0,0x0000000100000000)
[2020-10-28T10:31:40.494+0800][2.612s][15500][19968][info][gc,heap,exit ]   to   space 87040K, 0% used [0x00000000f5600000,0x00000000f5600000,0x00000000fab00000)
[2020-10-28T10:31:40.494+0800][2.612s][15500][19968][info][gc,heap,exit ]  ParOldGen       total 1398272K, used 451036K [0x0000000080000000, 0x00000000d5580000, 0x00000000d5580000)
[2020-10-28T10:31:40.494+0800][2.612s][15500][19968][info][gc,heap,exit ]   object space 1398272K, 32% used [0x0000000080000000,0x000000009b8773d8,0x00000000d5580000)
[2020-10-28T10:31:40.495+0800][2.613s][15500][19968][info][gc,heap,exit ]  Metaspace       used 16608K, capacity 16956K, committed 17024K, reserved 1064960K
[2020-10-28T10:31:40.495+0800][2.613s][15500][19968][info][gc,heap,exit ]   class space    used 1747K, capacity 1890K, committed 1920K, reserved 1048576K
