[2020-10-28T09:45:32.826+0800][0.024s][17300][11456][info][gc] Using Serial
[2020-10-28T09:45:32.827+0800][0.025s][17300][11456][info][gc,heap,coops] Heap address: 0x0000000080000000, size: 2048 MB, Compressed Oops mode: 32-bit
[2020-10-28T09:45:33.930+0800][1.129s][17300][992  ][info][gc,start     ] GC(0) Pause Young (Allocation Failure)
[2020-10-28T09:45:34.025+0800][1.224s][17300][992  ][info][gc,heap      ] GC(0) DefNew: 559232K->69888K(629120K)
[2020-10-28T09:45:34.026+0800][1.224s][17300][992  ][info][gc,heap      ] GC(0) Tenured: 0K->81325K(1398144K)
[2020-10-28T09:45:34.026+0800][1.224s][17300][992  ][info][gc,metaspace ] GC(0) Metaspace: 16396K->16396K(1064960K)
[2020-10-28T09:45:34.026+0800][1.224s][17300][992  ][info][gc           ] GC(0) Pause Young (Allocation Failure) 546M->147M(1979M) 95.869ms
[2020-10-28T09:45:34.027+0800][1.225s][17300][992  ][info][gc,cpu       ] GC(0) User=0.05s Sys=0.05s Real=0.10s
[2020-10-28T09:45:34.127+0800][1.326s][17300][992  ][info][gc,start     ] GC(1) Pause Young (Allocation Failure)
[2020-10-28T09:45:34.241+0800][1.439s][17300][992  ][info][gc,heap      ] GC(1) DefNew: 629120K->69888K(629120K)
[2020-10-28T09:45:34.241+0800][1.440s][17300][992  ][info][gc,heap      ] GC(1) Tenured: 81325K->215616K(1398144K)
[2020-10-28T09:45:34.241+0800][1.440s][17300][992  ][info][gc,metaspace ] GC(1) Metaspace: 16399K->16399K(1064960K)
[2020-10-28T09:45:34.241+0800][1.440s][17300][992  ][info][gc           ] GC(1) Pause Young (Allocation Failure) 693M->278M(1979M) 113.784ms
[2020-10-28T09:45:34.242+0800][1.440s][17300][992  ][info][gc,cpu       ] GC(1) User=0.03s Sys=0.09s Real=0.12s
[2020-10-28T09:45:34.337+0800][1.536s][17300][992  ][info][gc,start     ] GC(2) Pause Young (Allocation Failure)
[2020-10-28T09:45:34.430+0800][1.628s][17300][992  ][info][gc,heap      ] GC(2) DefNew: 629120K->69887K(629120K)
[2020-10-28T09:45:34.430+0800][1.628s][17300][992  ][info][gc,heap      ] GC(2) Tenured: 215616K->352474K(1398144K)
[2020-10-28T09:45:34.430+0800][1.628s][17300][992  ][info][gc,metaspace ] GC(2) Metaspace: 16399K->16399K(1064960K)
[2020-10-28T09:45:34.430+0800][1.628s][17300][992  ][info][gc           ] GC(2) Pause Young (Allocation Failure) 824M->412M(1979M) 92.517ms
[2020-10-28T09:45:34.430+0800][1.629s][17300][992  ][info][gc,cpu       ] GC(2) User=0.03s Sys=0.06s Real=0.09s
[2020-10-28T09:45:34.530+0800][1.728s][17300][992  ][info][gc,start     ] GC(3) Pause Young (Allocation Failure)
[2020-10-28T09:45:34.628+0800][1.827s][17300][992  ][info][gc,heap      ] GC(3) DefNew: 629119K->69887K(629120K)
[2020-10-28T09:45:34.628+0800][1.827s][17300][992  ][info][gc,heap      ] GC(3) Tenured: 352474K->490156K(1398144K)
[2020-10-28T09:45:34.628+0800][1.827s][17300][992  ][info][gc,metaspace ] GC(3) Metaspace: 16399K->16399K(1064960K)
[2020-10-28T09:45:34.629+0800][1.827s][17300][992  ][info][gc           ] GC(3) Pause Young (Allocation Failure) 958M->546M(1979M) 98.735ms
[2020-10-28T09:45:34.629+0800][1.828s][17300][992  ][info][gc,cpu       ] GC(3) User=0.05s Sys=0.05s Real=0.10s
[2020-10-28T09:45:34.669+0800][1.868s][17300][11456][info][gc,heap,exit ] Heap
[2020-10-28T09:45:34.670+0800][1.868s][17300][11456][info][gc,heap,exit ]  def new generation   total 629120K, used 228884K [0x0000000080000000, 0x00000000aaaa0000, 0x00000000aaaa0000)
[2020-10-28T09:45:34.670+0800][1.869s][17300][11456][info][gc,heap,exit ]   eden space 559232K,  28% used [0x0000000080000000, 0x0000000089b45228, 0x00000000a2220000)
[2020-10-28T09:45:34.671+0800][1.869s][17300][11456][info][gc,heap,exit ]   from space 69888K,  99% used [0x00000000a2220000, 0x00000000a665fff8, 0x00000000a6660000)
[2020-10-28T09:45:34.671+0800][1.870s][17300][11456][info][gc,heap,exit ]   to   space 69888K,   0% used [0x00000000a6660000, 0x00000000a6660000, 0x00000000aaaa0000)
[2020-10-28T09:45:34.671+0800][1.870s][17300][11456][info][gc,heap,exit ]  tenured generation   total 1398144K, used 490156K [0x00000000aaaa0000, 0x0000000100000000, 0x0000000100000000)
[2020-10-28T09:45:34.672+0800][1.870s][17300][11456][info][gc,heap,exit ]    the space 1398144K,  35% used [0x00000000aaaa0000, 0x00000000c894b030, 0x00000000c894b200, 0x0000000100000000)
[2020-10-28T09:45:34.672+0800][1.870s][17300][11456][info][gc,heap,exit ]  Metaspace       used 16606K, capacity 16956K, committed 17024K, reserved 1064960K
[2020-10-28T09:45:34.672+0800][1.871s][17300][11456][info][gc,heap,exit ]   class space    used 1746K, capacity 1890K, committed 1920K, reserved 1048576K
