PS C:\Data\Code\GitHub\JAVA-000\Week_02> java -XX:+UseSerialGC -Xms2g -Xmx2g -Xlog:gc*:file=gc.serial.2g.log:time,uptime,pid,tid,level,tags -Xlog:gc,gc+heap+exit::time,uptime,pid,tid GCLogAnalysis.java
[2020-10-28T09:45:32.826+0800][0.024s][17300][11456] Using Serial
正在执行...
[2020-10-28T09:45:34.026+0800][1.224s][17300][992  ] GC(0) Pause Young (Allocation Failure) 546M->147M(1979M) 95.869ms
[2020-10-28T09:45:34.241+0800][1.440s][17300][992  ] GC(1) Pause Young (Allocation Failure) 693M->278M(1979M) 113.784ms
[2020-10-28T09:45:34.430+0800][1.628s][17300][992  ] GC(2) Pause Young (Allocation Failure) 824M->412M(1979M) 92.517ms
[2020-10-28T09:45:34.629+0800][1.827s][17300][992  ] GC(3) Pause Young (Allocation Failure) 958M->546M(1979M) 98.735ms
执行结束!共生成对象次数:10764
[2020-10-28T09:45:34.669+0800][1.868s][17300][11456] Heap
[2020-10-28T09:45:34.670+0800][1.868s][17300][11456]  def new generation   total 629120K, used 228884K [0x0000000080000000, 0x00000000aaaa0000, 0x00000000aaaa0000)
[2020-10-28T09:45:34.670+0800][1.869s][17300][11456]   eden space 559232K,  28% used [0x0000000080000000, 0x0000000089b45228, 0x00000000a2220000)
[2020-10-28T09:45:34.671+0800][1.869s][17300][11456]   from space 69888K,  99% used [0x00000000a2220000, 0x00000000a665fff8, 0x00000000a6660000)
[2020-10-28T09:45:34.671+0800][1.870s][17300][11456]   to   space 69888K,   0% used [0x00000000a6660000, 0x00000000a6660000, 0x00000000aaaa0000)
[2020-10-28T09:45:34.671+0800][1.870s][17300][11456]  tenured generation   total 1398144K, used 490156K [0x00000000aaaa0000, 0x0000000100000000, 0x0000000100000000)
[2020-10-28T09:45:34.672+0800][1.870s][17300][11456]    the space 1398144K,  35% used [0x00000000aaaa0000, 0x00000000c894b030, 0x00000000c894b200, 0x0000000100000000)
[2020-10-28T09:45:34.672+0800][1.870s][17300][11456]  Metaspace       used 16606K, capacity 16956K, committed 17024K, reserved 1064960K
[2020-10-28T09:45:34.672+0800][1.871s][17300][11456]   class space    used 1746K, capacity 1890K, committed 1920K, reserved 1048576K
