PS C:\Data\Code\GitHub\JAVA-000\Week_02> java -XX:+UseSerialGC -Xms4g -Xmx4g -Xlog:gc*:file=gc.serial.4g.log:time,uptime,pid,tid,level,tags -Xlog:gc,gc+heap+exit::time,uptime,pid,tid GCLogAnalysis.java
[2020-10-28T09:48:33.653+0800][0.068s][15908][1940] Using Serial
正在执行...
[2020-10-28T09:48:35.152+0800][1.567s][15908][10284] GC(0) Pause Young (Allocation Failure) 1092M->246M(3959M) 159.277ms
[2020-10-28T09:48:35.632+0800][2.047s][15908][10284] GC(1) Pause Young (Allocation Failure) 1338M->402M(3959M) 253.384ms
执行结束!共生成对象次数:9987
[2020-10-28T09:48:35.674+0800][2.090s][15908][1940 ] Heap
[2020-10-28T09:48:35.675+0800][2.090s][15908][1940 ]  def new generation   total 1258304K, used 184408K [0x0000000700000000, 0x0000000755550000, 0x0000000755550000)
[2020-10-28T09:48:35.676+0800][2.091s][15908][1940 ]   eden space 1118528K,   3% used [0x0000000700000000, 0x0000000702b96100, 0x0000000744450000)
[2020-10-28T09:48:35.676+0800][2.091s][15908][1940 ]   from space 139776K,  99% used [0x0000000744450000, 0x000000074cccfff8, 0x000000074ccd0000)
[2020-10-28T09:48:35.676+0800][2.091s][15908][1940 ]   to   space 139776K,   0% used [0x000000074ccd0000, 0x000000074ccd0000, 0x0000000755550000)
[2020-10-28T09:48:35.676+0800][2.092s][15908][1940 ]  tenured generation   total 2796224K, used 272030K [0x0000000755550000, 0x0000000800000000, 0x0000000800000000)
[2020-10-28T09:48:35.677+0800][2.092s][15908][1940 ]    the space 2796224K,   9% used [0x0000000755550000, 0x0000000765ef7970, 0x0000000765ef7a00, 0x0000000800000000)
[2020-10-28T09:48:35.677+0800][2.092s][15908][1940 ]  Metaspace       used 16594K, capacity 16956K, committed 17024K, reserved 1064960K
[2020-10-28T09:48:35.677+0800][2.092s][15908][1940 ]   class space    used 1746K, capacity 1890K, committed 1920K, reserved 1048576K
