[2020-10-28T09:48:33.653+0800][0.068s][15908][1940][info][gc] Using Serial
[2020-10-28T09:48:33.654+0800][0.070s][15908][1940][info][gc,heap,coops] Heap address: 0x0000000700000000, size: 4096 MB, Compressed Oops mode: Zero based, Oop shift amount: 3
[2020-10-28T09:48:34.993+0800][1.408s][15908][10284][info][gc,start     ] GC(0) Pause Young (Allocation Failure)
[2020-10-28T09:48:35.151+0800][1.567s][15908][10284][info][gc,heap      ] GC(0) DefNew: 1118528K->139776K(1258304K)
[2020-10-28T09:48:35.152+0800][1.567s][15908][10284][info][gc,heap      ] GC(0) Tenured: 0K->112484K(2796224K)
[2020-10-28T09:48:35.152+0800][1.567s][15908][10284][info][gc,metaspace ] GC(0) Metaspace: 16386K->16386K(1064960K)
[2020-10-28T09:48:35.152+0800][1.567s][15908][10284][info][gc           ] GC(0) Pause Young (Allocation Failure) 1092M->246M(3959M) 159.277ms
[2020-10-28T09:48:35.153+0800][1.568s][15908][10284][info][gc,cpu       ] GC(0) User=0.08s Sys=0.08s Real=0.16s
[2020-10-28T09:48:35.378+0800][1.794s][15908][10284][info][gc,start     ] GC(1) Pause Young (Allocation Failure)
[2020-10-28T09:48:35.631+0800][2.046s][15908][10284][info][gc,heap      ] GC(1) DefNew: 1258304K->139775K(1258304K)
[2020-10-28T09:48:35.631+0800][2.047s][15908][10284][info][gc,heap      ] GC(1) Tenured: 112484K->272030K(2796224K)
[2020-10-28T09:48:35.631+0800][2.047s][15908][10284][info][gc,metaspace ] GC(1) Metaspace: 16389K->16389K(1064960K)
[2020-10-28T09:48:35.632+0800][2.047s][15908][10284][info][gc           ] GC(1) Pause Young (Allocation Failure) 1338M->402M(3959M) 253.384ms
[2020-10-28T09:48:35.632+0800][2.048s][15908][10284][info][gc,cpu       ] GC(1) User=0.13s Sys=0.13s Real=0.25s
[2020-10-28T09:48:35.674+0800][2.090s][15908][1940 ][info][gc,heap,exit ] Heap
[2020-10-28T09:48:35.675+0800][2.090s][15908][1940 ][info][gc,heap,exit ]  def new generation   total 1258304K, used 184408K [0x0000000700000000, 0x0000000755550000, 0x0000000755550000)
[2020-10-28T09:48:35.676+0800][2.091s][15908][1940 ][info][gc,heap,exit ]   eden space 1118528K,   3% used [0x0000000700000000, 0x0000000702b96100, 0x0000000744450000)
[2020-10-28T09:48:35.676+0800][2.091s][15908][1940 ][info][gc,heap,exit ]   from space 139776K,  99% used [0x0000000744450000, 0x000000074cccfff8, 0x000000074ccd0000)
[2020-10-28T09:48:35.676+0800][2.091s][15908][1940 ][info][gc,heap,exit ]   to   space 139776K,   0% used [0x000000074ccd0000, 0x000000074ccd0000, 0x0000000755550000)
[2020-10-28T09:48:35.676+0800][2.092s][15908][1940 ][info][gc,heap,exit ]  tenured generation   total 2796224K, used 272030K [0x0000000755550000, 0x0000000800000000, 0x0000000800000000)
[2020-10-28T09:48:35.677+0800][2.092s][15908][1940 ][info][gc,heap,exit ]    the space 2796224K,   9% used [0x0000000755550000, 0x0000000765ef7970, 0x0000000765ef7a00, 0x0000000800000000)
[2020-10-28T09:48:35.677+0800][2.092s][15908][1940 ][info][gc,heap,exit ]  Metaspace       used 16594K, capacity 16956K, committed 17024K, reserved 1064960K
[2020-10-28T09:48:35.677+0800][2.092s][15908][1940 ][info][gc,heap,exit ]   class space    used 1746K, capacity 1890K, committed 1920K, reserved 1048576K
