[2020-10-28T10:49:28.514+0800][0.017s][9644][13168][info][gc,heap] Heap region size: 1M
[2020-10-28T10:49:28.540+0800][0.044s][9644][13168][info][gc     ] Using G1
[2020-10-28T10:49:28.542+0800][0.045s][9644][13168][info][gc,heap,coops] Heap address: 0x00000000c0000000, size: 1024 MB, Compressed Oops mode: 32-bit
[2020-10-28T10:49:29.373+0800][0.876s][9644][8044 ][info][gc,start     ] GC(0) Pause Young (Normal) (G1 Evacuation Pause)
[2020-10-28T10:49:29.374+0800][0.877s][9644][8044 ][info][gc,task      ] GC(0) Using 8 workers of 8 for evacuation
[2020-10-28T10:49:29.383+0800][0.887s][9644][8044 ][info][gc,phases    ] GC(0)   Pre Evacuate Collection Set: 0.0ms
[2020-10-28T10:49:29.383+0800][0.887s][9644][8044 ][info][gc,phases    ] GC(0)   Evacuate Collection Set: 8.5ms
[2020-10-28T10:49:29.384+0800][0.887s][9644][8044 ][info][gc,phases    ] GC(0)   Post Evacuate Collection Set: 0.9ms
[2020-10-28T10:49:29.384+0800][0.887s][9644][8044 ][info][gc,phases    ] GC(0)   Other: 1.0ms
[2020-10-28T10:49:29.384+0800][0.887s][9644][8044 ][info][gc,heap      ] GC(0) Eden regions: 51->0(44)
[2020-10-28T10:49:29.384+0800][0.887s][9644][8044 ][info][gc,heap      ] GC(0) Survivor regions: 0->7(7)
[2020-10-28T10:49:29.384+0800][0.887s][9644][8044 ][info][gc,heap      ] GC(0) Old regions: 0->6
[2020-10-28T10:49:29.384+0800][0.887s][9644][8044 ][info][gc,heap      ] GC(0) Humongous regions: 14->6
[2020-10-28T10:49:29.384+0800][0.887s][9644][8044 ][info][gc,metaspace ] GC(0) Metaspace: 16384K->16384K(1064960K)
[2020-10-28T10:49:29.384+0800][0.887s][9644][8044 ][info][gc           ] GC(0) Pause Young (Normal) (G1 Evacuation Pause) 64M->18M(1024M) 11.011ms
[2020-10-28T10:49:29.384+0800][0.887s][9644][8044 ][info][gc,cpu       ] GC(0) User=0.05s Sys=0.03s Real=0.01s
[2020-10-28T10:49:29.409+0800][0.912s][9644][8044 ][info][gc,start     ] GC(1) Pause Young (Normal) (G1 Evacuation Pause)
[2020-10-28T10:49:29.409+0800][0.912s][9644][8044 ][info][gc,task      ] GC(1) Using 8 workers of 8 for evacuation
[2020-10-28T10:49:29.417+0800][0.921s][9644][8044 ][info][gc,phases    ] GC(1)   Pre Evacuate Collection Set: 0.1ms
[2020-10-28T10:49:29.418+0800][0.921s][9644][8044 ][info][gc,phases    ] GC(1)   Evacuate Collection Set: 7.4ms
[2020-10-28T10:49:29.418+0800][0.921s][9644][8044 ][info][gc,phases    ] GC(1)   Post Evacuate Collection Set: 0.8ms
[2020-10-28T10:49:29.418+0800][0.921s][9644][8044 ][info][gc,phases    ] GC(1)   Other: 0.3ms
[2020-10-28T10:49:29.418+0800][0.921s][9644][8044 ][info][gc,heap      ] GC(1) Eden regions: 44->0(44)
[2020-10-28T10:49:29.418+0800][0.921s][9644][8044 ][info][gc,heap      ] GC(1) Survivor regions: 7->7(7)
[2020-10-28T10:49:29.418+0800][0.921s][9644][8044 ][info][gc,heap      ] GC(1) Old regions: 6->24
[2020-10-28T10:49:29.418+0800][0.921s][9644][8044 ][info][gc,heap      ] GC(1) Humongous regions: 29->14
[2020-10-28T10:49:29.418+0800][0.921s][9644][8044 ][info][gc,metaspace ] GC(1) Metaspace: 16393K->16393K(1064960K)
[2020-10-28T10:49:29.418+0800][0.921s][9644][8044 ][info][gc           ] GC(1) Pause Young (Normal) (G1 Evacuation Pause) 85M->44M(1024M) 8.966ms
[2020-10-28T10:49:29.418+0800][0.922s][9644][8044 ][info][gc,cpu       ] GC(1) User=0.00s Sys=0.00s Real=0.01s
[2020-10-28T10:49:29.437+0800][0.940s][9644][8044 ][info][gc,start     ] GC(2) Pause Young (Normal) (G1 Evacuation Pause)
[2020-10-28T10:49:29.437+0800][0.940s][9644][8044 ][info][gc,task      ] GC(2) Using 8 workers of 8 for evacuation
[2020-10-28T10:49:29.441+0800][0.945s][9644][8044 ][info][gc,phases    ] GC(2)   Pre Evacuate Collection Set: 0.0ms
[2020-10-28T10:49:29.442+0800][0.945s][9644][8044 ][info][gc,phases    ] GC(2)   Evacuate Collection Set: 4.1ms
[2020-10-28T10:49:29.442+0800][0.945s][9644][8044 ][info][gc,phases    ] GC(2)   Post Evacuate Collection Set: 0.2ms
[2020-10-28T10:49:29.442+0800][0.945s][9644][8044 ][info][gc,phases    ] GC(2)   Other: 0.2ms
[2020-10-28T10:49:29.442+0800][0.945s][9644][8044 ][info][gc,heap      ] GC(2) Eden regions: 44->0(57)
[2020-10-28T10:49:29.442+0800][0.945s][9644][8044 ][info][gc,heap      ] GC(2) Survivor regions: 7->7(7)
[2020-10-28T10:49:29.442+0800][0.945s][9644][8044 ][info][gc,heap      ] GC(2) Old regions: 24->38
[2020-10-28T10:49:29.442+0800][0.945s][9644][8044 ][info][gc,heap      ] GC(2) Humongous regions: 41->26
[2020-10-28T10:49:29.442+0800][0.945s][9644][8044 ][info][gc,metaspace ] GC(2) Metaspace: 16393K->16393K(1064960K)
[2020-10-28T10:49:29.442+0800][0.945s][9644][8044 ][info][gc           ] GC(2) Pause Young (Normal) (G1 Evacuation Pause) 115M->70M(1024M) 4.773ms
[2020-10-28T10:49:29.442+0800][0.945s][9644][8044 ][info][gc,cpu       ] GC(2) User=0.13s Sys=0.00s Real=0.00s
[2020-10-28T10:49:29.470+0800][0.973s][9644][8044 ][info][gc,start     ] GC(3) Pause Young (Normal) (G1 Evacuation Pause)
[2020-10-28T10:49:29.470+0800][0.973s][9644][8044 ][info][gc,task      ] GC(3) Using 8 workers of 8 for evacuation
[2020-10-28T10:49:29.475+0800][0.978s][9644][8044 ][info][gc,phases    ] GC(3)   Pre Evacuate Collection Set: 0.1ms
[2020-10-28T10:49:29.475+0800][0.979s][9644][8044 ][info][gc,phases    ] GC(3)   Evacuate Collection Set: 4.8ms
[2020-10-28T10:49:29.475+0800][0.979s][9644][8044 ][info][gc,phases    ] GC(3)   Post Evacuate Collection Set: 0.3ms
[2020-10-28T10:49:29.475+0800][0.979s][9644][8044 ][info][gc,phases    ] GC(3)   Other: 0.3ms
[2020-10-28T10:49:29.475+0800][0.979s][9644][8044 ][info][gc,heap      ] GC(3) Eden regions: 57->0(56)
[2020-10-28T10:49:29.475+0800][0.979s][9644][8044 ][info][gc,heap      ] GC(3) Survivor regions: 7->8(8)
[2020-10-28T10:49:29.475+0800][0.979s][9644][8044 ][info][gc,heap      ] GC(3) Old regions: 38->55
[2020-10-28T10:49:29.475+0800][0.979s][9644][8044 ][info][gc,heap      ] GC(3) Humongous regions: 68->44
[2020-10-28T10:49:29.475+0800][0.979s][9644][8044 ][info][gc,metaspace ] GC(3) Metaspace: 16393K->16393K(1064960K)
[2020-10-28T10:49:29.475+0800][0.979s][9644][8044 ][info][gc           ] GC(3) Pause Young (Normal) (G1 Evacuation Pause) 169M->106M(1024M) 5.675ms
[2020-10-28T10:49:29.476+0800][0.979s][9644][8044 ][info][gc,cpu       ] GC(3) User=0.00s Sys=0.00s Real=0.01s
[2020-10-28T10:49:29.492+0800][0.995s][9644][8044 ][info][gc,start     ] GC(4) Pause Young (Normal) (G1 Evacuation Pause)
[2020-10-28T10:49:29.492+0800][0.995s][9644][8044 ][info][gc,task      ] GC(4) Using 8 workers of 8 for evacuation
[2020-10-28T10:49:29.501+0800][1.004s][9644][8044 ][info][gc,phases    ] GC(4)   Pre Evacuate Collection Set: 0.1ms
[2020-10-28T10:49:29.501+0800][1.004s][9644][8044 ][info][gc,phases    ] GC(4)   Evacuate Collection Set: 8.2ms
[2020-10-28T10:49:29.501+0800][1.004s][9644][8044 ][info][gc,phases    ] GC(4)   Post Evacuate Collection Set: 0.4ms
[2020-10-28T10:49:29.501+0800][1.004s][9644][8044 ][info][gc,phases    ] GC(4)   Other: 0.3ms
[2020-10-28T10:49:29.501+0800][1.004s][9644][8044 ][info][gc,heap      ] GC(4) Eden regions: 56->0(63)
[2020-10-28T10:49:29.501+0800][1.004s][9644][8044 ][info][gc,heap      ] GC(4) Survivor regions: 8->8(8)
[2020-10-28T10:49:29.501+0800][1.004s][9644][8044 ][info][gc,heap      ] GC(4) Old regions: 55->78
[2020-10-28T10:49:29.501+0800][1.004s][9644][8044 ][info][gc,heap      ] GC(4) Humongous regions: 73->54
[2020-10-28T10:49:29.501+0800][1.004s][9644][8044 ][info][gc,metaspace ] GC(4) Metaspace: 16393K->16393K(1064960K)
[2020-10-28T10:49:29.501+0800][1.004s][9644][8044 ][info][gc           ] GC(4) Pause Young (Normal) (G1 Evacuation Pause) 191M->139M(1024M) 9.266ms
[2020-10-28T10:49:29.502+0800][1.005s][9644][8044 ][info][gc,cpu       ] GC(4) User=0.06s Sys=0.05s Real=0.01s
[2020-10-28T10:49:29.523+0800][1.027s][9644][8044 ][info][gc,start     ] GC(5) Pause Young (Normal) (G1 Evacuation Pause)
[2020-10-28T10:49:29.523+0800][1.027s][9644][8044 ][info][gc,task      ] GC(5) Using 8 workers of 8 for evacuation
[2020-10-28T10:49:29.533+0800][1.037s][9644][8044 ][info][gc,phases    ] GC(5)   Pre Evacuate Collection Set: 0.1ms
[2020-10-28T10:49:29.534+0800][1.037s][9644][8044 ][info][gc,phases    ] GC(5)   Evacuate Collection Set: 9.5ms
[2020-10-28T10:49:29.534+0800][1.037s][9644][8044 ][info][gc,phases    ] GC(5)   Post Evacuate Collection Set: 0.5ms
[2020-10-28T10:49:29.534+0800][1.037s][9644][8044 ][info][gc,phases    ] GC(5)   Other: 0.2ms
[2020-10-28T10:49:29.534+0800][1.037s][9644][8044 ][info][gc,heap      ] GC(5) Eden regions: 63->0(75)
[2020-10-28T10:49:29.534+0800][1.037s][9644][8044 ][info][gc,heap      ] GC(5) Survivor regions: 8->9(9)
[2020-10-28T10:49:29.534+0800][1.037s][9644][8044 ][info][gc,heap      ] GC(5) Old regions: 78->100
[2020-10-28T10:49:29.534+0800][1.037s][9644][8044 ][info][gc,heap      ] GC(5) Humongous regions: 91->69
[2020-10-28T10:49:29.534+0800][1.037s][9644][8044 ][info][gc,metaspace ] GC(5) Metaspace: 16393K->16393K(1064960K)
[2020-10-28T10:49:29.534+0800][1.037s][9644][8044 ][info][gc           ] GC(5) Pause Young (Normal) (G1 Evacuation Pause) 239M->177M(1024M) 10.535ms
[2020-10-28T10:49:29.534+0800][1.037s][9644][8044 ][info][gc,cpu       ] GC(5) User=0.03s Sys=0.06s Real=0.01s
[2020-10-28T10:49:29.559+0800][1.063s][9644][8044 ][info][gc,start     ] GC(6) Pause Young (Normal) (G1 Evacuation Pause)
[2020-10-28T10:49:29.559+0800][1.063s][9644][8044 ][info][gc,task      ] GC(6) Using 8 workers of 8 for evacuation
[2020-10-28T10:49:29.571+0800][1.075s][9644][8044 ][info][gc,phases    ] GC(6)   Pre Evacuate Collection Set: 0.1ms
[2020-10-28T10:49:29.571+0800][1.075s][9644][8044 ][info][gc,phases    ] GC(6)   Evacuate Collection Set: 11.4ms
[2020-10-28T10:49:29.571+0800][1.075s][9644][8044 ][info][gc,phases    ] GC(6)   Post Evacuate Collection Set: 0.3ms
[2020-10-28T10:49:29.571+0800][1.075s][9644][8044 ][info][gc,phases    ] GC(6)   Other: 0.2ms
[2020-10-28T10:49:29.571+0800][1.075s][9644][8044 ][info][gc,heap      ] GC(6) Eden regions: 75->0(89)
[2020-10-28T10:49:29.571+0800][1.075s][9644][8044 ][info][gc,heap      ] GC(6) Survivor regions: 9->11(11)
[2020-10-28T10:49:29.571+0800][1.075s][9644][8044 ][info][gc,heap      ] GC(6) Old regions: 100->130
[2020-10-28T10:49:29.571+0800][1.075s][9644][8044 ][info][gc,heap      ] GC(6) Humongous regions: 114->93
[2020-10-28T10:49:29.571+0800][1.075s][9644][8044 ][info][gc,metaspace ] GC(6) Metaspace: 16393K->16393K(1064960K)
[2020-10-28T10:49:29.571+0800][1.075s][9644][8044 ][info][gc           ] GC(6) Pause Young (Normal) (G1 Evacuation Pause) 296M->233M(1024M) 12.142ms
[2020-10-28T10:49:29.572+0800][1.075s][9644][8044 ][info][gc,cpu       ] GC(6) User=0.08s Sys=0.02s Real=0.01s
[2020-10-28T10:49:29.610+0800][1.113s][9644][8044 ][info][gc,start     ] GC(7) Pause Young (Normal) (G1 Evacuation Pause)
[2020-10-28T10:49:29.610+0800][1.113s][9644][8044 ][info][gc,task      ] GC(7) Using 8 workers of 8 for evacuation
[2020-10-28T10:49:29.621+0800][1.124s][9644][8044 ][info][gc,phases    ] GC(7)   Pre Evacuate Collection Set: 0.3ms
[2020-10-28T10:49:29.621+0800][1.125s][9644][8044 ][info][gc,phases    ] GC(7)   Evacuate Collection Set: 10.0ms
[2020-10-28T10:49:29.621+0800][1.125s][9644][8044 ][info][gc,phases    ] GC(7)   Post Evacuate Collection Set: 0.4ms
[2020-10-28T10:49:29.621+0800][1.125s][9644][8044 ][info][gc,phases    ] GC(7)   Other: 0.6ms
[2020-10-28T10:49:29.621+0800][1.125s][9644][8044 ][info][gc,heap      ] GC(7) Eden regions: 89->0(106)
[2020-10-28T10:49:29.621+0800][1.125s][9644][8044 ][info][gc,heap      ] GC(7) Survivor regions: 11->13(13)
[2020-10-28T10:49:29.621+0800][1.125s][9644][8044 ][info][gc,heap      ] GC(7) Old regions: 130->159
[2020-10-28T10:49:29.621+0800][1.125s][9644][8044 ][info][gc,heap      ] GC(7) Humongous regions: 153->118
[2020-10-28T10:49:29.621+0800][1.125s][9644][8044 ][info][gc,metaspace ] GC(7) Metaspace: 16393K->16393K(1064960K)
[2020-10-28T10:49:29.621+0800][1.125s][9644][8044 ][info][gc           ] GC(7) Pause Young (Normal) (G1 Evacuation Pause) 382M->289M(1024M) 11.475ms
[2020-10-28T10:49:29.622+0800][1.125s][9644][8044 ][info][gc,cpu       ] GC(7) User=0.00s Sys=0.00s Real=0.01s
[2020-10-28T10:49:29.665+0800][1.168s][9644][8044 ][info][gc,start     ] GC(8) Pause Young (Normal) (G1 Evacuation Pause)
[2020-10-28T10:49:29.665+0800][1.168s][9644][8044 ][info][gc,task      ] GC(8) Using 8 workers of 8 for evacuation
[2020-10-28T10:49:29.677+0800][1.180s][9644][8044 ][info][gc,phases    ] GC(8)   Pre Evacuate Collection Set: 0.1ms
[2020-10-28T10:49:29.677+0800][1.180s][9644][8044 ][info][gc,phases    ] GC(8)   Evacuate Collection Set: 11.2ms
[2020-10-28T10:49:29.677+0800][1.180s][9644][8044 ][info][gc,phases    ] GC(8)   Post Evacuate Collection Set: 0.7ms
[2020-10-28T10:49:29.677+0800][1.180s][9644][8044 ][info][gc,phases    ] GC(8)   Other: 0.3ms
[2020-10-28T10:49:29.677+0800][1.181s][9644][8044 ][info][gc,heap      ] GC(8) Eden regions: 106->0(119)
[2020-10-28T10:49:29.677+0800][1.181s][9644][8044 ][info][gc,heap      ] GC(8) Survivor regions: 13->15(15)
[2020-10-28T10:49:29.677+0800][1.181s][9644][8044 ][info][gc,heap      ] GC(8) Old regions: 159->202
[2020-10-28T10:49:29.677+0800][1.181s][9644][8044 ][info][gc,heap      ] GC(8) Humongous regions: 185->134
[2020-10-28T10:49:29.677+0800][1.181s][9644][8044 ][info][gc,metaspace ] GC(8) Metaspace: 16393K->16393K(1064960K)
[2020-10-28T10:49:29.677+0800][1.181s][9644][8044 ][info][gc           ] GC(8) Pause Young (Normal) (G1 Evacuation Pause) 462M->350M(1024M) 12.849ms
[2020-10-28T10:49:29.678+0800][1.182s][9644][8044 ][info][gc,cpu       ] GC(8) User=0.03s Sys=0.09s Real=0.01s
[2020-10-28T10:49:29.711+0800][1.215s][9644][8044 ][info][gc,start     ] GC(9) Pause Young (Normal) (G1 Evacuation Pause)
[2020-10-28T10:49:29.711+0800][1.215s][9644][8044 ][info][gc,task      ] GC(9) Using 8 workers of 8 for evacuation
[2020-10-28T10:49:29.726+0800][1.230s][9644][8044 ][info][gc,phases    ] GC(9)   Pre Evacuate Collection Set: 0.3ms
[2020-10-28T10:49:29.726+0800][1.230s][9644][8044 ][info][gc,phases    ] GC(9)   Evacuate Collection Set: 13.2ms
[2020-10-28T10:49:29.726+0800][1.230s][9644][8044 ][info][gc,phases    ] GC(9)   Post Evacuate Collection Set: 0.9ms
[2020-10-28T10:49:29.726+0800][1.230s][9644][8044 ][info][gc,phases    ] GC(9)   Other: 0.5ms
[2020-10-28T10:49:29.726+0800][1.230s][9644][8044 ][info][gc,heap      ] GC(9) Eden regions: 119->0(146)
[2020-10-28T10:49:29.726+0800][1.230s][9644][8044 ][info][gc,heap      ] GC(9) Survivor regions: 15->17(17)
[2020-10-28T10:49:29.726+0800][1.230s][9644][8044 ][info][gc,heap      ] GC(9) Old regions: 202->246
[2020-10-28T10:49:29.726+0800][1.230s][9644][8044 ][info][gc,heap      ] GC(9) Humongous regions: 194->132
[2020-10-28T10:49:29.726+0800][1.230s][9644][8044 ][info][gc,metaspace ] GC(9) Metaspace: 16393K->16393K(1064960K)
[2020-10-28T10:49:29.726+0800][1.230s][9644][8044 ][info][gc           ] GC(9) Pause Young (Normal) (G1 Evacuation Pause) 529M->394M(1024M) 15.239ms
[2020-10-28T10:49:29.727+0800][1.231s][9644][8044 ][info][gc,cpu       ] GC(9) User=0.00s Sys=0.13s Real=0.02s
[2020-10-28T10:49:29.772+0800][1.276s][9644][8044 ][info][gc,start     ] GC(10) Pause Young (Concurrent Start) (G1 Humongous Allocation)
[2020-10-28T10:49:29.772+0800][1.276s][9644][8044 ][info][gc,task      ] GC(10) Using 8 workers of 8 for evacuation
[2020-10-28T10:49:29.788+0800][1.291s][9644][8044 ][info][gc,phases    ] GC(10)   Pre Evacuate Collection Set: 0.1ms
[2020-10-28T10:49:29.788+0800][1.291s][9644][8044 ][info][gc,phases    ] GC(10)   Evacuate Collection Set: 14.4ms
[2020-10-28T10:49:29.788+0800][1.291s][9644][8044 ][info][gc,phases    ] GC(10)   Post Evacuate Collection Set: 0.5ms
[2020-10-28T10:49:29.788+0800][1.291s][9644][8044 ][info][gc,phases    ] GC(10)   Other: 0.4ms
[2020-10-28T10:49:29.788+0800][1.291s][9644][8044 ][info][gc,heap      ] GC(10) Eden regions: 131->0(272)
[2020-10-28T10:49:29.788+0800][1.291s][9644][8044 ][info][gc,heap      ] GC(10) Survivor regions: 17->21(21)
[2020-10-28T10:49:29.788+0800][1.291s][9644][8044 ][info][gc,heap      ] GC(10) Old regions: 246->285
[2020-10-28T10:49:29.788+0800][1.291s][9644][8044 ][info][gc,heap      ] GC(10) Humongous regions: 215->133
[2020-10-28T10:49:29.788+0800][1.291s][9644][8044 ][info][gc,metaspace ] GC(10) Metaspace: 16393K->16393K(1064960K)
[2020-10-28T10:49:29.788+0800][1.291s][9644][8044 ][info][gc           ] GC(10) Pause Young (Concurrent Start) (G1 Humongous Allocation) 608M->438M(1024M) 15.601ms
[2020-10-28T10:49:29.788+0800][1.292s][9644][8044 ][info][gc,cpu       ] GC(10) User=0.03s Sys=0.09s Real=0.02s
[2020-10-28T10:49:29.789+0800][1.292s][9644][21200][info][gc           ] GC(11) Concurrent Cycle
[2020-10-28T10:49:29.789+0800][1.293s][9644][21200][info][gc,marking   ] GC(11) Concurrent Clear Claimed Marks
[2020-10-28T10:49:29.790+0800][1.293s][9644][21200][info][gc,marking   ] GC(11) Concurrent Clear Claimed Marks 0.221ms
[2020-10-28T10:49:29.790+0800][1.293s][9644][21200][info][gc,marking   ] GC(11) Concurrent Scan Root Regions
[2020-10-28T10:49:29.791+0800][1.294s][9644][21200][info][gc,marking   ] GC(11) Concurrent Scan Root Regions 1.264ms
[2020-10-28T10:49:29.791+0800][1.294s][9644][21200][info][gc,marking   ] GC(11) Concurrent Mark (1.294s)
[2020-10-28T10:49:29.791+0800][1.294s][9644][21200][info][gc,marking   ] GC(11) Concurrent Mark From Roots
[2020-10-28T10:49:29.791+0800][1.294s][9644][21200][info][gc,task      ] GC(11) Using 2 workers of 2 for marking
[2020-10-28T10:49:29.799+0800][1.303s][9644][21200][info][gc,marking   ] GC(11) Concurrent Mark From Roots 8.550ms
[2020-10-28T10:49:29.800+0800][1.303s][9644][21200][info][gc,marking   ] GC(11) Concurrent Preclean
[2020-10-28T10:49:29.800+0800][1.303s][9644][21200][info][gc,marking   ] GC(11) Concurrent Preclean 0.184ms
[2020-10-28T10:49:29.800+0800][1.303s][9644][21200][info][gc,marking   ] GC(11) Concurrent Mark (1.294s, 1.303s) 8.927ms
[2020-10-28T10:49:29.800+0800][1.304s][9644][8044 ][info][gc,start     ] GC(11) Pause Remark
[2020-10-28T10:49:29.802+0800][1.305s][9644][8044 ][info][gc,stringtable] GC(11) Cleaned string and symbol table, strings: 6272 processed, 18 removed, symbols: 52183 processed, 8 removed
[2020-10-28T10:49:29.802+0800][1.306s][9644][8044 ][info][gc            ] GC(11) Pause Remark 481M->472M(1024M) 2.238ms
[2020-10-28T10:49:29.803+0800][1.306s][9644][8044 ][info][gc,cpu        ] GC(11) User=0.00s Sys=0.00s Real=0.00s
[2020-10-28T10:49:29.803+0800][1.306s][9644][21200][info][gc,marking    ] GC(11) Concurrent Rebuild Remembered Sets
[2020-10-28T10:49:29.816+0800][1.319s][9644][21200][info][gc,marking    ] GC(11) Concurrent Rebuild Remembered Sets 13.094ms
[2020-10-28T10:49:29.817+0800][1.320s][9644][8044 ][info][gc,start      ] GC(11) Pause Cleanup
[2020-10-28T10:49:29.817+0800][1.321s][9644][8044 ][info][gc            ] GC(11) Pause Cleanup 516M->516M(1024M) 0.591ms
[2020-10-28T10:49:29.818+0800][1.322s][9644][8044 ][info][gc,cpu        ] GC(11) User=0.00s Sys=0.00s Real=0.00s
[2020-10-28T10:49:29.818+0800][1.322s][9644][21200][info][gc,marking    ] GC(11) Concurrent Cleanup for Next Mark
[2020-10-28T10:49:29.824+0800][1.327s][9644][21200][info][gc,marking    ] GC(11) Concurrent Cleanup for Next Mark 5.539ms
[2020-10-28T10:49:29.824+0800][1.327s][9644][21200][info][gc            ] GC(11) Concurrent Cycle 35.215ms
[2020-10-28T10:49:29.948+0800][1.452s][9644][8044 ][info][gc,start      ] GC(12) Pause Young (Prepare Mixed) (G1 Evacuation Pause)
[2020-10-28T10:49:29.948+0800][1.452s][9644][8044 ][info][gc,task       ] GC(12) Using 8 workers of 8 for evacuation
[2020-10-28T10:49:29.973+0800][1.476s][9644][8044 ][info][gc,phases     ] GC(12)   Pre Evacuate Collection Set: 0.1ms
[2020-10-28T10:49:29.973+0800][1.476s][9644][8044 ][info][gc,phases     ] GC(12)   Evacuate Collection Set: 23.0ms
[2020-10-28T10:49:29.973+0800][1.476s][9644][8044 ][info][gc,phases     ] GC(12)   Post Evacuate Collection Set: 0.8ms
[2020-10-28T10:49:29.973+0800][1.476s][9644][8044 ][info][gc,phases     ] GC(12)   Other: 0.3ms
[2020-10-28T10:49:29.973+0800][1.476s][9644][8044 ][info][gc,heap       ] GC(12) Eden regions: 272->0(14)
[2020-10-28T10:49:29.973+0800][1.476s][9644][8044 ][info][gc,heap       ] GC(12) Survivor regions: 21->37(37)
[2020-10-28T10:49:29.973+0800][1.476s][9644][8044 ][info][gc,heap       ] GC(12) Old regions: 276->347
[2020-10-28T10:49:29.973+0800][1.476s][9644][8044 ][info][gc,heap       ] GC(12) Humongous regions: 285->146
[2020-10-28T10:49:29.973+0800][1.476s][9644][8044 ][info][gc,metaspace  ] GC(12) Metaspace: 16395K->16395K(1064960K)
[2020-10-28T10:49:29.973+0800][1.477s][9644][8044 ][info][gc            ] GC(12) Pause Young (Prepare Mixed) (G1 Evacuation Pause) 853M->529M(1024M) 24.793ms
[2020-10-28T10:49:29.974+0800][1.477s][9644][8044 ][info][gc,cpu        ] GC(12) User=0.05s Sys=0.20s Real=0.03s
[2020-10-28T10:49:29.978+0800][1.482s][9644][8044 ][info][gc,start      ] GC(13) Pause Young (Mixed) (G1 Evacuation Pause)
[2020-10-28T10:49:29.978+0800][1.482s][9644][8044 ][info][gc,task       ] GC(13) Using 8 workers of 8 for evacuation
[2020-10-28T10:49:29.989+0800][1.493s][9644][8044 ][info][gc,phases     ] GC(13)   Pre Evacuate Collection Set: 0.1ms
[2020-10-28T10:49:29.989+0800][1.493s][9644][8044 ][info][gc,phases     ] GC(13)   Evacuate Collection Set: 10.2ms
[2020-10-28T10:49:29.989+0800][1.493s][9644][8044 ][info][gc,phases     ] GC(13)   Post Evacuate Collection Set: 0.5ms
[2020-10-28T10:49:29.989+0800][1.493s][9644][8044 ][info][gc,phases     ] GC(13)   Other: 0.2ms
[2020-10-28T10:49:29.989+0800][1.493s][9644][8044 ][info][gc,heap       ] GC(13) Eden regions: 14->0(232)
[2020-10-28T10:49:29.989+0800][1.493s][9644][8044 ][info][gc,heap       ] GC(13) Survivor regions: 37->7(7)
[2020-10-28T10:49:29.989+0800][1.493s][9644][8044 ][info][gc,heap       ] GC(13) Old regions: 347->308
[2020-10-28T10:49:29.989+0800][1.493s][9644][8044 ][info][gc,heap       ] GC(13) Humongous regions: 149->143
[2020-10-28T10:49:29.989+0800][1.493s][9644][8044 ][info][gc,metaspace  ] GC(13) Metaspace: 16395K->16395K(1064960K)
[2020-10-28T10:49:29.989+0800][1.493s][9644][8044 ][info][gc            ] GC(13) Pause Young (Mixed) (G1 Evacuation Pause) 546M->457M(1024M) 11.259ms
[2020-10-28T10:49:29.990+0800][1.493s][9644][8044 ][info][gc,cpu        ] GC(13) User=0.09s Sys=0.03s Real=0.01s
[2020-10-28T10:49:29.995+0800][1.499s][9644][8044 ][info][gc,start      ] GC(14) Pause Young (Concurrent Start) (G1 Humongous Allocation)
[2020-10-28T10:49:29.995+0800][1.499s][9644][8044 ][info][gc,task       ] GC(14) Using 8 workers of 8 for evacuation
[2020-10-28T10:49:30.000+0800][1.504s][9644][8044 ][info][gc,phases     ] GC(14)   Pre Evacuate Collection Set: 0.3ms
[2020-10-28T10:49:30.000+0800][1.504s][9644][8044 ][info][gc,phases     ] GC(14)   Evacuate Collection Set: 3.6ms
[2020-10-28T10:49:30.000+0800][1.504s][9644][8044 ][info][gc,phases     ] GC(14)   Post Evacuate Collection Set: 0.4ms
[2020-10-28T10:49:30.000+0800][1.504s][9644][8044 ][info][gc,phases     ] GC(14)   Other: 0.5ms
[2020-10-28T10:49:30.000+0800][1.504s][9644][8044 ][info][gc,heap       ] GC(14) Eden regions: 21->0(254)
[2020-10-28T10:49:30.000+0800][1.504s][9644][8044 ][info][gc,heap       ] GC(14) Survivor regions: 7->14(30)
[2020-10-28T10:49:30.000+0800][1.504s][9644][8044 ][info][gc,heap       ] GC(14) Old regions: 308->308
[2020-10-28T10:49:30.000+0800][1.504s][9644][8044 ][info][gc,heap       ] GC(14) Humongous regions: 153->148
[2020-10-28T10:49:30.000+0800][1.504s][9644][8044 ][info][gc,metaspace  ] GC(14) Metaspace: 16395K->16395K(1064960K)
[2020-10-28T10:49:30.000+0800][1.504s][9644][8044 ][info][gc            ] GC(14) Pause Young (Concurrent Start) (G1 Humongous Allocation) 487M->469M(1024M) 4.948ms
[2020-10-28T10:49:30.001+0800][1.504s][9644][8044 ][info][gc,cpu        ] GC(14) User=0.11s Sys=0.00s Real=0.01s
[2020-10-28T10:49:30.001+0800][1.504s][9644][21200][info][gc            ] GC(15) Concurrent Cycle
[2020-10-28T10:49:30.001+0800][1.505s][9644][21200][info][gc,marking    ] GC(15) Concurrent Clear Claimed Marks
[2020-10-28T10:49:30.001+0800][1.505s][9644][21200][info][gc,marking    ] GC(15) Concurrent Clear Claimed Marks 0.089ms
[2020-10-28T10:49:30.001+0800][1.505s][9644][21200][info][gc,marking    ] GC(15) Concurrent Scan Root Regions
[2020-10-28T10:49:30.001+0800][1.505s][9644][21200][info][gc,marking    ] GC(15) Concurrent Scan Root Regions 0.105ms
[2020-10-28T10:49:30.001+0800][1.505s][9644][21200][info][gc,marking    ] GC(15) Concurrent Mark (1.505s)
[2020-10-28T10:49:30.001+0800][1.505s][9644][21200][info][gc,marking    ] GC(15) Concurrent Mark From Roots
[2020-10-28T10:49:30.001+0800][1.505s][9644][21200][info][gc,task       ] GC(15) Using 2 workers of 2 for marking
[2020-10-28T10:49:30.008+0800][1.511s][9644][21200][info][gc,marking    ] GC(15) Concurrent Mark From Roots 6.015ms
[2020-10-28T10:49:30.008+0800][1.511s][9644][21200][info][gc,marking    ] GC(15) Concurrent Preclean
[2020-10-28T10:49:30.008+0800][1.511s][9644][21200][info][gc,marking    ] GC(15) Concurrent Preclean 0.177ms
[2020-10-28T10:49:30.008+0800][1.511s][9644][21200][info][gc,marking    ] GC(15) Concurrent Mark (1.505s, 1.511s) 6.394ms
[2020-10-28T10:49:30.008+0800][1.512s][9644][8044 ][info][gc,start      ] GC(15) Pause Remark
[2020-10-28T10:49:30.010+0800][1.513s][9644][8044 ][info][gc,stringtable] GC(15) Cleaned string and symbol table, strings: 6255 processed, 0 removed, symbols: 52176 processed, 0 removed
[2020-10-28T10:49:30.010+0800][1.514s][9644][8044 ][info][gc            ] GC(15) Pause Remark 514M->508M(1024M) 1.968ms
[2020-10-28T10:49:30.011+0800][1.515s][9644][8044 ][info][gc,cpu        ] GC(15) User=0.00s Sys=0.00s Real=0.00s
[2020-10-28T10:49:30.012+0800][1.515s][9644][21200][info][gc,marking    ] GC(15) Concurrent Rebuild Remembered Sets
[2020-10-28T10:49:30.016+0800][1.520s][9644][21200][info][gc,marking    ] GC(15) Concurrent Rebuild Remembered Sets 4.706ms
[2020-10-28T10:49:30.017+0800][1.520s][9644][8044 ][info][gc,start      ] GC(15) Pause Cleanup
[2020-10-28T10:49:30.017+0800][1.521s][9644][8044 ][info][gc            ] GC(15) Pause Cleanup 531M->531M(1024M) 0.581ms
[2020-10-28T10:49:30.018+0800][1.521s][9644][8044 ][info][gc,cpu        ] GC(15) User=0.00s Sys=0.00s Real=0.00s
[2020-10-28T10:49:30.018+0800][1.521s][9644][21200][info][gc,marking    ] GC(15) Concurrent Cleanup for Next Mark
[2020-10-28T10:49:30.020+0800][1.524s][9644][21200][info][gc,marking    ] GC(15) Concurrent Cleanup for Next Mark 2.581ms
[2020-10-28T10:49:30.020+0800][1.524s][9644][21200][info][gc            ] GC(15) Concurrent Cycle 19.620ms
[2020-10-28T10:49:30.075+0800][1.578s][9644][8044 ][info][gc,start      ] GC(16) Pause Young (Prepare Mixed) (G1 Evacuation Pause)
[2020-10-28T10:49:30.075+0800][1.578s][9644][8044 ][info][gc,task       ] GC(16) Using 8 workers of 8 for evacuation
[2020-10-28T10:49:30.098+0800][1.601s][9644][8044 ][info][gc,phases     ] GC(16)   Pre Evacuate Collection Set: 0.2ms
[2020-10-28T10:49:30.098+0800][1.601s][9644][8044 ][info][gc,phases     ] GC(16)   Evacuate Collection Set: 21.4ms
[2020-10-28T10:49:30.098+0800][1.601s][9644][8044 ][info][gc,phases     ] GC(16)   Post Evacuate Collection Set: 1.0ms
[2020-10-28T10:49:30.098+0800][1.601s][9644][8044 ][info][gc,phases     ] GC(16)   Other: 0.3ms
[2020-10-28T10:49:30.098+0800][1.601s][9644][8044 ][info][gc,heap       ] GC(16) Eden regions: 254->0(17)
[2020-10-28T10:49:30.098+0800][1.601s][9644][8044 ][info][gc,heap       ] GC(16) Survivor regions: 14->34(34)
[2020-10-28T10:49:30.098+0800][1.601s][9644][8044 ][info][gc,heap       ] GC(16) Old regions: 303->364
[2020-10-28T10:49:30.098+0800][1.602s][9644][8044 ][info][gc,heap       ] GC(16) Humongous regions: 287->146
[2020-10-28T10:49:30.098+0800][1.602s][9644][8044 ][info][gc,metaspace  ] GC(16) Metaspace: 16395K->16395K(1064960K)
[2020-10-28T10:49:30.098+0800][1.602s][9644][8044 ][info][gc            ] GC(16) Pause Young (Prepare Mixed) (G1 Evacuation Pause) 857M->543M(1024M) 23.171ms
[2020-10-28T10:49:30.099+0800][1.602s][9644][8044 ][info][gc,cpu        ] GC(16) User=0.11s Sys=0.13s Real=0.02s
[2020-10-28T10:49:30.103+0800][1.606s][9644][8044 ][info][gc,start      ] GC(17) Pause Young (Mixed) (G1 Evacuation Pause)
[2020-10-28T10:49:30.103+0800][1.606s][9644][8044 ][info][gc,task       ] GC(17) Using 8 workers of 8 for evacuation
[2020-10-28T10:49:30.117+0800][1.621s][9644][8044 ][info][gc,phases     ] GC(17)   Pre Evacuate Collection Set: 0.1ms
[2020-10-28T10:49:30.117+0800][1.621s][9644][8044 ][info][gc,phases     ] GC(17)   Evacuate Collection Set: 12.0ms
[2020-10-28T10:49:30.117+0800][1.621s][9644][8044 ][info][gc,phases     ] GC(17)   Post Evacuate Collection Set: 1.5ms
[2020-10-28T10:49:30.117+0800][1.621s][9644][8044 ][info][gc,phases     ] GC(17)   Other: 0.7ms
[2020-10-28T10:49:30.117+0800][1.621s][9644][8044 ][info][gc,heap       ] GC(17) Eden regions: 17->0(249)
[2020-10-28T10:49:30.118+0800][1.621s][9644][8044 ][info][gc,heap       ] GC(17) Survivor regions: 34->6(7)
[2020-10-28T10:49:30.118+0800][1.621s][9644][8044 ][info][gc,heap       ] GC(17) Old regions: 364->327
[2020-10-28T10:49:30.118+0800][1.621s][9644][8044 ][info][gc,heap       ] GC(17) Humongous regions: 157->145
[2020-10-28T10:49:30.118+0800][1.621s][9644][8044 ][info][gc,metaspace  ] GC(17) Metaspace: 16395K->16395K(1064960K)
[2020-10-28T10:49:30.118+0800][1.621s][9644][8044 ][info][gc            ] GC(17) Pause Young (Mixed) (G1 Evacuation Pause) 571M->477M(1024M) 14.773ms
[2020-10-28T10:49:30.118+0800][1.621s][9644][8044 ][info][gc,cpu        ] GC(17) User=0.11s Sys=0.00s Real=0.02s
[2020-10-28T10:49:30.118+0800][1.622s][9644][8044 ][info][gc,start      ] GC(18) Pause Young (Concurrent Start) (G1 Humongous Allocation)
[2020-10-28T10:49:30.118+0800][1.622s][9644][8044 ][info][gc,task       ] GC(18) Using 8 workers of 8 for evacuation
[2020-10-28T10:49:30.120+0800][1.623s][9644][8044 ][info][gc,phases     ] GC(18)   Pre Evacuate Collection Set: 0.1ms
[2020-10-28T10:49:30.120+0800][1.623s][9644][8044 ][info][gc,phases     ] GC(18)   Evacuate Collection Set: 1.1ms
[2020-10-28T10:49:30.120+0800][1.623s][9644][8044 ][info][gc,phases     ] GC(18)   Post Evacuate Collection Set: 0.3ms
[2020-10-28T10:49:30.120+0800][1.623s][9644][8044 ][info][gc,phases     ] GC(18)   Other: 0.2ms
[2020-10-28T10:49:30.120+0800][1.623s][9644][8044 ][info][gc,heap       ] GC(18) Eden regions: 1->0(187)
[2020-10-28T10:49:30.120+0800][1.623s][9644][8044 ][info][gc,heap       ] GC(18) Survivor regions: 6->7(32)
[2020-10-28T10:49:30.120+0800][1.623s][9644][8044 ][info][gc,heap       ] GC(18) Old regions: 327->327
[2020-10-28T10:49:30.120+0800][1.623s][9644][8044 ][info][gc,heap       ] GC(18) Humongous regions: 145->145
[2020-10-28T10:49:30.120+0800][1.623s][9644][8044 ][info][gc,metaspace  ] GC(18) Metaspace: 16395K->16395K(1064960K)
[2020-10-28T10:49:30.120+0800][1.624s][9644][8044 ][info][gc            ] GC(18) Pause Young (Concurrent Start) (G1 Humongous Allocation) 477M->477M(1024M) 1.915ms
[2020-10-28T10:49:30.120+0800][1.624s][9644][8044 ][info][gc,cpu        ] GC(18) User=0.00s Sys=0.00s Real=0.00s
[2020-10-28T10:49:30.120+0800][1.624s][9644][21200][info][gc            ] GC(19) Concurrent Cycle
[2020-10-28T10:49:30.121+0800][1.625s][9644][21200][info][gc,marking    ] GC(19) Concurrent Clear Claimed Marks
[2020-10-28T10:49:30.121+0800][1.625s][9644][21200][info][gc,marking    ] GC(19) Concurrent Clear Claimed Marks 0.070ms
[2020-10-28T10:49:30.121+0800][1.625s][9644][21200][info][gc,marking    ] GC(19) Concurrent Scan Root Regions
[2020-10-28T10:49:30.121+0800][1.625s][9644][21200][info][gc,marking    ] GC(19) Concurrent Scan Root Regions 0.116ms
[2020-10-28T10:49:30.121+0800][1.625s][9644][21200][info][gc,marking    ] GC(19) Concurrent Mark (1.625s)
[2020-10-28T10:49:30.121+0800][1.625s][9644][21200][info][gc,marking    ] GC(19) Concurrent Mark From Roots
[2020-10-28T10:49:30.121+0800][1.625s][9644][21200][info][gc,task       ] GC(19) Using 2 workers of 2 for marking
[2020-10-28T10:49:30.131+0800][1.634s][9644][21200][info][gc,marking    ] GC(19) Concurrent Mark From Roots 9.189ms
[2020-10-28T10:49:30.131+0800][1.634s][9644][21200][info][gc,marking    ] GC(19) Concurrent Preclean
[2020-10-28T10:49:30.131+0800][1.635s][9644][21200][info][gc,marking    ] GC(19) Concurrent Preclean 0.188ms
[2020-10-28T10:49:30.131+0800][1.635s][9644][21200][info][gc,marking    ] GC(19) Concurrent Mark (1.625s, 1.635s) 9.786ms
[2020-10-28T10:49:30.131+0800][1.635s][9644][8044 ][info][gc,start      ] GC(19) Pause Remark
[2020-10-28T10:49:30.133+0800][1.636s][9644][8044 ][info][gc,stringtable] GC(19) Cleaned string and symbol table, strings: 6255 processed, 0 removed, symbols: 52176 processed, 0 removed
[2020-10-28T10:49:30.133+0800][1.636s][9644][8044 ][info][gc            ] GC(19) Pause Remark 530M->529M(1024M) 1.604ms
[2020-10-28T10:49:30.133+0800][1.637s][9644][8044 ][info][gc,cpu        ] GC(19) User=0.00s Sys=0.00s Real=0.00s
[2020-10-28T10:49:30.133+0800][1.637s][9644][21200][info][gc,marking    ] GC(19) Concurrent Rebuild Remembered Sets
[2020-10-28T10:49:30.136+0800][1.640s][9644][21200][info][gc,marking    ] GC(19) Concurrent Rebuild Remembered Sets 2.907ms
[2020-10-28T10:49:30.136+0800][1.640s][9644][8044 ][info][gc,start      ] GC(19) Pause Cleanup
[2020-10-28T10:49:30.137+0800][1.640s][9644][8044 ][info][gc            ] GC(19) Pause Cleanup 550M->550M(1024M) 0.314ms
[2020-10-28T10:49:30.137+0800][1.641s][9644][8044 ][info][gc,cpu        ] GC(19) User=0.00s Sys=0.00s Real=0.00s
[2020-10-28T10:49:30.137+0800][1.641s][9644][21200][info][gc,marking    ] GC(19) Concurrent Cleanup for Next Mark
[2020-10-28T10:49:30.139+0800][1.642s][9644][21200][info][gc,marking    ] GC(19) Concurrent Cleanup for Next Mark 1.772ms
[2020-10-28T10:49:30.139+0800][1.642s][9644][21200][info][gc            ] GC(19) Concurrent Cycle 18.575ms
[2020-10-28T10:49:30.176+0800][1.679s][9644][8044 ][info][gc,start      ] GC(20) Pause Young (Prepare Mixed) (G1 Evacuation Pause)
[2020-10-28T10:49:30.176+0800][1.679s][9644][8044 ][info][gc,task       ] GC(20) Using 8 workers of 8 for evacuation
[2020-10-28T10:49:30.193+0800][1.696s][9644][8044 ][info][gc,phases     ] GC(20)   Pre Evacuate Collection Set: 0.4ms
[2020-10-28T10:49:30.193+0800][1.696s][9644][8044 ][info][gc,phases     ] GC(20)   Evacuate Collection Set: 15.7ms
[2020-10-28T10:49:30.193+0800][1.696s][9644][8044 ][info][gc,phases     ] GC(20)   Post Evacuate Collection Set: 0.7ms
[2020-10-28T10:49:30.193+0800][1.696s][9644][8044 ][info][gc,phases     ] GC(20)   Other: 0.3ms
[2020-10-28T10:49:30.193+0800][1.696s][9644][8044 ][info][gc,heap       ] GC(20) Eden regions: 187->0(26)
[2020-10-28T10:49:30.193+0800][1.696s][9644][8044 ][info][gc,heap       ] GC(20) Survivor regions: 7->25(25)
[2020-10-28T10:49:30.193+0800][1.696s][9644][8044 ][info][gc,heap       ] GC(20) Old regions: 326->376
[2020-10-28T10:49:30.193+0800][1.696s][9644][8044 ][info][gc,heap       ] GC(20) Humongous regions: 260->148
[2020-10-28T10:49:30.193+0800][1.697s][9644][8044 ][info][gc,metaspace  ] GC(20) Metaspace: 16395K->16395K(1064960K)
[2020-10-28T10:49:30.193+0800][1.697s][9644][8044 ][info][gc            ] GC(20) Pause Young (Prepare Mixed) (G1 Evacuation Pause) 778M->548M(1024M) 17.419ms
[2020-10-28T10:49:30.193+0800][1.697s][9644][8044 ][info][gc,cpu        ] GC(20) User=0.06s Sys=0.05s Real=0.02s
[2020-10-28T10:49:30.199+0800][1.703s][9644][8044 ][info][gc,start      ] GC(21) Pause Young (Mixed) (G1 Evacuation Pause)
[2020-10-28T10:49:30.200+0800][1.703s][9644][8044 ][info][gc,task       ] GC(21) Using 8 workers of 8 for evacuation
[2020-10-28T10:49:30.213+0800][1.717s][9644][8044 ][info][gc,phases     ] GC(21)   Pre Evacuate Collection Set: 0.2ms
[2020-10-28T10:49:30.213+0800][1.717s][9644][8044 ][info][gc,phases     ] GC(21)   Evacuate Collection Set: 11.4ms
[2020-10-28T10:49:30.213+0800][1.717s][9644][8044 ][info][gc,phases     ] GC(21)   Post Evacuate Collection Set: 1.6ms
[2020-10-28T10:49:30.213+0800][1.717s][9644][8044 ][info][gc,phases     ] GC(21)   Other: 0.6ms
[2020-10-28T10:49:30.213+0800][1.717s][9644][8044 ][info][gc,heap       ] GC(21) Eden regions: 26->0(195)
[2020-10-28T10:49:30.213+0800][1.717s][9644][8044 ][info][gc,heap       ] GC(21) Survivor regions: 25->7(7)
[2020-10-28T10:49:30.213+0800][1.717s][9644][8044 ][info][gc,heap       ] GC(21) Old regions: 376->333
[2020-10-28T10:49:30.214+0800][1.717s][9644][8044 ][info][gc,heap       ] GC(21) Humongous regions: 164->149
[2020-10-28T10:49:30.214+0800][1.717s][9644][8044 ][info][gc,metaspace  ] GC(21) Metaspace: 16395K->16395K(1064960K)
[2020-10-28T10:49:30.214+0800][1.717s][9644][8044 ][info][gc            ] GC(21) Pause Young (Mixed) (G1 Evacuation Pause) 590M->488M(1024M) 14.169ms
[2020-10-28T10:49:30.214+0800][1.718s][9644][8044 ][info][gc,cpu        ] GC(21) User=0.11s Sys=0.02s Real=0.02s
[2020-10-28T10:49:30.260+0800][1.763s][9644][8044 ][info][gc,start      ] GC(22) Pause Young (Concurrent Start) (G1 Humongous Allocation)
[2020-10-28T10:49:30.260+0800][1.763s][9644][8044 ][info][gc,task       ] GC(22) Using 8 workers of 8 for evacuation
[2020-10-28T10:49:30.274+0800][1.777s][9644][8044 ][info][gc,phases     ] GC(22)   Pre Evacuate Collection Set: 0.2ms
[2020-10-28T10:49:30.274+0800][1.777s][9644][8044 ][info][gc,phases     ] GC(22)   Evacuate Collection Set: 12.5ms
[2020-10-28T10:49:30.274+0800][1.777s][9644][8044 ][info][gc,phases     ] GC(22)   Post Evacuate Collection Set: 0.9ms
[2020-10-28T10:49:30.274+0800][1.777s][9644][8044 ][info][gc,phases     ] GC(22)   Other: 0.3ms
[2020-10-28T10:49:30.274+0800][1.777s][9644][8044 ][info][gc,heap       ] GC(22) Eden regions: 180->0(172)
[2020-10-28T10:49:30.274+0800][1.777s][9644][8044 ][info][gc,heap       ] GC(22) Survivor regions: 7->26(26)
[2020-10-28T10:49:30.274+0800][1.777s][9644][8044 ][info][gc,heap       ] GC(22) Old regions: 333->376
[2020-10-28T10:49:30.274+0800][1.777s][9644][8044 ][info][gc,heap       ] GC(22) Humongous regions: 259->152
[2020-10-28T10:49:30.274+0800][1.778s][9644][8044 ][info][gc,metaspace  ] GC(22) Metaspace: 16395K->16395K(1064960K)
[2020-10-28T10:49:30.274+0800][1.778s][9644][8044 ][info][gc            ] GC(22) Pause Young (Concurrent Start) (G1 Humongous Allocation) 778M->553M(1024M) 14.236ms
[2020-10-28T10:49:30.275+0800][1.778s][9644][8044 ][info][gc,cpu        ] GC(22) User=0.09s Sys=0.03s Real=0.02s
[2020-10-28T10:49:30.275+0800][1.778s][9644][21200][info][gc            ] GC(23) Concurrent Cycle
[2020-10-28T10:49:30.275+0800][1.779s][9644][21200][info][gc,marking    ] GC(23) Concurrent Clear Claimed Marks
[2020-10-28T10:49:30.276+0800][1.779s][9644][21200][info][gc,marking    ] GC(23) Concurrent Clear Claimed Marks 0.291ms
[2020-10-28T10:49:30.276+0800][1.779s][9644][21200][info][gc,marking    ] GC(23) Concurrent Scan Root Regions
[2020-10-28T10:49:30.276+0800][1.780s][9644][21200][info][gc,marking    ] GC(23) Concurrent Scan Root Regions 0.608ms
[2020-10-28T10:49:30.277+0800][1.780s][9644][21200][info][gc,marking    ] GC(23) Concurrent Mark (1.780s)
[2020-10-28T10:49:30.277+0800][1.780s][9644][21200][info][gc,marking    ] GC(23) Concurrent Mark From Roots
[2020-10-28T10:49:30.277+0800][1.780s][9644][21200][info][gc,task       ] GC(23) Using 2 workers of 2 for marking
[2020-10-28T10:49:30.284+0800][1.787s][9644][21200][info][gc,marking    ] GC(23) Concurrent Mark From Roots 7.186ms
[2020-10-28T10:49:30.284+0800][1.787s][9644][21200][info][gc,marking    ] GC(23) Concurrent Preclean
[2020-10-28T10:49:30.284+0800][1.788s][9644][21200][info][gc,marking    ] GC(23) Concurrent Preclean 0.135ms
[2020-10-28T10:49:30.284+0800][1.788s][9644][21200][info][gc,marking    ] GC(23) Concurrent Mark (1.780s, 1.788s) 7.590ms
[2020-10-28T10:49:30.284+0800][1.788s][9644][8044 ][info][gc,start      ] GC(23) Pause Remark
[2020-10-28T10:49:30.286+0800][1.789s][9644][8044 ][info][gc,stringtable] GC(23) Cleaned string and symbol table, strings: 6255 processed, 0 removed, symbols: 52176 processed, 0 removed
[2020-10-28T10:49:30.286+0800][1.790s][9644][8044 ][info][gc            ] GC(23) Pause Remark 600M->589M(1024M) 1.913ms
[2020-10-28T10:49:30.287+0800][1.790s][9644][8044 ][info][gc,cpu        ] GC(23) User=0.00s Sys=0.00s Real=0.00s
[2020-10-28T10:49:30.287+0800][1.790s][9644][21200][info][gc,marking    ] GC(23) Concurrent Rebuild Remembered Sets
[2020-10-28T10:49:30.291+0800][1.794s][9644][21200][info][gc,marking    ] GC(23) Concurrent Rebuild Remembered Sets 3.843ms
[2020-10-28T10:49:30.291+0800][1.795s][9644][8044 ][info][gc,start      ] GC(23) Pause Cleanup
[2020-10-28T10:49:30.291+0800][1.795s][9644][8044 ][info][gc            ] GC(23) Pause Cleanup 615M->615M(1024M) 0.317ms
[2020-10-28T10:49:30.292+0800][1.795s][9644][8044 ][info][gc,cpu        ] GC(23) User=0.00s Sys=0.00s Real=0.00s
[2020-10-28T10:49:30.292+0800][1.796s][9644][21200][info][gc,marking    ] GC(23) Concurrent Cleanup for Next Mark
[2020-10-28T10:49:30.297+0800][1.800s][9644][21200][info][gc,marking    ] GC(23) Concurrent Cleanup for Next Mark 4.727ms
[2020-10-28T10:49:30.297+0800][1.801s][9644][21200][info][gc            ] GC(23) Concurrent Cycle 22.621ms
[2020-10-28T10:49:30.334+0800][1.837s][9644][8044 ][info][gc,start      ] GC(24) Pause Young (Prepare Mixed) (G1 Evacuation Pause)
[2020-10-28T10:49:30.334+0800][1.837s][9644][8044 ][info][gc,task       ] GC(24) Using 8 workers of 8 for evacuation
[2020-10-28T10:49:30.354+0800][1.858s][9644][8044 ][info][gc,phases     ] GC(24)   Pre Evacuate Collection Set: 0.1ms
[2020-10-28T10:49:30.354+0800][1.858s][9644][8044 ][info][gc,phases     ] GC(24)   Evacuate Collection Set: 19.5ms
[2020-10-28T10:49:30.354+0800][1.858s][9644][8044 ][info][gc,phases     ] GC(24)   Post Evacuate Collection Set: 0.8ms
[2020-10-28T10:49:30.354+0800][1.858s][9644][8044 ][info][gc,phases     ] GC(24)   Other: 0.3ms
[2020-10-28T10:49:30.355+0800][1.858s][9644][8044 ][info][gc,heap       ] GC(24) Eden regions: 172->0(26)
[2020-10-28T10:49:30.355+0800][1.858s][9644][8044 ][info][gc,heap       ] GC(24) Survivor regions: 26->25(25)
[2020-10-28T10:49:30.355+0800][1.858s][9644][8044 ][info][gc,heap       ] GC(24) Old regions: 365->427
[2020-10-28T10:49:30.355+0800][1.858s][9644][8044 ][info][gc,heap       ] GC(24) Humongous regions: 258->160
[2020-10-28T10:49:30.355+0800][1.858s][9644][8044 ][info][gc,metaspace  ] GC(24) Metaspace: 16395K->16395K(1064960K)
[2020-10-28T10:49:30.355+0800][1.858s][9644][8044 ][info][gc            ] GC(24) Pause Young (Prepare Mixed) (G1 Evacuation Pause) 820M->611M(1024M) 21.038ms
[2020-10-28T10:49:30.355+0800][1.859s][9644][8044 ][info][gc,cpu        ] GC(24) User=0.03s Sys=0.09s Real=0.02s
[2020-10-28T10:49:30.372+0800][1.875s][9644][13168][info][gc,heap,exit  ] Heap
[2020-10-28T10:49:30.373+0800][1.876s][9644][13168][info][gc,heap,exit  ]  garbage-first heap   total 1048576K, used 626663K [0x00000000c0000000, 0x0000000100000000)
[2020-10-28T10:49:30.373+0800][1.876s][9644][13168][info][gc,heap,exit  ]   region size 1024K, 26 young (26624K), 25 survivors (25600K)
[2020-10-28T10:49:30.373+0800][1.877s][9644][13168][info][gc,heap,exit  ]  Metaspace       used 16560K, capacity 16956K, committed 17024K, reserved 1064960K
[2020-10-28T10:49:30.373+0800][1.877s][9644][13168][info][gc,heap,exit  ]   class space    used 1747K, capacity 1890K, committed 1920K, reserved 1048576K
