[2020-10-28T10:47:00.211+0800][0.018s][14104][14604][info][gc,heap] Heap region size: 1M
[2020-10-28T10:47:00.219+0800][0.026s][14104][14604][info][gc     ] Using G1
[2020-10-28T10:47:00.220+0800][0.027s][14104][14604][info][gc,heap,coops] Heap address: 0x00000000f0000000, size: 256 MB, Compressed Oops mode: 32-bit
[2020-10-28T10:47:00.904+0800][0.711s][14104][6784 ][info][gc,start     ] GC(0) Pause Young (Normal) (G1 Evacuation Pause)
[2020-10-28T10:47:00.904+0800][0.711s][14104][6784 ][info][gc,task      ] GC(0) Using 6 workers of 8 for evacuation
[2020-10-28T10:47:00.912+0800][0.719s][14104][6784 ][info][gc,phases    ] GC(0)   Pre Evacuate Collection Set: 0.0ms
[2020-10-28T10:47:00.917+0800][0.724s][14104][6784 ][info][gc,phases    ] GC(0)   Evacuate Collection Set: 6.5ms
[2020-10-28T10:47:00.917+0800][0.724s][14104][6784 ][info][gc,phases    ] GC(0)   Post Evacuate Collection Set: 0.6ms
[2020-10-28T10:47:00.917+0800][0.724s][14104][6784 ][info][gc,phases    ] GC(0)   Other: 0.8ms
[2020-10-28T10:47:00.917+0800][0.724s][14104][6784 ][info][gc,heap      ] GC(0) Eden regions: 24->0(108)
[2020-10-28T10:47:00.917+0800][0.724s][14104][6784 ][info][gc,heap      ] GC(0) Survivor regions: 0->3(3)
[2020-10-28T10:47:00.917+0800][0.724s][14104][6784 ][info][gc,heap      ] GC(0) Old regions: 0->5
[2020-10-28T10:47:00.917+0800][0.724s][14104][6784 ][info][gc,heap      ] GC(0) Humongous regions: 2->2
[2020-10-28T10:47:00.917+0800][0.724s][14104][6784 ][info][gc,metaspace ] GC(0) Metaspace: 15204K->15204K(1062912K)
[2020-10-28T10:47:00.917+0800][0.724s][14104][6784 ][info][gc           ] GC(0) Pause Young (Normal) (G1 Evacuation Pause) 26M->9M(256M) 13.263ms
[2020-10-28T10:47:00.917+0800][0.724s][14104][6784 ][info][gc,cpu       ] GC(0) User=0.13s Sys=0.00s Real=0.01s
[2020-10-28T10:47:01.144+0800][0.951s][14104][6784 ][info][gc,start     ] GC(1) Pause Young (Normal) (G1 Evacuation Pause)
[2020-10-28T10:47:01.144+0800][0.951s][14104][6784 ][info][gc,task      ] GC(1) Using 6 workers of 8 for evacuation
[2020-10-28T10:47:01.156+0800][0.963s][14104][6784 ][info][gc,phases    ] GC(1)   Pre Evacuate Collection Set: 0.0ms
[2020-10-28T10:47:01.156+0800][0.963s][14104][6784 ][info][gc,phases    ] GC(1)   Evacuate Collection Set: 11.6ms
[2020-10-28T10:47:01.156+0800][0.963s][14104][6784 ][info][gc,phases    ] GC(1)   Post Evacuate Collection Set: 0.5ms
[2020-10-28T10:47:01.156+0800][0.963s][14104][6784 ][info][gc,phases    ] GC(1)   Other: 0.2ms
[2020-10-28T10:47:01.156+0800][0.963s][14104][6784 ][info][gc,heap      ] GC(1) Eden regions: 108->0(32)
[2020-10-28T10:47:01.156+0800][0.963s][14104][6784 ][info][gc,heap      ] GC(1) Survivor regions: 3->14(14)
[2020-10-28T10:47:01.156+0800][0.963s][14104][6784 ][info][gc,heap      ] GC(1) Old regions: 5->38
[2020-10-28T10:47:01.156+0800][0.963s][14104][6784 ][info][gc,heap      ] GC(1) Humongous regions: 45->17
[2020-10-28T10:47:01.156+0800][0.963s][14104][6784 ][info][gc,metaspace ] GC(1) Metaspace: 16379K->16379K(1064960K)
[2020-10-28T10:47:01.156+0800][0.963s][14104][6784 ][info][gc           ] GC(1) Pause Young (Normal) (G1 Evacuation Pause) 160M->68M(256M) 12.653ms
[2020-10-28T10:47:01.157+0800][0.964s][14104][6784 ][info][gc,cpu       ] GC(1) User=0.00s Sys=0.00s Real=0.01s
[2020-10-28T10:47:01.168+0800][0.975s][14104][6784 ][info][gc,start     ] GC(2) Pause Young (Normal) (G1 Evacuation Pause)
[2020-10-28T10:47:01.168+0800][0.975s][14104][6784 ][info][gc,task      ] GC(2) Using 6 workers of 8 for evacuation
[2020-10-28T10:47:01.176+0800][0.983s][14104][6784 ][info][gc,phases    ] GC(2)   Pre Evacuate Collection Set: 0.0ms
[2020-10-28T10:47:01.176+0800][0.983s][14104][6784 ][info][gc,phases    ] GC(2)   Evacuate Collection Set: 7.2ms
[2020-10-28T10:47:01.176+0800][0.983s][14104][6784 ][info][gc,phases    ] GC(2)   Post Evacuate Collection Set: 0.5ms
[2020-10-28T10:47:01.176+0800][0.983s][14104][6784 ][info][gc,phases    ] GC(2)   Other: 0.2ms
[2020-10-28T10:47:01.176+0800][0.983s][14104][6784 ][info][gc,heap      ] GC(2) Eden regions: 32->0(43)
[2020-10-28T10:47:01.176+0800][0.983s][14104][6784 ][info][gc,heap      ] GC(2) Survivor regions: 14->6(6)
[2020-10-28T10:47:01.205+0800][1.012s][14104][6784 ][info][gc,heap      ] GC(2) Old regions: 38->58
[2020-10-28T10:47:01.206+0800][1.012s][14104][6784 ][info][gc,heap      ] GC(2) Humongous regions: 46->33
[2020-10-28T10:47:01.206+0800][1.012s][14104][6784 ][info][gc,metaspace ] GC(2) Metaspace: 16380K->16380K(1064960K)
[2020-10-28T10:47:01.206+0800][1.013s][14104][6784 ][info][gc           ] GC(2) Pause Young (Normal) (G1 Evacuation Pause) 129M->96M(256M) 37.680ms
[2020-10-28T10:47:01.206+0800][1.013s][14104][6784 ][info][gc,cpu       ] GC(2) User=0.05s Sys=0.05s Real=0.04s
[2020-10-28T10:47:01.220+0800][1.027s][14104][6784 ][info][gc,start     ] GC(3) Pause Young (Concurrent Start) (G1 Humongous Allocation)
[2020-10-28T10:47:01.220+0800][1.027s][14104][6784 ][info][gc,task      ] GC(3) Using 6 workers of 8 for evacuation
[2020-10-28T10:47:01.224+0800][1.031s][14104][6784 ][info][gc,phases    ] GC(3)   Pre Evacuate Collection Set: 0.0ms
[2020-10-28T10:47:01.224+0800][1.031s][14104][6784 ][info][gc,phases    ] GC(3)   Evacuate Collection Set: 3.7ms
[2020-10-28T10:47:01.224+0800][1.031s][14104][6784 ][info][gc,phases    ] GC(3)   Post Evacuate Collection Set: 0.3ms
[2020-10-28T10:47:01.224+0800][1.031s][14104][6784 ][info][gc,phases    ] GC(3)   Other: 0.2ms
[2020-10-28T10:47:01.224+0800][1.031s][14104][6784 ][info][gc,heap      ] GC(3) Eden regions: 34->0(48)
[2020-10-28T10:47:01.224+0800][1.031s][14104][6784 ][info][gc,heap      ] GC(3) Survivor regions: 6->7(7)
[2020-10-28T10:47:01.224+0800][1.031s][14104][6784 ][info][gc,heap      ] GC(3) Old regions: 58->70
[2020-10-28T10:47:01.224+0800][1.031s][14104][6784 ][info][gc,heap      ] GC(3) Humongous regions: 57->41
[2020-10-28T10:47:01.224+0800][1.031s][14104][6784 ][info][gc,metaspace ] GC(3) Metaspace: 16380K->16380K(1064960K)
[2020-10-28T10:47:01.224+0800][1.031s][14104][6784 ][info][gc           ] GC(3) Pause Young (Concurrent Start) (G1 Humongous Allocation) 153M->117M(256M) 4.437ms
[2020-10-28T10:47:01.225+0800][1.032s][14104][6784 ][info][gc,cpu       ] GC(3) User=0.00s Sys=0.00s Real=0.00s
[2020-10-28T10:47:01.225+0800][1.032s][14104][12216][info][gc           ] GC(4) Concurrent Cycle
[2020-10-28T10:47:01.225+0800][1.032s][14104][12216][info][gc,marking   ] GC(4) Concurrent Clear Claimed Marks
[2020-10-28T10:47:01.225+0800][1.032s][14104][12216][info][gc,marking   ] GC(4) Concurrent Clear Claimed Marks 0.052ms
[2020-10-28T10:47:01.225+0800][1.032s][14104][12216][info][gc,marking   ] GC(4) Concurrent Scan Root Regions
[2020-10-28T10:47:01.225+0800][1.032s][14104][12216][info][gc,marking   ] GC(4) Concurrent Scan Root Regions 0.286ms
[2020-10-28T10:47:01.225+0800][1.032s][14104][12216][info][gc,marking   ] GC(4) Concurrent Mark (1.032s)
[2020-10-28T10:47:01.225+0800][1.032s][14104][12216][info][gc,marking   ] GC(4) Concurrent Mark From Roots
[2020-10-28T10:47:01.225+0800][1.032s][14104][12216][info][gc,task      ] GC(4) Using 2 workers of 2 for marking
[2020-10-28T10:47:01.233+0800][1.040s][14104][12216][info][gc,marking   ] GC(4) Concurrent Mark From Roots 7.712ms
[2020-10-28T10:47:01.234+0800][1.041s][14104][12216][info][gc,marking   ] GC(4) Concurrent Preclean
[2020-10-28T10:47:01.234+0800][1.041s][14104][12216][info][gc,marking   ] GC(4) Concurrent Preclean 0.488ms
[2020-10-28T10:47:01.234+0800][1.041s][14104][12216][info][gc,marking   ] GC(4) Concurrent Mark (1.032s, 1.041s) 8.729ms
[2020-10-28T10:47:01.235+0800][1.042s][14104][6784 ][info][gc,start     ] GC(4) Pause Remark
[2020-10-28T10:47:01.237+0800][1.044s][14104][6784 ][info][gc,stringtable] GC(4) Cleaned string and symbol table, strings: 6267 processed, 18 removed, symbols: 52182 processed, 8 removed
[2020-10-28T10:47:01.237+0800][1.044s][14104][6784 ][info][gc            ] GC(4) Pause Remark 151M->151M(256M) 2.357ms
[2020-10-28T10:47:01.237+0800][1.044s][14104][6784 ][info][gc,cpu        ] GC(4) User=0.00s Sys=0.00s Real=0.00s
[2020-10-28T10:47:01.238+0800][1.045s][14104][12216][info][gc,marking    ] GC(4) Concurrent Rebuild Remembered Sets
[2020-10-28T10:47:01.244+0800][1.051s][14104][12216][info][gc,marking    ] GC(4) Concurrent Rebuild Remembered Sets 6.522ms
[2020-10-28T10:47:01.245+0800][1.052s][14104][6784 ][info][gc,start      ] GC(4) Pause Cleanup
[2020-10-28T10:47:01.245+0800][1.052s][14104][6784 ][info][gc            ] GC(4) Pause Cleanup 176M->176M(256M) 0.188ms
[2020-10-28T10:47:01.245+0800][1.052s][14104][6784 ][info][gc,cpu        ] GC(4) User=0.00s Sys=0.00s Real=0.00s
[2020-10-28T10:47:01.246+0800][1.052s][14104][12216][info][gc,marking    ] GC(4) Concurrent Cleanup for Next Mark
[2020-10-28T10:47:01.246+0800][1.053s][14104][12216][info][gc,marking    ] GC(4) Concurrent Cleanup for Next Mark 0.574ms
[2020-10-28T10:47:01.246+0800][1.053s][14104][12216][info][gc            ] GC(4) Concurrent Cycle 21.479ms
[2020-10-28T10:47:01.249+0800][1.056s][14104][6784 ][info][gc,start      ] GC(5) Pause Young (Concurrent Start) (G1 Humongous Allocation)
[2020-10-28T10:47:01.249+0800][1.056s][14104][6784 ][info][gc,task       ] GC(5) Using 6 workers of 8 for evacuation
[2020-10-28T10:47:01.255+0800][1.062s][14104][6784 ][info][gc,phases     ] GC(5)   Pre Evacuate Collection Set: 0.1ms
[2020-10-28T10:47:01.255+0800][1.062s][14104][6784 ][info][gc,phases     ] GC(5)   Evacuate Collection Set: 6.1ms
[2020-10-28T10:47:01.255+0800][1.062s][14104][6784 ][info][gc,phases     ] GC(5)   Post Evacuate Collection Set: 0.3ms
[2020-10-28T10:47:01.255+0800][1.062s][14104][6784 ][info][gc,phases     ] GC(5)   Other: 0.2ms
[2020-10-28T10:47:01.255+0800][1.062s][14104][6784 ][info][gc,heap       ] GC(5) Eden regions: 43->0(38)
[2020-10-28T10:47:01.255+0800][1.062s][14104][6784 ][info][gc,heap       ] GC(5) Survivor regions: 7->7(7)
[2020-10-28T10:47:01.255+0800][1.062s][14104][6784 ][info][gc,heap       ] GC(5) Old regions: 70->89
[2020-10-28T10:47:01.255+0800][1.062s][14104][6784 ][info][gc,heap       ] GC(5) Humongous regions: 62->55
[2020-10-28T10:47:01.256+0800][1.062s][14104][6784 ][info][gc,metaspace  ] GC(5) Metaspace: 16382K->16382K(1064960K)
[2020-10-28T10:47:01.256+0800][1.062s][14104][6784 ][info][gc            ] GC(5) Pause Young (Concurrent Start) (G1 Humongous Allocation) 180M->150M(256M) 6.889ms
[2020-10-28T10:47:01.256+0800][1.063s][14104][6784 ][info][gc,cpu        ] GC(5) User=0.08s Sys=0.02s Real=0.01s
[2020-10-28T10:47:01.256+0800][1.063s][14104][12216][info][gc            ] GC(6) Concurrent Cycle
[2020-10-28T10:47:01.256+0800][1.063s][14104][12216][info][gc,marking    ] GC(6) Concurrent Clear Claimed Marks
[2020-10-28T10:47:01.257+0800][1.063s][14104][12216][info][gc,marking    ] GC(6) Concurrent Clear Claimed Marks 0.066ms
[2020-10-28T10:47:01.257+0800][1.064s][14104][12216][info][gc,marking    ] GC(6) Concurrent Scan Root Regions
[2020-10-28T10:47:01.257+0800][1.064s][14104][12216][info][gc,marking    ] GC(6) Concurrent Scan Root Regions 0.179ms
[2020-10-28T10:47:01.257+0800][1.064s][14104][12216][info][gc,marking    ] GC(6) Concurrent Mark (1.064s)
[2020-10-28T10:47:01.257+0800][1.064s][14104][12216][info][gc,marking    ] GC(6) Concurrent Mark From Roots
[2020-10-28T10:47:01.257+0800][1.064s][14104][12216][info][gc,task       ] GC(6) Using 2 workers of 2 for marking
[2020-10-28T10:47:01.271+0800][1.078s][14104][12216][info][gc,marking    ] GC(6) Concurrent Mark From Roots 14.206ms
[2020-10-28T10:47:01.271+0800][1.078s][14104][12216][info][gc,marking    ] GC(6) Concurrent Preclean
[2020-10-28T10:47:01.272+0800][1.079s][14104][12216][info][gc,marking    ] GC(6) Concurrent Preclean 0.561ms
[2020-10-28T10:47:01.272+0800][1.079s][14104][12216][info][gc,marking    ] GC(6) Concurrent Mark (1.064s, 1.079s) 14.922ms
[2020-10-28T10:47:01.272+0800][1.079s][14104][6784 ][info][gc,start      ] GC(6) Pause Remark
[2020-10-28T10:47:01.273+0800][1.080s][14104][6784 ][info][gc,stringtable] GC(6) Cleaned string and symbol table, strings: 6250 processed, 0 removed, symbols: 52175 processed, 0 removed
[2020-10-28T10:47:01.274+0800][1.081s][14104][6784 ][info][gc            ] GC(6) Pause Remark 196M->196M(256M) 1.770ms
[2020-10-28T10:47:01.274+0800][1.081s][14104][6784 ][info][gc,cpu        ] GC(6) User=0.00s Sys=0.00s Real=0.00s
[2020-10-28T10:47:01.274+0800][1.081s][14104][12216][info][gc,marking    ] GC(6) Concurrent Rebuild Remembered Sets
[2020-10-28T10:47:01.277+0800][1.084s][14104][6784 ][info][gc,start      ] GC(7) Pause Young (Normal) (G1 Evacuation Pause)
[2020-10-28T10:47:01.277+0800][1.084s][14104][6784 ][info][gc,task       ] GC(7) Using 6 workers of 8 for evacuation
[2020-10-28T10:47:01.281+0800][1.088s][14104][6784 ][info][gc,phases     ] GC(7)   Pre Evacuate Collection Set: 0.0ms
[2020-10-28T10:47:01.281+0800][1.088s][14104][6784 ][info][gc,phases     ] GC(7)   Evacuate Collection Set: 4.1ms
[2020-10-28T10:47:01.281+0800][1.088s][14104][6784 ][info][gc,phases     ] GC(7)   Post Evacuate Collection Set: 0.4ms
[2020-10-28T10:47:01.282+0800][1.088s][14104][6784 ][info][gc,phases     ] GC(7)   Other: 0.2ms
[2020-10-28T10:47:01.282+0800][1.088s][14104][6784 ][info][gc,heap       ] GC(7) Eden regions: 38->0(25)
[2020-10-28T10:47:01.282+0800][1.089s][14104][6784 ][info][gc,heap       ] GC(7) Survivor regions: 7->6(6)
[2020-10-28T10:47:01.282+0800][1.089s][14104][6784 ][info][gc,heap       ] GC(7) Old regions: 89->107
[2020-10-28T10:47:01.282+0800][1.089s][14104][6784 ][info][gc,heap       ] GC(7) Humongous regions: 76->66
[2020-10-28T10:47:01.282+0800][1.089s][14104][6784 ][info][gc,metaspace  ] GC(7) Metaspace: 16382K->16382K(1064960K)
[2020-10-28T10:47:01.282+0800][1.089s][14104][6784 ][info][gc            ] GC(7) Pause Young (Normal) (G1 Evacuation Pause) 209M->178M(256M) 5.215ms
[2020-10-28T10:47:01.283+0800][1.090s][14104][6784 ][info][gc,cpu        ] GC(7) User=0.02s Sys=0.00s Real=0.01s
[2020-10-28T10:47:01.287+0800][1.094s][14104][12216][info][gc,marking    ] GC(6) Concurrent Rebuild Remembered Sets 12.658ms
[2020-10-28T10:47:01.287+0800][1.094s][14104][6784 ][info][gc,start      ] GC(6) Pause Cleanup
[2020-10-28T10:47:01.288+0800][1.094s][14104][6784 ][info][gc            ] GC(6) Pause Cleanup 189M->189M(256M) 0.129ms
[2020-10-28T10:47:01.288+0800][1.095s][14104][6784 ][info][gc,cpu        ] GC(6) User=0.00s Sys=0.00s Real=0.00s
[2020-10-28T10:47:01.288+0800][1.095s][14104][12216][info][gc,marking    ] GC(6) Concurrent Cleanup for Next Mark
[2020-10-28T10:47:01.289+0800][1.096s][14104][12216][info][gc,marking    ] GC(6) Concurrent Cleanup for Next Mark 1.154ms
[2020-10-28T10:47:01.289+0800][1.096s][14104][12216][info][gc            ] GC(6) Concurrent Cycle 33.280ms
[2020-10-28T10:47:01.296+0800][1.103s][14104][6784 ][info][gc,start      ] GC(8) Pause Young (Prepare Mixed) (G1 Evacuation Pause)
[2020-10-28T10:47:01.296+0800][1.103s][14104][6784 ][info][gc,task       ] GC(8) Using 6 workers of 8 for evacuation
[2020-10-28T10:47:01.301+0800][1.108s][14104][6784 ][info][gc,phases     ] GC(8)   Pre Evacuate Collection Set: 0.1ms
[2020-10-28T10:47:01.301+0800][1.108s][14104][6784 ][info][gc,phases     ] GC(8)   Evacuate Collection Set: 4.8ms
[2020-10-28T10:47:01.301+0800][1.108s][14104][6784 ][info][gc,phases     ] GC(8)   Post Evacuate Collection Set: 0.3ms
[2020-10-28T10:47:01.301+0800][1.108s][14104][6784 ][info][gc,phases     ] GC(8)   Other: 0.2ms
[2020-10-28T10:47:01.301+0800][1.108s][14104][6784 ][info][gc,heap       ] GC(8) Eden regions: 25->0(8)
[2020-10-28T10:47:01.301+0800][1.108s][14104][6784 ][info][gc,heap       ] GC(8) Survivor regions: 6->4(4)
[2020-10-28T10:47:01.301+0800][1.108s][14104][6784 ][info][gc,heap       ] GC(8) Old regions: 107->118
[2020-10-28T10:47:01.301+0800][1.108s][14104][6784 ][info][gc,heap       ] GC(8) Humongous regions: 82->70
[2020-10-28T10:47:01.301+0800][1.108s][14104][6784 ][info][gc,metaspace  ] GC(8) Metaspace: 16382K->16382K(1064960K)
[2020-10-28T10:47:01.301+0800][1.108s][14104][6784 ][info][gc            ] GC(8) Pause Young (Prepare Mixed) (G1 Evacuation Pause) 219M->191M(256M) 5.604ms
[2020-10-28T10:47:01.302+0800][1.109s][14104][6784 ][info][gc,cpu        ] GC(8) User=0.09s Sys=0.00s Real=0.01s
[2020-10-28T10:47:01.306+0800][1.113s][14104][6784 ][info][gc,start      ] GC(9) Pause Young (Mixed) (G1 Evacuation Pause)
[2020-10-28T10:47:01.306+0800][1.113s][14104][6784 ][info][gc,task       ] GC(9) Using 6 workers of 8 for evacuation
[2020-10-28T10:47:01.309+0800][1.116s][14104][6784 ][info][gc,phases     ] GC(9)   Pre Evacuate Collection Set: 0.0ms
[2020-10-28T10:47:01.310+0800][1.116s][14104][6784 ][info][gc,phases     ] GC(9)   Evacuate Collection Set: 3.2ms
[2020-10-28T10:47:01.310+0800][1.117s][14104][6784 ][info][gc,phases     ] GC(9)   Post Evacuate Collection Set: 0.3ms
[2020-10-28T10:47:01.310+0800][1.117s][14104][6784 ][info][gc,phases     ] GC(9)   Other: 0.2ms
[2020-10-28T10:47:01.310+0800][1.117s][14104][6784 ][info][gc,heap       ] GC(9) Eden regions: 8->0(16)
[2020-10-28T10:47:01.310+0800][1.117s][14104][6784 ][info][gc,heap       ] GC(9) Survivor regions: 4->2(2)
[2020-10-28T10:47:01.310+0800][1.117s][14104][6784 ][info][gc,heap       ] GC(9) Old regions: 118->120
[2020-10-28T10:47:01.310+0800][1.117s][14104][6784 ][info][gc,heap       ] GC(9) Humongous regions: 76->74
[2020-10-28T10:47:01.310+0800][1.117s][14104][6784 ][info][gc,metaspace  ] GC(9) Metaspace: 16382K->16382K(1064960K)
[2020-10-28T10:47:01.310+0800][1.117s][14104][6784 ][info][gc            ] GC(9) Pause Young (Mixed) (G1 Evacuation Pause) 205M->195M(256M) 4.021ms
[2020-10-28T10:47:01.310+0800][1.117s][14104][6784 ][info][gc,cpu        ] GC(9) User=0.00s Sys=0.00s Real=0.00s
[2020-10-28T10:47:01.311+0800][1.118s][14104][6784 ][info][gc,start      ] GC(10) Pause Young (Concurrent Start) (G1 Humongous Allocation)
[2020-10-28T10:47:01.311+0800][1.118s][14104][6784 ][info][gc,task       ] GC(10) Using 6 workers of 8 for evacuation
[2020-10-28T10:47:01.312+0800][1.119s][14104][6784 ][info][gc,phases     ] GC(10)   Pre Evacuate Collection Set: 0.1ms
[2020-10-28T10:47:01.312+0800][1.119s][14104][6784 ][info][gc,phases     ] GC(10)   Evacuate Collection Set: 0.7ms
[2020-10-28T10:47:01.312+0800][1.119s][14104][6784 ][info][gc,phases     ] GC(10)   Post Evacuate Collection Set: 0.2ms
[2020-10-28T10:47:01.312+0800][1.119s][14104][6784 ][info][gc,phases     ] GC(10)   Other: 0.1ms
[2020-10-28T10:47:01.312+0800][1.119s][14104][6784 ][info][gc,heap       ] GC(10) Eden regions: 2->0(13)
[2020-10-28T10:47:01.312+0800][1.119s][14104][6784 ][info][gc,heap       ] GC(10) Survivor regions: 2->1(3)
[2020-10-28T10:47:01.312+0800][1.119s][14104][6784 ][info][gc,heap       ] GC(10) Old regions: 120->122
[2020-10-28T10:47:01.312+0800][1.119s][14104][6784 ][info][gc,heap       ] GC(10) Humongous regions: 74->74
[2020-10-28T10:47:01.312+0800][1.119s][14104][6784 ][info][gc,metaspace  ] GC(10) Metaspace: 16382K->16382K(1064960K)
[2020-10-28T10:47:01.312+0800][1.119s][14104][6784 ][info][gc            ] GC(10) Pause Young (Concurrent Start) (G1 Humongous Allocation) 197M->196M(256M) 1.391ms
[2020-10-28T10:47:01.313+0800][1.120s][14104][6784 ][info][gc,cpu        ] GC(10) User=0.00s Sys=0.00s Real=0.00s
[2020-10-28T10:47:01.313+0800][1.120s][14104][12216][info][gc            ] GC(11) Concurrent Cycle
[2020-10-28T10:47:01.314+0800][1.121s][14104][12216][info][gc,marking    ] GC(11) Concurrent Clear Claimed Marks
[2020-10-28T10:47:01.314+0800][1.121s][14104][12216][info][gc,marking    ] GC(11) Concurrent Clear Claimed Marks 0.204ms
[2020-10-28T10:47:01.314+0800][1.121s][14104][12216][info][gc,marking    ] GC(11) Concurrent Scan Root Regions
[2020-10-28T10:47:01.315+0800][1.121s][14104][12216][info][gc,marking    ] GC(11) Concurrent Scan Root Regions 0.357ms
[2020-10-28T10:47:01.315+0800][1.122s][14104][12216][info][gc,marking    ] GC(11) Concurrent Mark (1.122s)
[2020-10-28T10:47:01.315+0800][1.122s][14104][12216][info][gc,marking    ] GC(11) Concurrent Mark From Roots
[2020-10-28T10:47:01.315+0800][1.122s][14104][12216][info][gc,task       ] GC(11) Using 2 workers of 2 for marking
[2020-10-28T10:47:01.319+0800][1.126s][14104][6784 ][info][gc,start      ] GC(12) Pause Young (Normal) (G1 Evacuation Pause)
[2020-10-28T10:47:01.319+0800][1.126s][14104][6784 ][info][gc,task       ] GC(12) Using 6 workers of 8 for evacuation
[2020-10-28T10:47:01.321+0800][1.128s][14104][6784 ][info][gc,phases     ] GC(12)   Pre Evacuate Collection Set: 0.1ms
[2020-10-28T10:47:01.321+0800][1.128s][14104][6784 ][info][gc,phases     ] GC(12)   Evacuate Collection Set: 0.9ms
[2020-10-28T10:47:01.321+0800][1.128s][14104][6784 ][info][gc,phases     ] GC(12)   Post Evacuate Collection Set: 0.2ms
[2020-10-28T10:47:01.321+0800][1.128s][14104][6784 ][info][gc,phases     ] GC(12)   Other: 0.2ms
[2020-10-28T10:47:01.321+0800][1.128s][14104][6784 ][info][gc,heap       ] GC(12) Eden regions: 13->0(11)
[2020-10-28T10:47:01.321+0800][1.128s][14104][6784 ][info][gc,heap       ] GC(12) Survivor regions: 1->2(2)
[2020-10-28T10:47:01.321+0800][1.128s][14104][6784 ][info][gc,heap       ] GC(12) Old regions: 122->125
[2020-10-28T10:47:01.321+0800][1.128s][14104][6784 ][info][gc,heap       ] GC(12) Humongous regions: 86->76
[2020-10-28T10:47:01.321+0800][1.128s][14104][6784 ][info][gc,metaspace  ] GC(12) Metaspace: 16382K->16382K(1064960K)
[2020-10-28T10:47:01.321+0800][1.128s][14104][6784 ][info][gc            ] GC(12) Pause Young (Normal) (G1 Evacuation Pause) 221M->202M(256M) 1.836ms
[2020-10-28T10:47:01.321+0800][1.128s][14104][6784 ][info][gc,cpu        ] GC(12) User=0.00s Sys=0.00s Real=0.00s
[2020-10-28T10:47:01.327+0800][1.134s][14104][6784 ][info][gc,start      ] GC(13) Pause Young (Normal) (G1 Evacuation Pause)
[2020-10-28T10:47:01.327+0800][1.134s][14104][6784 ][info][gc,task       ] GC(13) Using 6 workers of 8 for evacuation
[2020-10-28T10:47:01.329+0800][1.136s][14104][6784 ][info][gc,phases     ] GC(13)   Pre Evacuate Collection Set: 0.1ms
[2020-10-28T10:47:01.329+0800][1.136s][14104][6784 ][info][gc,phases     ] GC(13)   Evacuate Collection Set: 1.2ms
[2020-10-28T10:47:01.329+0800][1.136s][14104][6784 ][info][gc,phases     ] GC(13)   Post Evacuate Collection Set: 0.2ms
[2020-10-28T10:47:01.329+0800][1.136s][14104][6784 ][info][gc,phases     ] GC(13)   Other: 0.2ms
[2020-10-28T10:47:01.329+0800][1.136s][14104][6784 ][info][gc,heap       ] GC(13) Eden regions: 11->0(10)
[2020-10-28T10:47:01.329+0800][1.136s][14104][6784 ][info][gc,heap       ] GC(13) Survivor regions: 2->2(2)
[2020-10-28T10:47:01.329+0800][1.136s][14104][6784 ][info][gc,heap       ] GC(13) Old regions: 125->130
[2020-10-28T10:47:01.329+0800][1.136s][14104][6784 ][info][gc,heap       ] GC(13) Humongous regions: 84->77
[2020-10-28T10:47:01.329+0800][1.136s][14104][6784 ][info][gc,metaspace  ] GC(13) Metaspace: 16382K->16382K(1064960K)
[2020-10-28T10:47:01.329+0800][1.136s][14104][6784 ][info][gc            ] GC(13) Pause Young (Normal) (G1 Evacuation Pause) 221M->208M(256M) 1.955ms
[2020-10-28T10:47:01.329+0800][1.136s][14104][6784 ][info][gc,cpu        ] GC(13) User=0.02s Sys=0.00s Real=0.00s
[2020-10-28T10:47:01.330+0800][1.137s][14104][12216][info][gc,marking    ] GC(11) Concurrent Mark From Roots 15.008ms
[2020-10-28T10:47:01.330+0800][1.137s][14104][12216][info][gc,marking    ] GC(11) Concurrent Preclean
[2020-10-28T10:47:01.330+0800][1.137s][14104][12216][info][gc,marking    ] GC(11) Concurrent Preclean 0.450ms
[2020-10-28T10:47:01.330+0800][1.137s][14104][12216][info][gc,marking    ] GC(11) Concurrent Mark (1.122s, 1.137s) 15.630ms
[2020-10-28T10:47:01.331+0800][1.137s][14104][6784 ][info][gc,start      ] GC(11) Pause Remark
[2020-10-28T10:47:01.333+0800][1.140s][14104][6784 ][info][gc,stringtable] GC(11) Cleaned string and symbol table, strings: 6250 processed, 0 removed, symbols: 52175 processed, 0 removed
[2020-10-28T10:47:01.333+0800][1.140s][14104][6784 ][info][gc            ] GC(11) Pause Remark 210M->210M(256M) 2.586ms
[2020-10-28T10:47:01.333+0800][1.140s][14104][6784 ][info][gc,cpu        ] GC(11) User=0.00s Sys=0.00s Real=0.00s
[2020-10-28T10:47:01.333+0800][1.140s][14104][12216][info][gc,marking    ] GC(11) Concurrent Rebuild Remembered Sets
[2020-10-28T10:47:01.337+0800][1.143s][14104][6784 ][info][gc,start      ] GC(14) Pause Young (Normal) (G1 Evacuation Pause)
[2020-10-28T10:47:01.337+0800][1.144s][14104][6784 ][info][gc,task       ] GC(14) Using 6 workers of 8 for evacuation
[2020-10-28T10:47:01.338+0800][1.145s][14104][6784 ][info][gc,phases     ] GC(14)   Pre Evacuate Collection Set: 0.1ms
[2020-10-28T10:47:01.338+0800][1.145s][14104][6784 ][info][gc,phases     ] GC(14)   Evacuate Collection Set: 1.1ms
[2020-10-28T10:47:01.338+0800][1.145s][14104][6784 ][info][gc,phases     ] GC(14)   Post Evacuate Collection Set: 0.2ms
[2020-10-28T10:47:01.338+0800][1.145s][14104][6784 ][info][gc,phases     ] GC(14)   Other: 0.3ms
[2020-10-28T10:47:01.338+0800][1.145s][14104][6784 ][info][gc,heap       ] GC(14) Eden regions: 10->0(10)
[2020-10-28T10:47:01.338+0800][1.145s][14104][6784 ][info][gc,heap       ] GC(14) Survivor regions: 2->2(2)
[2020-10-28T10:47:01.338+0800][1.145s][14104][6784 ][info][gc,heap       ] GC(14) Old regions: 130->133
[2020-10-28T10:47:01.338+0800][1.145s][14104][6784 ][info][gc,heap       ] GC(14) Humongous regions: 87->81
[2020-10-28T10:47:01.338+0800][1.145s][14104][6784 ][info][gc,metaspace  ] GC(14) Metaspace: 16382K->16382K(1064960K)
[2020-10-28T10:47:01.339+0800][1.146s][14104][6784 ][info][gc            ] GC(14) Pause Young (Normal) (G1 Evacuation Pause) 228M->215M(256M) 2.068ms
[2020-10-28T10:47:01.339+0800][1.146s][14104][6784 ][info][gc,cpu        ] GC(14) User=0.00s Sys=0.00s Real=0.00s
[2020-10-28T10:47:01.342+0800][1.149s][14104][12216][info][gc,marking    ] GC(11) Concurrent Rebuild Remembered Sets 8.174ms
[2020-10-28T10:47:01.342+0800][1.149s][14104][6784 ][info][gc,start      ] GC(11) Pause Cleanup
[2020-10-28T10:47:01.342+0800][1.149s][14104][6784 ][info][gc            ] GC(11) Pause Cleanup 223M->223M(256M) 0.142ms
[2020-10-28T10:47:01.342+0800][1.149s][14104][6784 ][info][gc,cpu        ] GC(11) User=0.00s Sys=0.00s Real=0.00s
[2020-10-28T10:47:01.342+0800][1.149s][14104][12216][info][gc,marking    ] GC(11) Concurrent Cleanup for Next Mark
[2020-10-28T10:47:01.343+0800][1.150s][14104][12216][info][gc,marking    ] GC(11) Concurrent Cleanup for Next Mark 0.709ms
[2020-10-28T10:47:01.343+0800][1.150s][14104][12216][info][gc            ] GC(11) Concurrent Cycle 30.278ms
[2020-10-28T10:47:01.345+0800][1.152s][14104][6784 ][info][gc,start      ] GC(15) Pause Young (Prepare Mixed) (G1 Evacuation Pause)
[2020-10-28T10:47:01.345+0800][1.152s][14104][6784 ][info][gc,task       ] GC(15) Using 6 workers of 8 for evacuation
[2020-10-28T10:47:01.347+0800][1.154s][14104][6784 ][info][gc,phases     ] GC(15)   Pre Evacuate Collection Set: 0.1ms
[2020-10-28T10:47:01.347+0800][1.154s][14104][6784 ][info][gc,phases     ] GC(15)   Evacuate Collection Set: 1.1ms
[2020-10-28T10:47:01.347+0800][1.154s][14104][6784 ][info][gc,phases     ] GC(15)   Post Evacuate Collection Set: 0.2ms
[2020-10-28T10:47:01.347+0800][1.154s][14104][6784 ][info][gc,phases     ] GC(15)   Other: 0.3ms
[2020-10-28T10:47:01.347+0800][1.154s][14104][6784 ][info][gc,heap       ] GC(15) Eden regions: 10->0(10)
[2020-10-28T10:47:01.347+0800][1.154s][14104][6784 ][info][gc,heap       ] GC(15) Survivor regions: 2->2(2)
[2020-10-28T10:47:01.347+0800][1.154s][14104][6784 ][info][gc,heap       ] GC(15) Old regions: 133->138
[2020-10-28T10:47:01.347+0800][1.154s][14104][6784 ][info][gc,heap       ] GC(15) Humongous regions: 90->85
[2020-10-28T10:47:01.347+0800][1.154s][14104][6784 ][info][gc,metaspace  ] GC(15) Metaspace: 16382K->16382K(1064960K)
[2020-10-28T10:47:01.347+0800][1.154s][14104][6784 ][info][gc            ] GC(15) Pause Young (Prepare Mixed) (G1 Evacuation Pause) 234M->224M(256M) 2.108ms
[2020-10-28T10:47:01.348+0800][1.155s][14104][6784 ][info][gc,cpu        ] GC(15) User=0.00s Sys=0.00s Real=0.00s
[2020-10-28T10:47:01.352+0800][1.159s][14104][6784 ][info][gc,start      ] GC(16) Pause Young (Mixed) (G1 Evacuation Pause)
[2020-10-28T10:47:01.352+0800][1.159s][14104][6784 ][info][gc,task       ] GC(16) Using 6 workers of 8 for evacuation
[2020-10-28T10:47:01.356+0800][1.163s][14104][6784 ][info][gc            ] GC(16) To-space exhausted
[2020-10-28T10:47:01.356+0800][1.163s][14104][6784 ][info][gc,phases     ] GC(16)   Pre Evacuate Collection Set: 0.1ms
[2020-10-28T10:47:01.357+0800][1.164s][14104][6784 ][info][gc,phases     ] GC(16)   Evacuate Collection Set: 3.2ms
[2020-10-28T10:47:01.357+0800][1.164s][14104][6784 ][info][gc,phases     ] GC(16)   Post Evacuate Collection Set: 0.5ms
[2020-10-28T10:47:01.357+0800][1.164s][14104][6784 ][info][gc,phases     ] GC(16)   Other: 0.8ms
[2020-10-28T10:47:01.357+0800][1.164s][14104][6784 ][info][gc,heap       ] GC(16) Eden regions: 10->0(10)
[2020-10-28T10:47:01.357+0800][1.164s][14104][6784 ][info][gc,heap       ] GC(16) Survivor regions: 2->2(2)
[2020-10-28T10:47:01.357+0800][1.164s][14104][6784 ][info][gc,heap       ] GC(16) Old regions: 138->144
[2020-10-28T10:47:01.357+0800][1.164s][14104][6784 ][info][gc,heap       ] GC(16) Humongous regions: 89->86
[2020-10-28T10:47:01.357+0800][1.164s][14104][6784 ][info][gc,metaspace  ] GC(16) Metaspace: 16382K->16382K(1064960K)
[2020-10-28T10:47:01.357+0800][1.164s][14104][6784 ][info][gc            ] GC(16) Pause Young (Mixed) (G1 Evacuation Pause) 237M->231M(256M) 4.984ms
[2020-10-28T10:47:01.357+0800][1.164s][14104][6784 ][info][gc,cpu        ] GC(16) User=0.00s Sys=0.00s Real=0.01s
[2020-10-28T10:47:01.361+0800][1.167s][14104][6784 ][info][gc,start      ] GC(17) Pause Young (Mixed) (G1 Evacuation Pause)
[2020-10-28T10:47:01.361+0800][1.168s][14104][6784 ][info][gc,task       ] GC(17) Using 6 workers of 8 for evacuation
[2020-10-28T10:47:01.361+0800][1.168s][14104][6784 ][info][gc            ] GC(17) To-space exhausted
[2020-10-28T10:47:01.362+0800][1.169s][14104][6784 ][info][gc,phases     ] GC(17)   Pre Evacuate Collection Set: 0.1ms
[2020-10-28T10:47:01.362+0800][1.169s][14104][6784 ][info][gc,phases     ] GC(17)   Evacuate Collection Set: 0.4ms
[2020-10-28T10:47:01.362+0800][1.169s][14104][6784 ][info][gc,phases     ] GC(17)   Post Evacuate Collection Set: 0.2ms
[2020-10-28T10:47:01.362+0800][1.169s][14104][6784 ][info][gc,phases     ] GC(17)   Other: 0.5ms
[2020-10-28T10:47:01.362+0800][1.169s][14104][6784 ][info][gc,heap       ] GC(17) Eden regions: 10->0(12)
[2020-10-28T10:47:01.362+0800][1.169s][14104][6784 ][info][gc,heap       ] GC(17) Survivor regions: 2->0(2)
[2020-10-28T10:47:01.362+0800][1.169s][14104][6784 ][info][gc,heap       ] GC(17) Old regions: 144->157
[2020-10-28T10:47:01.362+0800][1.169s][14104][6784 ][info][gc,heap       ] GC(17) Humongous regions: 99->90
[2020-10-28T10:47:01.362+0800][1.169s][14104][6784 ][info][gc,metaspace  ] GC(17) Metaspace: 16382K->16382K(1064960K)
[2020-10-28T10:47:01.362+0800][1.169s][14104][6784 ][info][gc            ] GC(17) Pause Young (Mixed) (G1 Evacuation Pause) 254M->246M(256M) 1.341ms
[2020-10-28T10:47:01.362+0800][1.169s][14104][6784 ][info][gc,cpu        ] GC(17) User=0.00s Sys=0.00s Real=0.00s
[2020-10-28T10:47:01.365+0800][1.172s][14104][6784 ][info][gc,start      ] GC(18) Pause Young (Concurrent Start) (G1 Humongous Allocation)
[2020-10-28T10:47:01.365+0800][1.172s][14104][6784 ][info][gc,task       ] GC(18) Using 6 workers of 8 for evacuation
[2020-10-28T10:47:01.366+0800][1.173s][14104][6784 ][info][gc,phases     ] GC(18)   Pre Evacuate Collection Set: 0.1ms
[2020-10-28T10:47:01.366+0800][1.173s][14104][6784 ][info][gc,phases     ] GC(18)   Evacuate Collection Set: 0.5ms
[2020-10-28T10:47:01.366+0800][1.173s][14104][6784 ][info][gc,phases     ] GC(18)   Post Evacuate Collection Set: 0.1ms
[2020-10-28T10:47:01.366+0800][1.173s][14104][6784 ][info][gc,phases     ] GC(18)   Other: 0.3ms
[2020-10-28T10:47:01.366+0800][1.173s][14104][6784 ][info][gc,heap       ] GC(18) Eden regions: 6->0(10)
[2020-10-28T10:47:01.366+0800][1.173s][14104][6784 ][info][gc,heap       ] GC(18) Survivor regions: 0->2(2)
[2020-10-28T10:47:01.366+0800][1.173s][14104][6784 ][info][gc,heap       ] GC(18) Old regions: 157->157
[2020-10-28T10:47:01.366+0800][1.173s][14104][6784 ][info][gc,heap       ] GC(18) Humongous regions: 90->90
[2020-10-28T10:47:01.366+0800][1.173s][14104][6784 ][info][gc,metaspace  ] GC(18) Metaspace: 16382K->16382K(1064960K)
[2020-10-28T10:47:01.367+0800][1.173s][14104][6784 ][info][gc            ] GC(18) Pause Young (Concurrent Start) (G1 Humongous Allocation) 252M->248M(256M) 1.261ms
[2020-10-28T10:47:01.367+0800][1.174s][14104][6784 ][info][gc,cpu        ] GC(18) User=0.00s Sys=0.00s Real=0.00s
[2020-10-28T10:47:01.367+0800][1.174s][14104][12216][info][gc            ] GC(19) Concurrent Cycle
[2020-10-28T10:47:01.367+0800][1.174s][14104][12216][info][gc,marking    ] GC(19) Concurrent Clear Claimed Marks
[2020-10-28T10:47:01.367+0800][1.174s][14104][12216][info][gc,marking    ] GC(19) Concurrent Clear Claimed Marks 0.072ms
[2020-10-28T10:47:01.367+0800][1.174s][14104][12216][info][gc,marking    ] GC(19) Concurrent Scan Root Regions
[2020-10-28T10:47:01.367+0800][1.174s][14104][12216][info][gc,marking    ] GC(19) Concurrent Scan Root Regions 0.098ms
[2020-10-28T10:47:01.367+0800][1.174s][14104][12216][info][gc,marking    ] GC(19) Concurrent Mark (1.174s)
[2020-10-28T10:47:01.367+0800][1.174s][14104][12216][info][gc,marking    ] GC(19) Concurrent Mark From Roots
[2020-10-28T10:47:01.367+0800][1.174s][14104][12216][info][gc,task       ] GC(19) Using 2 workers of 2 for marking
[2020-10-28T10:47:01.368+0800][1.175s][14104][6784 ][info][gc,start      ] GC(20) Pause Young (Normal) (G1 Evacuation Pause)
[2020-10-28T10:47:01.368+0800][1.175s][14104][6784 ][info][gc,task       ] GC(20) Using 6 workers of 8 for evacuation
[2020-10-28T10:47:01.368+0800][1.175s][14104][6784 ][info][gc            ] GC(20) To-space exhausted
[2020-10-28T10:47:01.369+0800][1.176s][14104][6784 ][info][gc,phases     ] GC(20)   Pre Evacuate Collection Set: 0.1ms
[2020-10-28T10:47:01.369+0800][1.176s][14104][6784 ][info][gc,phases     ] GC(20)   Evacuate Collection Set: 0.1ms
[2020-10-28T10:47:01.369+0800][1.176s][14104][6784 ][info][gc,phases     ] GC(20)   Post Evacuate Collection Set: 0.2ms
[2020-10-28T10:47:01.369+0800][1.176s][14104][6784 ][info][gc,phases     ] GC(20)   Other: 0.6ms
[2020-10-28T10:47:01.369+0800][1.176s][14104][6784 ][info][gc,heap       ] GC(20) Eden regions: 4->0(12)
[2020-10-28T10:47:01.369+0800][1.176s][14104][6784 ][info][gc,heap       ] GC(20) Survivor regions: 2->0(2)
[2020-10-28T10:47:01.369+0800][1.176s][14104][6784 ][info][gc,heap       ] GC(20) Old regions: 157->162
[2020-10-28T10:47:01.369+0800][1.176s][14104][6784 ][info][gc,heap       ] GC(20) Humongous regions: 93->92
[2020-10-28T10:47:01.369+0800][1.176s][14104][6784 ][info][gc,metaspace  ] GC(20) Metaspace: 16382K->16382K(1064960K)
[2020-10-28T10:47:01.369+0800][1.176s][14104][6784 ][info][gc            ] GC(20) Pause Young (Normal) (G1 Evacuation Pause) 255M->253M(256M) 1.188ms
[2020-10-28T10:47:01.369+0800][1.176s][14104][6784 ][info][gc,cpu        ] GC(20) User=0.00s Sys=0.00s Real=0.00s
[2020-10-28T10:47:01.370+0800][1.177s][14104][6784 ][info][gc,start      ] GC(21) Pause Young (Normal) (G1 Evacuation Pause)
[2020-10-28T10:47:01.370+0800][1.177s][14104][6784 ][info][gc,task       ] GC(21) Using 6 workers of 8 for evacuation
[2020-10-28T10:47:01.371+0800][1.178s][14104][6784 ][info][gc            ] GC(21) To-space exhausted
[2020-10-28T10:47:01.372+0800][1.179s][14104][6784 ][info][gc,phases     ] GC(21)   Pre Evacuate Collection Set: 0.2ms
[2020-10-28T10:47:01.372+0800][1.179s][14104][6784 ][info][gc,phases     ] GC(21)   Evacuate Collection Set: 0.3ms
[2020-10-28T10:47:01.372+0800][1.179s][14104][6784 ][info][gc,phases     ] GC(21)   Post Evacuate Collection Set: 0.4ms
[2020-10-28T10:47:01.372+0800][1.179s][14104][6784 ][info][gc,phases     ] GC(21)   Other: 0.6ms
[2020-10-28T10:47:01.372+0800][1.179s][14104][6784 ][info][gc,heap       ] GC(21) Eden regions: 2->0(12)
[2020-10-28T10:47:01.372+0800][1.179s][14104][6784 ][info][gc,heap       ] GC(21) Survivor regions: 0->0(2)
[2020-10-28T10:47:01.372+0800][1.179s][14104][6784 ][info][gc,heap       ] GC(21) Old regions: 162->163
[2020-10-28T10:47:01.372+0800][1.179s][14104][6784 ][info][gc,heap       ] GC(21) Humongous regions: 92->92
[2020-10-28T10:47:01.372+0800][1.179s][14104][6784 ][info][gc,metaspace  ] GC(21) Metaspace: 16382K->16382K(1064960K)
[2020-10-28T10:47:01.372+0800][1.179s][14104][6784 ][info][gc            ] GC(21) Pause Young (Normal) (G1 Evacuation Pause) 254M->254M(256M) 1.644ms
[2020-10-28T10:47:01.372+0800][1.179s][14104][6784 ][info][gc,cpu        ] GC(21) User=0.00s Sys=0.00s Real=0.00s
[2020-10-28T10:47:01.372+0800][1.179s][14104][6784 ][info][gc,start      ] GC(22) Pause Young (Normal) (G1 Evacuation Pause)
[2020-10-28T10:47:01.372+0800][1.179s][14104][6784 ][info][gc,task       ] GC(22) Using 6 workers of 8 for evacuation
[2020-10-28T10:47:01.373+0800][1.180s][14104][6784 ][info][gc            ] GC(22) To-space exhausted
[2020-10-28T10:47:01.373+0800][1.180s][14104][6784 ][info][gc,phases     ] GC(22)   Pre Evacuate Collection Set: 0.0ms
[2020-10-28T10:47:01.373+0800][1.180s][14104][6784 ][info][gc,phases     ] GC(22)   Evacuate Collection Set: 0.1ms
[2020-10-28T10:47:01.373+0800][1.180s][14104][6784 ][info][gc,phases     ] GC(22)   Post Evacuate Collection Set: 0.1ms
[2020-10-28T10:47:01.373+0800][1.180s][14104][6784 ][info][gc,phases     ] GC(22)   Other: 0.3ms
[2020-10-28T10:47:01.373+0800][1.180s][14104][6784 ][info][gc,heap       ] GC(22) Eden regions: 1->0(12)
[2020-10-28T10:47:01.373+0800][1.180s][14104][6784 ][info][gc,heap       ] GC(22) Survivor regions: 0->0(2)
[2020-10-28T10:47:01.373+0800][1.180s][14104][6784 ][info][gc,heap       ] GC(22) Old regions: 163->164
[2020-10-28T10:47:01.373+0800][1.180s][14104][6784 ][info][gc,heap       ] GC(22) Humongous regions: 92->92
[2020-10-28T10:47:01.373+0800][1.180s][14104][6784 ][info][gc,metaspace  ] GC(22) Metaspace: 16382K->16382K(1064960K)
[2020-10-28T10:47:01.373+0800][1.180s][14104][6784 ][info][gc            ] GC(22) Pause Young (Normal) (G1 Evacuation Pause) 255M->255M(256M) 0.771ms
[2020-10-28T10:47:01.373+0800][1.180s][14104][6784 ][info][gc,cpu        ] GC(22) User=0.00s Sys=0.00s Real=0.00s
[2020-10-28T10:47:01.373+0800][1.180s][14104][6784 ][info][gc,task       ] GC(23) Using 6 workers of 8 for full compaction
[2020-10-28T10:47:01.374+0800][1.181s][14104][6784 ][info][gc,start      ] GC(23) Pause Full (G1 Evacuation Pause)
[2020-10-28T10:47:01.374+0800][1.181s][14104][6784 ][info][gc,phases,start] GC(23) Phase 1: Mark live objects
[2020-10-28T10:47:01.377+0800][1.184s][14104][6784 ][info][gc,stringtable ] GC(23) Cleaned string and symbol table, strings: 6250 processed, 64 removed, symbols: 52175 processed, 0 removed
[2020-10-28T10:47:01.377+0800][1.184s][14104][6784 ][info][gc,phases      ] GC(23) Phase 1: Mark live objects 2.949ms
[2020-10-28T10:47:01.377+0800][1.184s][14104][6784 ][info][gc,phases,start] GC(23) Phase 2: Prepare for compaction
[2020-10-28T10:47:01.378+0800][1.185s][14104][6784 ][info][gc,phases      ] GC(23) Phase 2: Prepare for compaction 0.827ms
[2020-10-28T10:47:01.378+0800][1.185s][14104][6784 ][info][gc,phases,start] GC(23) Phase 3: Adjust pointers
[2020-10-28T10:47:01.380+0800][1.187s][14104][6784 ][info][gc,phases      ] GC(23) Phase 3: Adjust pointers 1.878ms
[2020-10-28T10:47:01.380+0800][1.187s][14104][6784 ][info][gc,phases,start] GC(23) Phase 4: Compact heap
[2020-10-28T10:47:01.410+0800][1.217s][14104][6784 ][info][gc,phases      ] GC(23) Phase 4: Compact heap 29.646ms
[2020-10-28T10:47:01.411+0800][1.218s][14104][6784 ][info][gc,heap        ] GC(23) Eden regions: 0->0(12)
[2020-10-28T10:47:01.411+0800][1.218s][14104][6784 ][info][gc,heap        ] GC(23) Survivor regions: 0->0(2)
[2020-10-28T10:47:01.411+0800][1.218s][14104][6784 ][info][gc,heap        ] GC(23) Old regions: 164->123
[2020-10-28T10:47:01.411+0800][1.218s][14104][6784 ][info][gc,heap        ] GC(23) Humongous regions: 92->91
[2020-10-28T10:47:01.412+0800][1.218s][14104][6784 ][info][gc,metaspace   ] GC(23) Metaspace: 16382K->16382K(1064960K)
[2020-10-28T10:47:01.412+0800][1.219s][14104][6784 ][info][gc             ] GC(23) Pause Full (G1 Evacuation Pause) 255M->195M(256M) 37.985ms
[2020-10-28T10:47:01.412+0800][1.219s][14104][6784 ][info][gc,cpu         ] GC(23) User=0.25s Sys=0.00s Real=0.04s
[2020-10-28T10:47:01.412+0800][1.219s][14104][12216][info][gc,marking     ] GC(19) Concurrent Mark From Roots 44.969ms
[2020-10-28T10:47:01.412+0800][1.219s][14104][12216][info][gc,marking     ] GC(19) Concurrent Mark Abort
[2020-10-28T10:47:01.412+0800][1.219s][14104][12216][info][gc             ] GC(19) Concurrent Cycle 45.581ms
[2020-10-28T10:47:01.413+0800][1.220s][14104][6784 ][info][gc,start       ] GC(24) Pause Young (Concurrent Start) (G1 Humongous Allocation)
[2020-10-28T10:47:01.413+0800][1.220s][14104][6784 ][info][gc,task        ] GC(24) Using 6 workers of 8 for evacuation
[2020-10-28T10:47:01.415+0800][1.222s][14104][6784 ][info][gc,phases      ] GC(24)   Pre Evacuate Collection Set: 0.1ms
[2020-10-28T10:47:01.415+0800][1.222s][14104][6784 ][info][gc,phases      ] GC(24)   Evacuate Collection Set: 1.2ms
[2020-10-28T10:47:01.415+0800][1.222s][14104][6784 ][info][gc,phases      ] GC(24)   Post Evacuate Collection Set: 0.4ms
[2020-10-28T10:47:01.415+0800][1.222s][14104][6784 ][info][gc,phases      ] GC(24)   Other: 0.5ms
[2020-10-28T10:47:01.415+0800][1.222s][14104][6784 ][info][gc,heap        ] GC(24) Eden regions: 2->0(11)
[2020-10-28T10:47:01.415+0800][1.222s][14104][6784 ][info][gc,heap        ] GC(24) Survivor regions: 0->1(2)
[2020-10-28T10:47:01.415+0800][1.222s][14104][6784 ][info][gc,heap        ] GC(24) Old regions: 123->123
[2020-10-28T10:47:01.415+0800][1.222s][14104][6784 ][info][gc,heap        ] GC(24) Humongous regions: 91->91
[2020-10-28T10:47:01.415+0800][1.222s][14104][6784 ][info][gc,metaspace   ] GC(24) Metaspace: 16382K->16382K(1064960K)
[2020-10-28T10:47:01.415+0800][1.222s][14104][6784 ][info][gc             ] GC(24) Pause Young (Concurrent Start) (G1 Humongous Allocation) 196M->196M(256M) 2.493ms
[2020-10-28T10:47:01.416+0800][1.223s][14104][6784 ][info][gc,cpu         ] GC(24) User=0.00s Sys=0.00s Real=0.00s
[2020-10-28T10:47:01.416+0800][1.223s][14104][12216][info][gc             ] GC(25) Concurrent Cycle
[2020-10-28T10:47:01.416+0800][1.223s][14104][12216][info][gc,marking     ] GC(25) Concurrent Clear Claimed Marks
[2020-10-28T10:47:01.416+0800][1.223s][14104][12216][info][gc,marking     ] GC(25) Concurrent Clear Claimed Marks 0.167ms
[2020-10-28T10:47:01.416+0800][1.223s][14104][12216][info][gc,marking     ] GC(25) Concurrent Scan Root Regions
[2020-10-28T10:47:01.416+0800][1.223s][14104][12216][info][gc,marking     ] GC(25) Concurrent Scan Root Regions 0.078ms
[2020-10-28T10:47:01.416+0800][1.223s][14104][12216][info][gc,marking     ] GC(25) Concurrent Mark (1.223s)
[2020-10-28T10:47:01.416+0800][1.223s][14104][12216][info][gc,marking     ] GC(25) Concurrent Mark From Roots
[2020-10-28T10:47:01.417+0800][1.223s][14104][12216][info][gc,task        ] GC(25) Using 2 workers of 2 for marking
[2020-10-28T10:47:01.421+0800][1.228s][14104][6784 ][info][gc,start       ] GC(26) Pause Young (Normal) (G1 Evacuation Pause)
[2020-10-28T10:47:01.421+0800][1.228s][14104][6784 ][info][gc,task        ] GC(26) Using 6 workers of 8 for evacuation
[2020-10-28T10:47:01.422+0800][1.229s][14104][6784 ][info][gc,phases      ] GC(26)   Pre Evacuate Collection Set: 0.0ms
[2020-10-28T10:47:01.422+0800][1.229s][14104][6784 ][info][gc,phases      ] GC(26)   Evacuate Collection Set: 0.7ms
[2020-10-28T10:47:01.422+0800][1.229s][14104][6784 ][info][gc,phases      ] GC(26)   Post Evacuate Collection Set: 0.2ms
[2020-10-28T10:47:01.422+0800][1.229s][14104][6784 ][info][gc,phases      ] GC(26)   Other: 0.2ms
[2020-10-28T10:47:01.422+0800][1.229s][14104][6784 ][info][gc,heap        ] GC(26) Eden regions: 11->0(10)
[2020-10-28T10:47:01.422+0800][1.229s][14104][6784 ][info][gc,heap        ] GC(26) Survivor regions: 1->2(2)
[2020-10-28T10:47:01.422+0800][1.229s][14104][6784 ][info][gc,heap        ] GC(26) Old regions: 123->125
[2020-10-28T10:47:01.422+0800][1.229s][14104][6784 ][info][gc,heap        ] GC(26) Humongous regions: 100->96
[2020-10-28T10:47:01.422+0800][1.229s][14104][6784 ][info][gc,metaspace   ] GC(26) Metaspace: 16382K->16382K(1064960K)
[2020-10-28T10:47:01.423+0800][1.229s][14104][6784 ][info][gc             ] GC(26) Pause Young (Normal) (G1 Evacuation Pause) 216M->204M(256M) 1.349ms
[2020-10-28T10:47:01.423+0800][1.230s][14104][6784 ][info][gc,cpu         ] GC(26) User=0.09s Sys=0.00s Real=0.00s
[2020-10-28T10:47:01.425+0800][1.232s][14104][12216][info][gc,marking     ] GC(25) Concurrent Mark From Roots 8.475ms
[2020-10-28T10:47:01.425+0800][1.232s][14104][12216][info][gc,marking     ] GC(25) Concurrent Preclean
[2020-10-28T10:47:01.425+0800][1.232s][14104][12216][info][gc,marking     ] GC(25) Concurrent Preclean 0.147ms
[2020-10-28T10:47:01.425+0800][1.232s][14104][12216][info][gc,marking     ] GC(25) Concurrent Mark (1.223s, 1.232s) 8.822ms
[2020-10-28T10:47:01.425+0800][1.232s][14104][6784 ][info][gc,start       ] GC(25) Pause Remark
[2020-10-28T10:47:01.427+0800][1.234s][14104][6784 ][info][gc,stringtable ] GC(25) Cleaned string and symbol table, strings: 6186 processed, 0 removed, symbols: 52175 processed, 0 removed
[2020-10-28T10:47:01.427+0800][1.234s][14104][6784 ][info][gc             ] GC(25) Pause Remark 216M->216M(256M) 1.556ms
[2020-10-28T10:47:01.427+0800][1.234s][14104][6784 ][info][gc,cpu         ] GC(25) User=0.00s Sys=0.00s Real=0.00s
[2020-10-28T10:47:01.427+0800][1.234s][14104][12216][info][gc,marking     ] GC(25) Concurrent Rebuild Remembered Sets
[2020-10-28T10:47:01.428+0800][1.235s][14104][6784 ][info][gc,start       ] GC(27) Pause Young (Normal) (G1 Evacuation Pause)
[2020-10-28T10:47:01.428+0800][1.235s][14104][6784 ][info][gc,task        ] GC(27) Using 6 workers of 8 for evacuation
[2020-10-28T10:47:01.429+0800][1.236s][14104][6784 ][info][gc,phases      ] GC(27)   Pre Evacuate Collection Set: 0.0ms
[2020-10-28T10:47:01.429+0800][1.236s][14104][6784 ][info][gc,phases      ] GC(27)   Evacuate Collection Set: 1.3ms
[2020-10-28T10:47:01.429+0800][1.236s][14104][6784 ][info][gc,phases      ] GC(27)   Post Evacuate Collection Set: 0.2ms
[2020-10-28T10:47:01.429+0800][1.236s][14104][6784 ][info][gc,phases      ] GC(27)   Other: 0.2ms
[2020-10-28T10:47:01.430+0800][1.236s][14104][6784 ][info][gc,heap        ] GC(27) Eden regions: 10->0(10)
[2020-10-28T10:47:01.430+0800][1.236s][14104][6784 ][info][gc,heap        ] GC(27) Survivor regions: 2->2(2)
[2020-10-28T10:47:01.430+0800][1.237s][14104][6784 ][info][gc,heap        ] GC(27) Old regions: 125->131
[2020-10-28T10:47:01.430+0800][1.237s][14104][6784 ][info][gc,heap        ] GC(27) Humongous regions: 100->97
[2020-10-28T10:47:01.430+0800][1.237s][14104][6784 ][info][gc,metaspace   ] GC(27) Metaspace: 16382K->16382K(1064960K)
[2020-10-28T10:47:01.430+0800][1.237s][14104][6784 ][info][gc             ] GC(27) Pause Young (Normal) (G1 Evacuation Pause) 217M->210M(256M) 1.970ms
[2020-10-28T10:47:01.430+0800][1.237s][14104][6784 ][info][gc,cpu         ] GC(27) User=0.00s Sys=0.00s Real=0.00s
[2020-10-28T10:47:01.434+0800][1.241s][14104][12216][info][gc,marking     ] GC(25) Concurrent Rebuild Remembered Sets 6.684ms
[2020-10-28T10:47:01.434+0800][1.241s][14104][6784 ][info][gc,start       ] GC(25) Pause Cleanup
[2020-10-28T10:47:01.434+0800][1.241s][14104][6784 ][info][gc             ] GC(25) Pause Cleanup 221M->221M(256M) 0.205ms
[2020-10-28T10:47:01.435+0800][1.242s][14104][6784 ][info][gc,cpu         ] GC(25) User=0.00s Sys=0.00s Real=0.00s
[2020-10-28T10:47:01.435+0800][1.242s][14104][12216][info][gc,marking     ] GC(25) Concurrent Cleanup for Next Mark
[2020-10-28T10:47:01.436+0800][1.243s][14104][12216][info][gc,marking     ] GC(25) Concurrent Cleanup for Next Mark 0.960ms
[2020-10-28T10:47:01.436+0800][1.243s][14104][12216][info][gc             ] GC(25) Concurrent Cycle 20.466ms
[2020-10-28T10:47:01.438+0800][1.245s][14104][6784 ][info][gc,start       ] GC(28) Pause Young (Prepare Mixed) (G1 Evacuation Pause)
[2020-10-28T10:47:01.438+0800][1.245s][14104][6784 ][info][gc,task        ] GC(28) Using 6 workers of 8 for evacuation
[2020-10-28T10:47:01.439+0800][1.246s][14104][6784 ][info][gc,phases      ] GC(28)   Pre Evacuate Collection Set: 0.1ms
[2020-10-28T10:47:01.439+0800][1.246s][14104][6784 ][info][gc,phases      ] GC(28)   Evacuate Collection Set: 1.1ms
[2020-10-28T10:47:01.439+0800][1.246s][14104][6784 ][info][gc,phases      ] GC(28)   Post Evacuate Collection Set: 0.1ms
[2020-10-28T10:47:01.439+0800][1.246s][14104][6784 ][info][gc,phases      ] GC(28)   Other: 0.2ms
[2020-10-28T10:47:01.439+0800][1.246s][14104][6784 ][info][gc,heap        ] GC(28) Eden regions: 10->0(10)
[2020-10-28T10:47:01.439+0800][1.246s][14104][6784 ][info][gc,heap        ] GC(28) Survivor regions: 2->2(2)
[2020-10-28T10:47:01.439+0800][1.246s][14104][6784 ][info][gc,heap        ] GC(28) Old regions: 131->136
[2020-10-28T10:47:01.439+0800][1.246s][14104][6784 ][info][gc,heap        ] GC(28) Humongous regions: 106->98
[2020-10-28T10:47:01.439+0800][1.246s][14104][6784 ][info][gc,metaspace   ] GC(28) Metaspace: 16382K->16382K(1064960K)
[2020-10-28T10:47:01.439+0800][1.246s][14104][6784 ][info][gc             ] GC(28) Pause Young (Prepare Mixed) (G1 Evacuation Pause) 229M->216M(256M) 1.727ms
[2020-10-28T10:47:01.440+0800][1.247s][14104][6784 ][info][gc,cpu         ] GC(28) User=0.00s Sys=0.00s Real=0.00s
[2020-10-28T10:47:01.442+0800][1.249s][14104][6784 ][info][gc,start       ] GC(29) Pause Young (Mixed) (G1 Evacuation Pause)
[2020-10-28T10:47:01.442+0800][1.249s][14104][6784 ][info][gc,task        ] GC(29) Using 6 workers of 8 for evacuation
[2020-10-28T10:47:01.443+0800][1.250s][14104][6784 ][info][gc,phases      ] GC(29)   Pre Evacuate Collection Set: 0.1ms
[2020-10-28T10:47:01.443+0800][1.250s][14104][6784 ][info][gc,phases      ] GC(29)   Evacuate Collection Set: 1.2ms
[2020-10-28T10:47:01.443+0800][1.250s][14104][6784 ][info][gc,phases      ] GC(29)   Post Evacuate Collection Set: 0.1ms
[2020-10-28T10:47:01.443+0800][1.250s][14104][6784 ][info][gc,phases      ] GC(29)   Other: 0.2ms
[2020-10-28T10:47:01.443+0800][1.250s][14104][6784 ][info][gc,heap        ] GC(29) Eden regions: 10->0(10)
[2020-10-28T10:47:01.443+0800][1.250s][14104][6784 ][info][gc,heap        ] GC(29) Survivor regions: 2->2(2)
[2020-10-28T10:47:01.443+0800][1.250s][14104][6784 ][info][gc,heap        ] GC(29) Old regions: 136->137
[2020-10-28T10:47:01.443+0800][1.250s][14104][6784 ][info][gc,heap        ] GC(29) Humongous regions: 100->96
[2020-10-28T10:47:01.443+0800][1.250s][14104][6784 ][info][gc,metaspace   ] GC(29) Metaspace: 16382K->16382K(1064960K)
[2020-10-28T10:47:01.443+0800][1.250s][14104][6784 ][info][gc             ] GC(29) Pause Young (Mixed) (G1 Evacuation Pause) 228M->218M(256M) 1.795ms
[2020-10-28T10:47:01.444+0800][1.251s][14104][6784 ][info][gc,cpu         ] GC(29) User=0.00s Sys=0.00s Real=0.00s
[2020-10-28T10:47:01.444+0800][1.251s][14104][6784 ][info][gc,start       ] GC(30) Pause Young (Concurrent Start) (G1 Humongous Allocation)
[2020-10-28T10:47:01.444+0800][1.251s][14104][6784 ][info][gc,task        ] GC(30) Using 6 workers of 8 for evacuation
[2020-10-28T10:47:01.445+0800][1.252s][14104][6784 ][info][gc,phases      ] GC(30)   Pre Evacuate Collection Set: 0.1ms
[2020-10-28T10:47:01.445+0800][1.252s][14104][6784 ][info][gc,phases      ] GC(30)   Evacuate Collection Set: 0.5ms
[2020-10-28T10:47:01.445+0800][1.252s][14104][6784 ][info][gc,phases      ] GC(30)   Post Evacuate Collection Set: 0.1ms
[2020-10-28T10:47:01.445+0800][1.252s][14104][6784 ][info][gc,phases      ] GC(30)   Other: 0.1ms
[2020-10-28T10:47:01.445+0800][1.252s][14104][6784 ][info][gc,heap        ] GC(30) Eden regions: 2->0(11)
[2020-10-28T10:47:01.445+0800][1.252s][14104][6784 ][info][gc,heap        ] GC(30) Survivor regions: 2->1(2)
[2020-10-28T10:47:01.445+0800][1.252s][14104][6784 ][info][gc,heap        ] GC(30) Old regions: 137->139
[2020-10-28T10:47:01.445+0800][1.252s][14104][6784 ][info][gc,heap        ] GC(30) Humongous regions: 96->96
[2020-10-28T10:47:01.445+0800][1.252s][14104][6784 ][info][gc,metaspace   ] GC(30) Metaspace: 16382K->16382K(1064960K)
[2020-10-28T10:47:01.445+0800][1.252s][14104][6784 ][info][gc             ] GC(30) Pause Young (Concurrent Start) (G1 Humongous Allocation) 220M->219M(256M) 1.080ms
[2020-10-28T10:47:01.446+0800][1.253s][14104][6784 ][info][gc,cpu         ] GC(30) User=0.00s Sys=0.00s Real=0.00s
[2020-10-28T10:47:01.446+0800][1.253s][14104][12216][info][gc             ] GC(31) Concurrent Cycle
[2020-10-28T10:47:01.446+0800][1.253s][14104][12216][info][gc,marking     ] GC(31) Concurrent Clear Claimed Marks
[2020-10-28T10:47:01.446+0800][1.253s][14104][12216][info][gc,marking     ] GC(31) Concurrent Clear Claimed Marks 0.152ms
[2020-10-28T10:47:01.446+0800][1.253s][14104][12216][info][gc,marking     ] GC(31) Concurrent Scan Root Regions
[2020-10-28T10:47:01.447+0800][1.253s][14104][12216][info][gc,marking     ] GC(31) Concurrent Scan Root Regions 0.308ms
[2020-10-28T10:47:01.447+0800][1.254s][14104][12216][info][gc,marking     ] GC(31) Concurrent Mark (1.254s)
[2020-10-28T10:47:01.447+0800][1.254s][14104][12216][info][gc,marking     ] GC(31) Concurrent Mark From Roots
[2020-10-28T10:47:01.447+0800][1.254s][14104][12216][info][gc,task        ] GC(31) Using 2 workers of 2 for marking
[2020-10-28T10:47:01.453+0800][1.260s][14104][6784 ][info][gc,start       ] GC(32) Pause Young (Normal) (G1 Evacuation Pause)
[2020-10-28T10:47:01.453+0800][1.260s][14104][6784 ][info][gc,task        ] GC(32) Using 6 workers of 8 for evacuation
[2020-10-28T10:47:01.454+0800][1.261s][14104][6784 ][info][gc             ] GC(32) To-space exhausted
[2020-10-28T10:47:01.455+0800][1.262s][14104][6784 ][info][gc,phases      ] GC(32)   Pre Evacuate Collection Set: 0.3ms
[2020-10-28T10:47:01.455+0800][1.262s][14104][6784 ][info][gc,phases      ] GC(32)   Evacuate Collection Set: 0.5ms
[2020-10-28T10:47:01.455+0800][1.262s][14104][6784 ][info][gc,phases      ] GC(32)   Post Evacuate Collection Set: 0.6ms
[2020-10-28T10:47:01.455+0800][1.262s][14104][6784 ][info][gc,phases      ] GC(32)   Other: 1.0ms
[2020-10-28T10:47:01.455+0800][1.262s][14104][6784 ][info][gc,heap        ] GC(32) Eden regions: 11->0(12)
[2020-10-28T10:47:01.455+0800][1.262s][14104][6784 ][info][gc,heap        ] GC(32) Survivor regions: 1->0(2)
[2020-10-28T10:47:01.455+0800][1.262s][14104][6784 ][info][gc,heap        ] GC(32) Old regions: 139->150
[2020-10-28T10:47:01.455+0800][1.262s][14104][6784 ][info][gc,heap        ] GC(32) Humongous regions: 105->97
[2020-10-28T10:47:01.455+0800][1.262s][14104][6784 ][info][gc,metaspace   ] GC(32) Metaspace: 16382K->16382K(1064960K)
[2020-10-28T10:47:01.455+0800][1.262s][14104][6784 ][info][gc             ] GC(32) Pause Young (Normal) (G1 Evacuation Pause) 238M->230M(256M) 2.496ms
[2020-10-28T10:47:01.455+0800][1.262s][14104][6784 ][info][gc,cpu         ] GC(32) User=0.09s Sys=0.00s Real=0.00s
[2020-10-28T10:47:01.457+0800][1.264s][14104][12216][info][gc,marking     ] GC(31) Concurrent Mark From Roots 10.209ms
[2020-10-28T10:47:01.457+0800][1.264s][14104][12216][info][gc,marking     ] GC(31) Concurrent Preclean
[2020-10-28T10:47:01.457+0800][1.264s][14104][12216][info][gc,marking     ] GC(31) Concurrent Preclean 0.139ms
[2020-10-28T10:47:01.457+0800][1.264s][14104][12216][info][gc,marking     ] GC(31) Concurrent Mark (1.254s, 1.264s) 10.608ms
[2020-10-28T10:47:01.457+0800][1.264s][14104][6784 ][info][gc,start       ] GC(31) Pause Remark
[2020-10-28T10:47:01.459+0800][1.266s][14104][6784 ][info][gc,stringtable ] GC(31) Cleaned string and symbol table, strings: 6187 processed, 0 removed, symbols: 52175 processed, 0 removed
[2020-10-28T10:47:01.459+0800][1.266s][14104][6784 ][info][gc             ] GC(31) Pause Remark 239M->239M(256M) 1.408ms
[2020-10-28T10:47:01.459+0800][1.266s][14104][6784 ][info][gc,cpu         ] GC(31) User=0.00s Sys=0.00s Real=0.00s
[2020-10-28T10:47:01.459+0800][1.266s][14104][12216][info][gc,marking     ] GC(31) Concurrent Rebuild Remembered Sets
[2020-10-28T10:47:01.460+0800][1.267s][14104][6784 ][info][gc,start       ] GC(33) Pause Young (Normal) (G1 Evacuation Pause)
[2020-10-28T10:47:01.460+0800][1.267s][14104][6784 ][info][gc,task        ] GC(33) Using 6 workers of 8 for evacuation
[2020-10-28T10:47:01.460+0800][1.267s][14104][6784 ][info][gc             ] GC(33) To-space exhausted
[2020-10-28T10:47:01.460+0800][1.267s][14104][6784 ][info][gc,phases      ] GC(33)   Pre Evacuate Collection Set: 0.0ms
[2020-10-28T10:47:01.460+0800][1.267s][14104][6784 ][info][gc,phases      ] GC(33)   Evacuate Collection Set: 0.1ms
[2020-10-28T10:47:01.460+0800][1.267s][14104][6784 ][info][gc,phases      ] GC(33)   Post Evacuate Collection Set: 0.2ms
[2020-10-28T10:47:01.460+0800][1.267s][14104][6784 ][info][gc,phases      ] GC(33)   Other: 0.4ms
[2020-10-28T10:47:01.460+0800][1.267s][14104][6784 ][info][gc,heap        ] GC(33) Eden regions: 5->0(12)
[2020-10-28T10:47:01.460+0800][1.267s][14104][6784 ][info][gc,heap        ] GC(33) Survivor regions: 0->0(2)
[2020-10-28T10:47:01.460+0800][1.267s][14104][6784 ][info][gc,heap        ] GC(33) Old regions: 150->155
[2020-10-28T10:47:01.460+0800][1.267s][14104][6784 ][info][gc,heap        ] GC(33) Humongous regions: 101->97
[2020-10-28T10:47:01.460+0800][1.267s][14104][6784 ][info][gc,metaspace   ] GC(33) Metaspace: 16382K->16382K(1064960K)
[2020-10-28T10:47:01.461+0800][1.267s][14104][6784 ][info][gc             ] GC(33) Pause Young (Normal) (G1 Evacuation Pause) 239M->235M(256M) 0.921ms
[2020-10-28T10:47:01.461+0800][1.268s][14104][6784 ][info][gc,cpu         ] GC(33) User=0.00s Sys=0.00s Real=0.00s
[2020-10-28T10:47:01.462+0800][1.269s][14104][6784 ][info][gc,start       ] GC(34) Pause Young (Normal) (G1 Humongous Allocation)
[2020-10-28T10:47:01.462+0800][1.269s][14104][6784 ][info][gc,task        ] GC(34) Using 6 workers of 8 for evacuation
[2020-10-28T10:47:01.462+0800][1.269s][14104][6784 ][info][gc             ] GC(34) To-space exhausted
[2020-10-28T10:47:01.462+0800][1.269s][14104][6784 ][info][gc,phases      ] GC(34)   Pre Evacuate Collection Set: 0.1ms
[2020-10-28T10:47:01.462+0800][1.269s][14104][6784 ][info][gc,phases      ] GC(34)   Evacuate Collection Set: 0.1ms
[2020-10-28T10:47:01.462+0800][1.269s][14104][6784 ][info][gc,phases      ] GC(34)   Post Evacuate Collection Set: 0.2ms
[2020-10-28T10:47:01.463+0800][1.269s][14104][6784 ][info][gc,phases      ] GC(34)   Other: 0.5ms
[2020-10-28T10:47:01.463+0800][1.269s][14104][6784 ][info][gc,heap        ] GC(34) Eden regions: 3->0(12)
[2020-10-28T10:47:01.463+0800][1.270s][14104][6784 ][info][gc,heap        ] GC(34) Survivor regions: 0->0(2)
[2020-10-28T10:47:01.463+0800][1.270s][14104][6784 ][info][gc,heap        ] GC(34) Old regions: 155->158
[2020-10-28T10:47:01.463+0800][1.270s][14104][6784 ][info][gc,heap        ] GC(34) Humongous regions: 98->98
[2020-10-28T10:47:01.463+0800][1.270s][14104][6784 ][info][gc,metaspace   ] GC(34) Metaspace: 16382K->16382K(1064960K)
[2020-10-28T10:47:01.463+0800][1.270s][14104][6784 ][info][gc             ] GC(34) Pause Young (Normal) (G1 Humongous Allocation) 238M->238M(256M) 1.172ms
[2020-10-28T10:47:01.463+0800][1.270s][14104][6784 ][info][gc,cpu         ] GC(34) User=0.00s Sys=0.00s Real=0.00s
[2020-10-28T10:47:01.464+0800][1.271s][14104][6784 ][info][gc,task        ] GC(35) Using 6 workers of 8 for full compaction
[2020-10-28T10:47:01.464+0800][1.271s][14104][6784 ][info][gc,start       ] GC(35) Pause Full (G1 Humongous Allocation)
[2020-10-28T10:47:01.465+0800][1.272s][14104][6784 ][info][gc,phases,start] GC(35) Phase 1: Mark live objects
[2020-10-28T10:47:01.470+0800][1.277s][14104][6784 ][info][gc,stringtable ] GC(35) Cleaned string and symbol table, strings: 6187 processed, 0 removed, symbols: 52175 processed, 0 removed
[2020-10-28T10:47:01.470+0800][1.277s][14104][6784 ][info][gc,phases      ] GC(35) Phase 1: Mark live objects 5.161ms
[2020-10-28T10:47:01.470+0800][1.277s][14104][6784 ][info][gc,phases,start] GC(35) Phase 2: Prepare for compaction
[2020-10-28T10:47:01.472+0800][1.278s][14104][6784 ][info][gc,phases      ] GC(35) Phase 2: Prepare for compaction 1.083ms
[2020-10-28T10:47:01.472+0800][1.279s][14104][6784 ][info][gc,phases,start] GC(35) Phase 3: Adjust pointers
[2020-10-28T10:47:01.473+0800][1.280s][14104][6784 ][info][gc,phases      ] GC(35) Phase 3: Adjust pointers 1.478ms
[2020-10-28T10:47:01.473+0800][1.280s][14104][6784 ][info][gc,phases,start] GC(35) Phase 4: Compact heap
[2020-10-28T10:47:01.503+0800][1.311s][14104][6784 ][info][gc,phases      ] GC(35) Phase 4: Compact heap 30.641ms
[2020-10-28T10:47:01.504+0800][1.312s][14104][6784 ][info][gc,heap        ] GC(35) Eden regions: 0->0(12)
[2020-10-28T10:47:01.504+0800][1.312s][14104][6784 ][info][gc,heap        ] GC(35) Survivor regions: 0->0(2)
[2020-10-28T10:47:01.504+0800][1.312s][14104][6784 ][info][gc,heap        ] GC(35) Old regions: 158->136
[2020-10-28T10:47:01.504+0800][1.312s][14104][6784 ][info][gc,heap        ] GC(35) Humongous regions: 98->98
[2020-10-28T10:47:01.504+0800][1.312s][14104][6784 ][info][gc,metaspace   ] GC(35) Metaspace: 16382K->16382K(1064960K)
[2020-10-28T10:47:01.505+0800][1.312s][14104][6784 ][info][gc             ] GC(35) Pause Full (G1 Humongous Allocation) 238M->215M(256M) 41.103ms
[2020-10-28T10:47:01.505+0800][1.313s][14104][6784 ][info][gc,cpu         ] GC(35) User=0.19s Sys=0.00s Real=0.04s
[2020-10-28T10:47:01.505+0800][1.313s][14104][12216][info][gc,marking     ] GC(31) Concurrent Rebuild Remembered Sets 46.646ms
[2020-10-28T10:47:01.505+0800][1.313s][14104][12216][info][gc,marking     ] GC(31) Concurrent Mark Abort
[2020-10-28T10:47:01.505+0800][1.313s][14104][12216][info][gc             ] GC(31) Concurrent Cycle 60.397ms
[2020-10-28T10:47:01.507+0800][1.315s][14104][6784 ][info][gc,start       ] GC(36) Pause Young (Concurrent Start) (G1 Humongous Allocation)
[2020-10-28T10:47:01.507+0800][1.315s][14104][6784 ][info][gc,task        ] GC(36) Using 6 workers of 8 for evacuation
[2020-10-28T10:47:01.508+0800][1.316s][14104][6784 ][info][gc,phases      ] GC(36)   Pre Evacuate Collection Set: 0.0ms
[2020-10-28T10:47:01.508+0800][1.316s][14104][6784 ][info][gc,phases      ] GC(36)   Evacuate Collection Set: 0.3ms
[2020-10-28T10:47:01.508+0800][1.316s][14104][6784 ][info][gc,phases      ] GC(36)   Post Evacuate Collection Set: 0.1ms
[2020-10-28T10:47:01.508+0800][1.316s][14104][6784 ][info][gc,phases      ] GC(36)   Other: 0.3ms
[2020-10-28T10:47:01.508+0800][1.316s][14104][6784 ][info][gc,heap        ] GC(36) Eden regions: 3->0(11)
[2020-10-28T10:47:01.508+0800][1.316s][14104][6784 ][info][gc,heap        ] GC(36) Survivor regions: 0->1(2)
[2020-10-28T10:47:01.508+0800][1.316s][14104][6784 ][info][gc,heap        ] GC(36) Old regions: 136->136
[2020-10-28T10:47:01.508+0800][1.316s][14104][6784 ][info][gc,heap        ] GC(36) Humongous regions: 99->98
[2020-10-28T10:47:01.508+0800][1.316s][14104][6784 ][info][gc,metaspace   ] GC(36) Metaspace: 16382K->16382K(1064960K)
[2020-10-28T10:47:01.508+0800][1.316s][14104][6784 ][info][gc             ] GC(36) Pause Young (Concurrent Start) (G1 Humongous Allocation) 219M->216M(256M) 0.980ms
[2020-10-28T10:47:01.509+0800][1.316s][14104][6784 ][info][gc,cpu         ] GC(36) User=0.00s Sys=0.00s Real=0.00s
[2020-10-28T10:47:01.509+0800][1.316s][14104][12216][info][gc             ] GC(37) Concurrent Cycle
[2020-10-28T10:47:01.509+0800][1.317s][14104][12216][info][gc,marking     ] GC(37) Concurrent Clear Claimed Marks
[2020-10-28T10:47:01.509+0800][1.317s][14104][12216][info][gc,marking     ] GC(37) Concurrent Clear Claimed Marks 0.092ms
[2020-10-28T10:47:01.509+0800][1.317s][14104][12216][info][gc,marking     ] GC(37) Concurrent Scan Root Regions
[2020-10-28T10:47:01.509+0800][1.317s][14104][12216][info][gc,marking     ] GC(37) Concurrent Scan Root Regions 0.083ms
[2020-10-28T10:47:01.509+0800][1.317s][14104][12216][info][gc,marking     ] GC(37) Concurrent Mark (1.317s)
[2020-10-28T10:47:01.509+0800][1.317s][14104][12216][info][gc,marking     ] GC(37) Concurrent Mark From Roots
[2020-10-28T10:47:01.509+0800][1.317s][14104][12216][info][gc,task        ] GC(37) Using 2 workers of 2 for marking
[2020-10-28T10:47:01.512+0800][1.319s][14104][6784 ][info][gc,start       ] GC(38) Pause Young (Normal) (G1 Evacuation Pause)
[2020-10-28T10:47:01.512+0800][1.319s][14104][6784 ][info][gc,task        ] GC(38) Using 6 workers of 8 for evacuation
[2020-10-28T10:47:01.513+0800][1.320s][14104][6784 ][info][gc             ] GC(38) To-space exhausted
[2020-10-28T10:47:01.513+0800][1.321s][14104][6784 ][info][gc,phases      ] GC(38)   Pre Evacuate Collection Set: 0.0ms
[2020-10-28T10:47:01.513+0800][1.321s][14104][6784 ][info][gc,phases      ] GC(38)   Evacuate Collection Set: 0.3ms
[2020-10-28T10:47:01.513+0800][1.321s][14104][6784 ][info][gc,phases      ] GC(38)   Post Evacuate Collection Set: 0.2ms
[2020-10-28T10:47:01.513+0800][1.321s][14104][6784 ][info][gc,phases      ] GC(38)   Other: 0.7ms
[2020-10-28T10:47:01.513+0800][1.321s][14104][6784 ][info][gc,heap        ] GC(38) Eden regions: 11->0(10)
[2020-10-28T10:47:01.513+0800][1.321s][14104][6784 ][info][gc,heap        ] GC(38) Survivor regions: 1->2(2)
[2020-10-28T10:47:01.513+0800][1.321s][14104][6784 ][info][gc,heap        ] GC(38) Old regions: 136->148
[2020-10-28T10:47:01.513+0800][1.321s][14104][6784 ][info][gc,heap        ] GC(38) Humongous regions: 106->103
[2020-10-28T10:47:01.513+0800][1.321s][14104][6784 ][info][gc,metaspace   ] GC(38) Metaspace: 16382K->16382K(1064960K)
[2020-10-28T10:47:01.513+0800][1.321s][14104][6784 ][info][gc             ] GC(38) Pause Young (Normal) (G1 Evacuation Pause) 234M->233M(256M) 1.537ms
[2020-10-28T10:47:01.514+0800][1.321s][14104][6784 ][info][gc,cpu         ] GC(38) User=0.00s Sys=0.00s Real=0.00s
[2020-10-28T10:47:01.517+0800][1.325s][14104][6784 ][info][gc,start       ] GC(39) Pause Young (Normal) (G1 Humongous Allocation)
[2020-10-28T10:47:01.517+0800][1.325s][14104][6784 ][info][gc,task        ] GC(39) Using 6 workers of 8 for evacuation
[2020-10-28T10:47:01.518+0800][1.325s][14104][6784 ][info][gc             ] GC(39) To-space exhausted
[2020-10-28T10:47:01.518+0800][1.326s][14104][6784 ][info][gc,phases      ] GC(39)   Pre Evacuate Collection Set: 0.1ms
[2020-10-28T10:47:01.518+0800][1.326s][14104][6784 ][info][gc,phases      ] GC(39)   Evacuate Collection Set: 0.1ms
[2020-10-28T10:47:01.518+0800][1.326s][14104][6784 ][info][gc,phases      ] GC(39)   Post Evacuate Collection Set: 0.1ms
[2020-10-28T10:47:01.518+0800][1.326s][14104][6784 ][info][gc,phases      ] GC(39)   Other: 0.6ms
[2020-10-28T10:47:01.518+0800][1.326s][14104][6784 ][info][gc,heap        ] GC(39) Eden regions: 3->0(12)
[2020-10-28T10:47:01.518+0800][1.326s][14104][6784 ][info][gc,heap        ] GC(39) Survivor regions: 2->0(2)
[2020-10-28T10:47:01.518+0800][1.326s][14104][6784 ][info][gc,heap        ] GC(39) Old regions: 148->153
[2020-10-28T10:47:01.518+0800][1.326s][14104][6784 ][info][gc,heap        ] GC(39) Humongous regions: 103->103
[2020-10-28T10:47:01.518+0800][1.326s][14104][6784 ][info][gc,metaspace   ] GC(39) Metaspace: 16382K->16382K(1064960K)
[2020-10-28T10:47:01.518+0800][1.326s][14104][6784 ][info][gc             ] GC(39) Pause Young (Normal) (G1 Humongous Allocation) 236M->236M(256M) 1.074ms
[2020-10-28T10:47:01.519+0800][1.326s][14104][6784 ][info][gc,cpu         ] GC(39) User=0.00s Sys=0.00s Real=0.00s
[2020-10-28T10:47:01.519+0800][1.326s][14104][6784 ][info][gc,task        ] GC(40) Using 6 workers of 8 for full compaction
[2020-10-28T10:47:01.519+0800][1.326s][14104][6784 ][info][gc,start       ] GC(40) Pause Full (G1 Humongous Allocation)
[2020-10-28T10:47:01.519+0800][1.327s][14104][6784 ][info][gc,phases,start] GC(40) Phase 1: Mark live objects
[2020-10-28T10:47:01.522+0800][1.329s][14104][6784 ][info][gc,stringtable ] GC(40) Cleaned string and symbol table, strings: 6187 processed, 0 removed, symbols: 52175 processed, 0 removed
[2020-10-28T10:47:01.522+0800][1.329s][14104][6784 ][info][gc,phases      ] GC(40) Phase 1: Mark live objects 2.641ms
[2020-10-28T10:47:01.522+0800][1.329s][14104][6784 ][info][gc,phases,start] GC(40) Phase 2: Prepare for compaction
[2020-10-28T10:47:01.522+0800][1.330s][14104][6784 ][info][gc,phases      ] GC(40) Phase 2: Prepare for compaction 0.545ms
[2020-10-28T10:47:01.522+0800][1.330s][14104][6784 ][info][gc,phases,start] GC(40) Phase 3: Adjust pointers
[2020-10-28T10:47:01.524+0800][1.332s][14104][6784 ][info][gc,phases      ] GC(40) Phase 3: Adjust pointers 1.886ms
[2020-10-28T10:47:01.524+0800][1.332s][14104][6784 ][info][gc,phases,start] GC(40) Phase 4: Compact heap
[2020-10-28T10:47:01.545+0800][1.353s][14104][6784 ][info][gc,phases      ] GC(40) Phase 4: Compact heap 20.789ms
[2020-10-28T10:47:01.547+0800][1.355s][14104][6784 ][info][gc,heap        ] GC(40) Eden regions: 0->0(12)
[2020-10-28T10:47:01.547+0800][1.355s][14104][6784 ][info][gc,heap        ] GC(40) Survivor regions: 0->0(2)
[2020-10-28T10:47:01.547+0800][1.355s][14104][6784 ][info][gc,heap        ] GC(40) Old regions: 153->140
[2020-10-28T10:47:01.548+0800][1.355s][14104][6784 ][info][gc,heap        ] GC(40) Humongous regions: 103->102
[2020-10-28T10:47:01.548+0800][1.355s][14104][6784 ][info][gc,metaspace   ] GC(40) Metaspace: 16382K->16382K(1064960K)
[2020-10-28T10:47:01.548+0800][1.355s][14104][6784 ][info][gc             ] GC(40) Pause Full (G1 Humongous Allocation) 236M->225M(256M) 29.061ms
[2020-10-28T10:47:01.549+0800][1.356s][14104][6784 ][info][gc,cpu         ] GC(40) User=0.09s Sys=0.00s Real=0.03s
[2020-10-28T10:47:01.549+0800][1.357s][14104][12216][info][gc,marking     ] GC(37) Concurrent Mark From Roots 39.572ms
[2020-10-28T10:47:01.549+0800][1.357s][14104][12216][info][gc,marking     ] GC(37) Concurrent Mark Abort
[2020-10-28T10:47:01.549+0800][1.357s][14104][12216][info][gc             ] GC(37) Concurrent Cycle 40.346ms
[2020-10-28T10:47:01.551+0800][1.359s][14104][6784 ][info][gc,start       ] GC(41) Pause Young (Concurrent Start) (G1 Humongous Allocation)
[2020-10-28T10:47:01.551+0800][1.359s][14104][6784 ][info][gc,task        ] GC(41) Using 6 workers of 8 for evacuation
[2020-10-28T10:47:01.553+0800][1.360s][14104][6784 ][info][gc,phases      ] GC(41)   Pre Evacuate Collection Set: 0.1ms
[2020-10-28T10:47:01.553+0800][1.360s][14104][6784 ][info][gc,phases      ] GC(41)   Evacuate Collection Set: 0.8ms
[2020-10-28T10:47:01.553+0800][1.360s][14104][6784 ][info][gc,phases      ] GC(41)   Post Evacuate Collection Set: 0.1ms
[2020-10-28T10:47:01.553+0800][1.360s][14104][6784 ][info][gc,phases      ] GC(41)   Other: 0.5ms
[2020-10-28T10:47:01.553+0800][1.360s][14104][6784 ][info][gc,heap        ] GC(41) Eden regions: 3->0(11)
[2020-10-28T10:47:01.553+0800][1.360s][14104][6784 ][info][gc,heap        ] GC(41) Survivor regions: 0->1(2)
[2020-10-28T10:47:01.553+0800][1.360s][14104][6784 ][info][gc,heap        ] GC(41) Old regions: 140->140
[2020-10-28T10:47:01.553+0800][1.360s][14104][6784 ][info][gc,heap        ] GC(41) Humongous regions: 103->103
[2020-10-28T10:47:01.553+0800][1.360s][14104][6784 ][info][gc,metaspace   ] GC(41) Metaspace: 16382K->16382K(1064960K)
[2020-10-28T10:47:01.553+0800][1.361s][14104][6784 ][info][gc             ] GC(41) Pause Young (Concurrent Start) (G1 Humongous Allocation) 228M->226M(256M) 1.709ms
[2020-10-28T10:47:01.553+0800][1.361s][14104][6784 ][info][gc,cpu         ] GC(41) User=0.00s Sys=0.00s Real=0.00s
[2020-10-28T10:47:01.553+0800][1.361s][14104][12216][info][gc             ] GC(42) Concurrent Cycle
[2020-10-28T10:47:01.554+0800][1.361s][14104][12216][info][gc,marking     ] GC(42) Concurrent Clear Claimed Marks
[2020-10-28T10:47:01.554+0800][1.361s][14104][12216][info][gc,marking     ] GC(42) Concurrent Clear Claimed Marks 0.077ms
[2020-10-28T10:47:01.554+0800][1.361s][14104][12216][info][gc,marking     ] GC(42) Concurrent Scan Root Regions
[2020-10-28T10:47:01.554+0800][1.362s][14104][12216][info][gc,marking     ] GC(42) Concurrent Scan Root Regions 0.097ms
[2020-10-28T10:47:01.554+0800][1.362s][14104][12216][info][gc,marking     ] GC(42) Concurrent Mark (1.362s)
[2020-10-28T10:47:01.554+0800][1.362s][14104][12216][info][gc,marking     ] GC(42) Concurrent Mark From Roots
[2020-10-28T10:47:01.554+0800][1.362s][14104][12216][info][gc,task        ] GC(42) Using 2 workers of 2 for marking
[2020-10-28T10:47:01.555+0800][1.363s][14104][6784 ][info][gc,start       ] GC(43) Pause Young (Normal) (G1 Humongous Allocation)
[2020-10-28T10:47:01.555+0800][1.363s][14104][6784 ][info][gc,task        ] GC(43) Using 6 workers of 8 for evacuation
[2020-10-28T10:47:01.556+0800][1.363s][14104][6784 ][info][gc             ] GC(43) To-space exhausted
[2020-10-28T10:47:01.556+0800][1.363s][14104][6784 ][info][gc,phases      ] GC(43)   Pre Evacuate Collection Set: 0.0ms
[2020-10-28T10:47:01.556+0800][1.363s][14104][6784 ][info][gc,phases      ] GC(43)   Evacuate Collection Set: 0.1ms
[2020-10-28T10:47:01.556+0800][1.364s][14104][6784 ][info][gc,phases      ] GC(43)   Post Evacuate Collection Set: 0.2ms
[2020-10-28T10:47:01.556+0800][1.364s][14104][6784 ][info][gc,phases      ] GC(43)   Other: 0.5ms
[2020-10-28T10:47:01.556+0800][1.364s][14104][6784 ][info][gc,heap        ] GC(43) Eden regions: 6->0(12)
[2020-10-28T10:47:01.556+0800][1.364s][14104][6784 ][info][gc,heap        ] GC(43) Survivor regions: 1->0(2)
[2020-10-28T10:47:01.556+0800][1.364s][14104][6784 ][info][gc,heap        ] GC(43) Old regions: 140->147
[2020-10-28T10:47:01.556+0800][1.364s][14104][6784 ][info][gc,heap        ] GC(43) Humongous regions: 109->107
[2020-10-28T10:47:01.556+0800][1.364s][14104][6784 ][info][gc,metaspace   ] GC(43) Metaspace: 16382K->16382K(1064960K)
[2020-10-28T10:47:01.556+0800][1.364s][14104][6784 ][info][gc             ] GC(43) Pause Young (Normal) (G1 Humongous Allocation) 238M->236M(256M) 0.997ms
[2020-10-28T10:47:01.556+0800][1.364s][14104][6784 ][info][gc,cpu         ] GC(43) User=0.00s Sys=0.00s Real=0.00s
[2020-10-28T10:47:01.557+0800][1.364s][14104][6784 ][info][gc,start       ] GC(44) Pause Young (Normal) (G1 Humongous Allocation)
[2020-10-28T10:47:01.557+0800][1.364s][14104][6784 ][info][gc,task        ] GC(44) Using 6 workers of 8 for evacuation
[2020-10-28T10:47:01.557+0800][1.365s][14104][6784 ][info][gc             ] GC(44) To-space exhausted
[2020-10-28T10:47:01.557+0800][1.365s][14104][6784 ][info][gc,phases      ] GC(44)   Pre Evacuate Collection Set: 0.0ms
[2020-10-28T10:47:01.557+0800][1.365s][14104][6784 ][info][gc,phases      ] GC(44)   Evacuate Collection Set: 0.1ms
[2020-10-28T10:47:01.557+0800][1.365s][14104][6784 ][info][gc,phases      ] GC(44)   Post Evacuate Collection Set: 0.1ms
[2020-10-28T10:47:01.557+0800][1.365s][14104][6784 ][info][gc,phases      ] GC(44)   Other: 0.4ms
[2020-10-28T10:47:01.557+0800][1.365s][14104][6784 ][info][gc,heap        ] GC(44) Eden regions: 1->0(12)
[2020-10-28T10:47:01.557+0800][1.365s][14104][6784 ][info][gc,heap        ] GC(44) Survivor regions: 0->0(2)
[2020-10-28T10:47:01.557+0800][1.365s][14104][6784 ][info][gc,heap        ] GC(44) Old regions: 147->148
[2020-10-28T10:47:01.557+0800][1.365s][14104][6784 ][info][gc,heap        ] GC(44) Humongous regions: 108->108
[2020-10-28T10:47:01.557+0800][1.365s][14104][6784 ][info][gc,metaspace   ] GC(44) Metaspace: 16382K->16382K(1064960K)
[2020-10-28T10:47:01.558+0800][1.365s][14104][6784 ][info][gc             ] GC(44) Pause Young (Normal) (G1 Humongous Allocation) 237M->237M(256M) 0.824ms
[2020-10-28T10:47:01.558+0800][1.365s][14104][6784 ][info][gc,cpu         ] GC(44) User=0.00s Sys=0.00s Real=0.00s
[2020-10-28T10:47:01.558+0800][1.366s][14104][6784 ][info][gc,task        ] GC(45) Using 6 workers of 8 for full compaction
[2020-10-28T10:47:01.558+0800][1.366s][14104][6784 ][info][gc,start       ] GC(45) Pause Full (G1 Humongous Allocation)
[2020-10-28T10:47:01.558+0800][1.366s][14104][6784 ][info][gc,phases,start] GC(45) Phase 1: Mark live objects
[2020-10-28T10:47:01.561+0800][1.369s][14104][6784 ][info][gc,stringtable ] GC(45) Cleaned string and symbol table, strings: 6187 processed, 0 removed, symbols: 52175 processed, 0 removed
[2020-10-28T10:47:01.561+0800][1.369s][14104][6784 ][info][gc,phases      ] GC(45) Phase 1: Mark live objects 2.662ms
[2020-10-28T10:47:01.561+0800][1.369s][14104][6784 ][info][gc,phases,start] GC(45) Phase 2: Prepare for compaction
[2020-10-28T10:47:01.562+0800][1.369s][14104][6784 ][info][gc,phases      ] GC(45) Phase 2: Prepare for compaction 0.658ms
[2020-10-28T10:47:01.562+0800][1.369s][14104][6784 ][info][gc,phases,start] GC(45) Phase 3: Adjust pointers
[2020-10-28T10:47:01.565+0800][1.372s][14104][6784 ][info][gc,phases      ] GC(45) Phase 3: Adjust pointers 3.024ms
[2020-10-28T10:47:01.565+0800][1.373s][14104][6784 ][info][gc,phases,start] GC(45) Phase 4: Compact heap
[2020-10-28T10:47:01.585+0800][1.393s][14104][6784 ][info][gc,phases      ] GC(45) Phase 4: Compact heap 20.416ms
[2020-10-28T10:47:01.589+0800][1.397s][14104][6784 ][info][gc,heap        ] GC(45) Eden regions: 0->0(12)
[2020-10-28T10:47:01.589+0800][1.397s][14104][6784 ][info][gc,heap        ] GC(45) Survivor regions: 0->0(2)
[2020-10-28T10:47:01.589+0800][1.397s][14104][6784 ][info][gc,heap        ] GC(45) Old regions: 148->141
[2020-10-28T10:47:01.589+0800][1.397s][14104][6784 ][info][gc,heap        ] GC(45) Humongous regions: 108->107
[2020-10-28T10:47:01.589+0800][1.397s][14104][6784 ][info][gc,metaspace   ] GC(45) Metaspace: 16382K->16382K(1064960K)
[2020-10-28T10:47:01.589+0800][1.397s][14104][6784 ][info][gc             ] GC(45) Pause Full (G1 Humongous Allocation) 237M->230M(256M) 31.083ms
[2020-10-28T10:47:01.590+0800][1.397s][14104][6784 ][info][gc,cpu         ] GC(45) User=0.14s Sys=0.00s Real=0.03s
[2020-10-28T10:47:01.590+0800][1.397s][14104][12216][info][gc,marking     ] GC(42) Concurrent Mark From Roots 35.832ms
[2020-10-28T10:47:01.590+0800][1.397s][14104][12216][info][gc,marking     ] GC(42) Concurrent Mark Abort
[2020-10-28T10:47:01.590+0800][1.398s][14104][12216][info][gc             ] GC(42) Concurrent Cycle 36.557ms
[2020-10-28T10:47:01.590+0800][1.398s][14104][6784 ][info][gc,start       ] GC(46) Pause Young (Concurrent Start) (G1 Humongous Allocation)
[2020-10-28T10:47:01.590+0800][1.398s][14104][6784 ][info][gc,task        ] GC(46) Using 6 workers of 8 for evacuation
[2020-10-28T10:47:01.591+0800][1.398s][14104][6784 ][info][gc,phases      ] GC(46)   Pre Evacuate Collection Set: 0.0ms
[2020-10-28T10:47:01.591+0800][1.398s][14104][6784 ][info][gc,phases      ] GC(46)   Evacuate Collection Set: 0.2ms
[2020-10-28T10:47:01.591+0800][1.398s][14104][6784 ][info][gc,phases      ] GC(46)   Post Evacuate Collection Set: 0.1ms
[2020-10-28T10:47:01.591+0800][1.398s][14104][6784 ][info][gc,phases      ] GC(46)   Other: 0.1ms
[2020-10-28T10:47:01.591+0800][1.398s][14104][6784 ][info][gc,heap        ] GC(46) Eden regions: 1->0(11)
[2020-10-28T10:47:01.591+0800][1.398s][14104][6784 ][info][gc,heap        ] GC(46) Survivor regions: 0->1(2)
[2020-10-28T10:47:01.591+0800][1.398s][14104][6784 ][info][gc,heap        ] GC(46) Old regions: 141->141
[2020-10-28T10:47:01.591+0800][1.398s][14104][6784 ][info][gc,heap        ] GC(46) Humongous regions: 108->108
[2020-10-28T10:47:01.591+0800][1.398s][14104][6784 ][info][gc,metaspace   ] GC(46) Metaspace: 16382K->16382K(1064960K)
[2020-10-28T10:47:01.591+0800][1.398s][14104][6784 ][info][gc             ] GC(46) Pause Young (Concurrent Start) (G1 Humongous Allocation) 232M->232M(256M) 0.754ms
[2020-10-28T10:47:01.591+0800][1.399s][14104][6784 ][info][gc,cpu         ] GC(46) User=0.00s Sys=0.00s Real=0.00s
[2020-10-28T10:47:01.591+0800][1.399s][14104][12216][info][gc             ] GC(47) Concurrent Cycle
[2020-10-28T10:47:01.592+0800][1.399s][14104][12216][info][gc,marking     ] GC(47) Concurrent Clear Claimed Marks
[2020-10-28T10:47:01.592+0800][1.399s][14104][12216][info][gc,marking     ] GC(47) Concurrent Clear Claimed Marks 0.054ms
[2020-10-28T10:47:01.592+0800][1.399s][14104][12216][info][gc,marking     ] GC(47) Concurrent Scan Root Regions
[2020-10-28T10:47:01.592+0800][1.399s][14104][12216][info][gc,marking     ] GC(47) Concurrent Scan Root Regions 0.066ms
[2020-10-28T10:47:01.592+0800][1.399s][14104][12216][info][gc,marking     ] GC(47) Concurrent Mark (1.399s)
[2020-10-28T10:47:01.592+0800][1.399s][14104][12216][info][gc,marking     ] GC(47) Concurrent Mark From Roots
[2020-10-28T10:47:01.592+0800][1.399s][14104][12216][info][gc,task        ] GC(47) Using 2 workers of 2 for marking
[2020-10-28T10:47:01.592+0800][1.400s][14104][6784 ][info][gc,start       ] GC(48) Pause Young (Normal) (G1 Humongous Allocation)
[2020-10-28T10:47:01.592+0800][1.400s][14104][6784 ][info][gc,task        ] GC(48) Using 6 workers of 8 for evacuation
[2020-10-28T10:47:01.592+0800][1.400s][14104][6784 ][info][gc             ] GC(48) To-space exhausted
[2020-10-28T10:47:01.593+0800][1.400s][14104][6784 ][info][gc,phases      ] GC(48)   Pre Evacuate Collection Set: 0.0ms
[2020-10-28T10:47:01.593+0800][1.400s][14104][6784 ][info][gc,phases      ] GC(48)   Evacuate Collection Set: 0.1ms
[2020-10-28T10:47:01.593+0800][1.400s][14104][6784 ][info][gc,phases      ] GC(48)   Post Evacuate Collection Set: 0.2ms
[2020-10-28T10:47:01.593+0800][1.400s][14104][6784 ][info][gc,phases      ] GC(48)   Other: 0.5ms
[2020-10-28T10:47:01.593+0800][1.400s][14104][6784 ][info][gc,heap        ] GC(48) Eden regions: 2->0(12)
[2020-10-28T10:47:01.593+0800][1.400s][14104][6784 ][info][gc,heap        ] GC(48) Survivor regions: 1->0(2)
[2020-10-28T10:47:01.593+0800][1.401s][14104][6784 ][info][gc,heap        ] GC(48) Old regions: 141->144
[2020-10-28T10:47:01.593+0800][1.401s][14104][6784 ][info][gc,heap        ] GC(48) Humongous regions: 112->110
[2020-10-28T10:47:01.593+0800][1.401s][14104][6784 ][info][gc,metaspace   ] GC(48) Metaspace: 16382K->16382K(1064960K)
[2020-10-28T10:47:01.593+0800][1.401s][14104][6784 ][info][gc             ] GC(48) Pause Young (Normal) (G1 Humongous Allocation) 237M->235M(256M) 0.945ms
[2020-10-28T10:47:01.593+0800][1.401s][14104][6784 ][info][gc,cpu         ] GC(48) User=0.00s Sys=0.00s Real=0.00s
[2020-10-28T10:47:01.594+0800][1.401s][14104][6784 ][info][gc,start       ] GC(49) Pause Young (Normal) (G1 Evacuation Pause)
[2020-10-28T10:47:01.594+0800][1.401s][14104][6784 ][info][gc,task        ] GC(49) Using 6 workers of 8 for evacuation
[2020-10-28T10:47:01.594+0800][1.401s][14104][6784 ][info][gc,phases      ] GC(49)   Pre Evacuate Collection Set: 0.0ms
[2020-10-28T10:47:01.594+0800][1.401s][14104][6784 ][info][gc,phases      ] GC(49)   Evacuate Collection Set: 0.1ms
[2020-10-28T10:47:01.594+0800][1.401s][14104][6784 ][info][gc,phases      ] GC(49)   Post Evacuate Collection Set: 0.1ms
[2020-10-28T10:47:01.594+0800][1.402s][14104][6784 ][info][gc,phases      ] GC(49)   Other: 0.1ms
[2020-10-28T10:47:01.594+0800][1.402s][14104][6784 ][info][gc,heap        ] GC(49) Eden regions: 0->0(12)
[2020-10-28T10:47:01.594+0800][1.402s][14104][6784 ][info][gc,heap        ] GC(49) Survivor regions: 0->0(2)
[2020-10-28T10:47:01.594+0800][1.402s][14104][6784 ][info][gc,heap        ] GC(49) Old regions: 144->144
[2020-10-28T10:47:01.594+0800][1.402s][14104][6784 ][info][gc,heap        ] GC(49) Humongous regions: 112->111
[2020-10-28T10:47:01.594+0800][1.402s][14104][6784 ][info][gc,metaspace   ] GC(49) Metaspace: 16382K->16382K(1064960K)
[2020-10-28T10:47:01.594+0800][1.402s][14104][6784 ][info][gc             ] GC(49) Pause Young (Normal) (G1 Evacuation Pause) 237M->236M(256M) 0.521ms
[2020-10-28T10:47:01.594+0800][1.402s][14104][6784 ][info][gc,cpu         ] GC(49) User=0.00s Sys=0.00s Real=0.00s
[2020-10-28T10:47:01.595+0800][1.402s][14104][6784 ][info][gc,start       ] GC(50) Pause Young (Normal) (G1 Humongous Allocation)
[2020-10-28T10:47:01.595+0800][1.402s][14104][6784 ][info][gc,task        ] GC(50) Using 6 workers of 8 for evacuation
[2020-10-28T10:47:01.595+0800][1.403s][14104][6784 ][info][gc             ] GC(50) To-space exhausted
[2020-10-28T10:47:01.596+0800][1.403s][14104][6784 ][info][gc,phases      ] GC(50)   Pre Evacuate Collection Set: 0.0ms
[2020-10-28T10:47:01.596+0800][1.403s][14104][6784 ][info][gc,phases      ] GC(50)   Evacuate Collection Set: 0.1ms
[2020-10-28T10:47:01.596+0800][1.403s][14104][6784 ][info][gc,phases      ] GC(50)   Post Evacuate Collection Set: 0.2ms
[2020-10-28T10:47:01.596+0800][1.403s][14104][6784 ][info][gc,phases      ] GC(50)   Other: 0.5ms
[2020-10-28T10:47:01.596+0800][1.403s][14104][6784 ][info][gc,heap        ] GC(50) Eden regions: 1->0(12)
[2020-10-28T10:47:01.596+0800][1.403s][14104][6784 ][info][gc,heap        ] GC(50) Survivor regions: 0->0(2)
[2020-10-28T10:47:01.596+0800][1.403s][14104][6784 ][info][gc,heap        ] GC(50) Old regions: 144->145
[2020-10-28T10:47:01.596+0800][1.403s][14104][6784 ][info][gc,heap        ] GC(50) Humongous regions: 111->111
[2020-10-28T10:47:01.596+0800][1.403s][14104][6784 ][info][gc,metaspace   ] GC(50) Metaspace: 16382K->16382K(1064960K)
[2020-10-28T10:47:01.596+0800][1.403s][14104][6784 ][info][gc             ] GC(50) Pause Young (Normal) (G1 Humongous Allocation) 237M->237M(256M) 1.098ms
[2020-10-28T10:47:01.597+0800][1.404s][14104][6784 ][info][gc,cpu         ] GC(50) User=0.00s Sys=0.00s Real=0.00s
[2020-10-28T10:47:01.597+0800][1.404s][14104][6784 ][info][gc,task        ] GC(51) Using 6 workers of 8 for full compaction
[2020-10-28T10:47:01.597+0800][1.405s][14104][6784 ][info][gc,start       ] GC(51) Pause Full (G1 Humongous Allocation)
[2020-10-28T10:47:01.598+0800][1.406s][14104][6784 ][info][gc,phases,start] GC(51) Phase 1: Mark live objects
[2020-10-28T10:47:01.605+0800][1.413s][14104][6784 ][info][gc,stringtable ] GC(51) Cleaned string and symbol table, strings: 6187 processed, 0 removed, symbols: 52175 processed, 0 removed
[2020-10-28T10:47:01.605+0800][1.413s][14104][6784 ][info][gc,phases      ] GC(51) Phase 1: Mark live objects 7.272ms
[2020-10-28T10:47:01.605+0800][1.413s][14104][6784 ][info][gc,phases,start] GC(51) Phase 2: Prepare for compaction
[2020-10-28T10:47:01.606+0800][1.414s][14104][6784 ][info][gc,phases      ] GC(51) Phase 2: Prepare for compaction 0.580ms
[2020-10-28T10:47:01.606+0800][1.414s][14104][6784 ][info][gc,phases,start] GC(51) Phase 3: Adjust pointers
[2020-10-28T10:47:01.607+0800][1.415s][14104][6784 ][info][gc,phases      ] GC(51) Phase 3: Adjust pointers 1.429ms
[2020-10-28T10:47:01.607+0800][1.415s][14104][6784 ][info][gc,phases,start] GC(51) Phase 4: Compact heap
[2020-10-28T10:47:01.627+0800][1.434s][14104][6784 ][info][gc,phases      ] GC(51) Phase 4: Compact heap 19.315ms
[2020-10-28T10:47:01.629+0800][1.436s][14104][6784 ][info][gc,heap        ] GC(51) Eden regions: 0->0(12)
[2020-10-28T10:47:01.629+0800][1.436s][14104][6784 ][info][gc,heap        ] GC(51) Survivor regions: 0->0(2)
[2020-10-28T10:47:01.629+0800][1.436s][14104][6784 ][info][gc,heap        ] GC(51) Old regions: 145->141
[2020-10-28T10:47:01.629+0800][1.436s][14104][6784 ][info][gc,heap        ] GC(51) Humongous regions: 111->110
[2020-10-28T10:47:01.629+0800][1.436s][14104][6784 ][info][gc,metaspace   ] GC(51) Metaspace: 16382K->16382K(1064960K)
[2020-10-28T10:47:01.629+0800][1.436s][14104][6784 ][info][gc             ] GC(51) Pause Full (G1 Humongous Allocation) 237M->233M(256M) 31.306ms
[2020-10-28T10:47:01.630+0800][1.437s][14104][6784 ][info][gc,cpu         ] GC(51) User=0.09s Sys=0.00s Real=0.03s
[2020-10-28T10:47:01.630+0800][1.437s][14104][12216][info][gc,marking     ] GC(47) Concurrent Mark From Roots 37.419ms
[2020-10-28T10:47:01.630+0800][1.437s][14104][12216][info][gc,marking     ] GC(47) Concurrent Mark Abort
[2020-10-28T10:47:01.630+0800][1.437s][14104][12216][info][gc             ] GC(47) Concurrent Cycle 38.051ms
[2020-10-28T10:47:01.630+0800][1.437s][14104][6784 ][info][gc,start       ] GC(52) Pause Young (Concurrent Start) (G1 Humongous Allocation)
[2020-10-28T10:47:01.630+0800][1.437s][14104][6784 ][info][gc,task        ] GC(52) Using 6 workers of 8 for evacuation
[2020-10-28T10:47:01.631+0800][1.438s][14104][6784 ][info][gc,phases      ] GC(52)   Pre Evacuate Collection Set: 0.0ms
[2020-10-28T10:47:01.631+0800][1.438s][14104][6784 ][info][gc,phases      ] GC(52)   Evacuate Collection Set: 0.2ms
[2020-10-28T10:47:01.631+0800][1.438s][14104][6784 ][info][gc,phases      ] GC(52)   Post Evacuate Collection Set: 0.3ms
[2020-10-28T10:47:01.631+0800][1.438s][14104][6784 ][info][gc,phases      ] GC(52)   Other: 0.3ms
[2020-10-28T10:47:01.631+0800][1.438s][14104][6784 ][info][gc,heap        ] GC(52) Eden regions: 1->0(12)
[2020-10-28T10:47:01.631+0800][1.438s][14104][6784 ][info][gc,heap        ] GC(52) Survivor regions: 0->0(2)
[2020-10-28T10:47:01.631+0800][1.438s][14104][6784 ][info][gc,heap        ] GC(52) Old regions: 141->141
[2020-10-28T10:47:01.631+0800][1.439s][14104][6784 ][info][gc,heap        ] GC(52) Humongous regions: 111->110
[2020-10-28T10:47:01.631+0800][1.439s][14104][6784 ][info][gc,metaspace   ] GC(52) Metaspace: 16382K->16382K(1064960K)
[2020-10-28T10:47:01.632+0800][1.439s][14104][6784 ][info][gc             ] GC(52) Pause Young (Concurrent Start) (G1 Humongous Allocation) 235M->233M(256M) 1.743ms
[2020-10-28T10:47:01.632+0800][1.440s][14104][6784 ][info][gc,cpu         ] GC(52) User=0.00s Sys=0.00s Real=0.00s
[2020-10-28T10:47:01.633+0800][1.440s][14104][12216][info][gc             ] GC(53) Concurrent Cycle
[2020-10-28T10:47:01.633+0800][1.441s][14104][12216][info][gc,marking     ] GC(53) Concurrent Clear Claimed Marks
[2020-10-28T10:47:01.634+0800][1.441s][14104][12216][info][gc,marking     ] GC(53) Concurrent Clear Claimed Marks 0.238ms
[2020-10-28T10:47:01.634+0800][1.441s][14104][12216][info][gc,marking     ] GC(53) Concurrent Scan Root Regions
[2020-10-28T10:47:01.634+0800][1.441s][14104][12216][info][gc,marking     ] GC(53) Concurrent Scan Root Regions 0.037ms
[2020-10-28T10:47:01.634+0800][1.441s][14104][12216][info][gc,marking     ] GC(53) Concurrent Mark (1.441s)
[2020-10-28T10:47:01.634+0800][1.441s][14104][12216][info][gc,marking     ] GC(53) Concurrent Mark From Roots
[2020-10-28T10:47:01.634+0800][1.441s][14104][12216][info][gc,task        ] GC(53) Using 2 workers of 2 for marking
[2020-10-28T10:47:01.635+0800][1.442s][14104][6784 ][info][gc,start       ] GC(54) Pause Young (Normal) (G1 Evacuation Pause)
[2020-10-28T10:47:01.635+0800][1.442s][14104][6784 ][info][gc,task        ] GC(54) Using 6 workers of 8 for evacuation
[2020-10-28T10:47:01.635+0800][1.442s][14104][6784 ][info][gc             ] GC(54) To-space exhausted
[2020-10-28T10:47:01.635+0800][1.443s][14104][6784 ][info][gc,phases      ] GC(54)   Pre Evacuate Collection Set: 0.0ms
[2020-10-28T10:47:01.635+0800][1.443s][14104][6784 ][info][gc,phases      ] GC(54)   Evacuate Collection Set: 0.1ms
[2020-10-28T10:47:01.635+0800][1.443s][14104][6784 ][info][gc,phases      ] GC(54)   Post Evacuate Collection Set: 0.2ms
[2020-10-28T10:47:01.636+0800][1.443s][14104][6784 ][info][gc,phases      ] GC(54)   Other: 0.4ms
[2020-10-28T10:47:01.636+0800][1.443s][14104][6784 ][info][gc,heap        ] GC(54) Eden regions: 3->0(12)
[2020-10-28T10:47:01.636+0800][1.443s][14104][6784 ][info][gc,heap        ] GC(54) Survivor regions: 0->0(2)
[2020-10-28T10:47:01.636+0800][1.443s][14104][6784 ][info][gc,heap        ] GC(54) Old regions: 141->144
[2020-10-28T10:47:01.636+0800][1.443s][14104][6784 ][info][gc,heap        ] GC(54) Humongous regions: 112->111
[2020-10-28T10:47:01.636+0800][1.443s][14104][6784 ][info][gc,metaspace   ] GC(54) Metaspace: 16382K->16382K(1064960K)
[2020-10-28T10:47:01.636+0800][1.443s][14104][6784 ][info][gc             ] GC(54) Pause Young (Normal) (G1 Evacuation Pause) 238M->237M(256M) 1.084ms
[2020-10-28T10:47:01.636+0800][1.443s][14104][6784 ][info][gc,cpu         ] GC(54) User=0.00s Sys=0.00s Real=0.00s
[2020-10-28T10:47:01.637+0800][1.444s][14104][6784 ][info][gc,start       ] GC(55) Pause Young (Normal) (G1 Evacuation Pause)
[2020-10-28T10:47:01.637+0800][1.444s][14104][6784 ][info][gc,task        ] GC(55) Using 6 workers of 8 for evacuation
[2020-10-28T10:47:01.637+0800][1.444s][14104][6784 ][info][gc             ] GC(55) To-space exhausted
[2020-10-28T10:47:01.638+0800][1.445s][14104][6784 ][info][gc,phases      ] GC(55)   Pre Evacuate Collection Set: 0.0ms
[2020-10-28T10:47:01.638+0800][1.445s][14104][6784 ][info][gc,phases      ] GC(55)   Evacuate Collection Set: 0.1ms
[2020-10-28T10:47:01.638+0800][1.445s][14104][6784 ][info][gc,phases      ] GC(55)   Post Evacuate Collection Set: 0.2ms
[2020-10-28T10:47:01.638+0800][1.445s][14104][6784 ][info][gc,phases      ] GC(55)   Other: 0.8ms
[2020-10-28T10:47:01.638+0800][1.445s][14104][6784 ][info][gc,heap        ] GC(55) Eden regions: 1->0(12)
[2020-10-28T10:47:01.638+0800][1.445s][14104][6784 ][info][gc,heap        ] GC(55) Survivor regions: 0->0(2)
[2020-10-28T10:47:01.638+0800][1.445s][14104][6784 ][info][gc,heap        ] GC(55) Old regions: 144->145
[2020-10-28T10:47:01.638+0800][1.445s][14104][6784 ][info][gc,heap        ] GC(55) Humongous regions: 111->111
[2020-10-28T10:47:01.638+0800][1.445s][14104][6784 ][info][gc,metaspace   ] GC(55) Metaspace: 16382K->16382K(1064960K)
[2020-10-28T10:47:01.638+0800][1.445s][14104][6784 ][info][gc             ] GC(55) Pause Young (Normal) (G1 Evacuation Pause) 238M->238M(256M) 1.474ms
[2020-10-28T10:47:01.639+0800][1.446s][14104][6784 ][info][gc,cpu         ] GC(55) User=0.00s Sys=0.00s Real=0.00s
[2020-10-28T10:47:01.639+0800][1.446s][14104][6784 ][info][gc,task        ] GC(56) Using 6 workers of 8 for full compaction
[2020-10-28T10:47:01.639+0800][1.446s][14104][6784 ][info][gc,start       ] GC(56) Pause Full (G1 Evacuation Pause)
[2020-10-28T10:47:01.640+0800][1.447s][14104][6784 ][info][gc,phases,start] GC(56) Phase 1: Mark live objects
[2020-10-28T10:47:01.643+0800][1.450s][14104][6784 ][info][gc,stringtable ] GC(56) Cleaned string and symbol table, strings: 6187 processed, 0 removed, symbols: 52175 processed, 0 removed
[2020-10-28T10:47:01.643+0800][1.450s][14104][6784 ][info][gc,phases      ] GC(56) Phase 1: Mark live objects 2.789ms
[2020-10-28T10:47:01.643+0800][1.450s][14104][6784 ][info][gc,phases,start] GC(56) Phase 2: Prepare for compaction
[2020-10-28T10:47:01.643+0800][1.451s][14104][6784 ][info][gc,phases      ] GC(56) Phase 2: Prepare for compaction 0.465ms
[2020-10-28T10:47:01.643+0800][1.451s][14104][6784 ][info][gc,phases,start] GC(56) Phase 3: Adjust pointers
[2020-10-28T10:47:01.645+0800][1.452s][14104][6784 ][info][gc,phases      ] GC(56) Phase 3: Adjust pointers 1.588ms
[2020-10-28T10:47:01.645+0800][1.452s][14104][6784 ][info][gc,phases,start] GC(56) Phase 4: Compact heap
[2020-10-28T10:47:01.656+0800][1.463s][14104][6784 ][info][gc,phases      ] GC(56) Phase 4: Compact heap 10.668ms
[2020-10-28T10:47:01.659+0800][1.466s][14104][6784 ][info][gc,heap        ] GC(56) Eden regions: 0->0(12)
[2020-10-28T10:47:01.659+0800][1.466s][14104][6784 ][info][gc,heap        ] GC(56) Survivor regions: 0->0(2)
[2020-10-28T10:47:01.659+0800][1.466s][14104][6784 ][info][gc,heap        ] GC(56) Old regions: 145->142
[2020-10-28T10:47:01.659+0800][1.466s][14104][6784 ][info][gc,heap        ] GC(56) Humongous regions: 111->111
[2020-10-28T10:47:01.659+0800][1.466s][14104][6784 ][info][gc,metaspace   ] GC(56) Metaspace: 16382K->16382K(1064960K)
[2020-10-28T10:47:01.659+0800][1.466s][14104][6784 ][info][gc             ] GC(56) Pause Full (G1 Evacuation Pause) 238M->235M(256M) 20.076ms
[2020-10-28T10:47:01.660+0800][1.467s][14104][6784 ][info][gc,cpu         ] GC(56) User=0.13s Sys=0.00s Real=0.02s
[2020-10-28T10:47:01.660+0800][1.467s][14104][12216][info][gc,marking     ] GC(53) Concurrent Mark From Roots 26.298ms
[2020-10-28T10:47:01.660+0800][1.467s][14104][12216][info][gc,marking     ] GC(53) Concurrent Mark Abort
[2020-10-28T10:47:01.660+0800][1.467s][14104][12216][info][gc             ] GC(53) Concurrent Cycle 27.631ms
[2020-10-28T10:47:01.661+0800][1.468s][14104][6784 ][info][gc,start       ] GC(57) Pause Young (Concurrent Start) (G1 Humongous Allocation)
[2020-10-28T10:47:01.661+0800][1.468s][14104][6784 ][info][gc,task        ] GC(57) Using 6 workers of 8 for evacuation
[2020-10-28T10:47:01.662+0800][1.470s][14104][6784 ][info][gc,phases      ] GC(57)   Pre Evacuate Collection Set: 0.1ms
[2020-10-28T10:47:01.663+0800][1.470s][14104][6784 ][info][gc,phases      ] GC(57)   Evacuate Collection Set: 0.8ms
[2020-10-28T10:47:01.663+0800][1.470s][14104][6784 ][info][gc,phases      ] GC(57)   Post Evacuate Collection Set: 0.4ms
[2020-10-28T10:47:01.663+0800][1.470s][14104][6784 ][info][gc,phases      ] GC(57)   Other: 0.4ms
[2020-10-28T10:47:01.663+0800][1.470s][14104][6784 ][info][gc,heap        ] GC(57) Eden regions: 1->0(11)
[2020-10-28T10:47:01.663+0800][1.470s][14104][6784 ][info][gc,heap        ] GC(57) Survivor regions: 0->1(2)
[2020-10-28T10:47:01.663+0800][1.470s][14104][6784 ][info][gc,heap        ] GC(57) Old regions: 142->142
[2020-10-28T10:47:01.663+0800][1.470s][14104][6784 ][info][gc,heap        ] GC(57) Humongous regions: 111->111
[2020-10-28T10:47:01.663+0800][1.470s][14104][6784 ][info][gc,metaspace   ] GC(57) Metaspace: 16382K->16382K(1064960K)
[2020-10-28T10:47:01.663+0800][1.470s][14104][6784 ][info][gc             ] GC(57) Pause Young (Concurrent Start) (G1 Humongous Allocation) 236M->236M(256M) 2.044ms
[2020-10-28T10:47:01.664+0800][1.471s][14104][6784 ][info][gc,cpu         ] GC(57) User=0.00s Sys=0.00s Real=0.00s
[2020-10-28T10:47:01.664+0800][1.471s][14104][12216][info][gc             ] GC(58) Concurrent Cycle
[2020-10-28T10:47:01.664+0800][1.471s][14104][12216][info][gc,marking     ] GC(58) Concurrent Clear Claimed Marks
[2020-10-28T10:47:01.664+0800][1.471s][14104][12216][info][gc,marking     ] GC(58) Concurrent Clear Claimed Marks 0.054ms
[2020-10-28T10:47:01.664+0800][1.471s][14104][12216][info][gc,marking     ] GC(58) Concurrent Scan Root Regions
[2020-10-28T10:47:01.664+0800][1.471s][14104][12216][info][gc,marking     ] GC(58) Concurrent Scan Root Regions 0.079ms
[2020-10-28T10:47:01.664+0800][1.471s][14104][6784 ][info][gc,start       ] GC(59) Pause Young (Normal) (G1 Evacuation Pause)
[2020-10-28T10:47:01.664+0800][1.471s][14104][12216][info][gc,marking     ] GC(58) Concurrent Mark (1.471s)
[2020-10-28T10:47:01.664+0800][1.472s][14104][6784 ][info][gc,task        ] GC(59) Using 6 workers of 8 for evacuation
[2020-10-28T10:47:01.664+0800][1.472s][14104][12216][info][gc,marking     ] GC(58) Concurrent Mark From Roots
[2020-10-28T10:47:01.664+0800][1.472s][14104][12216][info][gc,task        ] GC(58) Using 2 workers of 2 for marking
[2020-10-28T10:47:01.665+0800][1.472s][14104][6784 ][info][gc             ] GC(59) To-space exhausted
[2020-10-28T10:47:01.665+0800][1.472s][14104][6784 ][info][gc,phases      ] GC(59)   Pre Evacuate Collection Set: 0.3ms
[2020-10-28T10:47:01.665+0800][1.472s][14104][6784 ][info][gc,phases      ] GC(59)   Evacuate Collection Set: 0.1ms
[2020-10-28T10:47:01.665+0800][1.472s][14104][6784 ][info][gc,phases      ] GC(59)   Post Evacuate Collection Set: 0.2ms
[2020-10-28T10:47:01.665+0800][1.472s][14104][6784 ][info][gc,phases      ] GC(59)   Other: 0.6ms
[2020-10-28T10:47:01.665+0800][1.472s][14104][6784 ][info][gc,heap        ] GC(59) Eden regions: 1->0(12)
[2020-10-28T10:47:01.665+0800][1.473s][14104][6784 ][info][gc,heap        ] GC(59) Survivor regions: 1->0(2)
[2020-10-28T10:47:01.665+0800][1.473s][14104][6784 ][info][gc,heap        ] GC(59) Old regions: 142->144
[2020-10-28T10:47:01.665+0800][1.473s][14104][6784 ][info][gc,heap        ] GC(59) Humongous regions: 112->111
[2020-10-28T10:47:01.665+0800][1.473s][14104][6784 ][info][gc,metaspace   ] GC(59) Metaspace: 16382K->16382K(1064960K)
[2020-10-28T10:47:01.665+0800][1.473s][14104][6784 ][info][gc             ] GC(59) Pause Young (Normal) (G1 Evacuation Pause) 237M->236M(256M) 1.142ms
[2020-10-28T10:47:01.666+0800][1.473s][14104][6784 ][info][gc,cpu         ] GC(59) User=0.00s Sys=0.00s Real=0.00s
[2020-10-28T10:47:01.667+0800][1.474s][14104][6784 ][info][gc,start       ] GC(60) Pause Young (Normal) (G1 Evacuation Pause)
[2020-10-28T10:47:01.667+0800][1.474s][14104][6784 ][info][gc,task        ] GC(60) Using 6 workers of 8 for evacuation
[2020-10-28T10:47:01.667+0800][1.474s][14104][6784 ][info][gc             ] GC(60) To-space exhausted
[2020-10-28T10:47:01.668+0800][1.475s][14104][6784 ][info][gc,phases      ] GC(60)   Pre Evacuate Collection Set: 0.0ms
[2020-10-28T10:47:01.668+0800][1.475s][14104][6784 ][info][gc,phases      ] GC(60)   Evacuate Collection Set: 0.1ms
[2020-10-28T10:47:01.668+0800][1.475s][14104][6784 ][info][gc,phases      ] GC(60)   Post Evacuate Collection Set: 0.1ms
[2020-10-28T10:47:01.668+0800][1.475s][14104][6784 ][info][gc,phases      ] GC(60)   Other: 0.4ms
[2020-10-28T10:47:01.668+0800][1.475s][14104][6784 ][info][gc,heap        ] GC(60) Eden regions: 1->0(12)
[2020-10-28T10:47:01.668+0800][1.475s][14104][6784 ][info][gc,heap        ] GC(60) Survivor regions: 0->0(2)
[2020-10-28T10:47:01.668+0800][1.475s][14104][6784 ][info][gc,heap        ] GC(60) Old regions: 144->145
[2020-10-28T10:47:01.668+0800][1.475s][14104][6784 ][info][gc,heap        ] GC(60) Humongous regions: 111->111
[2020-10-28T10:47:01.668+0800][1.475s][14104][6784 ][info][gc,metaspace   ] GC(60) Metaspace: 16382K->16382K(1064960K)
[2020-10-28T10:47:01.668+0800][1.475s][14104][6784 ][info][gc             ] GC(60) Pause Young (Normal) (G1 Evacuation Pause) 237M->237M(256M) 0.936ms
[2020-10-28T10:47:01.668+0800][1.475s][14104][6784 ][info][gc,cpu         ] GC(60) User=0.00s Sys=0.00s Real=0.00s
[2020-10-28T10:47:01.668+0800][1.475s][14104][6784 ][info][gc,task        ] GC(61) Using 6 workers of 8 for full compaction
[2020-10-28T10:47:01.668+0800][1.475s][14104][6784 ][info][gc,start       ] GC(61) Pause Full (G1 Evacuation Pause)
[2020-10-28T10:47:01.669+0800][1.476s][14104][6784 ][info][gc,phases,start] GC(61) Phase 1: Mark live objects
[2020-10-28T10:47:01.671+0800][1.478s][14104][6784 ][info][gc,stringtable ] GC(61) Cleaned string and symbol table, strings: 6187 processed, 0 removed, symbols: 52175 processed, 0 removed
[2020-10-28T10:47:01.671+0800][1.478s][14104][6784 ][info][gc,phases      ] GC(61) Phase 1: Mark live objects 2.525ms
[2020-10-28T10:47:01.671+0800][1.478s][14104][6784 ][info][gc,phases,start] GC(61) Phase 2: Prepare for compaction
[2020-10-28T10:47:01.672+0800][1.479s][14104][6784 ][info][gc,phases      ] GC(61) Phase 2: Prepare for compaction 0.510ms
[2020-10-28T10:47:01.672+0800][1.479s][14104][6784 ][info][gc,phases,start] GC(61) Phase 3: Adjust pointers
[2020-10-28T10:47:01.673+0800][1.480s][14104][6784 ][info][gc,phases      ] GC(61) Phase 3: Adjust pointers 1.474ms
[2020-10-28T10:47:01.673+0800][1.480s][14104][6784 ][info][gc,phases,start] GC(61) Phase 4: Compact heap
[2020-10-28T10:47:01.687+0800][1.495s][14104][6784 ][info][gc,phases      ] GC(61) Phase 4: Compact heap 14.284ms
[2020-10-28T10:47:01.689+0800][1.496s][14104][6784 ][info][gc,heap        ] GC(61) Eden regions: 0->0(12)
[2020-10-28T10:47:01.689+0800][1.496s][14104][6784 ][info][gc,heap        ] GC(61) Survivor regions: 0->0(2)
[2020-10-28T10:47:01.689+0800][1.497s][14104][6784 ][info][gc,heap        ] GC(61) Old regions: 145->141
[2020-10-28T10:47:01.689+0800][1.497s][14104][6784 ][info][gc,heap        ] GC(61) Humongous regions: 111->111
[2020-10-28T10:47:01.689+0800][1.497s][14104][6784 ][info][gc,metaspace   ] GC(61) Metaspace: 16382K->16382K(1064960K)
[2020-10-28T10:47:01.689+0800][1.497s][14104][6784 ][info][gc             ] GC(61) Pause Full (G1 Evacuation Pause) 237M->236M(256M) 21.199ms
[2020-10-28T10:47:01.690+0800][1.497s][14104][6784 ][info][gc,cpu         ] GC(61) User=0.11s Sys=0.00s Real=0.02s
[2020-10-28T10:47:01.690+0800][1.497s][14104][12216][info][gc,marking     ] GC(58) Concurrent Mark From Roots 25.530ms
[2020-10-28T10:47:01.690+0800][1.497s][14104][12216][info][gc,marking     ] GC(58) Concurrent Mark Abort
[2020-10-28T10:47:01.690+0800][1.497s][14104][12216][info][gc             ] GC(58) Concurrent Cycle 26.277ms
[2020-10-28T10:47:01.691+0800][1.498s][14104][6784 ][info][gc,start       ] GC(62) Pause Young (Concurrent Start) (G1 Humongous Allocation)
[2020-10-28T10:47:01.691+0800][1.498s][14104][6784 ][info][gc,task        ] GC(62) Using 6 workers of 8 for evacuation
[2020-10-28T10:47:01.691+0800][1.498s][14104][6784 ][info][gc,phases      ] GC(62)   Pre Evacuate Collection Set: 0.0ms
[2020-10-28T10:47:01.691+0800][1.498s][14104][6784 ][info][gc,phases      ] GC(62)   Evacuate Collection Set: 0.2ms
[2020-10-28T10:47:01.691+0800][1.498s][14104][6784 ][info][gc,phases      ] GC(62)   Post Evacuate Collection Set: 0.1ms
[2020-10-28T10:47:01.691+0800][1.498s][14104][6784 ][info][gc,phases      ] GC(62)   Other: 0.1ms
[2020-10-28T10:47:01.691+0800][1.498s][14104][6784 ][info][gc,heap        ] GC(62) Eden regions: 3->0(11)
[2020-10-28T10:47:01.691+0800][1.498s][14104][6784 ][info][gc,heap        ] GC(62) Survivor regions: 0->1(2)
[2020-10-28T10:47:01.691+0800][1.498s][14104][6784 ][info][gc,heap        ] GC(62) Old regions: 141->141
[2020-10-28T10:47:01.691+0800][1.498s][14104][6784 ][info][gc,heap        ] GC(62) Humongous regions: 111->111
[2020-10-28T10:47:01.691+0800][1.498s][14104][6784 ][info][gc,metaspace   ] GC(62) Metaspace: 16382K->16382K(1064960K)
[2020-10-28T10:47:01.691+0800][1.498s][14104][6784 ][info][gc             ] GC(62) Pause Young (Concurrent Start) (G1 Humongous Allocation) 239M->237M(256M) 0.701ms
[2020-10-28T10:47:01.692+0800][1.499s][14104][6784 ][info][gc,cpu         ] GC(62) User=0.00s Sys=0.00s Real=0.00s
[2020-10-28T10:47:01.692+0800][1.499s][14104][12216][info][gc             ] GC(63) Concurrent Cycle
[2020-10-28T10:47:01.692+0800][1.499s][14104][12216][info][gc,marking     ] GC(63) Concurrent Clear Claimed Marks
[2020-10-28T10:47:01.692+0800][1.499s][14104][12216][info][gc,marking     ] GC(63) Concurrent Clear Claimed Marks 0.049ms
[2020-10-28T10:47:01.692+0800][1.499s][14104][12216][info][gc,marking     ] GC(63) Concurrent Scan Root Regions
[2020-10-28T10:47:01.692+0800][1.499s][14104][12216][info][gc,marking     ] GC(63) Concurrent Scan Root Regions 0.078ms
[2020-10-28T10:47:01.692+0800][1.499s][14104][6784 ][info][gc,start       ] GC(64) Pause Young (Normal) (G1 Humongous Allocation)
[2020-10-28T10:47:01.692+0800][1.499s][14104][12216][info][gc,marking     ] GC(63) Concurrent Mark (1.499s)
[2020-10-28T10:47:01.692+0800][1.499s][14104][6784 ][info][gc,task        ] GC(64) Using 6 workers of 8 for evacuation
[2020-10-28T10:47:01.692+0800][1.499s][14104][12216][info][gc,marking     ] GC(63) Concurrent Mark From Roots
[2020-10-28T10:47:01.692+0800][1.499s][14104][12216][info][gc,task        ] GC(63) Using 2 workers of 2 for marking
[2020-10-28T10:47:01.693+0800][1.500s][14104][6784 ][info][gc             ] GC(64) To-space exhausted
[2020-10-28T10:47:01.693+0800][1.500s][14104][6784 ][info][gc,phases      ] GC(64)   Pre Evacuate Collection Set: 0.1ms
[2020-10-28T10:47:01.693+0800][1.500s][14104][6784 ][info][gc,phases      ] GC(64)   Evacuate Collection Set: 0.1ms
[2020-10-28T10:47:01.693+0800][1.500s][14104][6784 ][info][gc,phases      ] GC(64)   Post Evacuate Collection Set: 0.3ms
[2020-10-28T10:47:01.693+0800][1.500s][14104][6784 ][info][gc,phases      ] GC(64)   Other: 0.4ms
[2020-10-28T10:47:01.693+0800][1.500s][14104][6784 ][info][gc,heap        ] GC(64) Eden regions: 2->0(12)
[2020-10-28T10:47:01.693+0800][1.500s][14104][6784 ][info][gc,heap        ] GC(64) Survivor regions: 1->0(2)
[2020-10-28T10:47:01.693+0800][1.500s][14104][6784 ][info][gc,heap        ] GC(64) Old regions: 141->143
[2020-10-28T10:47:01.693+0800][1.500s][14104][6784 ][info][gc,heap        ] GC(64) Humongous regions: 112->111
[2020-10-28T10:47:01.693+0800][1.500s][14104][6784 ][info][gc,metaspace   ] GC(64) Metaspace: 16382K->16382K(1064960K)
[2020-10-28T10:47:01.693+0800][1.500s][14104][6784 ][info][gc             ] GC(64) Pause Young (Normal) (G1 Humongous Allocation) 239M->238M(256M) 1.046ms
[2020-10-28T10:47:01.694+0800][1.501s][14104][6784 ][info][gc,cpu         ] GC(64) User=0.00s Sys=0.00s Real=0.00s
[2020-10-28T10:47:01.694+0800][1.501s][14104][6784 ][info][gc,start       ] GC(65) Pause Young (Normal) (G1 Evacuation Pause)
[2020-10-28T10:47:01.694+0800][1.501s][14104][6784 ][info][gc,task        ] GC(65) Using 6 workers of 8 for evacuation
[2020-10-28T10:47:01.694+0800][1.501s][14104][6784 ][info][gc             ] GC(65) To-space exhausted
[2020-10-28T10:47:01.694+0800][1.502s][14104][6784 ][info][gc,phases      ] GC(65)   Pre Evacuate Collection Set: 0.0ms
[2020-10-28T10:47:01.694+0800][1.502s][14104][6784 ][info][gc,phases      ] GC(65)   Evacuate Collection Set: 0.1ms
[2020-10-28T10:47:01.694+0800][1.502s][14104][6784 ][info][gc,phases      ] GC(65)   Post Evacuate Collection Set: 0.1ms
[2020-10-28T10:47:01.695+0800][1.502s][14104][6784 ][info][gc,phases      ] GC(65)   Other: 0.4ms
[2020-10-28T10:47:01.695+0800][1.502s][14104][6784 ][info][gc,heap        ] GC(65) Eden regions: 1->0(12)
[2020-10-28T10:47:01.695+0800][1.502s][14104][6784 ][info][gc,heap        ] GC(65) Survivor regions: 0->0(2)
[2020-10-28T10:47:01.695+0800][1.502s][14104][6784 ][info][gc,heap        ] GC(65) Old regions: 143->144
[2020-10-28T10:47:01.695+0800][1.502s][14104][6784 ][info][gc,heap        ] GC(65) Humongous regions: 112->112
[2020-10-28T10:47:01.695+0800][1.502s][14104][6784 ][info][gc,metaspace   ] GC(65) Metaspace: 16382K->16382K(1064960K)
[2020-10-28T10:47:01.695+0800][1.502s][14104][6784 ][info][gc             ] GC(65) Pause Young (Normal) (G1 Evacuation Pause) 240M->240M(256M) 0.809ms
[2020-10-28T10:47:01.695+0800][1.502s][14104][6784 ][info][gc,cpu         ] GC(65) User=0.00s Sys=0.00s Real=0.00s
[2020-10-28T10:47:01.695+0800][1.502s][14104][6784 ][info][gc,task        ] GC(66) Using 6 workers of 8 for full compaction
[2020-10-28T10:47:01.695+0800][1.502s][14104][6784 ][info][gc,start       ] GC(66) Pause Full (G1 Evacuation Pause)
[2020-10-28T10:47:01.695+0800][1.503s][14104][6784 ][info][gc,phases,start] GC(66) Phase 1: Mark live objects
[2020-10-28T10:47:01.701+0800][1.508s][14104][6784 ][info][gc,stringtable ] GC(66) Cleaned string and symbol table, strings: 6187 processed, 0 removed, symbols: 52175 processed, 0 removed
[2020-10-28T10:47:01.701+0800][1.508s][14104][6784 ][info][gc,phases      ] GC(66) Phase 1: Mark live objects 5.706ms
[2020-10-28T10:47:01.701+0800][1.508s][14104][6784 ][info][gc,phases,start] GC(66) Phase 2: Prepare for compaction
[2020-10-28T10:47:01.702+0800][1.509s][14104][6784 ][info][gc,phases      ] GC(66) Phase 2: Prepare for compaction 0.931ms
[2020-10-28T10:47:01.702+0800][1.509s][14104][6784 ][info][gc,phases,start] GC(66) Phase 3: Adjust pointers
[2020-10-28T10:47:01.705+0800][1.513s][14104][6784 ][info][gc,phases      ] GC(66) Phase 3: Adjust pointers 3.028ms
[2020-10-28T10:47:01.706+0800][1.513s][14104][6784 ][info][gc,phases,start] GC(66) Phase 4: Compact heap
[2020-10-28T10:47:01.724+0800][1.531s][14104][6784 ][info][gc,phases      ] GC(66) Phase 4: Compact heap 18.671ms
[2020-10-28T10:47:01.725+0800][1.532s][14104][6784 ][info][gc,heap        ] GC(66) Eden regions: 0->0(12)
[2020-10-28T10:47:01.725+0800][1.532s][14104][6784 ][info][gc,heap        ] GC(66) Survivor regions: 0->0(2)
[2020-10-28T10:47:01.725+0800][1.532s][14104][6784 ][info][gc,heap        ] GC(66) Old regions: 144->141
[2020-10-28T10:47:01.725+0800][1.532s][14104][6784 ][info][gc,heap        ] GC(66) Humongous regions: 112->112
[2020-10-28T10:47:01.725+0800][1.532s][14104][6784 ][info][gc,metaspace   ] GC(66) Metaspace: 16382K->16382K(1064960K)
[2020-10-28T10:47:01.725+0800][1.532s][14104][6784 ][info][gc             ] GC(66) Pause Full (G1 Evacuation Pause) 240M->237M(256M) 30.218ms
[2020-10-28T10:47:01.726+0800][1.533s][14104][6784 ][info][gc,cpu         ] GC(66) User=0.14s Sys=0.00s Real=0.03s
[2020-10-28T10:47:01.726+0800][1.533s][14104][12216][info][gc,marking     ] GC(63) Concurrent Mark From Roots 33.780ms
[2020-10-28T10:47:01.726+0800][1.533s][14104][12216][info][gc,marking     ] GC(63) Concurrent Mark Abort
[2020-10-28T10:47:01.726+0800][1.533s][14104][12216][info][gc             ] GC(63) Concurrent Cycle 34.464ms
[2020-10-28T10:47:01.726+0800][1.533s][14104][6784 ][info][gc,start       ] GC(67) Pause Young (Concurrent Start) (G1 Humongous Allocation)
[2020-10-28T10:47:01.726+0800][1.533s][14104][6784 ][info][gc,task        ] GC(67) Using 6 workers of 8 for evacuation
[2020-10-28T10:47:01.727+0800][1.534s][14104][6784 ][info][gc             ] GC(67) To-space exhausted
[2020-10-28T10:47:01.727+0800][1.534s][14104][6784 ][info][gc,phases      ] GC(67)   Pre Evacuate Collection Set: 0.0ms
[2020-10-28T10:47:01.727+0800][1.534s][14104][6784 ][info][gc,phases      ] GC(67)   Evacuate Collection Set: 0.2ms
[2020-10-28T10:47:01.727+0800][1.534s][14104][6784 ][info][gc,phases      ] GC(67)   Post Evacuate Collection Set: 0.2ms
[2020-10-28T10:47:01.727+0800][1.534s][14104][6784 ][info][gc,phases      ] GC(67)   Other: 0.4ms
[2020-10-28T10:47:01.727+0800][1.534s][14104][6784 ][info][gc,heap        ] GC(67) Eden regions: 2->0(12)
[2020-10-28T10:47:01.727+0800][1.534s][14104][6784 ][info][gc,heap        ] GC(67) Survivor regions: 0->0(2)
[2020-10-28T10:47:01.727+0800][1.534s][14104][6784 ][info][gc,heap        ] GC(67) Old regions: 141->142
[2020-10-28T10:47:01.727+0800][1.534s][14104][6784 ][info][gc,heap        ] GC(67) Humongous regions: 113->112
[2020-10-28T10:47:01.727+0800][1.534s][14104][6784 ][info][gc,metaspace   ] GC(67) Metaspace: 16382K->16382K(1064960K)
[2020-10-28T10:47:01.727+0800][1.534s][14104][6784 ][info][gc             ] GC(67) Pause Young (Concurrent Start) (G1 Humongous Allocation) 240M->238M(256M) 1.018ms
[2020-10-28T10:47:01.728+0800][1.535s][14104][6784 ][info][gc,cpu         ] GC(67) User=0.00s Sys=0.00s Real=0.00s
[2020-10-28T10:47:01.728+0800][1.535s][14104][12216][info][gc             ] GC(68) Concurrent Cycle
[2020-10-28T10:47:01.728+0800][1.535s][14104][6784 ][info][gc,start       ] GC(69) Pause Young (Normal) (G1 Evacuation Pause)
[2020-10-28T10:47:01.728+0800][1.535s][14104][6784 ][info][gc,task        ] GC(69) Using 6 workers of 8 for evacuation
[2020-10-28T10:47:01.728+0800][1.535s][14104][12216][info][gc,marking     ] GC(68) Concurrent Clear Claimed Marks
[2020-10-28T10:47:01.728+0800][1.535s][14104][12216][info][gc,marking     ] GC(68) Concurrent Clear Claimed Marks 0.048ms
[2020-10-28T10:47:01.728+0800][1.535s][14104][12216][info][gc,marking     ] GC(68) Concurrent Scan Root Regions
[2020-10-28T10:47:01.728+0800][1.535s][14104][12216][info][gc,marking     ] GC(68) Concurrent Scan Root Regions 0.108ms
[2020-10-28T10:47:01.728+0800][1.535s][14104][12216][info][gc,marking     ] GC(68) Concurrent Mark (1.535s)
[2020-10-28T10:47:01.728+0800][1.535s][14104][12216][info][gc,marking     ] GC(68) Concurrent Mark From Roots
[2020-10-28T10:47:01.728+0800][1.535s][14104][6784 ][info][gc             ] GC(69) To-space exhausted
[2020-10-28T10:47:01.728+0800][1.535s][14104][12216][info][gc,task        ] GC(68) Using 2 workers of 2 for marking
[2020-10-28T10:47:01.729+0800][1.536s][14104][6784 ][info][gc,phases      ] GC(69)   Pre Evacuate Collection Set: 0.0ms
[2020-10-28T10:47:01.729+0800][1.536s][14104][6784 ][info][gc,phases      ] GC(69)   Evacuate Collection Set: 0.1ms
[2020-10-28T10:47:01.729+0800][1.536s][14104][6784 ][info][gc,phases      ] GC(69)   Post Evacuate Collection Set: 0.2ms
[2020-10-28T10:47:01.729+0800][1.536s][14104][6784 ][info][gc,phases      ] GC(69)   Other: 0.5ms
[2020-10-28T10:47:01.729+0800][1.536s][14104][6784 ][info][gc,heap        ] GC(69) Eden regions: 1->0(12)
[2020-10-28T10:47:01.729+0800][1.536s][14104][6784 ][info][gc,heap        ] GC(69) Survivor regions: 0->0(2)
[2020-10-28T10:47:01.729+0800][1.536s][14104][6784 ][info][gc,heap        ] GC(69) Old regions: 142->143
[2020-10-28T10:47:01.729+0800][1.536s][14104][6784 ][info][gc,heap        ] GC(69) Humongous regions: 113->112
[2020-10-28T10:47:01.729+0800][1.536s][14104][6784 ][info][gc,metaspace   ] GC(69) Metaspace: 16382K->16382K(1064960K)
[2020-10-28T10:47:01.729+0800][1.536s][14104][6784 ][info][gc             ] GC(69) Pause Young (Normal) (G1 Evacuation Pause) 240M->239M(256M) 1.010ms
[2020-10-28T10:47:01.729+0800][1.536s][14104][6784 ][info][gc,cpu         ] GC(69) User=0.00s Sys=0.00s Real=0.00s
[2020-10-28T10:47:01.729+0800][1.537s][14104][6784 ][info][gc,start       ] GC(70) Pause Young (Normal) (G1 Evacuation Pause)
[2020-10-28T10:47:01.730+0800][1.537s][14104][6784 ][info][gc,task        ] GC(70) Using 6 workers of 8 for evacuation
[2020-10-28T10:47:01.730+0800][1.537s][14104][6784 ][info][gc             ] GC(70) To-space exhausted
[2020-10-28T10:47:01.730+0800][1.537s][14104][6784 ][info][gc,phases      ] GC(70)   Pre Evacuate Collection Set: 0.0ms
[2020-10-28T10:47:01.730+0800][1.537s][14104][6784 ][info][gc,phases      ] GC(70)   Evacuate Collection Set: 0.1ms
[2020-10-28T10:47:01.730+0800][1.537s][14104][6784 ][info][gc,phases      ] GC(70)   Post Evacuate Collection Set: 0.2ms
[2020-10-28T10:47:01.730+0800][1.537s][14104][6784 ][info][gc,phases      ] GC(70)   Other: 0.5ms
[2020-10-28T10:47:01.730+0800][1.537s][14104][6784 ][info][gc,heap        ] GC(70) Eden regions: 1->0(12)
[2020-10-28T10:47:01.730+0800][1.538s][14104][6784 ][info][gc,heap        ] GC(70) Survivor regions: 0->0(2)
[2020-10-28T10:47:01.730+0800][1.538s][14104][6784 ][info][gc,heap        ] GC(70) Old regions: 143->144
[2020-10-28T10:47:01.730+0800][1.538s][14104][6784 ][info][gc,heap        ] GC(70) Humongous regions: 112->112
[2020-10-28T10:47:01.731+0800][1.538s][14104][6784 ][info][gc,metaspace   ] GC(70) Metaspace: 16382K->16382K(1064960K)
[2020-10-28T10:47:01.731+0800][1.538s][14104][6784 ][info][gc             ] GC(70) Pause Young (Normal) (G1 Evacuation Pause) 240M->240M(256M) 1.241ms
[2020-10-28T10:47:01.732+0800][1.539s][14104][6784 ][info][gc,cpu         ] GC(70) User=0.00s Sys=0.00s Real=0.00s
[2020-10-28T10:47:01.732+0800][1.540s][14104][6784 ][info][gc,task        ] GC(71) Using 6 workers of 8 for full compaction
[2020-10-28T10:47:01.733+0800][1.540s][14104][6784 ][info][gc,start       ] GC(71) Pause Full (G1 Evacuation Pause)
[2020-10-28T10:47:01.734+0800][1.541s][14104][6784 ][info][gc,phases,start] GC(71) Phase 1: Mark live objects
[2020-10-28T10:47:01.740+0800][1.547s][14104][6784 ][info][gc,stringtable ] GC(71) Cleaned string and symbol table, strings: 6187 processed, 0 removed, symbols: 52175 processed, 0 removed
[2020-10-28T10:47:01.740+0800][1.547s][14104][6784 ][info][gc,phases      ] GC(71) Phase 1: Mark live objects 5.458ms
[2020-10-28T10:47:01.740+0800][1.547s][14104][6784 ][info][gc,phases,start] GC(71) Phase 2: Prepare for compaction
[2020-10-28T10:47:01.740+0800][1.547s][14104][6784 ][info][gc,phases      ] GC(71) Phase 2: Prepare for compaction 0.509ms
[2020-10-28T10:47:01.740+0800][1.547s][14104][6784 ][info][gc,phases,start] GC(71) Phase 3: Adjust pointers
[2020-10-28T10:47:01.742+0800][1.549s][14104][6784 ][info][gc,phases      ] GC(71) Phase 3: Adjust pointers 1.775ms
[2020-10-28T10:47:01.742+0800][1.549s][14104][6784 ][info][gc,phases,start] GC(71) Phase 4: Compact heap
[2020-10-28T10:47:01.747+0800][1.554s][14104][6784 ][info][gc,phases      ] GC(71) Phase 4: Compact heap 4.381ms
[2020-10-28T10:47:01.750+0800][1.557s][14104][6784 ][info][gc,heap        ] GC(71) Eden regions: 0->0(12)
[2020-10-28T10:47:01.750+0800][1.557s][14104][6784 ][info][gc,heap        ] GC(71) Survivor regions: 0->0(2)
[2020-10-28T10:47:01.750+0800][1.557s][14104][6784 ][info][gc,heap        ] GC(71) Old regions: 144->141
[2020-10-28T10:47:01.750+0800][1.558s][14104][6784 ][info][gc,heap        ] GC(71) Humongous regions: 112->112
[2020-10-28T10:47:01.750+0800][1.558s][14104][6784 ][info][gc,metaspace   ] GC(71) Metaspace: 16382K->16382K(1064960K)
[2020-10-28T10:47:01.751+0800][1.558s][14104][6784 ][info][gc             ] GC(71) Pause Full (G1 Evacuation Pause) 240M->238M(256M) 17.805ms
[2020-10-28T10:47:01.752+0800][1.559s][14104][6784 ][info][gc,cpu         ] GC(71) User=0.02s Sys=0.02s Real=0.02s
[2020-10-28T10:47:01.752+0800][1.559s][14104][12216][info][gc,marking     ] GC(68) Concurrent Mark From Roots 23.449ms
[2020-10-28T10:47:01.752+0800][1.559s][14104][12216][info][gc,marking     ] GC(68) Concurrent Mark Abort
[2020-10-28T10:47:01.752+0800][1.559s][14104][12216][info][gc             ] GC(68) Concurrent Cycle 24.171ms
[2020-10-28T10:47:01.752+0800][1.559s][14104][6784 ][info][gc,start       ] GC(72) Pause Young (Concurrent Start) (G1 Humongous Allocation)
[2020-10-28T10:47:01.752+0800][1.559s][14104][6784 ][info][gc,task        ] GC(72) Using 6 workers of 8 for evacuation
[2020-10-28T10:47:01.753+0800][1.561s][14104][6784 ][info][gc,phases      ] GC(72)   Pre Evacuate Collection Set: 0.1ms
[2020-10-28T10:47:01.754+0800][1.561s][14104][6784 ][info][gc,phases      ] GC(72)   Evacuate Collection Set: 0.8ms
[2020-10-28T10:47:01.754+0800][1.561s][14104][6784 ][info][gc,phases      ] GC(72)   Post Evacuate Collection Set: 0.3ms
[2020-10-28T10:47:01.754+0800][1.561s][14104][6784 ][info][gc,phases      ] GC(72)   Other: 0.3ms
[2020-10-28T10:47:01.754+0800][1.561s][14104][6784 ][info][gc,heap        ] GC(72) Eden regions: 1->0(11)
[2020-10-28T10:47:01.754+0800][1.561s][14104][6784 ][info][gc,heap        ] GC(72) Survivor regions: 0->1(2)
[2020-10-28T10:47:01.754+0800][1.561s][14104][6784 ][info][gc,heap        ] GC(72) Old regions: 141->141
[2020-10-28T10:47:01.754+0800][1.561s][14104][6784 ][info][gc,heap        ] GC(72) Humongous regions: 112->112
[2020-10-28T10:47:01.754+0800][1.561s][14104][6784 ][info][gc,metaspace   ] GC(72) Metaspace: 16382K->16382K(1064960K)
[2020-10-28T10:47:01.754+0800][1.561s][14104][6784 ][info][gc             ] GC(72) Pause Young (Concurrent Start) (G1 Humongous Allocation) 239M->239M(256M) 1.883ms
[2020-10-28T10:47:01.754+0800][1.561s][14104][6784 ][info][gc,cpu         ] GC(72) User=0.00s Sys=0.00s Real=0.00s
[2020-10-28T10:47:01.754+0800][1.561s][14104][12216][info][gc             ] GC(73) Concurrent Cycle
[2020-10-28T10:47:01.755+0800][1.562s][14104][12216][info][gc,marking     ] GC(73) Concurrent Clear Claimed Marks
[2020-10-28T10:47:01.755+0800][1.562s][14104][12216][info][gc,marking     ] GC(73) Concurrent Clear Claimed Marks 0.042ms
[2020-10-28T10:47:01.755+0800][1.562s][14104][12216][info][gc,marking     ] GC(73) Concurrent Scan Root Regions
[2020-10-28T10:47:01.755+0800][1.562s][14104][12216][info][gc,marking     ] GC(73) Concurrent Scan Root Regions 0.041ms
[2020-10-28T10:47:01.755+0800][1.562s][14104][6784 ][info][gc,start       ] GC(74) Pause Young (Normal) (G1 Evacuation Pause)
[2020-10-28T10:47:01.755+0800][1.562s][14104][12216][info][gc,marking     ] GC(73) Concurrent Mark (1.562s)
[2020-10-28T10:47:01.755+0800][1.562s][14104][6784 ][info][gc,task        ] GC(74) Using 6 workers of 8 for evacuation
[2020-10-28T10:47:01.755+0800][1.562s][14104][12216][info][gc,marking     ] GC(73) Concurrent Mark From Roots
[2020-10-28T10:47:01.755+0800][1.562s][14104][12216][info][gc,task        ] GC(73) Using 2 workers of 2 for marking
[2020-10-28T10:47:01.755+0800][1.562s][14104][6784 ][info][gc             ] GC(74) To-space exhausted
[2020-10-28T10:47:01.755+0800][1.562s][14104][6784 ][info][gc,phases      ] GC(74)   Pre Evacuate Collection Set: 0.2ms
[2020-10-28T10:47:01.755+0800][1.562s][14104][6784 ][info][gc,phases      ] GC(74)   Evacuate Collection Set: 0.1ms
[2020-10-28T10:47:01.755+0800][1.562s][14104][6784 ][info][gc,phases      ] GC(74)   Post Evacuate Collection Set: 0.1ms
[2020-10-28T10:47:01.755+0800][1.563s][14104][6784 ][info][gc,phases      ] GC(74)   Other: 0.4ms
[2020-10-28T10:47:01.755+0800][1.563s][14104][6784 ][info][gc,heap        ] GC(74) Eden regions: 1->0(12)
[2020-10-28T10:47:01.755+0800][1.563s][14104][6784 ][info][gc,heap        ] GC(74) Survivor regions: 1->0(2)
[2020-10-28T10:47:01.755+0800][1.563s][14104][6784 ][info][gc,heap        ] GC(74) Old regions: 141->143
[2020-10-28T10:47:01.755+0800][1.563s][14104][6784 ][info][gc,heap        ] GC(74) Humongous regions: 113->113
[2020-10-28T10:47:01.755+0800][1.563s][14104][6784 ][info][gc,metaspace   ] GC(74) Metaspace: 16382K->16382K(1064960K)
[2020-10-28T10:47:01.756+0800][1.563s][14104][6784 ][info][gc             ] GC(74) Pause Young (Normal) (G1 Evacuation Pause) 240M->240M(256M) 0.879ms
[2020-10-28T10:47:01.756+0800][1.563s][14104][6784 ][info][gc,cpu         ] GC(74) User=0.00s Sys=0.00s Real=0.00s
[2020-10-28T10:47:01.756+0800][1.563s][14104][6784 ][info][gc,task        ] GC(75) Using 6 workers of 8 for full compaction
[2020-10-28T10:47:01.756+0800][1.563s][14104][6784 ][info][gc,start       ] GC(75) Pause Full (G1 Evacuation Pause)
[2020-10-28T10:47:01.756+0800][1.563s][14104][6784 ][info][gc,phases,start] GC(75) Phase 1: Mark live objects
[2020-10-28T10:47:01.759+0800][1.566s][14104][6784 ][info][gc,stringtable ] GC(75) Cleaned string and symbol table, strings: 6187 processed, 0 removed, symbols: 52175 processed, 0 removed
[2020-10-28T10:47:01.759+0800][1.566s][14104][6784 ][info][gc,phases      ] GC(75) Phase 1: Mark live objects 2.577ms
[2020-10-28T10:47:01.759+0800][1.566s][14104][6784 ][info][gc,phases,start] GC(75) Phase 2: Prepare for compaction
[2020-10-28T10:47:01.759+0800][1.567s][14104][6784 ][info][gc,phases      ] GC(75) Phase 2: Prepare for compaction 0.591ms
[2020-10-28T10:47:01.759+0800][1.567s][14104][6784 ][info][gc,phases,start] GC(75) Phase 3: Adjust pointers
[2020-10-28T10:47:01.761+0800][1.568s][14104][6784 ][info][gc,phases      ] GC(75) Phase 3: Adjust pointers 1.425ms
[2020-10-28T10:47:01.761+0800][1.568s][14104][6784 ][info][gc,phases,start] GC(75) Phase 4: Compact heap
[2020-10-28T10:47:01.780+0800][1.587s][14104][6784 ][info][gc,phases      ] GC(75) Phase 4: Compact heap 18.962ms
[2020-10-28T10:47:01.783+0800][1.590s][14104][6784 ][info][gc,heap        ] GC(75) Eden regions: 0->0(12)
[2020-10-28T10:47:01.783+0800][1.590s][14104][6784 ][info][gc,heap        ] GC(75) Survivor regions: 0->0(2)
[2020-10-28T10:47:01.783+0800][1.590s][14104][6784 ][info][gc,heap        ] GC(75) Old regions: 143->140
[2020-10-28T10:47:01.783+0800][1.590s][14104][6784 ][info][gc,heap        ] GC(75) Humongous regions: 113->113
[2020-10-28T10:47:01.783+0800][1.590s][14104][6784 ][info][gc,metaspace   ] GC(75) Metaspace: 16382K->16382K(1064960K)
[2020-10-28T10:47:01.783+0800][1.590s][14104][6784 ][info][gc             ] GC(75) Pause Full (G1 Evacuation Pause) 240M->239M(256M) 27.114ms
[2020-10-28T10:47:01.784+0800][1.591s][14104][6784 ][info][gc,cpu         ] GC(75) User=0.06s Sys=0.00s Real=0.03s
[2020-10-28T10:47:01.784+0800][1.592s][14104][12216][info][gc,marking     ] GC(73) Concurrent Mark From Roots 29.739ms
[2020-10-28T10:47:01.785+0800][1.592s][14104][12216][info][gc,marking     ] GC(73) Concurrent Mark Abort
[2020-10-28T10:47:01.785+0800][1.592s][14104][12216][info][gc             ] GC(73) Concurrent Cycle 30.381ms
[2020-10-28T10:47:01.786+0800][1.593s][14104][6784 ][info][gc,start       ] GC(76) Pause Young (Normal) (G1 Evacuation Pause)
[2020-10-28T10:47:01.786+0800][1.593s][14104][6784 ][info][gc,task        ] GC(76) Using 6 workers of 8 for evacuation
[2020-10-28T10:47:01.787+0800][1.594s][14104][6784 ][info][gc             ] GC(76) To-space exhausted
[2020-10-28T10:47:01.787+0800][1.594s][14104][6784 ][info][gc,phases      ] GC(76)   Pre Evacuate Collection Set: 0.1ms
[2020-10-28T10:47:01.787+0800][1.594s][14104][6784 ][info][gc,phases      ] GC(76)   Evacuate Collection Set: 0.3ms
[2020-10-28T10:47:01.787+0800][1.594s][14104][6784 ][info][gc,phases      ] GC(76)   Post Evacuate Collection Set: 0.4ms
[2020-10-28T10:47:01.787+0800][1.594s][14104][6784 ][info][gc,phases      ] GC(76)   Other: 0.8ms
[2020-10-28T10:47:01.787+0800][1.594s][14104][6784 ][info][gc,heap        ] GC(76) Eden regions: 3->0(12)
[2020-10-28T10:47:01.787+0800][1.594s][14104][6784 ][info][gc,heap        ] GC(76) Survivor regions: 0->0(2)
[2020-10-28T10:47:01.787+0800][1.594s][14104][6784 ][info][gc,heap        ] GC(76) Old regions: 140->143
[2020-10-28T10:47:01.787+0800][1.594s][14104][6784 ][info][gc,heap        ] GC(76) Humongous regions: 113->113
[2020-10-28T10:47:01.787+0800][1.594s][14104][6784 ][info][gc,metaspace   ] GC(76) Metaspace: 16382K->16382K(1064960K)
[2020-10-28T10:47:01.787+0800][1.594s][14104][6784 ][info][gc             ] GC(76) Pause Young (Normal) (G1 Evacuation Pause) 242M->242M(256M) 1.654ms
[2020-10-28T10:47:01.787+0800][1.595s][14104][6784 ][info][gc,cpu         ] GC(76) User=0.00s Sys=0.00s Real=0.00s
[2020-10-28T10:47:01.787+0800][1.595s][14104][6784 ][info][gc,task        ] GC(77) Using 6 workers of 8 for full compaction
[2020-10-28T10:47:01.788+0800][1.595s][14104][6784 ][info][gc,start       ] GC(77) Pause Full (G1 Evacuation Pause)
[2020-10-28T10:47:01.788+0800][1.595s][14104][6784 ][info][gc,phases,start] GC(77) Phase 1: Mark live objects
[2020-10-28T10:47:01.790+0800][1.597s][14104][6784 ][info][gc,stringtable ] GC(77) Cleaned string and symbol table, strings: 6187 processed, 0 removed, symbols: 52175 processed, 0 removed
[2020-10-28T10:47:01.790+0800][1.597s][14104][6784 ][info][gc,phases      ] GC(77) Phase 1: Mark live objects 2.507ms
[2020-10-28T10:47:01.790+0800][1.597s][14104][6784 ][info][gc,phases,start] GC(77) Phase 2: Prepare for compaction
[2020-10-28T10:47:01.791+0800][1.598s][14104][6784 ][info][gc,phases      ] GC(77) Phase 2: Prepare for compaction 0.618ms
[2020-10-28T10:47:01.791+0800][1.598s][14104][6784 ][info][gc,phases,start] GC(77) Phase 3: Adjust pointers
[2020-10-28T10:47:01.792+0800][1.599s][14104][6784 ][info][gc,phases      ] GC(77) Phase 3: Adjust pointers 1.393ms
[2020-10-28T10:47:01.792+0800][1.599s][14104][6784 ][info][gc,phases,start] GC(77) Phase 4: Compact heap
[2020-10-28T10:47:01.805+0800][1.612s][14104][6784 ][info][gc,phases      ] GC(77) Phase 4: Compact heap 12.268ms
[2020-10-28T10:47:01.807+0800][1.614s][14104][6784 ][info][gc,heap        ] GC(77) Eden regions: 0->0(12)
[2020-10-28T10:47:01.807+0800][1.614s][14104][6784 ][info][gc,heap        ] GC(77) Survivor regions: 0->0(2)
[2020-10-28T10:47:01.807+0800][1.614s][14104][6784 ][info][gc,heap        ] GC(77) Old regions: 143->141
[2020-10-28T10:47:01.807+0800][1.614s][14104][6784 ][info][gc,heap        ] GC(77) Humongous regions: 113->112
[2020-10-28T10:47:01.807+0800][1.614s][14104][6784 ][info][gc,metaspace   ] GC(77) Metaspace: 16382K->16382K(1064960K)
[2020-10-28T10:47:01.807+0800][1.614s][14104][6784 ][info][gc             ] GC(77) Pause Full (G1 Evacuation Pause) 242M->239M(256M) 19.685ms
[2020-10-28T10:47:01.808+0800][1.615s][14104][6784 ][info][gc,cpu         ] GC(77) User=0.03s Sys=0.00s Real=0.02s
[2020-10-28T10:47:01.808+0800][1.615s][14104][6784 ][info][gc,start       ] GC(78) Pause Young (Concurrent Start) (G1 Humongous Allocation)
[2020-10-28T10:47:01.808+0800][1.615s][14104][6784 ][info][gc,task        ] GC(78) Using 6 workers of 8 for evacuation
[2020-10-28T10:47:01.808+0800][1.615s][14104][6784 ][info][gc,phases      ] GC(78)   Pre Evacuate Collection Set: 0.0ms
[2020-10-28T10:47:01.808+0800][1.616s][14104][6784 ][info][gc,phases      ] GC(78)   Evacuate Collection Set: 0.2ms
[2020-10-28T10:47:01.808+0800][1.616s][14104][6784 ][info][gc,phases      ] GC(78)   Post Evacuate Collection Set: 0.1ms
[2020-10-28T10:47:01.808+0800][1.616s][14104][6784 ][info][gc,phases      ] GC(78)   Other: 0.1ms
[2020-10-28T10:47:01.808+0800][1.616s][14104][6784 ][info][gc,heap        ] GC(78) Eden regions: 1->0(11)
[2020-10-28T10:47:01.808+0800][1.616s][14104][6784 ][info][gc,heap        ] GC(78) Survivor regions: 0->1(2)
[2020-10-28T10:47:01.809+0800][1.616s][14104][6784 ][info][gc,heap        ] GC(78) Old regions: 141->141
[2020-10-28T10:47:01.809+0800][1.616s][14104][6784 ][info][gc,heap        ] GC(78) Humongous regions: 112->112
[2020-10-28T10:47:01.809+0800][1.616s][14104][6784 ][info][gc,metaspace   ] GC(78) Metaspace: 16382K->16382K(1064960K)
[2020-10-28T10:47:01.809+0800][1.616s][14104][6784 ][info][gc             ] GC(78) Pause Young (Concurrent Start) (G1 Humongous Allocation) 239M->239M(256M) 0.662ms
[2020-10-28T10:47:01.809+0800][1.616s][14104][6784 ][info][gc,cpu         ] GC(78) User=0.00s Sys=0.00s Real=0.00s
[2020-10-28T10:47:01.809+0800][1.616s][14104][12216][info][gc             ] GC(79) Concurrent Cycle
[2020-10-28T10:47:01.809+0800][1.616s][14104][12216][info][gc,marking     ] GC(79) Concurrent Clear Claimed Marks
[2020-10-28T10:47:01.809+0800][1.616s][14104][12216][info][gc,marking     ] GC(79) Concurrent Clear Claimed Marks 0.063ms
[2020-10-28T10:47:01.809+0800][1.616s][14104][12216][info][gc,marking     ] GC(79) Concurrent Scan Root Regions
[2020-10-28T10:47:01.809+0800][1.617s][14104][12216][info][gc,marking     ] GC(79) Concurrent Scan Root Regions 0.063ms
[2020-10-28T10:47:01.809+0800][1.617s][14104][6784 ][info][gc,start       ] GC(80) Pause Young (Normal) (G1 Evacuation Pause)
[2020-10-28T10:47:01.809+0800][1.617s][14104][12216][info][gc,marking     ] GC(79) Concurrent Mark (1.617s)
[2020-10-28T10:47:01.809+0800][1.617s][14104][6784 ][info][gc,task        ] GC(80) Using 6 workers of 8 for evacuation
[2020-10-28T10:47:01.809+0800][1.617s][14104][12216][info][gc,marking     ] GC(79) Concurrent Mark From Roots
[2020-10-28T10:47:01.810+0800][1.617s][14104][12216][info][gc,task        ] GC(79) Using 2 workers of 2 for marking
[2020-10-28T10:47:01.810+0800][1.617s][14104][6784 ][info][gc             ] GC(80) To-space exhausted
[2020-10-28T10:47:01.810+0800][1.617s][14104][6784 ][info][gc,phases      ] GC(80)   Pre Evacuate Collection Set: 0.2ms
[2020-10-28T10:47:01.810+0800][1.617s][14104][6784 ][info][gc,phases      ] GC(80)   Evacuate Collection Set: 0.1ms
[2020-10-28T10:47:01.810+0800][1.617s][14104][6784 ][info][gc,phases      ] GC(80)   Post Evacuate Collection Set: 0.1ms
[2020-10-28T10:47:01.810+0800][1.617s][14104][6784 ][info][gc,phases      ] GC(80)   Other: 0.4ms
[2020-10-28T10:47:01.810+0800][1.617s][14104][6784 ][info][gc,heap        ] GC(80) Eden regions: 1->0(12)
[2020-10-28T10:47:01.810+0800][1.617s][14104][6784 ][info][gc,heap        ] GC(80) Survivor regions: 1->0(2)
[2020-10-28T10:47:01.810+0800][1.617s][14104][6784 ][info][gc,heap        ] GC(80) Old regions: 141->143
[2020-10-28T10:47:01.810+0800][1.617s][14104][6784 ][info][gc,heap        ] GC(80) Humongous regions: 113->113
[2020-10-28T10:47:01.810+0800][1.617s][14104][6784 ][info][gc,metaspace   ] GC(80) Metaspace: 16382K->16382K(1064960K)
[2020-10-28T10:47:01.810+0800][1.617s][14104][6784 ][info][gc             ] GC(80) Pause Young (Normal) (G1 Evacuation Pause) 241M->241M(256M) 0.893ms
[2020-10-28T10:47:01.811+0800][1.618s][14104][6784 ][info][gc,cpu         ] GC(80) User=0.00s Sys=0.00s Real=0.00s
[2020-10-28T10:47:01.811+0800][1.618s][14104][6784 ][info][gc,task        ] GC(81) Using 6 workers of 8 for full compaction
[2020-10-28T10:47:01.811+0800][1.618s][14104][6784 ][info][gc,start       ] GC(81) Pause Full (G1 Evacuation Pause)
[2020-10-28T10:47:01.811+0800][1.618s][14104][6784 ][info][gc,phases,start] GC(81) Phase 1: Mark live objects
[2020-10-28T10:47:01.817+0800][1.624s][14104][6784 ][info][gc,stringtable ] GC(81) Cleaned string and symbol table, strings: 6187 processed, 0 removed, symbols: 52175 processed, 0 removed
[2020-10-28T10:47:01.817+0800][1.624s][14104][6784 ][info][gc,phases      ] GC(81) Phase 1: Mark live objects 6.112ms
[2020-10-28T10:47:01.817+0800][1.625s][14104][6784 ][info][gc,phases,start] GC(81) Phase 2: Prepare for compaction
[2020-10-28T10:47:01.819+0800][1.626s][14104][6784 ][info][gc,phases      ] GC(81) Phase 2: Prepare for compaction 1.606ms
[2020-10-28T10:47:01.819+0800][1.626s][14104][6784 ][info][gc,phases,start] GC(81) Phase 3: Adjust pointers
[2020-10-28T10:47:01.821+0800][1.628s][14104][6784 ][info][gc,phases      ] GC(81) Phase 3: Adjust pointers 2.244ms
[2020-10-28T10:47:01.821+0800][1.629s][14104][6784 ][info][gc,phases,start] GC(81) Phase 4: Compact heap
[2020-10-28T10:47:01.825+0800][1.632s][14104][6784 ][info][gc,phases      ] GC(81) Phase 4: Compact heap 3.905ms
[2020-10-28T10:47:01.826+0800][1.634s][14104][6784 ][info][gc,heap        ] GC(81) Eden regions: 0->0(12)
[2020-10-28T10:47:01.827+0800][1.634s][14104][6784 ][info][gc,heap        ] GC(81) Survivor regions: 0->0(2)
[2020-10-28T10:47:01.827+0800][1.634s][14104][6784 ][info][gc,heap        ] GC(81) Old regions: 143->142
[2020-10-28T10:47:01.827+0800][1.634s][14104][6784 ][info][gc,heap        ] GC(81) Humongous regions: 113->113
[2020-10-28T10:47:01.827+0800][1.634s][14104][6784 ][info][gc,metaspace   ] GC(81) Metaspace: 16382K->16382K(1064960K)
[2020-10-28T10:47:01.827+0800][1.634s][14104][6784 ][info][gc             ] GC(81) Pause Full (G1 Evacuation Pause) 241M->241M(256M) 15.743ms
[2020-10-28T10:47:01.827+0800][1.634s][14104][6784 ][info][gc,cpu         ] GC(81) User=0.06s Sys=0.00s Real=0.02s
[2020-10-28T10:47:01.827+0800][1.634s][14104][12216][info][gc,marking     ] GC(79) Concurrent Mark From Roots 17.800ms
[2020-10-28T10:47:01.827+0800][1.634s][14104][12216][info][gc,marking     ] GC(79) Concurrent Mark Abort
[2020-10-28T10:47:01.827+0800][1.634s][14104][12216][info][gc             ] GC(79) Concurrent Cycle 18.438ms
[2020-10-28T10:47:01.828+0800][1.635s][14104][6784 ][info][gc,start       ] GC(82) Pause Young (Concurrent Start) (G1 Humongous Allocation)
[2020-10-28T10:47:01.828+0800][1.635s][14104][6784 ][info][gc,task        ] GC(82) Using 6 workers of 8 for evacuation
[2020-10-28T10:47:01.828+0800][1.635s][14104][6784 ][info][gc             ] GC(82) To-space exhausted
[2020-10-28T10:47:01.828+0800][1.636s][14104][6784 ][info][gc,phases      ] GC(82)   Pre Evacuate Collection Set: 0.0ms
[2020-10-28T10:47:01.829+0800][1.636s][14104][6784 ][info][gc,phases      ] GC(82)   Evacuate Collection Set: 0.2ms
[2020-10-28T10:47:01.829+0800][1.636s][14104][6784 ][info][gc,phases      ] GC(82)   Post Evacuate Collection Set: 0.2ms
[2020-10-28T10:47:01.829+0800][1.636s][14104][6784 ][info][gc,phases      ] GC(82)   Other: 0.5ms
[2020-10-28T10:47:01.829+0800][1.636s][14104][6784 ][info][gc,heap        ] GC(82) Eden regions: 1->0(12)
[2020-10-28T10:47:01.829+0800][1.636s][14104][6784 ][info][gc,heap        ] GC(82) Survivor regions: 0->0(2)
[2020-10-28T10:47:01.829+0800][1.636s][14104][6784 ][info][gc,heap        ] GC(82) Old regions: 142->143
[2020-10-28T10:47:01.829+0800][1.636s][14104][6784 ][info][gc,heap        ] GC(82) Humongous regions: 113->113
[2020-10-28T10:47:01.829+0800][1.636s][14104][6784 ][info][gc,metaspace   ] GC(82) Metaspace: 16382K->16382K(1064960K)
[2020-10-28T10:47:01.829+0800][1.636s][14104][6784 ][info][gc             ] GC(82) Pause Young (Concurrent Start) (G1 Humongous Allocation) 241M->241M(256M) 1.121ms
[2020-10-28T10:47:01.829+0800][1.636s][14104][6784 ][info][gc,cpu         ] GC(82) User=0.00s Sys=0.00s Real=0.00s
[2020-10-28T10:47:01.829+0800][1.636s][14104][12216][info][gc             ] GC(83) Concurrent Cycle
[2020-10-28T10:47:01.829+0800][1.636s][14104][6784 ][info][gc,start       ] GC(84) Pause Young (Normal) (G1 Humongous Allocation)
[2020-10-28T10:47:01.829+0800][1.636s][14104][6784 ][info][gc,task        ] GC(84) Using 6 workers of 8 for evacuation
[2020-10-28T10:47:01.830+0800][1.637s][14104][6784 ][info][gc,phases      ] GC(84)   Pre Evacuate Collection Set: 0.0ms
[2020-10-28T10:47:01.830+0800][1.637s][14104][12216][info][gc,marking     ] GC(83) Concurrent Clear Claimed Marks
[2020-10-28T10:47:01.830+0800][1.637s][14104][6784 ][info][gc,phases      ] GC(84)   Evacuate Collection Set: 0.3ms
[2020-10-28T10:47:01.830+0800][1.637s][14104][12216][info][gc,marking     ] GC(83) Concurrent Clear Claimed Marks 0.210ms
[2020-10-28T10:47:01.830+0800][1.637s][14104][6784 ][info][gc,phases      ] GC(84)   Post Evacuate Collection Set: 0.2ms
[2020-10-28T10:47:01.830+0800][1.637s][14104][12216][info][gc,marking     ] GC(83) Concurrent Scan Root Regions
[2020-10-28T10:47:01.830+0800][1.638s][14104][6784 ][info][gc,phases      ] GC(84)   Other: 0.2ms
[2020-10-28T10:47:01.830+0800][1.638s][14104][12216][info][gc,marking     ] GC(83) Concurrent Scan Root Regions 0.118ms
[2020-10-28T10:47:01.831+0800][1.638s][14104][6784 ][info][gc,heap        ] GC(84) Eden regions: 0->0(12)
[2020-10-28T10:47:01.831+0800][1.638s][14104][12216][info][gc,marking     ] GC(83) Concurrent Mark (1.638s)
[2020-10-28T10:47:01.831+0800][1.638s][14104][6784 ][info][gc,heap        ] GC(84) Survivor regions: 0->0(2)
[2020-10-28T10:47:01.831+0800][1.638s][14104][12216][info][gc,marking     ] GC(83) Concurrent Mark From Roots
[2020-10-28T10:47:01.831+0800][1.638s][14104][6784 ][info][gc,heap        ] GC(84) Old regions: 143->143
[2020-10-28T10:47:01.831+0800][1.638s][14104][12216][info][gc,task        ] GC(83) Using 2 workers of 2 for marking
[2020-10-28T10:47:01.831+0800][1.638s][14104][6784 ][info][gc,heap        ] GC(84) Humongous regions: 113->113
[2020-10-28T10:47:01.831+0800][1.638s][14104][6784 ][info][gc,metaspace   ] GC(84) Metaspace: 16382K->16382K(1064960K)
[2020-10-28T10:47:01.831+0800][1.638s][14104][6784 ][info][gc             ] GC(84) Pause Young (Normal) (G1 Humongous Allocation) 241M->241M(256M) 1.844ms
[2020-10-28T10:47:01.831+0800][1.639s][14104][6784 ][info][gc,cpu         ] GC(84) User=0.00s Sys=0.00s Real=0.00s
[2020-10-28T10:47:01.832+0800][1.639s][14104][6784 ][info][gc,task        ] GC(85) Using 6 workers of 8 for full compaction
[2020-10-28T10:47:01.832+0800][1.639s][14104][6784 ][info][gc,start       ] GC(85) Pause Full (G1 Humongous Allocation)
[2020-10-28T10:47:01.833+0800][1.640s][14104][6784 ][info][gc,phases,start] GC(85) Phase 1: Mark live objects
[2020-10-28T10:47:01.839+0800][1.646s][14104][6784 ][info][gc,stringtable ] GC(85) Cleaned string and symbol table, strings: 6187 processed, 0 removed, symbols: 52175 processed, 0 removed
[2020-10-28T10:47:01.839+0800][1.646s][14104][6784 ][info][gc,phases      ] GC(85) Phase 1: Mark live objects 5.770ms
[2020-10-28T10:47:01.839+0800][1.646s][14104][6784 ][info][gc,phases,start] GC(85) Phase 2: Prepare for compaction
[2020-10-28T10:47:01.839+0800][1.646s][14104][6784 ][info][gc,phases      ] GC(85) Phase 2: Prepare for compaction 0.493ms
[2020-10-28T10:47:01.839+0800][1.646s][14104][6784 ][info][gc,phases,start] GC(85) Phase 3: Adjust pointers
[2020-10-28T10:47:01.841+0800][1.648s][14104][6784 ][info][gc,phases      ] GC(85) Phase 3: Adjust pointers 1.490ms
[2020-10-28T10:47:01.841+0800][1.648s][14104][6784 ][info][gc,phases,start] GC(85) Phase 4: Compact heap
[2020-10-28T10:47:01.846+0800][1.653s][14104][6784 ][info][gc,phases      ] GC(85) Phase 4: Compact heap 4.974ms
[2020-10-28T10:47:01.850+0800][1.657s][14104][6784 ][info][gc,heap        ] GC(85) Eden regions: 0->0(12)
[2020-10-28T10:47:01.850+0800][1.657s][14104][6784 ][info][gc,heap        ] GC(85) Survivor regions: 0->0(2)
[2020-10-28T10:47:01.850+0800][1.657s][14104][6784 ][info][gc,heap        ] GC(85) Old regions: 143->142
[2020-10-28T10:47:01.850+0800][1.657s][14104][6784 ][info][gc,heap        ] GC(85) Humongous regions: 113->113
[2020-10-28T10:47:01.850+0800][1.657s][14104][6784 ][info][gc,metaspace   ] GC(85) Metaspace: 16382K->16382K(1064960K)
[2020-10-28T10:47:01.850+0800][1.657s][14104][6784 ][info][gc             ] GC(85) Pause Full (G1 Humongous Allocation) 241M->241M(256M) 18.165ms
[2020-10-28T10:47:01.851+0800][1.658s][14104][6784 ][info][gc,cpu         ] GC(85) User=0.03s Sys=0.00s Real=0.02s
[2020-10-28T10:47:01.852+0800][1.659s][14104][12216][info][gc,marking     ] GC(83) Concurrent Mark From Roots 20.799ms
[2020-10-28T10:47:01.852+0800][1.659s][14104][12216][info][gc,marking     ] GC(83) Concurrent Mark Abort
[2020-10-28T10:47:01.852+0800][1.659s][14104][12216][info][gc             ] GC(83) Concurrent Cycle 22.429ms
[2020-10-28T10:47:01.852+0800][1.659s][14104][6784 ][info][gc,start       ] GC(86) Pause Young (Normal) (G1 Evacuation Pause)
[2020-10-28T10:47:01.852+0800][1.659s][14104][6784 ][info][gc,task        ] GC(86) Using 6 workers of 8 for evacuation
[2020-10-28T10:47:01.852+0800][1.660s][14104][6784 ][info][gc,phases      ] GC(86)   Pre Evacuate Collection Set: 0.1ms
[2020-10-28T10:47:01.852+0800][1.660s][14104][6784 ][info][gc,phases      ] GC(86)   Evacuate Collection Set: 0.2ms
[2020-10-28T10:47:01.852+0800][1.660s][14104][6784 ][info][gc,phases      ] GC(86)   Post Evacuate Collection Set: 0.3ms
[2020-10-28T10:47:01.852+0800][1.660s][14104][6784 ][info][gc,phases      ] GC(86)   Other: 0.2ms
[2020-10-28T10:47:01.853+0800][1.660s][14104][6784 ][info][gc,heap        ] GC(86) Eden regions: 0->0(12)
[2020-10-28T10:47:01.853+0800][1.660s][14104][6784 ][info][gc,heap        ] GC(86) Survivor regions: 0->0(2)
[2020-10-28T10:47:01.853+0800][1.660s][14104][6784 ][info][gc,heap        ] GC(86) Old regions: 142->142
[2020-10-28T10:47:01.853+0800][1.660s][14104][6784 ][info][gc,heap        ] GC(86) Humongous regions: 114->114
[2020-10-28T10:47:01.853+0800][1.660s][14104][6784 ][info][gc,metaspace   ] GC(86) Metaspace: 16382K->16382K(1064960K)
[2020-10-28T10:47:01.853+0800][1.660s][14104][6784 ][info][gc             ] GC(86) Pause Young (Normal) (G1 Evacuation Pause) 242M->242M(256M) 1.005ms
[2020-10-28T10:47:01.853+0800][1.660s][14104][6784 ][info][gc,cpu         ] GC(86) User=0.00s Sys=0.00s Real=0.00s
[2020-10-28T10:47:01.853+0800][1.660s][14104][6784 ][info][gc,task        ] GC(87) Using 6 workers of 8 for full compaction
[2020-10-28T10:47:01.854+0800][1.661s][14104][6784 ][info][gc,start       ] GC(87) Pause Full (G1 Evacuation Pause)
[2020-10-28T10:47:01.854+0800][1.661s][14104][6784 ][info][gc,phases,start] GC(87) Phase 1: Mark live objects
[2020-10-28T10:47:01.856+0800][1.663s][14104][6784 ][info][gc,stringtable ] GC(87) Cleaned string and symbol table, strings: 6187 processed, 0 removed, symbols: 52175 processed, 0 removed
[2020-10-28T10:47:01.856+0800][1.663s][14104][6784 ][info][gc,phases      ] GC(87) Phase 1: Mark live objects 2.368ms
[2020-10-28T10:47:01.856+0800][1.663s][14104][6784 ][info][gc,phases,start] GC(87) Phase 2: Prepare for compaction
[2020-10-28T10:47:01.857+0800][1.664s][14104][6784 ][info][gc,phases      ] GC(87) Phase 2: Prepare for compaction 0.508ms
[2020-10-28T10:47:01.857+0800][1.664s][14104][6784 ][info][gc,phases,start] GC(87) Phase 3: Adjust pointers
[2020-10-28T10:47:01.858+0800][1.665s][14104][6784 ][info][gc,phases      ] GC(87) Phase 3: Adjust pointers 1.564ms
[2020-10-28T10:47:01.858+0800][1.665s][14104][6784 ][info][gc,phases,start] GC(87) Phase 4: Compact heap
[2020-10-28T10:47:01.861+0800][1.668s][14104][6784 ][info][gc,phases      ] GC(87) Phase 4: Compact heap 3.022ms
[2020-10-28T10:47:01.863+0800][1.670s][14104][6784 ][info][gc,heap        ] GC(87) Eden regions: 0->0(12)
[2020-10-28T10:47:01.863+0800][1.670s][14104][6784 ][info][gc,heap        ] GC(87) Survivor regions: 0->0(2)
[2020-10-28T10:47:01.863+0800][1.670s][14104][6784 ][info][gc,heap        ] GC(87) Old regions: 142->141
[2020-10-28T10:47:01.863+0800][1.670s][14104][6784 ][info][gc,heap        ] GC(87) Humongous regions: 114->114
[2020-10-28T10:47:01.863+0800][1.670s][14104][6784 ][info][gc,metaspace   ] GC(87) Metaspace: 16382K->16382K(1064960K)
[2020-10-28T10:47:01.863+0800][1.670s][14104][6784 ][info][gc             ] GC(87) Pause Full (G1 Evacuation Pause) 242M->241M(256M) 9.591ms
[2020-10-28T10:47:01.865+0800][1.672s][14104][6784 ][info][gc,cpu         ] GC(87) User=0.03s Sys=0.02s Real=0.01s
[2020-10-28T10:47:01.865+0800][1.672s][14104][6784 ][info][gc,start       ] GC(88) Pause Young (Concurrent Start) (G1 Humongous Allocation)
[2020-10-28T10:47:01.865+0800][1.672s][14104][6784 ][info][gc,task        ] GC(88) Using 6 workers of 8 for evacuation
[2020-10-28T10:47:01.868+0800][1.675s][14104][6784 ][info][gc             ] GC(88) To-space exhausted
[2020-10-28T10:47:01.869+0800][1.676s][14104][6784 ][info][gc,phases      ] GC(88)   Pre Evacuate Collection Set: 0.2ms
[2020-10-28T10:47:01.869+0800][1.676s][14104][6784 ][info][gc,phases      ] GC(88)   Evacuate Collection Set: 0.6ms
[2020-10-28T10:47:01.869+0800][1.676s][14104][6784 ][info][gc,phases      ] GC(88)   Post Evacuate Collection Set: 0.8ms
[2020-10-28T10:47:01.869+0800][1.676s][14104][6784 ][info][gc,phases      ] GC(88)   Other: 2.0ms
[2020-10-28T10:47:01.869+0800][1.676s][14104][6784 ][info][gc,heap        ] GC(88) Eden regions: 1->0(12)
[2020-10-28T10:47:01.869+0800][1.676s][14104][6784 ][info][gc,heap        ] GC(88) Survivor regions: 0->0(2)
[2020-10-28T10:47:01.869+0800][1.676s][14104][6784 ][info][gc,heap        ] GC(88) Old regions: 141->142
[2020-10-28T10:47:01.869+0800][1.676s][14104][6784 ][info][gc,heap        ] GC(88) Humongous regions: 114->114
[2020-10-28T10:47:01.869+0800][1.676s][14104][6784 ][info][gc,metaspace   ] GC(88) Metaspace: 16382K->16382K(1064960K)
[2020-10-28T10:47:01.869+0800][1.676s][14104][6784 ][info][gc             ] GC(88) Pause Young (Concurrent Start) (G1 Humongous Allocation) 242M->242M(256M) 3.972ms
[2020-10-28T10:47:01.869+0800][1.676s][14104][6784 ][info][gc,cpu         ] GC(88) User=0.00s Sys=0.00s Real=0.00s
[2020-10-28T10:47:01.869+0800][1.677s][14104][12216][info][gc             ] GC(89) Concurrent Cycle
[2020-10-28T10:47:01.870+0800][1.677s][14104][12216][info][gc,marking     ] GC(89) Concurrent Clear Claimed Marks
[2020-10-28T10:47:01.870+0800][1.677s][14104][12216][info][gc,marking     ] GC(89) Concurrent Clear Claimed Marks 0.048ms
[2020-10-28T10:47:01.870+0800][1.677s][14104][12216][info][gc,marking     ] GC(89) Concurrent Scan Root Regions
[2020-10-28T10:47:01.870+0800][1.677s][14104][12216][info][gc,marking     ] GC(89) Concurrent Scan Root Regions 0.019ms
[2020-10-28T10:47:01.870+0800][1.677s][14104][12216][info][gc,marking     ] GC(89) Concurrent Mark (1.677s)
[2020-10-28T10:47:01.870+0800][1.677s][14104][12216][info][gc,marking     ] GC(89) Concurrent Mark From Roots
[2020-10-28T10:47:01.870+0800][1.677s][14104][12216][info][gc,task        ] GC(89) Using 2 workers of 2 for marking
[2020-10-28T10:47:01.872+0800][1.679s][14104][6784 ][info][gc,start       ] GC(90) Pause Young (Normal) (G1 Humongous Allocation)
[2020-10-28T10:47:01.872+0800][1.679s][14104][6784 ][info][gc,task        ] GC(90) Using 6 workers of 8 for evacuation
[2020-10-28T10:47:01.872+0800][1.679s][14104][6784 ][info][gc,phases      ] GC(90)   Pre Evacuate Collection Set: 0.1ms
[2020-10-28T10:47:01.872+0800][1.679s][14104][6784 ][info][gc,phases      ] GC(90)   Evacuate Collection Set: 0.1ms
[2020-10-28T10:47:01.872+0800][1.679s][14104][6784 ][info][gc,phases      ] GC(90)   Post Evacuate Collection Set: 0.1ms
[2020-10-28T10:47:01.872+0800][1.679s][14104][6784 ][info][gc,phases      ] GC(90)   Other: 0.2ms
[2020-10-28T10:47:01.872+0800][1.679s][14104][6784 ][info][gc,heap        ] GC(90) Eden regions: 0->0(12)
[2020-10-28T10:47:01.872+0800][1.679s][14104][6784 ][info][gc,heap        ] GC(90) Survivor regions: 0->0(2)
[2020-10-28T10:47:01.872+0800][1.679s][14104][6784 ][info][gc,heap        ] GC(90) Old regions: 142->142
[2020-10-28T10:47:01.872+0800][1.679s][14104][6784 ][info][gc,heap        ] GC(90) Humongous regions: 114->114
[2020-10-28T10:47:01.872+0800][1.679s][14104][6784 ][info][gc,metaspace   ] GC(90) Metaspace: 16382K->16382K(1064960K)
[2020-10-28T10:47:01.872+0800][1.680s][14104][6784 ][info][gc             ] GC(90) Pause Young (Normal) (G1 Humongous Allocation) 242M->242M(256M) 0.732ms
[2020-10-28T10:47:01.873+0800][1.680s][14104][6784 ][info][gc,cpu         ] GC(90) User=0.00s Sys=0.00s Real=0.00s
[2020-10-28T10:47:01.874+0800][1.681s][14104][6784 ][info][gc,task        ] GC(91) Using 6 workers of 8 for full compaction
[2020-10-28T10:47:01.874+0800][1.681s][14104][6784 ][info][gc,start       ] GC(91) Pause Full (G1 Humongous Allocation)
[2020-10-28T10:47:01.874+0800][1.682s][14104][6784 ][info][gc,phases,start] GC(91) Phase 1: Mark live objects
[2020-10-28T10:47:01.877+0800][1.684s][14104][6784 ][info][gc,stringtable ] GC(91) Cleaned string and symbol table, strings: 6187 processed, 0 removed, symbols: 52175 processed, 0 removed
[2020-10-28T10:47:01.877+0800][1.684s][14104][6784 ][info][gc,phases      ] GC(91) Phase 1: Mark live objects 2.595ms
[2020-10-28T10:47:01.877+0800][1.684s][14104][6784 ][info][gc,phases,start] GC(91) Phase 2: Prepare for compaction
[2020-10-28T10:47:01.877+0800][1.685s][14104][6784 ][info][gc,phases      ] GC(91) Phase 2: Prepare for compaction 0.483ms
[2020-10-28T10:47:01.878+0800][1.685s][14104][6784 ][info][gc,phases,start] GC(91) Phase 3: Adjust pointers
[2020-10-28T10:47:01.880+0800][1.687s][14104][6784 ][info][gc,phases      ] GC(91) Phase 3: Adjust pointers 2.140ms
[2020-10-28T10:47:01.880+0800][1.687s][14104][6784 ][info][gc,phases,start] GC(91) Phase 4: Compact heap
[2020-10-28T10:47:01.885+0800][1.692s][14104][6784 ][info][gc,phases      ] GC(91) Phase 4: Compact heap 4.734ms
[2020-10-28T10:47:01.888+0800][1.695s][14104][6784 ][info][gc,heap        ] GC(91) Eden regions: 0->0(12)
[2020-10-28T10:47:01.888+0800][1.695s][14104][6784 ][info][gc,heap        ] GC(91) Survivor regions: 0->0(2)
[2020-10-28T10:47:01.888+0800][1.696s][14104][6784 ][info][gc,heap        ] GC(91) Old regions: 142->141
[2020-10-28T10:47:01.888+0800][1.696s][14104][6784 ][info][gc,heap        ] GC(91) Humongous regions: 114->114
[2020-10-28T10:47:01.888+0800][1.696s][14104][6784 ][info][gc,metaspace   ] GC(91) Metaspace: 16382K->16382K(1064960K)
[2020-10-28T10:47:01.889+0800][1.696s][14104][6784 ][info][gc             ] GC(91) Pause Full (G1 Humongous Allocation) 242M->242M(256M) 14.491ms
[2020-10-28T10:47:01.889+0800][1.696s][14104][6784 ][info][gc,cpu         ] GC(91) User=0.09s Sys=0.00s Real=0.01s
[2020-10-28T10:47:01.889+0800][1.696s][14104][12216][info][gc,marking     ] GC(89) Concurrent Mark From Roots 19.248ms
[2020-10-28T10:47:01.889+0800][1.696s][14104][6784 ][info][gc,start       ] GC(92) Pause Young (Normal) (G1 Evacuation Pause)
[2020-10-28T10:47:01.889+0800][1.696s][14104][6784 ][info][gc,task        ] GC(92) Using 6 workers of 8 for evacuation
[2020-10-28T10:47:01.890+0800][1.697s][14104][6784 ][info][gc,phases      ] GC(92)   Pre Evacuate Collection Set: 0.0ms
[2020-10-28T10:47:01.890+0800][1.697s][14104][6784 ][info][gc,phases      ] GC(92)   Evacuate Collection Set: 0.1ms
[2020-10-28T10:47:01.890+0800][1.697s][14104][6784 ][info][gc,phases      ] GC(92)   Post Evacuate Collection Set: 0.1ms
[2020-10-28T10:47:01.890+0800][1.697s][14104][6784 ][info][gc,phases      ] GC(92)   Other: 0.1ms
[2020-10-28T10:47:01.890+0800][1.697s][14104][6784 ][info][gc,heap        ] GC(92) Eden regions: 0->0(12)
[2020-10-28T10:47:01.890+0800][1.697s][14104][6784 ][info][gc,heap        ] GC(92) Survivor regions: 0->0(2)
[2020-10-28T10:47:01.890+0800][1.697s][14104][6784 ][info][gc,heap        ] GC(92) Old regions: 141->141
[2020-10-28T10:47:01.890+0800][1.697s][14104][6784 ][info][gc,heap        ] GC(92) Humongous regions: 115->114
[2020-10-28T10:47:01.890+0800][1.697s][14104][6784 ][info][gc,metaspace   ] GC(92) Metaspace: 16382K->16382K(1064960K)
[2020-10-28T10:47:01.890+0800][1.697s][14104][6784 ][info][gc             ] GC(92) Pause Young (Normal) (G1 Evacuation Pause) 243M->242M(256M) 0.481ms
[2020-10-28T10:47:01.890+0800][1.697s][14104][6784 ][info][gc,cpu         ] GC(92) User=0.00s Sys=0.00s Real=0.00s
[2020-10-28T10:47:01.890+0800][1.697s][14104][12216][info][gc,marking     ] GC(89) Concurrent Mark Abort
[2020-10-28T10:47:01.890+0800][1.697s][14104][12216][info][gc             ] GC(89) Concurrent Cycle 20.729ms
[2020-10-28T10:47:01.890+0800][1.697s][14104][6784 ][info][gc,start       ] GC(93) Pause Young (Concurrent Start) (G1 Humongous Allocation)
[2020-10-28T10:47:01.890+0800][1.697s][14104][6784 ][info][gc,task        ] GC(93) Using 6 workers of 8 for evacuation
[2020-10-28T10:47:01.891+0800][1.698s][14104][6784 ][info][gc             ] GC(93) To-space exhausted
[2020-10-28T10:47:01.891+0800][1.698s][14104][6784 ][info][gc,phases      ] GC(93)   Pre Evacuate Collection Set: 0.0ms
[2020-10-28T10:47:01.891+0800][1.698s][14104][6784 ][info][gc,phases      ] GC(93)   Evacuate Collection Set: 0.2ms
[2020-10-28T10:47:01.891+0800][1.698s][14104][6784 ][info][gc,phases      ] GC(93)   Post Evacuate Collection Set: 0.2ms
[2020-10-28T10:47:01.891+0800][1.698s][14104][6784 ][info][gc,phases      ] GC(93)   Other: 0.4ms
[2020-10-28T10:47:01.891+0800][1.698s][14104][6784 ][info][gc,heap        ] GC(93) Eden regions: 1->0(12)
[2020-10-28T10:47:01.891+0800][1.698s][14104][6784 ][info][gc,heap        ] GC(93) Survivor regions: 0->0(2)
[2020-10-28T10:47:01.891+0800][1.698s][14104][6784 ][info][gc,heap        ] GC(93) Old regions: 141->142
[2020-10-28T10:47:01.891+0800][1.698s][14104][6784 ][info][gc,heap        ] GC(93) Humongous regions: 114->114
[2020-10-28T10:47:01.891+0800][1.698s][14104][6784 ][info][gc,metaspace   ] GC(93) Metaspace: 16382K->16382K(1064960K)
[2020-10-28T10:47:01.891+0800][1.698s][14104][6784 ][info][gc             ] GC(93) Pause Young (Concurrent Start) (G1 Humongous Allocation) 242M->242M(256M) 0.972ms
[2020-10-28T10:47:01.892+0800][1.699s][14104][6784 ][info][gc,cpu         ] GC(93) User=0.08s Sys=0.00s Real=0.00s
[2020-10-28T10:47:01.892+0800][1.699s][14104][12216][info][gc             ] GC(94) Concurrent Cycle
[2020-10-28T10:47:01.892+0800][1.699s][14104][6784 ][info][gc,start       ] GC(95) Pause Young (Normal) (G1 Humongous Allocation)
[2020-10-28T10:47:01.892+0800][1.699s][14104][6784 ][info][gc,task        ] GC(95) Using 6 workers of 8 for evacuation
[2020-10-28T10:47:01.892+0800][1.699s][14104][6784 ][info][gc,phases      ] GC(95)   Pre Evacuate Collection Set: 0.0ms
[2020-10-28T10:47:01.892+0800][1.699s][14104][12216][info][gc,marking     ] GC(94) Concurrent Clear Claimed Marks
[2020-10-28T10:47:01.892+0800][1.699s][14104][6784 ][info][gc,phases      ] GC(95)   Evacuate Collection Set: 0.1ms
[2020-10-28T10:47:01.892+0800][1.699s][14104][12216][info][gc,marking     ] GC(94) Concurrent Clear Claimed Marks 0.083ms
[2020-10-28T10:47:01.892+0800][1.699s][14104][6784 ][info][gc,phases      ] GC(95)   Post Evacuate Collection Set: 0.1ms
[2020-10-28T10:47:01.892+0800][1.699s][14104][12216][info][gc,marking     ] GC(94) Concurrent Scan Root Regions
[2020-10-28T10:47:01.892+0800][1.699s][14104][6784 ][info][gc,phases      ] GC(95)   Other: 0.1ms
[2020-10-28T10:47:01.892+0800][1.699s][14104][12216][info][gc,marking     ] GC(94) Concurrent Scan Root Regions 0.076ms
[2020-10-28T10:47:01.892+0800][1.699s][14104][6784 ][info][gc,heap        ] GC(95) Eden regions: 0->0(12)
[2020-10-28T10:47:01.892+0800][1.699s][14104][12216][info][gc,marking     ] GC(94) Concurrent Mark (1.699s)
[2020-10-28T10:47:01.892+0800][1.699s][14104][6784 ][info][gc,heap        ] GC(95) Survivor regions: 0->0(2)
[2020-10-28T10:47:01.892+0800][1.699s][14104][12216][info][gc,marking     ] GC(94) Concurrent Mark From Roots
[2020-10-28T10:47:01.892+0800][1.699s][14104][6784 ][info][gc,heap        ] GC(95) Old regions: 142->142
[2020-10-28T10:47:01.892+0800][1.700s][14104][12216][info][gc,task        ] GC(94) Using 2 workers of 2 for marking
[2020-10-28T10:47:01.892+0800][1.700s][14104][6784 ][info][gc,heap        ] GC(95) Humongous regions: 114->114
[2020-10-28T10:47:01.892+0800][1.700s][14104][6784 ][info][gc,metaspace   ] GC(95) Metaspace: 16382K->16382K(1064960K)
[2020-10-28T10:47:01.893+0800][1.700s][14104][6784 ][info][gc             ] GC(95) Pause Young (Normal) (G1 Humongous Allocation) 242M->242M(256M) 0.867ms
[2020-10-28T10:47:01.893+0800][1.700s][14104][6784 ][info][gc,cpu         ] GC(95) User=0.00s Sys=0.00s Real=0.00s
[2020-10-28T10:47:01.893+0800][1.700s][14104][6784 ][info][gc,task        ] GC(96) Using 6 workers of 8 for full compaction
[2020-10-28T10:47:01.893+0800][1.700s][14104][6784 ][info][gc,start       ] GC(96) Pause Full (G1 Humongous Allocation)
[2020-10-28T10:47:01.893+0800][1.700s][14104][6784 ][info][gc,phases,start] GC(96) Phase 1: Mark live objects
[2020-10-28T10:47:01.896+0800][1.703s][14104][6784 ][info][gc,stringtable ] GC(96) Cleaned string and symbol table, strings: 6187 processed, 0 removed, symbols: 52175 processed, 0 removed
[2020-10-28T10:47:01.896+0800][1.704s][14104][6784 ][info][gc,phases      ] GC(96) Phase 1: Mark live objects 3.043ms
[2020-10-28T10:47:01.896+0800][1.704s][14104][6784 ][info][gc,phases,start] GC(96) Phase 2: Prepare for compaction
[2020-10-28T10:47:01.897+0800][1.704s][14104][6784 ][info][gc,phases      ] GC(96) Phase 2: Prepare for compaction 0.585ms
[2020-10-28T10:47:01.897+0800][1.704s][14104][6784 ][info][gc,phases,start] GC(96) Phase 3: Adjust pointers
[2020-10-28T10:47:01.901+0800][1.708s][14104][6784 ][info][gc,phases      ] GC(96) Phase 3: Adjust pointers 3.615ms
[2020-10-28T10:47:01.901+0800][1.708s][14104][6784 ][info][gc,phases,start] GC(96) Phase 4: Compact heap
[2020-10-28T10:47:01.905+0800][1.712s][14104][6784 ][info][gc,phases      ] GC(96) Phase 4: Compact heap 4.357ms
[2020-10-28T10:47:01.908+0800][1.715s][14104][6784 ][info][gc,heap        ] GC(96) Eden regions: 0->0(12)
[2020-10-28T10:47:01.908+0800][1.715s][14104][6784 ][info][gc,heap        ] GC(96) Survivor regions: 0->0(2)
[2020-10-28T10:47:01.908+0800][1.715s][14104][6784 ][info][gc,heap        ] GC(96) Old regions: 142->141
[2020-10-28T10:47:01.908+0800][1.715s][14104][6784 ][info][gc,heap        ] GC(96) Humongous regions: 114->114
[2020-10-28T10:47:01.908+0800][1.715s][14104][6784 ][info][gc,metaspace   ] GC(96) Metaspace: 16382K->16382K(1064960K)
[2020-10-28T10:47:01.908+0800][1.715s][14104][6784 ][info][gc             ] GC(96) Pause Full (G1 Humongous Allocation) 242M->242M(256M) 15.229ms
[2020-10-28T10:47:01.909+0800][1.716s][14104][6784 ][info][gc,cpu         ] GC(96) User=0.02s Sys=0.00s Real=0.02s
[2020-10-28T10:47:01.909+0800][1.716s][14104][12216][info][gc,marking     ] GC(94) Concurrent Mark From Roots 17.025ms
[2020-10-28T10:47:01.909+0800][1.717s][14104][6784 ][info][gc,start       ] GC(97) Pause Young (Normal) (G1 Evacuation Pause)
[2020-10-28T10:47:01.910+0800][1.717s][14104][6784 ][info][gc,task        ] GC(97) Using 6 workers of 8 for evacuation
[2020-10-28T10:47:01.910+0800][1.717s][14104][6784 ][info][gc,phases      ] GC(97)   Pre Evacuate Collection Set: 0.0ms
[2020-10-28T10:47:01.910+0800][1.717s][14104][6784 ][info][gc,phases      ] GC(97)   Evacuate Collection Set: 0.1ms
[2020-10-28T10:47:01.910+0800][1.717s][14104][6784 ][info][gc,phases      ] GC(97)   Post Evacuate Collection Set: 0.1ms
[2020-10-28T10:47:01.910+0800][1.717s][14104][6784 ][info][gc,phases      ] GC(97)   Other: 0.2ms
[2020-10-28T10:47:01.910+0800][1.717s][14104][6784 ][info][gc,heap        ] GC(97) Eden regions: 0->0(12)
[2020-10-28T10:47:01.910+0800][1.717s][14104][6784 ][info][gc,heap        ] GC(97) Survivor regions: 0->0(2)
[2020-10-28T10:47:01.910+0800][1.717s][14104][6784 ][info][gc,heap        ] GC(97) Old regions: 141->141
[2020-10-28T10:47:01.910+0800][1.717s][14104][6784 ][info][gc,heap        ] GC(97) Humongous regions: 115->114
[2020-10-28T10:47:01.910+0800][1.717s][14104][6784 ][info][gc,metaspace   ] GC(97) Metaspace: 16382K->16382K(1064960K)
[2020-10-28T10:47:01.910+0800][1.717s][14104][6784 ][info][gc             ] GC(97) Pause Young (Normal) (G1 Evacuation Pause) 243M->242M(256M) 0.562ms
[2020-10-28T10:47:01.910+0800][1.717s][14104][6784 ][info][gc,cpu         ] GC(97) User=0.00s Sys=0.00s Real=0.00s
[2020-10-28T10:47:01.910+0800][1.718s][14104][12216][info][gc,marking     ] GC(94) Concurrent Mark Abort
[2020-10-28T10:47:01.910+0800][1.718s][14104][12216][info][gc             ] GC(94) Concurrent Cycle 18.866ms
[2020-10-28T10:47:01.911+0800][1.718s][14104][6784 ][info][gc,start       ] GC(98) Pause Young (Normal) (G1 Evacuation Pause)
[2020-10-28T10:47:01.911+0800][1.718s][14104][6784 ][info][gc,task        ] GC(98) Using 6 workers of 8 for evacuation
[2020-10-28T10:47:01.911+0800][1.718s][14104][6784 ][info][gc             ] GC(98) To-space exhausted
[2020-10-28T10:47:01.911+0800][1.718s][14104][6784 ][info][gc,phases      ] GC(98)   Pre Evacuate Collection Set: 0.0ms
[2020-10-28T10:47:01.911+0800][1.718s][14104][6784 ][info][gc,phases      ] GC(98)   Evacuate Collection Set: 0.1ms
[2020-10-28T10:47:01.911+0800][1.718s][14104][6784 ][info][gc,phases      ] GC(98)   Post Evacuate Collection Set: 0.2ms
[2020-10-28T10:47:01.911+0800][1.718s][14104][6784 ][info][gc,phases      ] GC(98)   Other: 0.5ms
[2020-10-28T10:47:01.911+0800][1.718s][14104][6784 ][info][gc,heap        ] GC(98) Eden regions: 1->0(12)
[2020-10-28T10:47:01.911+0800][1.719s][14104][6784 ][info][gc,heap        ] GC(98) Survivor regions: 0->0(2)
[2020-10-28T10:47:01.911+0800][1.719s][14104][6784 ][info][gc,heap        ] GC(98) Old regions: 141->142
[2020-10-28T10:47:01.911+0800][1.719s][14104][6784 ][info][gc,heap        ] GC(98) Humongous regions: 114->114
[2020-10-28T10:47:01.911+0800][1.719s][14104][6784 ][info][gc,metaspace   ] GC(98) Metaspace: 16382K->16382K(1064960K)
[2020-10-28T10:47:01.912+0800][1.719s][14104][6784 ][info][gc             ] GC(98) Pause Young (Normal) (G1 Evacuation Pause) 243M->243M(256M) 0.996ms
[2020-10-28T10:47:01.912+0800][1.719s][14104][6784 ][info][gc,cpu         ] GC(98) User=0.00s Sys=0.00s Real=0.00s
[2020-10-28T10:47:01.912+0800][1.719s][14104][6784 ][info][gc,task        ] GC(99) Using 6 workers of 8 for full compaction
[2020-10-28T10:47:01.912+0800][1.719s][14104][6784 ][info][gc,start       ] GC(99) Pause Full (G1 Evacuation Pause)
[2020-10-28T10:47:01.912+0800][1.719s][14104][6784 ][info][gc,phases,start] GC(99) Phase 1: Mark live objects
[2020-10-28T10:47:01.917+0800][1.724s][14104][6784 ][info][gc,stringtable ] GC(99) Cleaned string and symbol table, strings: 6187 processed, 0 removed, symbols: 52175 processed, 0 removed
[2020-10-28T10:47:01.917+0800][1.724s][14104][6784 ][info][gc,phases      ] GC(99) Phase 1: Mark live objects 4.483ms
[2020-10-28T10:47:01.917+0800][1.724s][14104][6784 ][info][gc,phases,start] GC(99) Phase 2: Prepare for compaction
[2020-10-28T10:47:01.917+0800][1.724s][14104][6784 ][info][gc,phases      ] GC(99) Phase 2: Prepare for compaction 0.521ms
[2020-10-28T10:47:01.917+0800][1.724s][14104][6784 ][info][gc,phases,start] GC(99) Phase 3: Adjust pointers
[2020-10-28T10:47:01.919+0800][1.726s][14104][6784 ][info][gc,phases      ] GC(99) Phase 3: Adjust pointers 1.789ms
[2020-10-28T10:47:01.919+0800][1.726s][14104][6784 ][info][gc,phases,start] GC(99) Phase 4: Compact heap
[2020-10-28T10:47:01.920+0800][1.728s][14104][6784 ][info][gc,phases      ] GC(99) Phase 4: Compact heap 1.233ms
[2020-10-28T10:47:01.923+0800][1.730s][14104][6784 ][info][gc,heap        ] GC(99) Eden regions: 0->0(12)
[2020-10-28T10:47:01.923+0800][1.730s][14104][6784 ][info][gc,heap        ] GC(99) Survivor regions: 0->0(2)
[2020-10-28T10:47:01.923+0800][1.730s][14104][6784 ][info][gc,heap        ] GC(99) Old regions: 142->141
[2020-10-28T10:47:01.923+0800][1.730s][14104][6784 ][info][gc,heap        ] GC(99) Humongous regions: 114->114
[2020-10-28T10:47:01.923+0800][1.730s][14104][6784 ][info][gc,metaspace   ] GC(99) Metaspace: 16382K->16382K(1064960K)
[2020-10-28T10:47:01.923+0800][1.730s][14104][6784 ][info][gc             ] GC(99) Pause Full (G1 Evacuation Pause) 243M->243M(256M) 11.152ms
[2020-10-28T10:47:01.924+0800][1.732s][14104][6784 ][info][gc,cpu         ] GC(99) User=0.02s Sys=0.00s Real=0.01s
[2020-10-28T10:47:01.925+0800][1.732s][14104][6784 ][info][gc,start       ] GC(100) Pause Young (Concurrent Start) (G1 Humongous Allocation)
[2020-10-28T10:47:01.925+0800][1.732s][14104][6784 ][info][gc,task        ] GC(100) Using 6 workers of 8 for evacuation
[2020-10-28T10:47:01.926+0800][1.733s][14104][6784 ][info][gc             ] GC(100) To-space exhausted
[2020-10-28T10:47:01.926+0800][1.733s][14104][6784 ][info][gc,phases      ] GC(100)   Pre Evacuate Collection Set: 0.0ms
[2020-10-28T10:47:01.926+0800][1.733s][14104][6784 ][info][gc,phases      ] GC(100)   Evacuate Collection Set: 0.3ms
[2020-10-28T10:47:01.926+0800][1.733s][14104][6784 ][info][gc,phases      ] GC(100)   Post Evacuate Collection Set: 0.2ms
[2020-10-28T10:47:01.926+0800][1.734s][14104][6784 ][info][gc,phases      ] GC(100)   Other: 0.6ms
[2020-10-28T10:47:01.926+0800][1.734s][14104][6784 ][info][gc,heap        ] GC(100) Eden regions: 1->0(12)
[2020-10-28T10:47:01.926+0800][1.734s][14104][6784 ][info][gc,heap        ] GC(100) Survivor regions: 0->0(2)
[2020-10-28T10:47:01.926+0800][1.734s][14104][6784 ][info][gc,heap        ] GC(100) Old regions: 141->142
[2020-10-28T10:47:01.926+0800][1.734s][14104][6784 ][info][gc,heap        ] GC(100) Humongous regions: 114->114
[2020-10-28T10:47:01.926+0800][1.734s][14104][6784 ][info][gc,metaspace   ] GC(100) Metaspace: 16382K->16382K(1064960K)
[2020-10-28T10:47:01.927+0800][1.734s][14104][6784 ][info][gc             ] GC(100) Pause Young (Concurrent Start) (G1 Humongous Allocation) 243M->243M(256M) 1.262ms
[2020-10-28T10:47:01.927+0800][1.734s][14104][6784 ][info][gc,cpu         ] GC(100) User=0.00s Sys=0.00s Real=0.00s
[2020-10-28T10:47:01.927+0800][1.734s][14104][12216][info][gc             ] GC(101) Concurrent Cycle
[2020-10-28T10:47:01.927+0800][1.734s][14104][6784 ][info][gc,start       ] GC(102) Pause Young (Normal) (G1 Humongous Allocation)
[2020-10-28T10:47:01.927+0800][1.734s][14104][6784 ][info][gc,task        ] GC(102) Using 6 workers of 8 for evacuation
[2020-10-28T10:47:01.927+0800][1.735s][14104][12216][info][gc,marking     ] GC(101) Concurrent Clear Claimed Marks
[2020-10-28T10:47:01.927+0800][1.735s][14104][6784 ][info][gc,phases      ] GC(102)   Pre Evacuate Collection Set: 0.0ms
[2020-10-28T10:47:01.927+0800][1.735s][14104][12216][info][gc,marking     ] GC(101) Concurrent Clear Claimed Marks 0.073ms
[2020-10-28T10:47:01.927+0800][1.735s][14104][6784 ][info][gc,phases      ] GC(102)   Evacuate Collection Set: 0.1ms
[2020-10-28T10:47:01.928+0800][1.735s][14104][12216][info][gc,marking     ] GC(101) Concurrent Scan Root Regions
[2020-10-28T10:47:01.928+0800][1.735s][14104][6784 ][info][gc,phases      ] GC(102)   Post Evacuate Collection Set: 0.1ms
[2020-10-28T10:47:01.928+0800][1.735s][14104][12216][info][gc,marking     ] GC(101) Concurrent Scan Root Regions 0.074ms
[2020-10-28T10:47:01.928+0800][1.735s][14104][6784 ][info][gc,phases      ] GC(102)   Other: 0.1ms
[2020-10-28T10:47:01.928+0800][1.735s][14104][12216][info][gc,marking     ] GC(101) Concurrent Mark (1.735s)
[2020-10-28T10:47:01.928+0800][1.735s][14104][6784 ][info][gc,heap        ] GC(102) Eden regions: 0->0(12)
[2020-10-28T10:47:01.928+0800][1.735s][14104][12216][info][gc,marking     ] GC(101) Concurrent Mark From Roots
[2020-10-28T10:47:01.928+0800][1.735s][14104][6784 ][info][gc,heap        ] GC(102) Survivor regions: 0->0(2)
[2020-10-28T10:47:01.928+0800][1.735s][14104][12216][info][gc,task        ] GC(101) Using 2 workers of 2 for marking
[2020-10-28T10:47:01.928+0800][1.735s][14104][6784 ][info][gc,heap        ] GC(102) Old regions: 142->142
[2020-10-28T10:47:01.928+0800][1.735s][14104][6784 ][info][gc,heap        ] GC(102) Humongous regions: 114->114
[2020-10-28T10:47:01.928+0800][1.735s][14104][6784 ][info][gc,metaspace   ] GC(102) Metaspace: 16382K->16382K(1064960K)
[2020-10-28T10:47:01.928+0800][1.735s][14104][6784 ][info][gc             ] GC(102) Pause Young (Normal) (G1 Humongous Allocation) 243M->243M(256M) 0.897ms
[2020-10-28T10:47:01.928+0800][1.736s][14104][6784 ][info][gc,cpu         ] GC(102) User=0.00s Sys=0.00s Real=0.00s
[2020-10-28T10:47:01.928+0800][1.736s][14104][6784 ][info][gc,task        ] GC(103) Using 6 workers of 8 for full compaction
[2020-10-28T10:47:01.929+0800][1.736s][14104][6784 ][info][gc,start       ] GC(103) Pause Full (G1 Humongous Allocation)
[2020-10-28T10:47:01.929+0800][1.736s][14104][6784 ][info][gc,phases,start] GC(103) Phase 1: Mark live objects
[2020-10-28T10:47:01.935+0800][1.742s][14104][6784 ][info][gc,stringtable ] GC(103) Cleaned string and symbol table, strings: 6187 processed, 0 removed, symbols: 52175 processed, 0 removed
[2020-10-28T10:47:01.935+0800][1.742s][14104][6784 ][info][gc,phases      ] GC(103) Phase 1: Mark live objects 6.041ms
[2020-10-28T10:47:01.935+0800][1.742s][14104][6784 ][info][gc,phases,start] GC(103) Phase 2: Prepare for compaction
[2020-10-28T10:47:01.936+0800][1.743s][14104][6784 ][info][gc,phases      ] GC(103) Phase 2: Prepare for compaction 0.962ms
[2020-10-28T10:47:01.936+0800][1.743s][14104][6784 ][info][gc,phases,start] GC(103) Phase 3: Adjust pointers
[2020-10-28T10:47:01.940+0800][1.747s][14104][6784 ][info][gc,phases      ] GC(103) Phase 3: Adjust pointers 3.456ms
[2020-10-28T10:47:01.940+0800][1.747s][14104][6784 ][info][gc,phases,start] GC(103) Phase 4: Compact heap
[2020-10-28T10:47:01.943+0800][1.751s][14104][6784 ][info][gc,phases      ] GC(103) Phase 4: Compact heap 3.446ms
[2020-10-28T10:47:01.945+0800][1.752s][14104][6784 ][info][gc,heap        ] GC(103) Eden regions: 0->0(12)
[2020-10-28T10:47:01.945+0800][1.752s][14104][6784 ][info][gc,heap        ] GC(103) Survivor regions: 0->0(2)
[2020-10-28T10:47:01.945+0800][1.752s][14104][6784 ][info][gc,heap        ] GC(103) Old regions: 142->141
[2020-10-28T10:47:01.945+0800][1.752s][14104][6784 ][info][gc,heap        ] GC(103) Humongous regions: 114->114
[2020-10-28T10:47:01.945+0800][1.752s][14104][6784 ][info][gc,metaspace   ] GC(103) Metaspace: 16382K->16382K(1064960K)
[2020-10-28T10:47:01.945+0800][1.752s][14104][6784 ][info][gc             ] GC(103) Pause Full (G1 Humongous Allocation) 243M->242M(256M) 16.039ms
[2020-10-28T10:47:01.945+0800][1.752s][14104][6784 ][info][gc,cpu         ] GC(103) User=0.05s Sys=0.00s Real=0.02s
[2020-10-28T10:47:01.945+0800][1.752s][14104][12216][info][gc,marking     ] GC(101) Concurrent Mark From Roots 17.565ms
[2020-10-28T10:47:01.945+0800][1.753s][14104][6784 ][info][gc,start       ] GC(104) Pause Young (Normal) (G1 Evacuation Pause)
[2020-10-28T10:47:01.945+0800][1.753s][14104][6784 ][info][gc,task        ] GC(104) Using 6 workers of 8 for evacuation
[2020-10-28T10:47:01.946+0800][1.753s][14104][6784 ][info][gc,phases      ] GC(104)   Pre Evacuate Collection Set: 0.0ms
[2020-10-28T10:47:01.946+0800][1.753s][14104][6784 ][info][gc,phases      ] GC(104)   Evacuate Collection Set: 0.1ms
[2020-10-28T10:47:01.946+0800][1.753s][14104][6784 ][info][gc,phases      ] GC(104)   Post Evacuate Collection Set: 0.1ms
[2020-10-28T10:47:01.946+0800][1.753s][14104][6784 ][info][gc,phases      ] GC(104)   Other: 0.1ms
[2020-10-28T10:47:01.946+0800][1.753s][14104][6784 ][info][gc,heap        ] GC(104) Eden regions: 0->0(12)
[2020-10-28T10:47:01.946+0800][1.753s][14104][6784 ][info][gc,heap        ] GC(104) Survivor regions: 0->0(2)
[2020-10-28T10:47:01.946+0800][1.753s][14104][6784 ][info][gc,heap        ] GC(104) Old regions: 141->141
[2020-10-28T10:47:01.946+0800][1.753s][14104][6784 ][info][gc,heap        ] GC(104) Humongous regions: 115->114
[2020-10-28T10:47:01.946+0800][1.753s][14104][6784 ][info][gc,metaspace   ] GC(104) Metaspace: 16382K->16382K(1064960K)
[2020-10-28T10:47:01.946+0800][1.753s][14104][6784 ][info][gc             ] GC(104) Pause Young (Normal) (G1 Evacuation Pause) 243M->242M(256M) 0.519ms
[2020-10-28T10:47:01.946+0800][1.754s][14104][6784 ][info][gc,cpu         ] GC(104) User=0.00s Sys=0.00s Real=0.00s
[2020-10-28T10:47:01.947+0800][1.754s][14104][12216][info][gc,marking     ] GC(101) Concurrent Mark Abort
[2020-10-28T10:47:01.947+0800][1.754s][14104][12216][info][gc             ] GC(101) Concurrent Cycle 19.754ms
[2020-10-28T10:47:01.947+0800][1.754s][14104][6784 ][info][gc,start       ] GC(105) Pause Young (Normal) (G1 Evacuation Pause)
[2020-10-28T10:47:01.947+0800][1.754s][14104][6784 ][info][gc,task        ] GC(105) Using 6 workers of 8 for evacuation
[2020-10-28T10:47:01.947+0800][1.755s][14104][6784 ][info][gc             ] GC(105) To-space exhausted
[2020-10-28T10:47:01.948+0800][1.755s][14104][6784 ][info][gc,phases      ] GC(105)   Pre Evacuate Collection Set: 0.0ms
[2020-10-28T10:47:01.948+0800][1.755s][14104][6784 ][info][gc,phases      ] GC(105)   Evacuate Collection Set: 0.1ms
[2020-10-28T10:47:01.948+0800][1.755s][14104][6784 ][info][gc,phases      ] GC(105)   Post Evacuate Collection Set: 0.2ms
[2020-10-28T10:47:01.948+0800][1.755s][14104][6784 ][info][gc,phases      ] GC(105)   Other: 0.5ms
[2020-10-28T10:47:01.948+0800][1.755s][14104][6784 ][info][gc,heap        ] GC(105) Eden regions: 1->0(12)
[2020-10-28T10:47:01.948+0800][1.755s][14104][6784 ][info][gc,heap        ] GC(105) Survivor regions: 0->0(2)
[2020-10-28T10:47:01.948+0800][1.755s][14104][6784 ][info][gc,heap        ] GC(105) Old regions: 141->142
[2020-10-28T10:47:01.948+0800][1.755s][14104][6784 ][info][gc,heap        ] GC(105) Humongous regions: 114->114
[2020-10-28T10:47:01.948+0800][1.755s][14104][6784 ][info][gc,metaspace   ] GC(105) Metaspace: 16382K->16382K(1064960K)
[2020-10-28T10:47:01.948+0800][1.755s][14104][6784 ][info][gc             ] GC(105) Pause Young (Normal) (G1 Evacuation Pause) 243M->243M(256M) 1.126ms
[2020-10-28T10:47:01.948+0800][1.755s][14104][6784 ][info][gc,cpu         ] GC(105) User=0.00s Sys=0.00s Real=0.00s
[2020-10-28T10:47:01.948+0800][1.756s][14104][6784 ][info][gc,task        ] GC(106) Using 6 workers of 8 for full compaction
[2020-10-28T10:47:01.948+0800][1.756s][14104][6784 ][info][gc,start       ] GC(106) Pause Full (G1 Evacuation Pause)
[2020-10-28T10:47:01.949+0800][1.756s][14104][6784 ][info][gc,phases,start] GC(106) Phase 1: Mark live objects
[2020-10-28T10:47:01.954+0800][1.761s][14104][6784 ][info][gc,stringtable ] GC(106) Cleaned string and symbol table, strings: 6187 processed, 0 removed, symbols: 52175 processed, 0 removed
[2020-10-28T10:47:01.954+0800][1.761s][14104][6784 ][info][gc,phases      ] GC(106) Phase 1: Mark live objects 5.607ms
[2020-10-28T10:47:01.954+0800][1.761s][14104][6784 ][info][gc,phases,start] GC(106) Phase 2: Prepare for compaction
[2020-10-28T10:47:01.955+0800][1.762s][14104][6784 ][info][gc,phases      ] GC(106) Phase 2: Prepare for compaction 0.768ms
[2020-10-28T10:47:01.955+0800][1.762s][14104][6784 ][info][gc,phases,start] GC(106) Phase 3: Adjust pointers
[2020-10-28T10:47:01.957+0800][1.764s][14104][6784 ][info][gc,phases      ] GC(106) Phase 3: Adjust pointers 1.489ms
[2020-10-28T10:47:01.957+0800][1.764s][14104][6784 ][info][gc,phases,start] GC(106) Phase 4: Compact heap
[2020-10-28T10:47:01.958+0800][1.765s][14104][6784 ][info][gc,phases      ] GC(106) Phase 4: Compact heap 1.613ms
[2020-10-28T10:47:01.959+0800][1.767s][14104][6784 ][info][gc,heap        ] GC(106) Eden regions: 0->0(12)
[2020-10-28T10:47:01.959+0800][1.767s][14104][6784 ][info][gc,heap        ] GC(106) Survivor regions: 0->0(2)
[2020-10-28T10:47:01.959+0800][1.767s][14104][6784 ][info][gc,heap        ] GC(106) Old regions: 142->141
[2020-10-28T10:47:01.959+0800][1.767s][14104][6784 ][info][gc,heap        ] GC(106) Humongous regions: 114->114
[2020-10-28T10:47:01.960+0800][1.767s][14104][6784 ][info][gc,metaspace   ] GC(106) Metaspace: 16382K->16382K(1064960K)
[2020-10-28T10:47:01.960+0800][1.767s][14104][6784 ][info][gc             ] GC(106) Pause Full (G1 Evacuation Pause) 243M->242M(256M) 11.045ms
[2020-10-28T10:47:01.960+0800][1.767s][14104][6784 ][info][gc,cpu         ] GC(106) User=0.09s Sys=0.00s Real=0.01s
[2020-10-28T10:47:01.960+0800][1.767s][14104][6784 ][info][gc,start       ] GC(107) Pause Young (Concurrent Start) (G1 Evacuation Pause)
[2020-10-28T10:47:01.960+0800][1.767s][14104][6784 ][info][gc,task        ] GC(107) Using 6 workers of 8 for evacuation
[2020-10-28T10:47:01.961+0800][1.768s][14104][6784 ][info][gc             ] GC(107) To-space exhausted
[2020-10-28T10:47:01.961+0800][1.768s][14104][6784 ][info][gc,phases      ] GC(107)   Pre Evacuate Collection Set: 0.0ms
[2020-10-28T10:47:01.961+0800][1.768s][14104][6784 ][info][gc,phases      ] GC(107)   Evacuate Collection Set: 0.2ms
[2020-10-28T10:47:01.961+0800][1.768s][14104][6784 ][info][gc,phases      ] GC(107)   Post Evacuate Collection Set: 0.2ms
[2020-10-28T10:47:01.961+0800][1.768s][14104][6784 ][info][gc,phases      ] GC(107)   Other: 0.4ms
[2020-10-28T10:47:01.961+0800][1.768s][14104][6784 ][info][gc,heap        ] GC(107) Eden regions: 1->0(12)
[2020-10-28T10:47:01.961+0800][1.768s][14104][6784 ][info][gc,heap        ] GC(107) Survivor regions: 0->0(2)
[2020-10-28T10:47:01.961+0800][1.768s][14104][6784 ][info][gc,heap        ] GC(107) Old regions: 141->142
[2020-10-28T10:47:01.961+0800][1.768s][14104][6784 ][info][gc,heap        ] GC(107) Humongous regions: 114->114
[2020-10-28T10:47:01.961+0800][1.768s][14104][6784 ][info][gc,metaspace   ] GC(107) Metaspace: 16382K->16382K(1064960K)
[2020-10-28T10:47:01.961+0800][1.768s][14104][6784 ][info][gc             ] GC(107) Pause Young (Concurrent Start) (G1 Evacuation Pause) 243M->243M(256M) 0.996ms
[2020-10-28T10:47:01.962+0800][1.769s][14104][6784 ][info][gc,cpu         ] GC(107) User=0.00s Sys=0.00s Real=0.00s
[2020-10-28T10:47:01.962+0800][1.769s][14104][12216][info][gc             ] GC(109) Concurrent Cycle
[2020-10-28T10:47:01.962+0800][1.769s][14104][6784 ][info][gc,task        ] GC(108) Using 6 workers of 8 for full compaction
[2020-10-28T10:47:01.962+0800][1.769s][14104][6784 ][info][gc,start       ] GC(108) Pause Full (G1 Evacuation Pause)
[2020-10-28T10:47:01.962+0800][1.770s][14104][12216][info][gc,marking     ] GC(109) Concurrent Clear Claimed Marks
[2020-10-28T10:47:01.962+0800][1.770s][14104][6784 ][info][gc,phases,start] GC(108) Phase 1: Mark live objects
[2020-10-28T10:47:01.963+0800][1.770s][14104][12216][info][gc,marking     ] GC(109) Concurrent Clear Claimed Marks 0.152ms
[2020-10-28T10:47:01.963+0800][1.770s][14104][12216][info][gc,marking     ] GC(109) Concurrent Scan Root Regions
[2020-10-28T10:47:01.963+0800][1.770s][14104][12216][info][gc,marking     ] GC(109) Concurrent Scan Root Regions 0.034ms
[2020-10-28T10:47:01.963+0800][1.770s][14104][12216][info][gc,marking     ] GC(109) Concurrent Mark (1.770s)
[2020-10-28T10:47:01.968+0800][1.775s][14104][6784 ][info][gc,stringtable ] GC(108) Cleaned string and symbol table, strings: 6187 processed, 0 removed, symbols: 52175 processed, 0 removed
[2020-10-28T10:47:01.969+0800][1.776s][14104][6784 ][info][gc,phases      ] GC(108) Phase 1: Mark live objects 6.280ms
[2020-10-28T10:47:01.969+0800][1.776s][14104][6784 ][info][gc,phases,start] GC(108) Phase 2: Prepare for compaction
[2020-10-28T10:47:01.971+0800][1.778s][14104][6784 ][info][gc,phases      ] GC(108) Phase 2: Prepare for compaction 1.795ms
[2020-10-28T10:47:01.971+0800][1.778s][14104][6784 ][info][gc,phases,start] GC(108) Phase 3: Adjust pointers
[2020-10-28T10:47:01.974+0800][1.781s][14104][6784 ][info][gc,phases      ] GC(108) Phase 3: Adjust pointers 3.052ms
[2020-10-28T10:47:01.974+0800][1.781s][14104][6784 ][info][gc,phases,start] GC(108) Phase 4: Compact heap
[2020-10-28T10:47:01.980+0800][1.787s][14104][6784 ][info][gc,phases      ] GC(108) Phase 4: Compact heap 5.636ms
[2020-10-28T10:47:01.983+0800][1.790s][14104][6784 ][info][gc,heap        ] GC(108) Eden regions: 0->0(12)
[2020-10-28T10:47:01.983+0800][1.790s][14104][6784 ][info][gc,heap        ] GC(108) Survivor regions: 0->0(2)
[2020-10-28T10:47:01.983+0800][1.790s][14104][6784 ][info][gc,heap        ] GC(108) Old regions: 142->141
[2020-10-28T10:47:01.983+0800][1.790s][14104][6784 ][info][gc,heap        ] GC(108) Humongous regions: 114->114
[2020-10-28T10:47:01.983+0800][1.790s][14104][6784 ][info][gc,metaspace   ] GC(108) Metaspace: 16382K->16382K(1064960K)
[2020-10-28T10:47:01.983+0800][1.790s][14104][6784 ][info][gc             ] GC(108) Pause Full (G1 Evacuation Pause) 243M->242M(256M) 21.167ms
[2020-10-28T10:47:01.984+0800][1.791s][14104][6784 ][info][gc,cpu         ] GC(108) User=0.00s Sys=0.02s Real=0.02s
[2020-10-28T10:47:01.984+0800][1.791s][14104][12216][info][gc,marking     ] GC(109) Concurrent Mark Abort
[2020-10-28T10:47:01.984+0800][1.791s][14104][12216][info][gc             ] GC(109) Concurrent Cycle 22.144ms
[2020-10-28T10:47:01.984+0800][1.791s][14104][6784 ][info][gc,start       ] GC(110) Pause Young (Normal) (G1 Evacuation Pause)
[2020-10-28T10:47:01.984+0800][1.791s][14104][6784 ][info][gc,task        ] GC(110) Using 6 workers of 8 for evacuation
[2020-10-28T10:47:01.985+0800][1.792s][14104][6784 ][info][gc             ] GC(110) To-space exhausted
[2020-10-28T10:47:01.985+0800][1.793s][14104][6784 ][info][gc,phases      ] GC(110)   Pre Evacuate Collection Set: 0.0ms
[2020-10-28T10:47:01.986+0800][1.793s][14104][6784 ][info][gc,phases      ] GC(110)   Evacuate Collection Set: 0.2ms
[2020-10-28T10:47:01.986+0800][1.793s][14104][6784 ][info][gc,phases      ] GC(110)   Post Evacuate Collection Set: 0.4ms
[2020-10-28T10:47:01.986+0800][1.793s][14104][6784 ][info][gc,phases      ] GC(110)   Other: 0.7ms
[2020-10-28T10:47:01.986+0800][1.793s][14104][6784 ][info][gc,heap        ] GC(110) Eden regions: 1->0(12)
[2020-10-28T10:47:01.986+0800][1.793s][14104][6784 ][info][gc,heap        ] GC(110) Survivor regions: 0->0(2)
[2020-10-28T10:47:01.986+0800][1.793s][14104][6784 ][info][gc,heap        ] GC(110) Old regions: 141->142
[2020-10-28T10:47:01.986+0800][1.793s][14104][6784 ][info][gc,heap        ] GC(110) Humongous regions: 114->114
[2020-10-28T10:47:01.986+0800][1.793s][14104][6784 ][info][gc,metaspace   ] GC(110) Metaspace: 16382K->16382K(1064960K)
[2020-10-28T10:47:01.986+0800][1.793s][14104][6784 ][info][gc             ] GC(110) Pause Young (Normal) (G1 Evacuation Pause) 243M->243M(256M) 1.785ms
[2020-10-28T10:47:01.986+0800][1.794s][14104][6784 ][info][gc,cpu         ] GC(110) User=0.00s Sys=0.02s Real=0.00s
[2020-10-28T10:47:01.987+0800][1.794s][14104][6784 ][info][gc,task        ] GC(111) Using 6 workers of 8 for full compaction
[2020-10-28T10:47:01.987+0800][1.794s][14104][6784 ][info][gc,start       ] GC(111) Pause Full (G1 Evacuation Pause)
[2020-10-28T10:47:01.987+0800][1.794s][14104][6784 ][info][gc,phases,start] GC(111) Phase 1: Mark live objects
[2020-10-28T10:47:01.990+0800][1.797s][14104][6784 ][info][gc,stringtable ] GC(111) Cleaned string and symbol table, strings: 6187 processed, 0 removed, symbols: 52175 processed, 0 removed
[2020-10-28T10:47:01.990+0800][1.798s][14104][6784 ][info][gc,phases      ] GC(111) Phase 1: Mark live objects 3.353ms
[2020-10-28T10:47:01.990+0800][1.798s][14104][6784 ][info][gc,phases,start] GC(111) Phase 2: Prepare for compaction
[2020-10-28T10:47:01.991+0800][1.798s][14104][6784 ][info][gc,phases      ] GC(111) Phase 2: Prepare for compaction 0.514ms
[2020-10-28T10:47:01.991+0800][1.798s][14104][6784 ][info][gc,phases,start] GC(111) Phase 3: Adjust pointers
[2020-10-28T10:47:01.992+0800][1.800s][14104][6784 ][info][gc,phases      ] GC(111) Phase 3: Adjust pointers 1.459ms
[2020-10-28T10:47:01.993+0800][1.800s][14104][6784 ][info][gc,phases,start] GC(111) Phase 4: Compact heap
[2020-10-28T10:47:02.010+0800][1.817s][14104][6784 ][info][gc,phases      ] GC(111) Phase 4: Compact heap 17.647ms
[2020-10-28T10:47:02.011+0800][1.818s][14104][6784 ][info][gc,heap        ] GC(111) Eden regions: 0->0(12)
[2020-10-28T10:47:02.011+0800][1.818s][14104][6784 ][info][gc,heap        ] GC(111) Survivor regions: 0->0(2)
[2020-10-28T10:47:02.011+0800][1.818s][14104][6784 ][info][gc,heap        ] GC(111) Old regions: 142->142
[2020-10-28T10:47:02.011+0800][1.818s][14104][6784 ][info][gc,heap        ] GC(111) Humongous regions: 114->113
[2020-10-28T10:47:02.011+0800][1.818s][14104][6784 ][info][gc,metaspace   ] GC(111) Metaspace: 16382K->16382K(1064960K)
[2020-10-28T10:47:02.011+0800][1.819s][14104][6784 ][info][gc             ] GC(111) Pause Full (G1 Evacuation Pause) 243M->241M(256M) 24.548ms
[2020-10-28T10:47:02.012+0800][1.819s][14104][6784 ][info][gc,cpu         ] GC(111) User=0.02s Sys=0.00s Real=0.03s
[2020-10-28T10:47:02.013+0800][1.820s][14104][6784 ][info][gc,start       ] GC(112) Pause Young (Concurrent Start) (G1 Evacuation Pause)
[2020-10-28T10:47:02.013+0800][1.820s][14104][6784 ][info][gc,task        ] GC(112) Using 6 workers of 8 for evacuation
[2020-10-28T10:47:02.015+0800][1.822s][14104][6784 ][info][gc             ] GC(112) To-space exhausted
[2020-10-28T10:47:02.015+0800][1.823s][14104][6784 ][info][gc,phases      ] GC(112)   Pre Evacuate Collection Set: 0.2ms
[2020-10-28T10:47:02.016+0800][1.823s][14104][6784 ][info][gc,phases      ] GC(112)   Evacuate Collection Set: 1.0ms
[2020-10-28T10:47:02.016+0800][1.823s][14104][6784 ][info][gc,phases      ] GC(112)   Post Evacuate Collection Set: 0.5ms
[2020-10-28T10:47:02.016+0800][1.823s][14104][6784 ][info][gc,phases      ] GC(112)   Other: 1.0ms
[2020-10-28T10:47:02.016+0800][1.823s][14104][6784 ][info][gc,heap        ] GC(112) Eden regions: 1->0(12)
[2020-10-28T10:47:02.016+0800][1.823s][14104][6784 ][info][gc,heap        ] GC(112) Survivor regions: 0->0(2)
[2020-10-28T10:47:02.016+0800][1.823s][14104][6784 ][info][gc,heap        ] GC(112) Old regions: 142->143
[2020-10-28T10:47:02.016+0800][1.823s][14104][6784 ][info][gc,heap        ] GC(112) Humongous regions: 113->113
[2020-10-28T10:47:02.016+0800][1.823s][14104][6784 ][info][gc,metaspace   ] GC(112) Metaspace: 16382K->16382K(1064960K)
[2020-10-28T10:47:02.016+0800][1.823s][14104][6784 ][info][gc             ] GC(112) Pause Young (Concurrent Start) (G1 Evacuation Pause) 242M->242M(256M) 3.044ms
[2020-10-28T10:47:02.016+0800][1.823s][14104][6784 ][info][gc,cpu         ] GC(112) User=0.00s Sys=0.02s Real=0.00s
[2020-10-28T10:47:02.016+0800][1.823s][14104][12216][info][gc             ] GC(114) Concurrent Cycle
[2020-10-28T10:47:02.016+0800][1.823s][14104][6784 ][info][gc,task        ] GC(113) Using 6 workers of 8 for full compaction
[2020-10-28T10:47:02.016+0800][1.824s][14104][6784 ][info][gc,start       ] GC(113) Pause Full (G1 Evacuation Pause)
[2020-10-28T10:47:02.017+0800][1.824s][14104][12216][info][gc,marking     ] GC(114) Concurrent Clear Claimed Marks
[2020-10-28T10:47:02.017+0800][1.824s][14104][12216][info][gc,marking     ] GC(114) Concurrent Clear Claimed Marks 0.296ms
[2020-10-28T10:47:02.017+0800][1.825s][14104][12216][info][gc,marking     ] GC(114) Concurrent Scan Root Regions
[2020-10-28T10:47:02.017+0800][1.825s][14104][12216][info][gc,marking     ] GC(114) Concurrent Scan Root Regions 0.091ms
[2020-10-28T10:47:02.018+0800][1.825s][14104][12216][info][gc,marking     ] GC(114) Concurrent Mark (1.825s)
[2020-10-28T10:47:02.018+0800][1.825s][14104][6784 ][info][gc,phases,start] GC(113) Phase 1: Mark live objects
[2020-10-28T10:47:02.022+0800][1.830s][14104][6784 ][info][gc,stringtable ] GC(113) Cleaned string and symbol table, strings: 6187 processed, 0 removed, symbols: 52175 processed, 0 removed
[2020-10-28T10:47:02.022+0800][1.830s][14104][6784 ][info][gc,phases      ] GC(113) Phase 1: Mark live objects 4.501ms
[2020-10-28T10:47:02.023+0800][1.830s][14104][6784 ][info][gc,phases,start] GC(113) Phase 2: Prepare for compaction
[2020-10-28T10:47:02.023+0800][1.830s][14104][6784 ][info][gc,phases      ] GC(113) Phase 2: Prepare for compaction 0.561ms
[2020-10-28T10:47:02.023+0800][1.830s][14104][6784 ][info][gc,phases,start] GC(113) Phase 3: Adjust pointers
[2020-10-28T10:47:02.025+0800][1.832s][14104][6784 ][info][gc,phases      ] GC(113) Phase 3: Adjust pointers 1.479ms
[2020-10-28T10:47:02.025+0800][1.832s][14104][6784 ][info][gc,phases,start] GC(113) Phase 4: Compact heap
[2020-10-28T10:47:02.028+0800][1.835s][14104][6784 ][info][gc,phases      ] GC(113) Phase 4: Compact heap 3.331ms
[2020-10-28T10:47:02.030+0800][1.837s][14104][6784 ][info][gc,heap        ] GC(113) Eden regions: 0->0(12)
[2020-10-28T10:47:02.030+0800][1.837s][14104][6784 ][info][gc,heap        ] GC(113) Survivor regions: 0->0(2)
[2020-10-28T10:47:02.030+0800][1.838s][14104][6784 ][info][gc,heap        ] GC(113) Old regions: 143->142
[2020-10-28T10:47:02.030+0800][1.838s][14104][6784 ][info][gc,heap        ] GC(113) Humongous regions: 113->113
[2020-10-28T10:47:02.030+0800][1.838s][14104][6784 ][info][gc,metaspace   ] GC(113) Metaspace: 16382K->16382K(1064960K)
[2020-10-28T10:47:02.031+0800][1.838s][14104][6784 ][info][gc             ] GC(113) Pause Full (G1 Evacuation Pause) 242M->241M(256M) 14.095ms
[2020-10-28T10:47:02.032+0800][1.839s][14104][6784 ][info][gc,cpu         ] GC(113) User=0.02s Sys=0.00s Real=0.02s
[2020-10-28T10:47:02.032+0800][1.839s][14104][12216][info][gc,marking     ] GC(114) Concurrent Mark Abort
[2020-10-28T10:47:02.032+0800][1.839s][14104][12216][info][gc             ] GC(114) Concurrent Cycle 15.961ms
[2020-10-28T10:47:02.033+0800][1.840s][14104][6784 ][info][gc,start       ] GC(115) Pause Young (Concurrent Start) (G1 Humongous Allocation)
[2020-10-28T10:47:02.033+0800][1.840s][14104][6784 ][info][gc,task        ] GC(115) Using 6 workers of 8 for evacuation
[2020-10-28T10:47:02.034+0800][1.841s][14104][6784 ][info][gc             ] GC(115) To-space exhausted
[2020-10-28T10:47:02.035+0800][1.842s][14104][6784 ][info][gc,phases      ] GC(115)   Pre Evacuate Collection Set: 0.1ms
[2020-10-28T10:47:02.035+0800][1.842s][14104][6784 ][info][gc,phases      ] GC(115)   Evacuate Collection Set: 0.3ms
[2020-10-28T10:47:02.035+0800][1.842s][14104][6784 ][info][gc,phases      ] GC(115)   Post Evacuate Collection Set: 0.6ms
[2020-10-28T10:47:02.035+0800][1.842s][14104][6784 ][info][gc,phases      ] GC(115)   Other: 1.4ms
[2020-10-28T10:47:02.035+0800][1.842s][14104][6784 ][info][gc,heap        ] GC(115) Eden regions: 1->0(12)
[2020-10-28T10:47:02.035+0800][1.843s][14104][6784 ][info][gc,heap        ] GC(115) Survivor regions: 0->0(2)
[2020-10-28T10:47:02.035+0800][1.843s][14104][6784 ][info][gc,heap        ] GC(115) Old regions: 142->143
[2020-10-28T10:47:02.035+0800][1.843s][14104][6784 ][info][gc,heap        ] GC(115) Humongous regions: 113->113
[2020-10-28T10:47:02.036+0800][1.843s][14104][6784 ][info][gc,metaspace   ] GC(115) Metaspace: 16382K->16382K(1064960K)
[2020-10-28T10:47:02.036+0800][1.843s][14104][6784 ][info][gc             ] GC(115) Pause Young (Concurrent Start) (G1 Humongous Allocation) 241M->241M(256M) 2.890ms
[2020-10-28T10:47:02.037+0800][1.844s][14104][6784 ][info][gc,cpu         ] GC(115) User=0.00s Sys=0.00s Real=0.00s
[2020-10-28T10:47:02.037+0800][1.844s][14104][12216][info][gc             ] GC(116) Concurrent Cycle
[2020-10-28T10:47:02.037+0800][1.844s][14104][6784 ][info][gc,start       ] GC(117) Pause Young (Normal) (G1 Humongous Allocation)
[2020-10-28T10:47:02.037+0800][1.844s][14104][6784 ][info][gc,task        ] GC(117) Using 6 workers of 8 for evacuation
[2020-10-28T10:47:02.038+0800][1.845s][14104][6784 ][info][gc,phases      ] GC(117)   Pre Evacuate Collection Set: 0.0ms
[2020-10-28T10:47:02.038+0800][1.845s][14104][6784 ][info][gc,phases      ] GC(117)   Evacuate Collection Set: 0.1ms
[2020-10-28T10:47:02.038+0800][1.845s][14104][12216][info][gc,marking     ] GC(116) Concurrent Clear Claimed Marks
[2020-10-28T10:47:02.038+0800][1.845s][14104][6784 ][info][gc,phases      ] GC(117)   Post Evacuate Collection Set: 0.1ms
[2020-10-28T10:47:02.038+0800][1.845s][14104][12216][info][gc,marking     ] GC(116) Concurrent Clear Claimed Marks 0.073ms
[2020-10-28T10:47:02.038+0800][1.845s][14104][12216][info][gc,marking     ] GC(116) Concurrent Scan Root Regions
[2020-10-28T10:47:02.038+0800][1.845s][14104][6784 ][info][gc,phases      ] GC(117)   Other: 0.3ms
[2020-10-28T10:47:02.038+0800][1.845s][14104][12216][info][gc,marking     ] GC(116) Concurrent Scan Root Regions 0.035ms
[2020-10-28T10:47:02.038+0800][1.845s][14104][6784 ][info][gc,heap        ] GC(117) Eden regions: 0->0(12)
[2020-10-28T10:47:02.038+0800][1.845s][14104][12216][info][gc,marking     ] GC(116) Concurrent Mark (1.845s)
[2020-10-28T10:47:02.038+0800][1.845s][14104][6784 ][info][gc,heap        ] GC(117) Survivor regions: 0->0(2)
[2020-10-28T10:47:02.038+0800][1.845s][14104][12216][info][gc,marking     ] GC(116) Concurrent Mark From Roots
[2020-10-28T10:47:02.038+0800][1.845s][14104][6784 ][info][gc,heap        ] GC(117) Old regions: 143->143
[2020-10-28T10:47:02.038+0800][1.845s][14104][12216][info][gc,task        ] GC(116) Using 2 workers of 2 for marking
[2020-10-28T10:47:02.038+0800][1.845s][14104][6784 ][info][gc,heap        ] GC(117) Humongous regions: 113->113
[2020-10-28T10:47:02.038+0800][1.845s][14104][6784 ][info][gc,metaspace   ] GC(117) Metaspace: 16382K->16382K(1064960K)
[2020-10-28T10:47:02.038+0800][1.845s][14104][6784 ][info][gc             ] GC(117) Pause Young (Normal) (G1 Humongous Allocation) 241M->241M(256M) 1.074ms
[2020-10-28T10:47:02.039+0800][1.846s][14104][6784 ][info][gc,cpu         ] GC(117) User=0.00s Sys=0.00s Real=0.00s
[2020-10-28T10:47:02.039+0800][1.846s][14104][6784 ][info][gc,task        ] GC(118) Using 6 workers of 8 for full compaction
[2020-10-28T10:47:02.039+0800][1.846s][14104][6784 ][info][gc,start       ] GC(118) Pause Full (G1 Humongous Allocation)
[2020-10-28T10:47:02.039+0800][1.846s][14104][6784 ][info][gc,phases,start] GC(118) Phase 1: Mark live objects
[2020-10-28T10:47:02.042+0800][1.849s][14104][6784 ][info][gc,stringtable ] GC(118) Cleaned string and symbol table, strings: 6187 processed, 0 removed, symbols: 52175 processed, 0 removed
[2020-10-28T10:47:02.042+0800][1.849s][14104][6784 ][info][gc,phases      ] GC(118) Phase 1: Mark live objects 2.848ms
[2020-10-28T10:47:02.042+0800][1.849s][14104][6784 ][info][gc,phases,start] GC(118) Phase 2: Prepare for compaction
[2020-10-28T10:47:02.042+0800][1.850s][14104][6784 ][info][gc,phases      ] GC(118) Phase 2: Prepare for compaction 0.551ms
[2020-10-28T10:47:02.042+0800][1.850s][14104][6784 ][info][gc,phases,start] GC(118) Phase 3: Adjust pointers
[2020-10-28T10:47:02.044+0800][1.851s][14104][6784 ][info][gc,phases      ] GC(118) Phase 3: Adjust pointers 1.557ms
[2020-10-28T10:47:02.044+0800][1.851s][14104][6784 ][info][gc,phases,start] GC(118) Phase 4: Compact heap
[2020-10-28T10:47:02.046+0800][1.853s][14104][6784 ][info][gc,phases      ] GC(118) Phase 4: Compact heap 1.818ms
[2020-10-28T10:47:02.050+0800][1.857s][14104][6784 ][info][gc,heap        ] GC(118) Eden regions: 0->0(12)
[2020-10-28T10:47:02.050+0800][1.857s][14104][6784 ][info][gc,heap        ] GC(118) Survivor regions: 0->0(2)
[2020-10-28T10:47:02.050+0800][1.857s][14104][6784 ][info][gc,heap        ] GC(118) Old regions: 143->141
[2020-10-28T10:47:02.050+0800][1.857s][14104][6784 ][info][gc,heap        ] GC(118) Humongous regions: 113->113
[2020-10-28T10:47:02.050+0800][1.857s][14104][6784 ][info][gc,metaspace   ] GC(118) Metaspace: 16382K->16382K(1064960K)
[2020-10-28T10:47:02.050+0800][1.857s][14104][6784 ][info][gc             ] GC(118) Pause Full (G1 Humongous Allocation) 241M->241M(256M) 11.293ms
[2020-10-28T10:47:02.051+0800][1.858s][14104][6784 ][info][gc,cpu         ] GC(118) User=0.02s Sys=0.00s Real=0.01s
[2020-10-28T10:47:02.051+0800][1.858s][14104][12216][info][gc,marking     ] GC(116) Concurrent Mark From Roots 13.158ms
[2020-10-28T10:47:02.051+0800][1.858s][14104][12216][info][gc,marking     ] GC(116) Concurrent Mark Abort
[2020-10-28T10:47:02.051+0800][1.858s][14104][12216][info][gc             ] GC(116) Concurrent Cycle 14.653ms
[2020-10-28T10:47:02.052+0800][1.859s][14104][6784 ][info][gc,start       ] GC(119) Pause Young (Concurrent Start) (G1 Humongous Allocation)
[2020-10-28T10:47:02.052+0800][1.859s][14104][6784 ][info][gc,task        ] GC(119) Using 6 workers of 8 for evacuation
[2020-10-28T10:47:02.053+0800][1.860s][14104][6784 ][info][gc             ] GC(119) To-space exhausted
[2020-10-28T10:47:02.054+0800][1.861s][14104][6784 ][info][gc,phases      ] GC(119)   Pre Evacuate Collection Set: 0.0ms
[2020-10-28T10:47:02.054+0800][1.861s][14104][6784 ][info][gc,phases      ] GC(119)   Evacuate Collection Set: 0.7ms
[2020-10-28T10:47:02.054+0800][1.861s][14104][6784 ][info][gc,phases      ] GC(119)   Post Evacuate Collection Set: 0.6ms
[2020-10-28T10:47:02.054+0800][1.861s][14104][6784 ][info][gc,phases      ] GC(119)   Other: 1.2ms
[2020-10-28T10:47:02.054+0800][1.861s][14104][6784 ][info][gc,heap        ] GC(119) Eden regions: 1->0(12)
[2020-10-28T10:47:02.054+0800][1.861s][14104][6784 ][info][gc,heap        ] GC(119) Survivor regions: 0->0(2)
[2020-10-28T10:47:02.054+0800][1.861s][14104][6784 ][info][gc,heap        ] GC(119) Old regions: 141->142
[2020-10-28T10:47:02.054+0800][1.861s][14104][6784 ][info][gc,heap        ] GC(119) Humongous regions: 114->114
[2020-10-28T10:47:02.054+0800][1.861s][14104][6784 ][info][gc,metaspace   ] GC(119) Metaspace: 16382K->16382K(1064960K)
[2020-10-28T10:47:02.054+0800][1.862s][14104][6784 ][info][gc             ] GC(119) Pause Young (Concurrent Start) (G1 Humongous Allocation) 243M->243M(256M) 2.694ms
[2020-10-28T10:47:02.055+0800][1.862s][14104][6784 ][info][gc,cpu         ] GC(119) User=0.00s Sys=0.00s Real=0.00s
[2020-10-28T10:47:02.055+0800][1.862s][14104][12216][info][gc             ] GC(120) Concurrent Cycle
[2020-10-28T10:47:02.055+0800][1.862s][14104][6784 ][info][gc,start       ] GC(121) Pause Young (Normal) (G1 Humongous Allocation)
[2020-10-28T10:47:02.055+0800][1.862s][14104][6784 ][info][gc,task        ] GC(121) Using 6 workers of 8 for evacuation
[2020-10-28T10:47:02.055+0800][1.862s][14104][12216][info][gc,marking     ] GC(120) Concurrent Clear Claimed Marks
[2020-10-28T10:47:02.055+0800][1.862s][14104][12216][info][gc,marking     ] GC(120) Concurrent Clear Claimed Marks 0.041ms
[2020-10-28T10:47:02.055+0800][1.862s][14104][6784 ][info][gc,phases      ] GC(121)   Pre Evacuate Collection Set: 0.0ms
[2020-10-28T10:47:02.055+0800][1.862s][14104][12216][info][gc,marking     ] GC(120) Concurrent Scan Root Regions
[2020-10-28T10:47:02.055+0800][1.862s][14104][6784 ][info][gc,phases      ] GC(121)   Evacuate Collection Set: 0.1ms
[2020-10-28T10:47:02.055+0800][1.862s][14104][12216][info][gc,marking     ] GC(120) Concurrent Scan Root Regions 0.064ms
[2020-10-28T10:47:02.055+0800][1.862s][14104][6784 ][info][gc,phases      ] GC(121)   Post Evacuate Collection Set: 0.1ms
[2020-10-28T10:47:02.055+0800][1.862s][14104][12216][info][gc,marking     ] GC(120) Concurrent Mark (1.862s)
[2020-10-28T10:47:02.055+0800][1.862s][14104][6784 ][info][gc,phases      ] GC(121)   Other: 0.1ms
[2020-10-28T10:47:02.055+0800][1.862s][14104][12216][info][gc,marking     ] GC(120) Concurrent Mark From Roots
[2020-10-28T10:47:02.055+0800][1.862s][14104][6784 ][info][gc,heap        ] GC(121) Eden regions: 0->0(12)
[2020-10-28T10:47:02.055+0800][1.863s][14104][12216][info][gc,task        ] GC(120) Using 2 workers of 2 for marking
[2020-10-28T10:47:02.055+0800][1.863s][14104][6784 ][info][gc,heap        ] GC(121) Survivor regions: 0->0(2)
[2020-10-28T10:47:02.056+0800][1.863s][14104][6784 ][info][gc,heap        ] GC(121) Old regions: 142->142
[2020-10-28T10:47:02.056+0800][1.863s][14104][6784 ][info][gc,heap        ] GC(121) Humongous regions: 114->114
[2020-10-28T10:47:02.056+0800][1.863s][14104][6784 ][info][gc,metaspace   ] GC(121) Metaspace: 16382K->16382K(1064960K)
[2020-10-28T10:47:02.056+0800][1.863s][14104][6784 ][info][gc             ] GC(121) Pause Young (Normal) (G1 Humongous Allocation) 243M->243M(256M) 0.779ms
[2020-10-28T10:47:02.056+0800][1.863s][14104][6784 ][info][gc,cpu         ] GC(121) User=0.00s Sys=0.00s Real=0.00s
[2020-10-28T10:47:02.056+0800][1.863s][14104][6784 ][info][gc,task        ] GC(122) Using 6 workers of 8 for full compaction
[2020-10-28T10:47:02.056+0800][1.863s][14104][6784 ][info][gc,start       ] GC(122) Pause Full (G1 Humongous Allocation)
[2020-10-28T10:47:02.056+0800][1.863s][14104][6784 ][info][gc,phases,start] GC(122) Phase 1: Mark live objects
[2020-10-28T10:47:02.059+0800][1.866s][14104][6784 ][info][gc,stringtable ] GC(122) Cleaned string and symbol table, strings: 6187 processed, 0 removed, symbols: 52175 processed, 0 removed
[2020-10-28T10:47:02.059+0800][1.866s][14104][6784 ][info][gc,phases      ] GC(122) Phase 1: Mark live objects 2.955ms
[2020-10-28T10:47:02.059+0800][1.866s][14104][6784 ][info][gc,phases,start] GC(122) Phase 2: Prepare for compaction
[2020-10-28T10:47:02.060+0800][1.867s][14104][6784 ][info][gc,phases      ] GC(122) Phase 2: Prepare for compaction 0.696ms
[2020-10-28T10:47:02.060+0800][1.867s][14104][6784 ][info][gc,phases,start] GC(122) Phase 3: Adjust pointers
[2020-10-28T10:47:02.062+0800][1.869s][14104][6784 ][info][gc,phases      ] GC(122) Phase 3: Adjust pointers 1.964ms
[2020-10-28T10:47:02.062+0800][1.869s][14104][6784 ][info][gc,phases,start] GC(122) Phase 4: Compact heap
[2020-10-28T10:47:02.065+0800][1.873s][14104][6784 ][info][gc,phases      ] GC(122) Phase 4: Compact heap 3.300ms
[2020-10-28T10:47:02.070+0800][1.877s][14104][6784 ][info][gc,heap        ] GC(122) Eden regions: 0->0(12)
[2020-10-28T10:47:02.070+0800][1.878s][14104][6784 ][info][gc,heap        ] GC(122) Survivor regions: 0->0(2)
[2020-10-28T10:47:02.070+0800][1.878s][14104][6784 ][info][gc,heap        ] GC(122) Old regions: 142->140
[2020-10-28T10:47:02.070+0800][1.878s][14104][6784 ][info][gc,heap        ] GC(122) Humongous regions: 114->114
[2020-10-28T10:47:02.071+0800][1.878s][14104][6784 ][info][gc,metaspace   ] GC(122) Metaspace: 16382K->16382K(1064960K)
[2020-10-28T10:47:02.071+0800][1.878s][14104][6784 ][info][gc             ] GC(122) Pause Full (G1 Humongous Allocation) 243M->242M(256M) 14.511ms
[2020-10-28T10:47:02.072+0800][1.879s][14104][6784 ][info][gc,cpu         ] GC(122) User=0.09s Sys=0.00s Real=0.02s
[2020-10-28T10:47:02.072+0800][1.880s][14104][12216][info][gc,marking     ] GC(120) Concurrent Mark From Roots 17.024ms
[2020-10-28T10:47:02.072+0800][1.880s][14104][12216][info][gc,marking     ] GC(120) Concurrent Mark Abort
[2020-10-28T10:47:02.073+0800][1.880s][14104][12216][info][gc             ] GC(120) Concurrent Cycle 17.841ms
[2020-10-28T10:47:02.095+0800][1.902s][14104][14604][info][gc,heap,exit   ] Heap
[2020-10-28T10:47:02.095+0800][1.903s][14104][14604][info][gc,heap,exit   ]  garbage-first heap   total 262144K, used 249375K [0x00000000f0000000, 0x0000000100000000)
[2020-10-28T10:47:02.096+0800][1.903s][14104][14604][info][gc,heap,exit   ]   region size 1024K, 1 young (1024K), 0 survivors (0K)
[2020-10-28T10:47:02.096+0800][1.903s][14104][14604][info][gc,heap,exit   ]  Metaspace       used 16552K, capacity 16955K, committed 17024K, reserved 1064960K
[2020-10-28T10:47:02.096+0800][1.903s][14104][14604][info][gc,heap,exit   ]   class space    used 1750K, capacity 1890K, committed 1920K, reserved 1048576K
