[2020-10-28T10:45:27.416+0800][0.018s][3212][15140][info][gc,heap] Heap region size: 1M
[2020-10-28T10:45:27.444+0800][0.046s][3212][15140][info][gc     ] Using G1
[2020-10-28T10:45:27.444+0800][0.047s][3212][15140][info][gc,heap,coops] Heap address: 0x00000000f8000000, size: 128 MB, Compressed Oops mode: 32-bit
[2020-10-28T10:45:28.100+0800][0.702s][3212][9748 ][info][gc,start     ] GC(0) Pause Young (Normal) (G1 Evacuation Pause)
[2020-10-28T10:45:28.100+0800][0.703s][3212][9748 ][info][gc,task      ] GC(0) Using 3 workers of 8 for evacuation
[2020-10-28T10:45:28.116+0800][0.718s][3212][9748 ][info][gc,phases    ] GC(0)   Pre Evacuate Collection Set: 0.0ms
[2020-10-28T10:45:28.116+0800][0.718s][3212][9748 ][info][gc,phases    ] GC(0)   Evacuate Collection Set: 10.2ms
[2020-10-28T10:45:28.116+0800][0.719s][3212][9748 ][info][gc,phases    ] GC(0)   Post Evacuate Collection Set: 0.4ms
[2020-10-28T10:45:28.116+0800][0.719s][3212][9748 ][info][gc,phases    ] GC(0)   Other: 5.5ms
[2020-10-28T10:45:28.116+0800][0.719s][3212][9748 ][info][gc,heap      ] GC(0) Eden regions: 24->0(73)
[2020-10-28T10:45:28.116+0800][0.719s][3212][9748 ][info][gc,heap      ] GC(0) Survivor regions: 0->3(3)
[2020-10-28T10:45:28.116+0800][0.719s][3212][9748 ][info][gc,heap      ] GC(0) Old regions: 0->5
[2020-10-28T10:45:28.116+0800][0.719s][3212][9748 ][info][gc,heap      ] GC(0) Humongous regions: 2->2
[2020-10-28T10:45:28.116+0800][0.719s][3212][9748 ][info][gc,metaspace ] GC(0) Metaspace: 15155K->15155K(1062912K)
[2020-10-28T10:45:28.116+0800][0.719s][3212][9748 ][info][gc           ] GC(0) Pause Young (Normal) (G1 Evacuation Pause) 26M->9M(128M) 16.566ms
[2020-10-28T10:45:28.117+0800][0.719s][3212][9748 ][info][gc,cpu       ] GC(0) User=0.06s Sys=0.02s Real=0.02s
[2020-10-28T10:45:28.350+0800][0.952s][3212][9748 ][info][gc,start     ] GC(1) Pause Young (Normal) (G1 Evacuation Pause)
[2020-10-28T10:45:28.350+0800][0.952s][3212][9748 ][info][gc,task      ] GC(1) Using 3 workers of 8 for evacuation
[2020-10-28T10:45:28.361+0800][0.963s][3212][9748 ][info][gc           ] GC(1) To-space exhausted
[2020-10-28T10:45:28.361+0800][0.963s][3212][9748 ][info][gc,phases    ] GC(1)   Pre Evacuate Collection Set: 0.0ms
[2020-10-28T10:45:28.361+0800][0.963s][3212][9748 ][info][gc,phases    ] GC(1)   Evacuate Collection Set: 10.1ms
[2020-10-28T10:45:28.361+0800][0.963s][3212][9748 ][info][gc,phases    ] GC(1)   Post Evacuate Collection Set: 0.6ms
[2020-10-28T10:45:28.361+0800][0.963s][3212][9748 ][info][gc,phases    ] GC(1)   Other: 0.5ms
[2020-10-28T10:45:28.361+0800][0.963s][3212][9748 ][info][gc,heap      ] GC(1) Eden regions: 73->0(14)
[2020-10-28T10:45:28.361+0800][0.964s][3212][9748 ][info][gc,heap      ] GC(1) Survivor regions: 3->10(10)
[2020-10-28T10:45:28.361+0800][0.964s][3212][9748 ][info][gc,heap      ] GC(1) Old regions: 5->62
[2020-10-28T10:45:28.361+0800][0.964s][3212][9748 ][info][gc,heap      ] GC(1) Humongous regions: 31->16
[2020-10-28T10:45:28.361+0800][0.964s][3212][9748 ][info][gc,metaspace ] GC(1) Metaspace: 16348K->16348K(1064960K)
[2020-10-28T10:45:28.361+0800][0.964s][3212][9748 ][info][gc           ] GC(1) Pause Young (Normal) (G1 Evacuation Pause) 110M->88M(128M) 11.374ms
[2020-10-28T10:45:28.362+0800][0.964s][3212][9748 ][info][gc,cpu       ] GC(1) User=0.03s Sys=0.03s Real=0.01s
[2020-10-28T10:45:28.363+0800][0.965s][3212][9748 ][info][gc,start     ] GC(2) Pause Young (Concurrent Start) (G1 Humongous Allocation)
[2020-10-28T10:45:28.363+0800][0.965s][3212][9748 ][info][gc,task      ] GC(2) Using 3 workers of 8 for evacuation
[2020-10-28T10:45:28.370+0800][0.972s][3212][9748 ][info][gc,phases    ] GC(2)   Pre Evacuate Collection Set: 0.1ms
[2020-10-28T10:45:28.370+0800][0.972s][3212][9748 ][info][gc,phases    ] GC(2)   Evacuate Collection Set: 6.2ms
[2020-10-28T10:45:28.370+0800][0.972s][3212][9748 ][info][gc,phases    ] GC(2)   Post Evacuate Collection Set: 0.3ms
[2020-10-28T10:45:28.370+0800][0.972s][3212][9748 ][info][gc,phases    ] GC(2)   Other: 0.6ms
[2020-10-28T10:45:28.370+0800][0.972s][3212][9748 ][info][gc,heap      ] GC(2) Eden regions: 2->0(11)
[2020-10-28T10:45:28.370+0800][0.973s][3212][9748 ][info][gc,heap      ] GC(2) Survivor regions: 10->1(3)
[2020-10-28T10:45:28.370+0800][0.973s][3212][9748 ][info][gc,heap      ] GC(2) Old regions: 62->72
[2020-10-28T10:45:28.370+0800][0.973s][3212][9748 ][info][gc,heap      ] GC(2) Humongous regions: 16->16
[2020-10-28T10:45:28.370+0800][0.973s][3212][9748 ][info][gc,metaspace ] GC(2) Metaspace: 16349K->16349K(1064960K)
[2020-10-28T10:45:28.370+0800][0.973s][3212][9748 ][info][gc           ] GC(2) Pause Young (Concurrent Start) (G1 Humongous Allocation) 89M->88M(128M) 7.400ms
[2020-10-28T10:45:28.371+0800][0.973s][3212][9748 ][info][gc,cpu       ] GC(2) User=0.00s Sys=0.00s Real=0.01s
[2020-10-28T10:45:28.371+0800][0.973s][3212][13364][info][gc           ] GC(3) Concurrent Cycle
[2020-10-28T10:45:28.371+0800][0.973s][3212][13364][info][gc,marking   ] GC(3) Concurrent Clear Claimed Marks
[2020-10-28T10:45:28.371+0800][0.973s][3212][13364][info][gc,marking   ] GC(3) Concurrent Clear Claimed Marks 0.069ms
[2020-10-28T10:45:28.371+0800][0.973s][3212][13364][info][gc,marking   ] GC(3) Concurrent Scan Root Regions
[2020-10-28T10:45:28.371+0800][0.973s][3212][13364][info][gc,marking   ] GC(3) Concurrent Scan Root Regions 0.064ms
[2020-10-28T10:45:28.371+0800][0.973s][3212][13364][info][gc,marking   ] GC(3) Concurrent Mark (0.973s)
[2020-10-28T10:45:28.371+0800][0.973s][3212][13364][info][gc,marking   ] GC(3) Concurrent Mark From Roots
[2020-10-28T10:45:28.371+0800][0.974s][3212][13364][info][gc,task      ] GC(3) Using 2 workers of 2 for marking
[2020-10-28T10:45:28.374+0800][0.977s][3212][9748 ][info][gc,start     ] GC(4) Pause Young (Normal) (G1 Evacuation Pause)
[2020-10-28T10:45:28.374+0800][0.977s][3212][9748 ][info][gc,task      ] GC(4) Using 3 workers of 8 for evacuation
[2020-10-28T10:45:28.377+0800][0.979s][3212][9748 ][info][gc,phases    ] GC(4)   Pre Evacuate Collection Set: 0.0ms
[2020-10-28T10:45:28.377+0800][0.979s][3212][9748 ][info][gc,phases    ] GC(4)   Evacuate Collection Set: 2.0ms
[2020-10-28T10:45:28.377+0800][0.979s][3212][9748 ][info][gc,phases    ] GC(4)   Post Evacuate Collection Set: 0.3ms
[2020-10-28T10:45:28.377+0800][0.979s][3212][9748 ][info][gc,phases    ] GC(4)   Other: 0.3ms
[2020-10-28T10:45:28.377+0800][0.979s][3212][9748 ][info][gc,heap      ] GC(4) Eden regions: 11->0(9)
[2020-10-28T10:45:28.377+0800][0.979s][3212][9748 ][info][gc,heap      ] GC(4) Survivor regions: 1->2(2)
[2020-10-28T10:45:28.377+0800][0.980s][3212][9748 ][info][gc,heap      ] GC(4) Old regions: 72->74
[2020-10-28T10:45:28.377+0800][0.980s][3212][9748 ][info][gc,heap      ] GC(4) Humongous regions: 23->19
[2020-10-28T10:45:28.377+0800][0.980s][3212][9748 ][info][gc,metaspace ] GC(4) Metaspace: 16349K->16349K(1064960K)
[2020-10-28T10:45:28.377+0800][0.980s][3212][9748 ][info][gc           ] GC(4) Pause Young (Normal) (G1 Evacuation Pause) 105M->94M(128M) 3.079ms
[2020-10-28T10:45:28.378+0800][0.980s][3212][9748 ][info][gc,cpu       ] GC(4) User=0.06s Sys=0.00s Real=0.00s
[2020-10-28T10:45:28.380+0800][0.982s][3212][9748 ][info][gc,start     ] GC(5) Pause Young (Normal) (G1 Evacuation Pause)
[2020-10-28T10:45:28.380+0800][0.982s][3212][9748 ][info][gc,task      ] GC(5) Using 3 workers of 8 for evacuation
[2020-10-28T10:45:28.382+0800][0.984s][3212][9748 ][info][gc,phases    ] GC(5)   Pre Evacuate Collection Set: 0.0ms
[2020-10-28T10:45:28.382+0800][0.984s][3212][9748 ][info][gc,phases    ] GC(5)   Evacuate Collection Set: 1.5ms
[2020-10-28T10:45:28.382+0800][0.984s][3212][9748 ][info][gc,phases    ] GC(5)   Post Evacuate Collection Set: 0.1ms
[2020-10-28T10:45:28.382+0800][0.984s][3212][9748 ][info][gc,phases    ] GC(5)   Other: 0.2ms
[2020-10-28T10:45:28.382+0800][0.984s][3212][9748 ][info][gc,heap      ] GC(5) Eden regions: 9->0(6)
[2020-10-28T10:45:28.382+0800][0.984s][3212][9748 ][info][gc,heap      ] GC(5) Survivor regions: 2->2(2)
[2020-10-28T10:45:28.382+0800][0.984s][3212][9748 ][info][gc,heap      ] GC(5) Old regions: 74->79
[2020-10-28T10:45:28.382+0800][0.984s][3212][9748 ][info][gc,heap      ] GC(5) Humongous regions: 25->21
[2020-10-28T10:45:28.382+0800][0.984s][3212][9748 ][info][gc,metaspace ] GC(5) Metaspace: 16349K->16349K(1064960K)
[2020-10-28T10:45:28.382+0800][0.984s][3212][9748 ][info][gc           ] GC(5) Pause Young (Normal) (G1 Evacuation Pause) 109M->101M(128M) 2.104ms
[2020-10-28T10:45:28.382+0800][0.985s][3212][9748 ][info][gc,cpu       ] GC(5) User=0.00s Sys=0.00s Real=0.00s
[2020-10-28T10:45:28.383+0800][0.986s][3212][13364][info][gc,marking   ] GC(3) Concurrent Mark From Roots 12.152ms
[2020-10-28T10:45:28.384+0800][0.986s][3212][13364][info][gc,marking   ] GC(3) Concurrent Preclean
[2020-10-28T10:45:28.384+0800][0.987s][3212][13364][info][gc,marking   ] GC(3) Concurrent Preclean 0.742ms
[2020-10-28T10:45:28.385+0800][0.987s][3212][13364][info][gc,marking   ] GC(3) Concurrent Mark (0.973s, 0.987s) 13.378ms
[2020-10-28T10:45:28.385+0800][0.987s][3212][9748 ][info][gc,start     ] GC(3) Pause Remark
[2020-10-28T10:45:28.388+0800][0.990s][3212][9748 ][info][gc,stringtable] GC(3) Cleaned string and symbol table, strings: 6264 processed, 0 removed, symbols: 52182 processed, 8 removed
[2020-10-28T10:45:28.388+0800][0.990s][3212][9748 ][info][gc            ] GC(3) Pause Remark 109M->109M(128M) 2.858ms
[2020-10-28T10:45:28.388+0800][0.991s][3212][9748 ][info][gc,cpu        ] GC(3) User=0.00s Sys=0.00s Real=0.00s
[2020-10-28T10:45:28.388+0800][0.991s][3212][13364][info][gc,marking    ] GC(3) Concurrent Rebuild Remembered Sets
[2020-10-28T10:45:28.390+0800][0.992s][3212][9748 ][info][gc,start      ] GC(6) Pause Young (Normal) (G1 Evacuation Pause)
[2020-10-28T10:45:28.390+0800][0.992s][3212][9748 ][info][gc,task       ] GC(6) Using 3 workers of 8 for evacuation
[2020-10-28T10:45:28.392+0800][0.994s][3212][9748 ][info][gc,phases     ] GC(6)   Pre Evacuate Collection Set: 0.0ms
[2020-10-28T10:45:28.392+0800][0.994s][3212][9748 ][info][gc,phases     ] GC(6)   Evacuate Collection Set: 1.0ms
[2020-10-28T10:45:28.392+0800][0.994s][3212][9748 ][info][gc,phases     ] GC(6)   Post Evacuate Collection Set: 0.4ms
[2020-10-28T10:45:28.392+0800][0.994s][3212][9748 ][info][gc,phases     ] GC(6)   Other: 0.3ms
[2020-10-28T10:45:28.392+0800][0.994s][3212][9748 ][info][gc,heap       ] GC(6) Eden regions: 6->0(5)
[2020-10-28T10:45:28.392+0800][0.995s][3212][9748 ][info][gc,heap       ] GC(6) Survivor regions: 2->1(1)
[2020-10-28T10:45:28.392+0800][0.995s][3212][9748 ][info][gc,heap       ] GC(6) Old regions: 79->83
[2020-10-28T10:45:28.392+0800][0.995s][3212][9748 ][info][gc,heap       ] GC(6) Humongous regions: 27->25
[2020-10-28T10:45:28.392+0800][0.995s][3212][9748 ][info][gc,metaspace  ] GC(6) Metaspace: 16349K->16349K(1064960K)
[2020-10-28T10:45:28.392+0800][0.995s][3212][9748 ][info][gc            ] GC(6) Pause Young (Normal) (G1 Evacuation Pause) 113M->108M(128M) 2.287ms
[2020-10-28T10:45:28.393+0800][0.995s][3212][9748 ][info][gc,cpu        ] GC(6) User=0.05s Sys=0.00s Real=0.00s
[2020-10-28T10:45:28.395+0800][0.997s][3212][9748 ][info][gc,start      ] GC(7) Pause Young (Normal) (G1 Evacuation Pause)
[2020-10-28T10:45:28.395+0800][0.997s][3212][9748 ][info][gc,task       ] GC(7) Using 3 workers of 8 for evacuation
[2020-10-28T10:45:28.396+0800][0.998s][3212][9748 ][info][gc,phases     ] GC(7)   Pre Evacuate Collection Set: 0.0ms
[2020-10-28T10:45:28.396+0800][0.998s][3212][9748 ][info][gc,phases     ] GC(7)   Evacuate Collection Set: 0.7ms
[2020-10-28T10:45:28.396+0800][0.998s][3212][9748 ][info][gc,phases     ] GC(7)   Post Evacuate Collection Set: 0.1ms
[2020-10-28T10:45:28.396+0800][0.998s][3212][9748 ][info][gc,phases     ] GC(7)   Other: 0.2ms
[2020-10-28T10:45:28.396+0800][0.998s][3212][9748 ][info][gc,heap       ] GC(7) Eden regions: 5->0(5)
[2020-10-28T10:45:28.396+0800][0.998s][3212][9748 ][info][gc,heap       ] GC(7) Survivor regions: 1->1(1)
[2020-10-28T10:45:28.396+0800][0.998s][3212][9748 ][info][gc,heap       ] GC(7) Old regions: 83->85
[2020-10-28T10:45:28.396+0800][0.998s][3212][9748 ][info][gc,heap       ] GC(7) Humongous regions: 28->26
[2020-10-28T10:45:28.396+0800][0.998s][3212][9748 ][info][gc,metaspace  ] GC(7) Metaspace: 16349K->16349K(1064960K)
[2020-10-28T10:45:28.396+0800][0.998s][3212][9748 ][info][gc            ] GC(7) Pause Young (Normal) (G1 Evacuation Pause) 116M->111M(128M) 1.219ms
[2020-10-28T10:45:28.396+0800][0.999s][3212][9748 ][info][gc,cpu        ] GC(7) User=0.00s Sys=0.00s Real=0.00s
[2020-10-28T10:45:28.398+0800][1.000s][3212][13364][info][gc,marking    ] GC(3) Concurrent Rebuild Remembered Sets 9.673ms
[2020-10-28T10:45:28.398+0800][1.000s][3212][9748 ][info][gc,start      ] GC(3) Pause Cleanup
[2020-10-28T10:45:28.398+0800][1.001s][3212][9748 ][info][gc            ] GC(3) Pause Cleanup 116M->116M(128M) 0.101ms
[2020-10-28T10:45:28.398+0800][1.001s][3212][9748 ][info][gc,cpu        ] GC(3) User=0.00s Sys=0.00s Real=0.00s
[2020-10-28T10:45:28.399+0800][1.001s][3212][13364][info][gc,marking    ] GC(3) Concurrent Cleanup for Next Mark
[2020-10-28T10:45:28.399+0800][1.001s][3212][13364][info][gc,marking    ] GC(3) Concurrent Cleanup for Next Mark 0.250ms
[2020-10-28T10:45:28.399+0800][1.001s][3212][13364][info][gc            ] GC(3) Concurrent Cycle 28.250ms
[2020-10-28T10:45:28.399+0800][1.002s][3212][9748 ][info][gc,start      ] GC(8) Pause Young (Prepare Mixed) (G1 Evacuation Pause)
[2020-10-28T10:45:28.399+0800][1.002s][3212][9748 ][info][gc,task       ] GC(8) Using 3 workers of 8 for evacuation
[2020-10-28T10:45:28.401+0800][1.003s][3212][9748 ][info][gc,phases     ] GC(8)   Pre Evacuate Collection Set: 0.1ms
[2020-10-28T10:45:28.401+0800][1.003s][3212][9748 ][info][gc,phases     ] GC(8)   Evacuate Collection Set: 0.9ms
[2020-10-28T10:45:28.401+0800][1.003s][3212][9748 ][info][gc,phases     ] GC(8)   Post Evacuate Collection Set: 0.3ms
[2020-10-28T10:45:28.401+0800][1.003s][3212][9748 ][info][gc,phases     ] GC(8)   Other: 0.2ms
[2020-10-28T10:45:28.401+0800][1.003s][3212][9748 ][info][gc,heap       ] GC(8) Eden regions: 5->0(5)
[2020-10-28T10:45:28.401+0800][1.003s][3212][9748 ][info][gc,heap       ] GC(8) Survivor regions: 1->1(1)
[2020-10-28T10:45:28.401+0800][1.003s][3212][9748 ][info][gc,heap       ] GC(8) Old regions: 85->87
[2020-10-28T10:45:28.401+0800][1.003s][3212][9748 ][info][gc,heap       ] GC(8) Humongous regions: 26->26
[2020-10-28T10:45:28.401+0800][1.003s][3212][9748 ][info][gc,metaspace  ] GC(8) Metaspace: 16351K->16351K(1064960K)
[2020-10-28T10:45:28.401+0800][1.003s][3212][9748 ][info][gc            ] GC(8) Pause Young (Prepare Mixed) (G1 Evacuation Pause) 116M->113M(128M) 1.748ms
[2020-10-28T10:45:28.402+0800][1.004s][3212][9748 ][info][gc,cpu        ] GC(8) User=0.00s Sys=0.00s Real=0.00s
[2020-10-28T10:45:28.404+0800][1.007s][3212][9748 ][info][gc,start      ] GC(9) Pause Young (Mixed) (G1 Evacuation Pause)
[2020-10-28T10:45:28.404+0800][1.007s][3212][9748 ][info][gc,task       ] GC(9) Using 3 workers of 8 for evacuation
[2020-10-28T10:45:28.406+0800][1.008s][3212][9748 ][info][gc,phases     ] GC(9)   Pre Evacuate Collection Set: 0.0ms
[2020-10-28T10:45:28.406+0800][1.008s][3212][9748 ][info][gc,phases     ] GC(9)   Evacuate Collection Set: 0.8ms
[2020-10-28T10:45:28.406+0800][1.008s][3212][9748 ][info][gc,phases     ] GC(9)   Post Evacuate Collection Set: 0.1ms
[2020-10-28T10:45:28.406+0800][1.008s][3212][9748 ][info][gc,phases     ] GC(9)   Other: 0.2ms
[2020-10-28T10:45:28.406+0800][1.008s][3212][9748 ][info][gc,heap       ] GC(9) Eden regions: 5->0(5)
[2020-10-28T10:45:28.406+0800][1.008s][3212][9748 ][info][gc,heap       ] GC(9) Survivor regions: 1->1(1)
[2020-10-28T10:45:28.406+0800][1.008s][3212][9748 ][info][gc,heap       ] GC(9) Old regions: 87->76
[2020-10-28T10:45:28.406+0800][1.008s][3212][9748 ][info][gc,heap       ] GC(9) Humongous regions: 29->26
[2020-10-28T10:45:28.406+0800][1.008s][3212][9748 ][info][gc,metaspace  ] GC(9) Metaspace: 16351K->16351K(1064960K)
[2020-10-28T10:45:28.406+0800][1.008s][3212][9748 ][info][gc            ] GC(9) Pause Young (Mixed) (G1 Evacuation Pause) 121M->102M(128M) 1.343ms
[2020-10-28T10:45:28.406+0800][1.008s][3212][9748 ][info][gc,cpu        ] GC(9) User=0.03s Sys=0.00s Real=0.00s
[2020-10-28T10:45:28.408+0800][1.010s][3212][9748 ][info][gc,start      ] GC(10) Pause Young (Mixed) (G1 Evacuation Pause)
[2020-10-28T10:45:28.408+0800][1.011s][3212][9748 ][info][gc,task       ] GC(10) Using 3 workers of 8 for evacuation
[2020-10-28T10:45:28.411+0800][1.013s][3212][9748 ][info][gc,phases     ] GC(10)   Pre Evacuate Collection Set: 0.2ms
[2020-10-28T10:45:28.411+0800][1.013s][3212][9748 ][info][gc,phases     ] GC(10)   Evacuate Collection Set: 2.0ms
[2020-10-28T10:45:28.411+0800][1.013s][3212][9748 ][info][gc,phases     ] GC(10)   Post Evacuate Collection Set: 0.1ms
[2020-10-28T10:45:28.411+0800][1.013s][3212][9748 ][info][gc,phases     ] GC(10)   Other: 0.5ms
[2020-10-28T10:45:28.411+0800][1.013s][3212][9748 ][info][gc,heap       ] GC(10) Eden regions: 5->0(5)
[2020-10-28T10:45:28.411+0800][1.013s][3212][9748 ][info][gc,heap       ] GC(10) Survivor regions: 1->1(1)
[2020-10-28T10:45:28.411+0800][1.013s][3212][9748 ][info][gc,heap       ] GC(10) Old regions: 76->67
[2020-10-28T10:45:28.411+0800][1.013s][3212][9748 ][info][gc,heap       ] GC(10) Humongous regions: 27->26
[2020-10-28T10:45:28.411+0800][1.013s][3212][9748 ][info][gc,metaspace  ] GC(10) Metaspace: 16351K->16351K(1064960K)
[2020-10-28T10:45:28.411+0800][1.013s][3212][9748 ][info][gc            ] GC(10) Pause Young (Mixed) (G1 Evacuation Pause) 108M->93M(128M) 2.992ms
[2020-10-28T10:45:28.411+0800][1.014s][3212][9748 ][info][gc,cpu        ] GC(10) User=0.00s Sys=0.00s Real=0.00s
[2020-10-28T10:45:28.413+0800][1.015s][3212][9748 ][info][gc,start      ] GC(11) Pause Young (Mixed) (G1 Evacuation Pause)
[2020-10-28T10:45:28.413+0800][1.015s][3212][9748 ][info][gc,task       ] GC(11) Using 3 workers of 8 for evacuation
[2020-10-28T10:45:28.415+0800][1.017s][3212][9748 ][info][gc,phases     ] GC(11)   Pre Evacuate Collection Set: 0.0ms
[2020-10-28T10:45:28.415+0800][1.017s][3212][9748 ][info][gc,phases     ] GC(11)   Evacuate Collection Set: 1.1ms
[2020-10-28T10:45:28.415+0800][1.017s][3212][9748 ][info][gc,phases     ] GC(11)   Post Evacuate Collection Set: 0.2ms
[2020-10-28T10:45:28.415+0800][1.017s][3212][9748 ][info][gc,phases     ] GC(11)   Other: 0.2ms
[2020-10-28T10:45:28.415+0800][1.017s][3212][9748 ][info][gc,heap       ] GC(11) Eden regions: 5->0(5)
[2020-10-28T10:45:28.415+0800][1.017s][3212][9748 ][info][gc,heap       ] GC(11) Survivor regions: 1->1(1)
[2020-10-28T10:45:28.415+0800][1.017s][3212][9748 ][info][gc,heap       ] GC(11) Old regions: 67->57
[2020-10-28T10:45:28.415+0800][1.017s][3212][9748 ][info][gc,heap       ] GC(11) Humongous regions: 27->25
[2020-10-28T10:45:28.415+0800][1.017s][3212][9748 ][info][gc,metaspace  ] GC(11) Metaspace: 16351K->16351K(1064960K)
[2020-10-28T10:45:28.415+0800][1.017s][3212][9748 ][info][gc            ] GC(11) Pause Young (Mixed) (G1 Evacuation Pause) 98M->82M(128M) 2.034ms
[2020-10-28T10:45:28.415+0800][1.018s][3212][9748 ][info][gc,cpu        ] GC(11) User=0.00s Sys=0.00s Real=0.00s
[2020-10-28T10:45:28.419+0800][1.021s][3212][9748 ][info][gc,start      ] GC(12) Pause Young (Mixed) (G1 Evacuation Pause)
[2020-10-28T10:45:28.419+0800][1.021s][3212][9748 ][info][gc,task       ] GC(12) Using 3 workers of 8 for evacuation
[2020-10-28T10:45:28.420+0800][1.023s][3212][9748 ][info][gc,phases     ] GC(12)   Pre Evacuate Collection Set: 0.1ms
[2020-10-28T10:45:28.420+0800][1.023s][3212][9748 ][info][gc,phases     ] GC(12)   Evacuate Collection Set: 1.0ms
[2020-10-28T10:45:28.420+0800][1.023s][3212][9748 ][info][gc,phases     ] GC(12)   Post Evacuate Collection Set: 0.2ms
[2020-10-28T10:45:28.420+0800][1.023s][3212][9748 ][info][gc,phases     ] GC(12)   Other: 0.2ms
[2020-10-28T10:45:28.420+0800][1.023s][3212][9748 ][info][gc,heap       ] GC(12) Eden regions: 5->0(11)
[2020-10-28T10:45:28.420+0800][1.023s][3212][9748 ][info][gc,heap       ] GC(12) Survivor regions: 1->1(1)
[2020-10-28T10:45:28.420+0800][1.023s][3212][9748 ][info][gc,heap       ] GC(12) Old regions: 57->57
[2020-10-28T10:45:28.420+0800][1.023s][3212][9748 ][info][gc,heap       ] GC(12) Humongous regions: 28->28
[2020-10-28T10:45:28.420+0800][1.023s][3212][9748 ][info][gc,metaspace  ] GC(12) Metaspace: 16351K->16351K(1064960K)
[2020-10-28T10:45:28.420+0800][1.023s][3212][9748 ][info][gc            ] GC(12) Pause Young (Mixed) (G1 Evacuation Pause) 90M->85M(128M) 1.655ms
[2020-10-28T10:45:28.421+0800][1.023s][3212][9748 ][info][gc,cpu        ] GC(12) User=0.00s Sys=0.00s Real=0.00s
[2020-10-28T10:45:28.421+0800][1.024s][3212][9748 ][info][gc,start      ] GC(13) Pause Young (Concurrent Start) (G1 Humongous Allocation)
[2020-10-28T10:45:28.421+0800][1.024s][3212][9748 ][info][gc,task       ] GC(13) Using 3 workers of 8 for evacuation
[2020-10-28T10:45:28.422+0800][1.025s][3212][9748 ][info][gc,phases     ] GC(13)   Pre Evacuate Collection Set: 0.1ms
[2020-10-28T10:45:28.422+0800][1.025s][3212][9748 ][info][gc,phases     ] GC(13)   Evacuate Collection Set: 0.6ms
[2020-10-28T10:45:28.422+0800][1.025s][3212][9748 ][info][gc,phases     ] GC(13)   Post Evacuate Collection Set: 0.1ms
[2020-10-28T10:45:28.422+0800][1.025s][3212][9748 ][info][gc,phases     ] GC(13)   Other: 0.2ms
[2020-10-28T10:45:28.422+0800][1.025s][3212][9748 ][info][gc,heap       ] GC(13) Eden regions: 3->0(11)
[2020-10-28T10:45:28.422+0800][1.025s][3212][9748 ][info][gc,heap       ] GC(13) Survivor regions: 1->2(2)
[2020-10-28T10:45:28.422+0800][1.025s][3212][9748 ][info][gc,heap       ] GC(13) Old regions: 57->57
[2020-10-28T10:45:28.422+0800][1.025s][3212][9748 ][info][gc,heap       ] GC(13) Humongous regions: 28->28
[2020-10-28T10:45:28.422+0800][1.025s][3212][9748 ][info][gc,metaspace  ] GC(13) Metaspace: 16351K->16351K(1064960K)
[2020-10-28T10:45:28.422+0800][1.025s][3212][9748 ][info][gc            ] GC(13) Pause Young (Concurrent Start) (G1 Humongous Allocation) 87M->86M(128M) 1.234ms
[2020-10-28T10:45:28.423+0800][1.025s][3212][9748 ][info][gc,cpu        ] GC(13) User=0.06s Sys=0.00s Real=0.00s
[2020-10-28T10:45:28.423+0800][1.025s][3212][13364][info][gc            ] GC(14) Concurrent Cycle
[2020-10-28T10:45:28.423+0800][1.025s][3212][13364][info][gc,marking    ] GC(14) Concurrent Clear Claimed Marks
[2020-10-28T10:45:28.423+0800][1.025s][3212][13364][info][gc,marking    ] GC(14) Concurrent Clear Claimed Marks 0.049ms
[2020-10-28T10:45:28.423+0800][1.025s][3212][13364][info][gc,marking    ] GC(14) Concurrent Scan Root Regions
[2020-10-28T10:45:28.423+0800][1.026s][3212][13364][info][gc,marking    ] GC(14) Concurrent Scan Root Regions 0.172ms
[2020-10-28T10:45:28.423+0800][1.026s][3212][13364][info][gc,marking    ] GC(14) Concurrent Mark (1.026s)
[2020-10-28T10:45:28.423+0800][1.026s][3212][13364][info][gc,marking    ] GC(14) Concurrent Mark From Roots
[2020-10-28T10:45:28.423+0800][1.026s][3212][13364][info][gc,task       ] GC(14) Using 2 workers of 2 for marking
[2020-10-28T10:45:28.429+0800][1.031s][3212][9748 ][info][gc,start      ] GC(15) Pause Young (Normal) (G1 Evacuation Pause)
[2020-10-28T10:45:28.429+0800][1.031s][3212][9748 ][info][gc,task       ] GC(15) Using 3 workers of 8 for evacuation
[2020-10-28T10:45:28.430+0800][1.033s][3212][9748 ][info][gc,phases     ] GC(15)   Pre Evacuate Collection Set: 0.0ms
[2020-10-28T10:45:28.430+0800][1.033s][3212][9748 ][info][gc,phases     ] GC(15)   Evacuate Collection Set: 1.0ms
[2020-10-28T10:45:28.430+0800][1.033s][3212][9748 ][info][gc,phases     ] GC(15)   Post Evacuate Collection Set: 0.1ms
[2020-10-28T10:45:28.430+0800][1.033s][3212][9748 ][info][gc,phases     ] GC(15)   Other: 0.1ms
[2020-10-28T10:45:28.430+0800][1.033s][3212][9748 ][info][gc,heap       ] GC(15) Eden regions: 11->0(9)
[2020-10-28T10:45:28.430+0800][1.033s][3212][9748 ][info][gc,heap       ] GC(15) Survivor regions: 2->2(2)
[2020-10-28T10:45:28.430+0800][1.033s][3212][9748 ][info][gc,heap       ] GC(15) Old regions: 57->60
[2020-10-28T10:45:28.430+0800][1.033s][3212][9748 ][info][gc,heap       ] GC(15) Humongous regions: 33->31
[2020-10-28T10:45:28.430+0800][1.033s][3212][9748 ][info][gc,metaspace  ] GC(15) Metaspace: 16351K->16351K(1064960K)
[2020-10-28T10:45:28.431+0800][1.033s][3212][9748 ][info][gc            ] GC(15) Pause Young (Normal) (G1 Evacuation Pause) 102M->92M(128M) 1.525ms
[2020-10-28T10:45:28.431+0800][1.033s][3212][9748 ][info][gc,cpu        ] GC(15) User=0.00s Sys=0.00s Real=0.00s
[2020-10-28T10:45:28.436+0800][1.038s][3212][9748 ][info][gc,start      ] GC(16) Pause Young (Normal) (G1 Evacuation Pause)
[2020-10-28T10:45:28.436+0800][1.038s][3212][9748 ][info][gc,task       ] GC(16) Using 3 workers of 8 for evacuation
[2020-10-28T10:45:28.437+0800][1.039s][3212][9748 ][info][gc,phases     ] GC(16)   Pre Evacuate Collection Set: 0.0ms
[2020-10-28T10:45:28.437+0800][1.039s][3212][9748 ][info][gc,phases     ] GC(16)   Evacuate Collection Set: 0.9ms
[2020-10-28T10:45:28.437+0800][1.040s][3212][9748 ][info][gc,phases     ] GC(16)   Post Evacuate Collection Set: 0.1ms
[2020-10-28T10:45:28.437+0800][1.040s][3212][9748 ][info][gc,phases     ] GC(16)   Other: 0.2ms
[2020-10-28T10:45:28.437+0800][1.040s][3212][9748 ][info][gc,heap       ] GC(16) Eden regions: 9->0(7)
[2020-10-28T10:45:28.437+0800][1.040s][3212][9748 ][info][gc,heap       ] GC(16) Survivor regions: 2->2(2)
[2020-10-28T10:45:28.437+0800][1.040s][3212][9748 ][info][gc,heap       ] GC(16) Old regions: 60->63
[2020-10-28T10:45:28.437+0800][1.040s][3212][9748 ][info][gc,heap       ] GC(16) Humongous regions: 35->34
[2020-10-28T10:45:28.437+0800][1.040s][3212][9748 ][info][gc,metaspace  ] GC(16) Metaspace: 16351K->16351K(1064960K)
[2020-10-28T10:45:28.437+0800][1.040s][3212][9748 ][info][gc            ] GC(16) Pause Young (Normal) (G1 Evacuation Pause) 105M->98M(128M) 1.444ms
[2020-10-28T10:45:28.438+0800][1.040s][3212][9748 ][info][gc,cpu        ] GC(16) User=0.06s Sys=0.00s Real=0.00s
[2020-10-28T10:45:28.439+0800][1.041s][3212][13364][info][gc,marking    ] GC(14) Concurrent Mark From Roots 15.739ms
[2020-10-28T10:45:28.439+0800][1.042s][3212][13364][info][gc,marking    ] GC(14) Concurrent Preclean
[2020-10-28T10:45:28.439+0800][1.042s][3212][13364][info][gc,marking    ] GC(14) Concurrent Preclean 0.208ms
[2020-10-28T10:45:28.439+0800][1.042s][3212][13364][info][gc,marking    ] GC(14) Concurrent Mark (1.026s, 1.042s) 16.136ms
[2020-10-28T10:45:28.440+0800][1.042s][3212][9748 ][info][gc,start      ] GC(14) Pause Remark
[2020-10-28T10:45:28.443+0800][1.045s][3212][9748 ][info][gc,stringtable] GC(14) Cleaned string and symbol table, strings: 6265 processed, 18 removed, symbols: 52175 processed, 0 removed
[2020-10-28T10:45:28.443+0800][1.045s][3212][9748 ][info][gc            ] GC(14) Pause Remark 104M->103M(128M) 3.528ms
[2020-10-28T10:45:28.443+0800][1.046s][3212][9748 ][info][gc,cpu        ] GC(14) User=0.00s Sys=0.00s Real=0.00s
[2020-10-28T10:45:28.444+0800][1.046s][3212][13364][info][gc,marking    ] GC(14) Concurrent Rebuild Remembered Sets
[2020-10-28T10:45:28.444+0800][1.046s][3212][9748 ][info][gc,start      ] GC(17) Pause Young (Normal) (G1 Evacuation Pause)
[2020-10-28T10:45:28.444+0800][1.046s][3212][9748 ][info][gc,task       ] GC(17) Using 3 workers of 8 for evacuation
[2020-10-28T10:45:28.445+0800][1.048s][3212][9748 ][info][gc,phases     ] GC(17)   Pre Evacuate Collection Set: 0.0ms
[2020-10-28T10:45:28.445+0800][1.048s][3212][9748 ][info][gc,phases     ] GC(17)   Evacuate Collection Set: 0.9ms
[2020-10-28T10:45:28.445+0800][1.048s][3212][9748 ][info][gc,phases     ] GC(17)   Post Evacuate Collection Set: 0.1ms
[2020-10-28T10:45:28.445+0800][1.048s][3212][9748 ][info][gc,phases     ] GC(17)   Other: 0.1ms
[2020-10-28T10:45:28.445+0800][1.048s][3212][9748 ][info][gc,heap       ] GC(17) Eden regions: 7->0(5)
[2020-10-28T10:45:28.445+0800][1.048s][3212][9748 ][info][gc,heap       ] GC(17) Survivor regions: 2->2(2)
[2020-10-28T10:45:28.445+0800][1.048s][3212][9748 ][info][gc,heap       ] GC(17) Old regions: 63->65
[2020-10-28T10:45:28.445+0800][1.048s][3212][9748 ][info][gc,heap       ] GC(17) Humongous regions: 38->36
[2020-10-28T10:45:28.445+0800][1.048s][3212][9748 ][info][gc,metaspace  ] GC(17) Metaspace: 16351K->16351K(1064960K)
[2020-10-28T10:45:28.446+0800][1.048s][3212][9748 ][info][gc            ] GC(17) Pause Young (Normal) (G1 Evacuation Pause) 109M->101M(128M) 1.425ms
[2020-10-28T10:45:28.446+0800][1.049s][3212][9748 ][info][gc,cpu        ] GC(17) User=0.00s Sys=0.00s Real=0.00s
[2020-10-28T10:45:28.450+0800][1.052s][3212][9748 ][info][gc,start      ] GC(18) Pause Young (Normal) (G1 Evacuation Pause)
[2020-10-28T10:45:28.450+0800][1.052s][3212][9748 ][info][gc,task       ] GC(18) Using 3 workers of 8 for evacuation
[2020-10-28T10:45:28.451+0800][1.053s][3212][9748 ][info][gc,phases     ] GC(18)   Pre Evacuate Collection Set: 0.0ms
[2020-10-28T10:45:28.451+0800][1.053s][3212][9748 ][info][gc,phases     ] GC(18)   Evacuate Collection Set: 0.7ms
[2020-10-28T10:45:28.451+0800][1.053s][3212][9748 ][info][gc,phases     ] GC(18)   Post Evacuate Collection Set: 0.1ms
[2020-10-28T10:45:28.451+0800][1.053s][3212][9748 ][info][gc,phases     ] GC(18)   Other: 0.1ms
[2020-10-28T10:45:28.451+0800][1.053s][3212][9748 ][info][gc,heap       ] GC(18) Eden regions: 5->0(5)
[2020-10-28T10:45:28.451+0800][1.053s][3212][9748 ][info][gc,heap       ] GC(18) Survivor regions: 2->1(1)
[2020-10-28T10:45:28.451+0800][1.053s][3212][9748 ][info][gc,heap       ] GC(18) Old regions: 65->67
[2020-10-28T10:45:28.451+0800][1.053s][3212][9748 ][info][gc,heap       ] GC(18) Humongous regions: 37->37
[2020-10-28T10:45:28.451+0800][1.053s][3212][9748 ][info][gc,metaspace  ] GC(18) Metaspace: 16351K->16351K(1064960K)
[2020-10-28T10:45:28.451+0800][1.053s][3212][9748 ][info][gc            ] GC(18) Pause Young (Normal) (G1 Evacuation Pause) 107M->104M(128M) 1.222ms
[2020-10-28T10:45:28.451+0800][1.053s][3212][9748 ][info][gc,cpu        ] GC(18) User=0.00s Sys=0.00s Real=0.00s
[2020-10-28T10:45:28.453+0800][1.055s][3212][13364][info][gc,marking    ] GC(14) Concurrent Rebuild Remembered Sets 9.520ms
[2020-10-28T10:45:28.453+0800][1.056s][3212][9748 ][info][gc,start      ] GC(19) Pause Young (Normal) (G1 Evacuation Pause)
[2020-10-28T10:45:28.453+0800][1.056s][3212][9748 ][info][gc,task       ] GC(19) Using 3 workers of 8 for evacuation
[2020-10-28T10:45:28.454+0800][1.057s][3212][9748 ][info][gc,phases     ] GC(19)   Pre Evacuate Collection Set: 0.0ms
[2020-10-28T10:45:28.454+0800][1.057s][3212][9748 ][info][gc,phases     ] GC(19)   Evacuate Collection Set: 0.6ms
[2020-10-28T10:45:28.454+0800][1.057s][3212][9748 ][info][gc,phases     ] GC(19)   Post Evacuate Collection Set: 0.1ms
[2020-10-28T10:45:28.454+0800][1.057s][3212][9748 ][info][gc,phases     ] GC(19)   Other: 0.2ms
[2020-10-28T10:45:28.454+0800][1.057s][3212][9748 ][info][gc,heap       ] GC(19) Eden regions: 5->0(5)
[2020-10-28T10:45:28.454+0800][1.057s][3212][9748 ][info][gc,heap       ] GC(19) Survivor regions: 1->1(1)
[2020-10-28T10:45:28.454+0800][1.057s][3212][9748 ][info][gc,heap       ] GC(19) Old regions: 67->69
[2020-10-28T10:45:28.454+0800][1.057s][3212][9748 ][info][gc,heap       ] GC(19) Humongous regions: 42->41
[2020-10-28T10:45:28.454+0800][1.057s][3212][9748 ][info][gc,metaspace  ] GC(19) Metaspace: 16351K->16351K(1064960K)
[2020-10-28T10:45:28.454+0800][1.057s][3212][9748 ][info][gc            ] GC(19) Pause Young (Normal) (G1 Evacuation Pause) 114M->110M(128M) 1.110ms
[2020-10-28T10:45:28.455+0800][1.057s][3212][9748 ][info][gc,cpu        ] GC(19) User=0.00s Sys=0.00s Real=0.00s
[2020-10-28T10:45:28.455+0800][1.057s][3212][9748 ][info][gc,start      ] GC(14) Pause Cleanup
[2020-10-28T10:45:28.455+0800][1.057s][3212][9748 ][info][gc            ] GC(14) Pause Cleanup 110M->110M(128M) 0.082ms
[2020-10-28T10:45:28.455+0800][1.058s][3212][9748 ][info][gc,cpu        ] GC(14) User=0.00s Sys=0.00s Real=0.00s
[2020-10-28T10:45:28.455+0800][1.058s][3212][13364][info][gc,marking    ] GC(14) Concurrent Cleanup for Next Mark
[2020-10-28T10:45:28.456+0800][1.058s][3212][13364][info][gc,marking    ] GC(14) Concurrent Cleanup for Next Mark 0.372ms
[2020-10-28T10:45:28.456+0800][1.058s][3212][13364][info][gc            ] GC(14) Concurrent Cycle 32.931ms
[2020-10-28T10:45:28.456+0800][1.059s][3212][9748 ][info][gc,start      ] GC(20) Pause Young (Prepare Mixed) (G1 Evacuation Pause)
[2020-10-28T10:45:28.456+0800][1.059s][3212][9748 ][info][gc,task       ] GC(20) Using 3 workers of 8 for evacuation
[2020-10-28T10:45:28.457+0800][1.060s][3212][9748 ][info][gc,phases     ] GC(20)   Pre Evacuate Collection Set: 0.0ms
[2020-10-28T10:45:28.457+0800][1.060s][3212][9748 ][info][gc,phases     ] GC(20)   Evacuate Collection Set: 0.7ms
[2020-10-28T10:45:28.457+0800][1.060s][3212][9748 ][info][gc,phases     ] GC(20)   Post Evacuate Collection Set: 0.1ms
[2020-10-28T10:45:28.457+0800][1.060s][3212][9748 ][info][gc,phases     ] GC(20)   Other: 0.1ms
[2020-10-28T10:45:28.457+0800][1.060s][3212][9748 ][info][gc,heap       ] GC(20) Eden regions: 5->0(5)
[2020-10-28T10:45:28.457+0800][1.060s][3212][9748 ][info][gc,heap       ] GC(20) Survivor regions: 1->1(1)
[2020-10-28T10:45:28.457+0800][1.060s][3212][9748 ][info][gc,heap       ] GC(20) Old regions: 69->71
[2020-10-28T10:45:28.457+0800][1.060s][3212][9748 ][info][gc,heap       ] GC(20) Humongous regions: 41->41
[2020-10-28T10:45:28.457+0800][1.060s][3212][9748 ][info][gc,metaspace  ] GC(20) Metaspace: 16351K->16351K(1064960K)
[2020-10-28T10:45:28.457+0800][1.060s][3212][9748 ][info][gc            ] GC(20) Pause Young (Prepare Mixed) (G1 Evacuation Pause) 115M->112M(128M) 1.145ms
[2020-10-28T10:45:28.458+0800][1.060s][3212][9748 ][info][gc,cpu        ] GC(20) User=0.00s Sys=0.00s Real=0.00s
[2020-10-28T10:45:28.460+0800][1.063s][3212][9748 ][info][gc,start      ] GC(21) Pause Young (Mixed) (G1 Evacuation Pause)
[2020-10-28T10:45:28.461+0800][1.063s][3212][9748 ][info][gc,task       ] GC(21) Using 3 workers of 8 for evacuation
[2020-10-28T10:45:28.463+0800][1.065s][3212][9748 ][info][gc,phases     ] GC(21)   Pre Evacuate Collection Set: 0.0ms
[2020-10-28T10:45:28.463+0800][1.065s][3212][9748 ][info][gc,phases     ] GC(21)   Evacuate Collection Set: 1.7ms
[2020-10-28T10:45:28.463+0800][1.065s][3212][9748 ][info][gc,phases     ] GC(21)   Post Evacuate Collection Set: 0.2ms
[2020-10-28T10:45:28.463+0800][1.065s][3212][9748 ][info][gc,phases     ] GC(21)   Other: 0.2ms
[2020-10-28T10:45:28.463+0800][1.065s][3212][9748 ][info][gc,heap       ] GC(21) Eden regions: 5->0(5)
[2020-10-28T10:45:28.463+0800][1.065s][3212][9748 ][info][gc,heap       ] GC(21) Survivor regions: 1->1(1)
[2020-10-28T10:45:28.463+0800][1.065s][3212][9748 ][info][gc,heap       ] GC(21) Old regions: 71->71
[2020-10-28T10:45:28.463+0800][1.065s][3212][9748 ][info][gc,heap       ] GC(21) Humongous regions: 42->41
[2020-10-28T10:45:28.463+0800][1.065s][3212][9748 ][info][gc,metaspace  ] GC(21) Metaspace: 16351K->16351K(1064960K)
[2020-10-28T10:45:28.463+0800][1.065s][3212][9748 ][info][gc            ] GC(21) Pause Young (Mixed) (G1 Evacuation Pause) 118M->112M(128M) 2.442ms
[2020-10-28T10:45:28.463+0800][1.066s][3212][9748 ][info][gc,cpu        ] GC(21) User=0.00s Sys=0.00s Real=0.00s
[2020-10-28T10:45:28.464+0800][1.066s][3212][9748 ][info][gc,start      ] GC(22) Pause Young (Concurrent Start) (G1 Humongous Allocation)
[2020-10-28T10:45:28.464+0800][1.066s][3212][9748 ][info][gc,task       ] GC(22) Using 3 workers of 8 for evacuation
[2020-10-28T10:45:28.465+0800][1.068s][3212][9748 ][info][gc,phases     ] GC(22)   Pre Evacuate Collection Set: 0.2ms
[2020-10-28T10:45:28.465+0800][1.068s][3212][9748 ][info][gc,phases     ] GC(22)   Evacuate Collection Set: 1.0ms
[2020-10-28T10:45:28.465+0800][1.068s][3212][9748 ][info][gc,phases     ] GC(22)   Post Evacuate Collection Set: 0.1ms
[2020-10-28T10:45:28.466+0800][1.068s][3212][9748 ][info][gc,phases     ] GC(22)   Other: 0.4ms
[2020-10-28T10:45:28.466+0800][1.068s][3212][9748 ][info][gc,heap       ] GC(22) Eden regions: 1->0(5)
[2020-10-28T10:45:28.466+0800][1.068s][3212][9748 ][info][gc,heap       ] GC(22) Survivor regions: 1->1(1)
[2020-10-28T10:45:28.466+0800][1.068s][3212][9748 ][info][gc,heap       ] GC(22) Old regions: 71->72
[2020-10-28T10:45:28.466+0800][1.068s][3212][9748 ][info][gc,heap       ] GC(22) Humongous regions: 41->41
[2020-10-28T10:45:28.466+0800][1.068s][3212][9748 ][info][gc,metaspace  ] GC(22) Metaspace: 16351K->16351K(1064960K)
[2020-10-28T10:45:28.466+0800][1.068s][3212][9748 ][info][gc            ] GC(22) Pause Young (Concurrent Start) (G1 Humongous Allocation) 113M->113M(128M) 1.929ms
[2020-10-28T10:45:28.466+0800][1.068s][3212][9748 ][info][gc,cpu        ] GC(22) User=0.00s Sys=0.00s Real=0.00s
[2020-10-28T10:45:28.466+0800][1.068s][3212][13364][info][gc            ] GC(23) Concurrent Cycle
[2020-10-28T10:45:28.466+0800][1.069s][3212][13364][info][gc,marking    ] GC(23) Concurrent Clear Claimed Marks
[2020-10-28T10:45:28.466+0800][1.069s][3212][13364][info][gc,marking    ] GC(23) Concurrent Clear Claimed Marks 0.071ms
[2020-10-28T10:45:28.466+0800][1.069s][3212][13364][info][gc,marking    ] GC(23) Concurrent Scan Root Regions
[2020-10-28T10:45:28.466+0800][1.069s][3212][13364][info][gc,marking    ] GC(23) Concurrent Scan Root Regions 0.132ms
[2020-10-28T10:45:28.467+0800][1.069s][3212][13364][info][gc,marking    ] GC(23) Concurrent Mark (1.069s)
[2020-10-28T10:45:28.467+0800][1.069s][3212][13364][info][gc,marking    ] GC(23) Concurrent Mark From Roots
[2020-10-28T10:45:28.467+0800][1.069s][3212][13364][info][gc,task       ] GC(23) Using 2 workers of 2 for marking
[2020-10-28T10:45:28.468+0800][1.070s][3212][9748 ][info][gc,start      ] GC(24) Pause Young (Normal) (G1 Evacuation Pause)
[2020-10-28T10:45:28.468+0800][1.070s][3212][9748 ][info][gc,task       ] GC(24) Using 3 workers of 8 for evacuation
[2020-10-28T10:45:28.469+0800][1.071s][3212][9748 ][info][gc,phases     ] GC(24)   Pre Evacuate Collection Set: 0.0ms
[2020-10-28T10:45:28.469+0800][1.071s][3212][9748 ][info][gc,phases     ] GC(24)   Evacuate Collection Set: 0.4ms
[2020-10-28T10:45:28.469+0800][1.071s][3212][9748 ][info][gc,phases     ] GC(24)   Post Evacuate Collection Set: 0.2ms
[2020-10-28T10:45:28.469+0800][1.071s][3212][9748 ][info][gc,phases     ] GC(24)   Other: 0.1ms
[2020-10-28T10:45:28.469+0800][1.071s][3212][9748 ][info][gc,heap       ] GC(24) Eden regions: 5->0(5)
[2020-10-28T10:45:28.469+0800][1.071s][3212][9748 ][info][gc,heap       ] GC(24) Survivor regions: 1->1(1)
[2020-10-28T10:45:28.469+0800][1.071s][3212][9748 ][info][gc,heap       ] GC(24) Old regions: 72->73
[2020-10-28T10:45:28.469+0800][1.071s][3212][9748 ][info][gc,heap       ] GC(24) Humongous regions: 46->41
[2020-10-28T10:45:28.469+0800][1.071s][3212][9748 ][info][gc,metaspace  ] GC(24) Metaspace: 16351K->16351K(1064960K)
[2020-10-28T10:45:28.469+0800][1.071s][3212][9748 ][info][gc            ] GC(24) Pause Young (Normal) (G1 Evacuation Pause) 123M->114M(128M) 1.090ms
[2020-10-28T10:45:28.469+0800][1.072s][3212][9748 ][info][gc,cpu        ] GC(24) User=0.03s Sys=0.00s Real=0.00s
[2020-10-28T10:45:28.471+0800][1.074s][3212][9748 ][info][gc,start      ] GC(25) Pause Young (Normal) (G1 Evacuation Pause)
[2020-10-28T10:45:28.472+0800][1.074s][3212][9748 ][info][gc,task       ] GC(25) Using 3 workers of 8 for evacuation
[2020-10-28T10:45:28.472+0800][1.075s][3212][9748 ][info][gc,phases     ] GC(25)   Pre Evacuate Collection Set: 0.0ms
[2020-10-28T10:45:28.472+0800][1.075s][3212][9748 ][info][gc,phases     ] GC(25)   Evacuate Collection Set: 0.5ms
[2020-10-28T10:45:28.472+0800][1.075s][3212][9748 ][info][gc,phases     ] GC(25)   Post Evacuate Collection Set: 0.1ms
[2020-10-28T10:45:28.472+0800][1.075s][3212][9748 ][info][gc,phases     ] GC(25)   Other: 0.2ms
[2020-10-28T10:45:28.472+0800][1.075s][3212][9748 ][info][gc,heap       ] GC(25) Eden regions: 5->0(5)
[2020-10-28T10:45:28.472+0800][1.075s][3212][9748 ][info][gc,heap       ] GC(25) Survivor regions: 1->1(1)
[2020-10-28T10:45:28.472+0800][1.075s][3212][9748 ][info][gc,heap       ] GC(25) Old regions: 73->75
[2020-10-28T10:45:28.472+0800][1.075s][3212][9748 ][info][gc,heap       ] GC(25) Humongous regions: 43->42
[2020-10-28T10:45:28.473+0800][1.075s][3212][9748 ][info][gc,metaspace  ] GC(25) Metaspace: 16351K->16351K(1064960K)
[2020-10-28T10:45:28.473+0800][1.075s][3212][9748 ][info][gc            ] GC(25) Pause Young (Normal) (G1 Evacuation Pause) 121M->117M(128M) 1.059ms
[2020-10-28T10:45:28.473+0800][1.075s][3212][9748 ][info][gc,cpu        ] GC(25) User=0.00s Sys=0.00s Real=0.00s
[2020-10-28T10:45:28.475+0800][1.077s][3212][9748 ][info][gc,start      ] GC(26) Pause Young (Normal) (G1 Evacuation Pause)
[2020-10-28T10:45:28.475+0800][1.077s][3212][9748 ][info][gc,task       ] GC(26) Using 3 workers of 8 for evacuation
[2020-10-28T10:45:28.478+0800][1.080s][3212][9748 ][info][gc,phases     ] GC(26)   Pre Evacuate Collection Set: 0.2ms
[2020-10-28T10:45:28.478+0800][1.080s][3212][9748 ][info][gc,phases     ] GC(26)   Evacuate Collection Set: 2.2ms
[2020-10-28T10:45:28.478+0800][1.080s][3212][9748 ][info][gc,phases     ] GC(26)   Post Evacuate Collection Set: 0.2ms
[2020-10-28T10:45:28.478+0800][1.081s][3212][9748 ][info][gc,phases     ] GC(26)   Other: 0.6ms
[2020-10-28T10:45:28.478+0800][1.081s][3212][9748 ][info][gc,heap       ] GC(26) Eden regions: 5->0(5)
[2020-10-28T10:45:28.478+0800][1.081s][3212][9748 ][info][gc,heap       ] GC(26) Survivor regions: 1->1(1)
[2020-10-28T10:45:28.478+0800][1.081s][3212][9748 ][info][gc,heap       ] GC(26) Old regions: 75->77
[2020-10-28T10:45:28.478+0800][1.081s][3212][9748 ][info][gc,heap       ] GC(26) Humongous regions: 43->42
[2020-10-28T10:45:28.478+0800][1.081s][3212][9748 ][info][gc,metaspace  ] GC(26) Metaspace: 16351K->16351K(1064960K)
[2020-10-28T10:45:28.478+0800][1.081s][3212][9748 ][info][gc            ] GC(26) Pause Young (Normal) (G1 Evacuation Pause) 123M->119M(128M) 3.629ms
[2020-10-28T10:45:28.479+0800][1.081s][3212][9748 ][info][gc,cpu        ] GC(26) User=0.00s Sys=0.00s Real=0.00s
[2020-10-28T10:45:28.482+0800][1.084s][3212][9748 ][info][gc,start      ] GC(27) Pause Young (Normal) (G1 Evacuation Pause)
[2020-10-28T10:45:28.482+0800][1.084s][3212][9748 ][info][gc,task       ] GC(27) Using 3 workers of 8 for evacuation
[2020-10-28T10:45:28.483+0800][1.085s][3212][9748 ][info][gc,phases     ] GC(27)   Pre Evacuate Collection Set: 0.0ms
[2020-10-28T10:45:28.483+0800][1.085s][3212][9748 ][info][gc,phases     ] GC(27)   Evacuate Collection Set: 0.5ms
[2020-10-28T10:45:28.483+0800][1.085s][3212][9748 ][info][gc,phases     ] GC(27)   Post Evacuate Collection Set: 0.1ms
[2020-10-28T10:45:28.483+0800][1.085s][3212][9748 ][info][gc,phases     ] GC(27)   Other: 0.1ms
[2020-10-28T10:45:28.483+0800][1.085s][3212][9748 ][info][gc,heap       ] GC(27) Eden regions: 5->0(5)
[2020-10-28T10:45:28.483+0800][1.085s][3212][9748 ][info][gc,heap       ] GC(27) Survivor regions: 1->1(1)
[2020-10-28T10:45:28.483+0800][1.085s][3212][9748 ][info][gc,heap       ] GC(27) Old regions: 77->79
[2020-10-28T10:45:28.483+0800][1.085s][3212][9748 ][info][gc,heap       ] GC(27) Humongous regions: 42->42
[2020-10-28T10:45:28.483+0800][1.085s][3212][9748 ][info][gc,metaspace  ] GC(27) Metaspace: 16351K->16351K(1064960K)
[2020-10-28T10:45:28.483+0800][1.085s][3212][9748 ][info][gc            ] GC(27) Pause Young (Normal) (G1 Evacuation Pause) 124M->121M(128M) 1.142ms
[2020-10-28T10:45:28.483+0800][1.085s][3212][9748 ][info][gc,cpu        ] GC(27) User=0.00s Sys=0.00s Real=0.00s
[2020-10-28T10:45:28.485+0800][1.087s][3212][9748 ][info][gc,start      ] GC(28) Pause Young (Normal) (G1 Evacuation Pause)
[2020-10-28T10:45:28.485+0800][1.087s][3212][9748 ][info][gc,task       ] GC(28) Using 3 workers of 8 for evacuation
[2020-10-28T10:45:28.485+0800][1.088s][3212][9748 ][info][gc            ] GC(28) To-space exhausted
[2020-10-28T10:45:28.486+0800][1.088s][3212][9748 ][info][gc,phases     ] GC(28)   Pre Evacuate Collection Set: 0.1ms
[2020-10-28T10:45:28.486+0800][1.088s][3212][9748 ][info][gc,phases     ] GC(28)   Evacuate Collection Set: 0.2ms
[2020-10-28T10:45:28.486+0800][1.088s][3212][9748 ][info][gc,phases     ] GC(28)   Post Evacuate Collection Set: 0.2ms
[2020-10-28T10:45:28.486+0800][1.088s][3212][9748 ][info][gc,phases     ] GC(28)   Other: 0.5ms
[2020-10-28T10:45:28.486+0800][1.088s][3212][9748 ][info][gc,heap       ] GC(28) Eden regions: 4->0(6)
[2020-10-28T10:45:28.486+0800][1.088s][3212][9748 ][info][gc,heap       ] GC(28) Survivor regions: 1->0(1)
[2020-10-28T10:45:28.486+0800][1.088s][3212][9748 ][info][gc,heap       ] GC(28) Old regions: 79->84
[2020-10-28T10:45:28.486+0800][1.088s][3212][9748 ][info][gc,heap       ] GC(28) Humongous regions: 44->42
[2020-10-28T10:45:28.486+0800][1.088s][3212][9748 ][info][gc,metaspace  ] GC(28) Metaspace: 16351K->16351K(1064960K)
[2020-10-28T10:45:28.486+0800][1.088s][3212][9748 ][info][gc            ] GC(28) Pause Young (Normal) (G1 Evacuation Pause) 127M->125M(128M) 1.149ms
[2020-10-28T10:45:28.486+0800][1.089s][3212][9748 ][info][gc,cpu        ] GC(28) User=0.00s Sys=0.00s Real=0.00s
[2020-10-28T10:45:28.487+0800][1.089s][3212][9748 ][info][gc,start      ] GC(29) Pause Young (Normal) (G1 Evacuation Pause)
[2020-10-28T10:45:28.487+0800][1.089s][3212][9748 ][info][gc,task       ] GC(29) Using 3 workers of 8 for evacuation
[2020-10-28T10:45:28.487+0800][1.090s][3212][9748 ][info][gc            ] GC(29) To-space exhausted
[2020-10-28T10:45:28.488+0800][1.090s][3212][9748 ][info][gc,phases     ] GC(29)   Pre Evacuate Collection Set: 0.0ms
[2020-10-28T10:45:28.488+0800][1.090s][3212][9748 ][info][gc,phases     ] GC(29)   Evacuate Collection Set: 0.2ms
[2020-10-28T10:45:28.488+0800][1.090s][3212][9748 ][info][gc,phases     ] GC(29)   Post Evacuate Collection Set: 0.2ms
[2020-10-28T10:45:28.488+0800][1.090s][3212][9748 ][info][gc,phases     ] GC(29)   Other: 0.6ms
[2020-10-28T10:45:28.488+0800][1.090s][3212][9748 ][info][gc,heap       ] GC(29) Eden regions: 2->0(6)
[2020-10-28T10:45:28.488+0800][1.090s][3212][9748 ][info][gc,heap       ] GC(29) Survivor regions: 0->0(1)
[2020-10-28T10:45:28.488+0800][1.090s][3212][9748 ][info][gc,heap       ] GC(29) Old regions: 84->86
[2020-10-28T10:45:28.488+0800][1.090s][3212][9748 ][info][gc,heap       ] GC(29) Humongous regions: 42->42
[2020-10-28T10:45:28.488+0800][1.090s][3212][9748 ][info][gc,metaspace  ] GC(29) Metaspace: 16351K->16351K(1064960K)
[2020-10-28T10:45:28.488+0800][1.090s][3212][9748 ][info][gc            ] GC(29) Pause Young (Normal) (G1 Evacuation Pause) 127M->127M(128M) 1.169ms
[2020-10-28T10:45:28.488+0800][1.090s][3212][9748 ][info][gc,cpu        ] GC(29) User=0.00s Sys=0.00s Real=0.00s
[2020-10-28T10:45:28.488+0800][1.090s][3212][9748 ][info][gc,task       ] GC(30) Using 3 workers of 8 for full compaction
[2020-10-28T10:45:28.489+0800][1.091s][3212][9748 ][info][gc,start      ] GC(30) Pause Full (G1 Evacuation Pause)
[2020-10-28T10:45:28.489+0800][1.091s][3212][9748 ][info][gc,phases,start] GC(30) Phase 1: Mark live objects
[2020-10-28T10:45:28.495+0800][1.098s][3212][9748 ][info][gc,stringtable ] GC(30) Cleaned string and symbol table, strings: 6247 processed, 64 removed, symbols: 52175 processed, 0 removed
[2020-10-28T10:45:28.495+0800][1.098s][3212][9748 ][info][gc,phases      ] GC(30) Phase 1: Mark live objects 6.508ms
[2020-10-28T10:45:28.496+0800][1.098s][3212][9748 ][info][gc,phases,start] GC(30) Phase 2: Prepare for compaction
[2020-10-28T10:45:28.498+0800][1.100s][3212][9748 ][info][gc,phases      ] GC(30) Phase 2: Prepare for compaction 2.068ms
[2020-10-28T10:45:28.498+0800][1.100s][3212][9748 ][info][gc,phases,start] GC(30) Phase 3: Adjust pointers
[2020-10-28T10:45:28.500+0800][1.102s][3212][9748 ][info][gc,phases      ] GC(30) Phase 3: Adjust pointers 1.863ms
[2020-10-28T10:45:28.500+0800][1.102s][3212][9748 ][info][gc,phases,start] GC(30) Phase 4: Compact heap
[2020-10-28T10:45:28.519+0800][1.121s][3212][9748 ][info][gc,phases      ] GC(30) Phase 4: Compact heap 19.457ms
[2020-10-28T10:45:28.520+0800][1.123s][3212][9748 ][info][gc,heap        ] GC(30) Eden regions: 0->0(6)
[2020-10-28T10:45:28.520+0800][1.123s][3212][9748 ][info][gc,heap        ] GC(30) Survivor regions: 0->0(1)
[2020-10-28T10:45:28.520+0800][1.123s][3212][9748 ][info][gc,heap        ] GC(30) Old regions: 86->72
[2020-10-28T10:45:28.520+0800][1.123s][3212][9748 ][info][gc,heap        ] GC(30) Humongous regions: 42->42
[2020-10-28T10:45:28.521+0800][1.123s][3212][9748 ][info][gc,metaspace   ] GC(30) Metaspace: 16351K->16351K(1064960K)
[2020-10-28T10:45:28.521+0800][1.123s][3212][9748 ][info][gc             ] GC(30) Pause Full (G1 Evacuation Pause) 127M->106M(128M) 31.849ms
[2020-10-28T10:45:28.521+0800][1.123s][3212][9748 ][info][gc,cpu         ] GC(30) User=0.11s Sys=0.00s Real=0.03s
[2020-10-28T10:45:28.521+0800][1.123s][3212][13364][info][gc,marking     ] GC(23) Concurrent Mark From Roots 54.487ms
[2020-10-28T10:45:28.521+0800][1.123s][3212][13364][info][gc,marking     ] GC(23) Concurrent Mark Abort
[2020-10-28T10:45:28.521+0800][1.123s][3212][13364][info][gc             ] GC(23) Concurrent Cycle 55.223ms
[2020-10-28T10:45:28.522+0800][1.124s][3212][9748 ][info][gc,start       ] GC(31) Pause Young (Concurrent Start) (G1 Humongous Allocation)
[2020-10-28T10:45:28.522+0800][1.124s][3212][9748 ][info][gc,task        ] GC(31) Using 3 workers of 8 for evacuation
[2020-10-28T10:45:28.522+0800][1.125s][3212][9748 ][info][gc,phases      ] GC(31)   Pre Evacuate Collection Set: 0.0ms
[2020-10-28T10:45:28.523+0800][1.125s][3212][9748 ][info][gc,phases      ] GC(31)   Evacuate Collection Set: 0.4ms
[2020-10-28T10:45:28.523+0800][1.125s][3212][9748 ][info][gc,phases      ] GC(31)   Post Evacuate Collection Set: 0.1ms
[2020-10-28T10:45:28.523+0800][1.125s][3212][9748 ][info][gc,phases      ] GC(31)   Other: 0.2ms
[2020-10-28T10:45:28.523+0800][1.125s][3212][9748 ][info][gc,heap        ] GC(31) Eden regions: 3->0(5)
[2020-10-28T10:45:28.523+0800][1.125s][3212][9748 ][info][gc,heap        ] GC(31) Survivor regions: 0->1(1)
[2020-10-28T10:45:28.523+0800][1.125s][3212][9748 ][info][gc,heap        ] GC(31) Old regions: 72->73
[2020-10-28T10:45:28.523+0800][1.125s][3212][9748 ][info][gc,heap        ] GC(31) Humongous regions: 42->42
[2020-10-28T10:45:28.523+0800][1.125s][3212][9748 ][info][gc,metaspace   ] GC(31) Metaspace: 16351K->16351K(1064960K)
[2020-10-28T10:45:28.523+0800][1.125s][3212][9748 ][info][gc             ] GC(31) Pause Young (Concurrent Start) (G1 Humongous Allocation) 108M->107M(128M) 0.867ms
[2020-10-28T10:45:28.523+0800][1.125s][3212][9748 ][info][gc,cpu         ] GC(31) User=0.00s Sys=0.00s Real=0.00s
[2020-10-28T10:45:28.523+0800][1.125s][3212][13364][info][gc             ] GC(32) Concurrent Cycle
[2020-10-28T10:45:28.523+0800][1.126s][3212][13364][info][gc,marking     ] GC(32) Concurrent Clear Claimed Marks
[2020-10-28T10:45:28.523+0800][1.126s][3212][13364][info][gc,marking     ] GC(32) Concurrent Clear Claimed Marks 0.089ms
[2020-10-28T10:45:28.524+0800][1.126s][3212][13364][info][gc,marking     ] GC(32) Concurrent Scan Root Regions
[2020-10-28T10:45:28.524+0800][1.126s][3212][13364][info][gc,marking     ] GC(32) Concurrent Scan Root Regions 0.120ms
[2020-10-28T10:45:28.524+0800][1.126s][3212][13364][info][gc,marking     ] GC(32) Concurrent Mark (1.126s)
[2020-10-28T10:45:28.524+0800][1.126s][3212][13364][info][gc,marking     ] GC(32) Concurrent Mark From Roots
[2020-10-28T10:45:28.524+0800][1.126s][3212][13364][info][gc,task        ] GC(32) Using 2 workers of 2 for marking
[2020-10-28T10:45:28.525+0800][1.127s][3212][9748 ][info][gc,start       ] GC(33) Pause Young (Normal) (G1 Evacuation Pause)
[2020-10-28T10:45:28.525+0800][1.127s][3212][9748 ][info][gc,task        ] GC(33) Using 3 workers of 8 for evacuation
[2020-10-28T10:45:28.528+0800][1.130s][3212][9748 ][info][gc,phases      ] GC(33)   Pre Evacuate Collection Set: 0.0ms
[2020-10-28T10:45:28.528+0800][1.130s][3212][9748 ][info][gc,phases      ] GC(33)   Evacuate Collection Set: 2.7ms
[2020-10-28T10:45:28.528+0800][1.130s][3212][9748 ][info][gc,phases      ] GC(33)   Post Evacuate Collection Set: 0.2ms
[2020-10-28T10:45:28.528+0800][1.130s][3212][9748 ][info][gc,phases      ] GC(33)   Other: 0.3ms
[2020-10-28T10:45:28.528+0800][1.130s][3212][9748 ][info][gc,heap        ] GC(33) Eden regions: 5->0(5)
[2020-10-28T10:45:28.528+0800][1.131s][3212][9748 ][info][gc,heap        ] GC(33) Survivor regions: 1->1(1)
[2020-10-28T10:45:28.528+0800][1.131s][3212][9748 ][info][gc,heap        ] GC(33) Old regions: 73->75
[2020-10-28T10:45:28.528+0800][1.131s][3212][9748 ][info][gc,heap        ] GC(33) Humongous regions: 44->43
[2020-10-28T10:45:28.528+0800][1.131s][3212][9748 ][info][gc,metaspace   ] GC(33) Metaspace: 16351K->16351K(1064960K)
[2020-10-28T10:45:28.528+0800][1.131s][3212][9748 ][info][gc             ] GC(33) Pause Young (Normal) (G1 Evacuation Pause) 114M->110M(128M) 3.686ms
[2020-10-28T10:45:28.529+0800][1.131s][3212][9748 ][info][gc,cpu         ] GC(33) User=0.00s Sys=0.00s Real=0.00s
[2020-10-28T10:45:28.531+0800][1.133s][3212][9748 ][info][gc,start       ] GC(34) Pause Young (Normal) (G1 Evacuation Pause)
[2020-10-28T10:45:28.531+0800][1.133s][3212][9748 ][info][gc,task        ] GC(34) Using 3 workers of 8 for evacuation
[2020-10-28T10:45:28.532+0800][1.134s][3212][9748 ][info][gc             ] GC(34) To-space exhausted
[2020-10-28T10:45:28.532+0800][1.134s][3212][9748 ][info][gc,phases      ] GC(34)   Pre Evacuate Collection Set: 0.0ms
[2020-10-28T10:45:28.532+0800][1.134s][3212][9748 ][info][gc,phases      ] GC(34)   Evacuate Collection Set: 0.6ms
[2020-10-28T10:45:28.532+0800][1.134s][3212][9748 ][info][gc,phases      ] GC(34)   Post Evacuate Collection Set: 0.2ms
[2020-10-28T10:45:28.532+0800][1.134s][3212][9748 ][info][gc,phases      ] GC(34)   Other: 0.4ms
[2020-10-28T10:45:28.532+0800][1.134s][3212][9748 ][info][gc,heap        ] GC(34) Eden regions: 5->0(5)
[2020-10-28T10:45:28.532+0800][1.135s][3212][9748 ][info][gc,heap        ] GC(34) Survivor regions: 1->1(1)
[2020-10-28T10:45:28.532+0800][1.135s][3212][9748 ][info][gc,heap        ] GC(34) Old regions: 75->80
[2020-10-28T10:45:28.532+0800][1.135s][3212][9748 ][info][gc,heap        ] GC(34) Humongous regions: 45->45
[2020-10-28T10:45:28.532+0800][1.135s][3212][9748 ][info][gc,metaspace   ] GC(34) Metaspace: 16351K->16351K(1064960K)
[2020-10-28T10:45:28.532+0800][1.135s][3212][9748 ][info][gc             ] GC(34) Pause Young (Normal) (G1 Evacuation Pause) 117M->118M(128M) 1.431ms
[2020-10-28T10:45:28.532+0800][1.135s][3212][9748 ][info][gc,cpu         ] GC(34) User=0.00s Sys=0.00s Real=0.00s
[2020-10-28T10:45:28.533+0800][1.135s][3212][9748 ][info][gc,start       ] GC(35) Pause Young (Normal) (G1 Humongous Allocation)
[2020-10-28T10:45:28.533+0800][1.135s][3212][9748 ][info][gc,task        ] GC(35) Using 3 workers of 8 for evacuation
[2020-10-28T10:45:28.533+0800][1.136s][3212][9748 ][info][gc             ] GC(35) To-space exhausted
[2020-10-28T10:45:28.534+0800][1.136s][3212][9748 ][info][gc,phases      ] GC(35)   Pre Evacuate Collection Set: 0.0ms
[2020-10-28T10:45:28.534+0800][1.136s][3212][9748 ][info][gc,phases      ] GC(35)   Evacuate Collection Set: 0.1ms
[2020-10-28T10:45:28.534+0800][1.136s][3212][9748 ][info][gc,phases      ] GC(35)   Post Evacuate Collection Set: 0.1ms
[2020-10-28T10:45:28.534+0800][1.136s][3212][9748 ][info][gc,phases      ] GC(35)   Other: 0.4ms
[2020-10-28T10:45:28.534+0800][1.136s][3212][9748 ][info][gc,heap        ] GC(35) Eden regions: 1->0(6)
[2020-10-28T10:45:28.534+0800][1.136s][3212][9748 ][info][gc,heap        ] GC(35) Survivor regions: 1->0(1)
[2020-10-28T10:45:28.534+0800][1.136s][3212][9748 ][info][gc,heap        ] GC(35) Old regions: 80->82
[2020-10-28T10:45:28.534+0800][1.136s][3212][9748 ][info][gc,heap        ] GC(35) Humongous regions: 46->45
[2020-10-28T10:45:28.534+0800][1.136s][3212][9748 ][info][gc,metaspace   ] GC(35) Metaspace: 16351K->16351K(1064960K)
[2020-10-28T10:45:28.534+0800][1.136s][3212][9748 ][info][gc             ] GC(35) Pause Young (Normal) (G1 Humongous Allocation) 120M->119M(128M) 0.810ms
[2020-10-28T10:45:28.534+0800][1.136s][3212][9748 ][info][gc,cpu         ] GC(35) User=0.00s Sys=0.00s Real=0.00s
[2020-10-28T10:45:28.534+0800][1.137s][3212][9748 ][info][gc,start       ] GC(36) Pause Young (Normal) (G1 Evacuation Pause)
[2020-10-28T10:45:28.534+0800][1.137s][3212][9748 ][info][gc,task        ] GC(36) Using 3 workers of 8 for evacuation
[2020-10-28T10:45:28.534+0800][1.137s][3212][9748 ][info][gc,phases      ] GC(36)   Pre Evacuate Collection Set: 0.0ms
[2020-10-28T10:45:28.534+0800][1.137s][3212][9748 ][info][gc,phases      ] GC(36)   Evacuate Collection Set: 0.1ms
[2020-10-28T10:45:28.535+0800][1.137s][3212][9748 ][info][gc,phases      ] GC(36)   Post Evacuate Collection Set: 0.1ms
[2020-10-28T10:45:28.535+0800][1.137s][3212][9748 ][info][gc,phases      ] GC(36)   Other: 0.1ms
[2020-10-28T10:45:28.535+0800][1.137s][3212][9748 ][info][gc,heap        ] GC(36) Eden regions: 0->0(6)
[2020-10-28T10:45:28.535+0800][1.137s][3212][9748 ][info][gc,heap        ] GC(36) Survivor regions: 0->0(1)
[2020-10-28T10:45:28.535+0800][1.137s][3212][9748 ][info][gc,heap        ] GC(36) Old regions: 82->82
[2020-10-28T10:45:28.535+0800][1.137s][3212][9748 ][info][gc,heap        ] GC(36) Humongous regions: 46->46
[2020-10-28T10:45:28.535+0800][1.137s][3212][9748 ][info][gc,metaspace   ] GC(36) Metaspace: 16351K->16351K(1064960K)
[2020-10-28T10:45:28.535+0800][1.137s][3212][9748 ][info][gc             ] GC(36) Pause Young (Normal) (G1 Evacuation Pause) 120M->120M(128M) 0.480ms
[2020-10-28T10:45:28.535+0800][1.138s][3212][9748 ][info][gc,cpu         ] GC(36) User=0.00s Sys=0.00s Real=0.00s
[2020-10-28T10:45:28.535+0800][1.138s][3212][9748 ][info][gc,task        ] GC(37) Using 3 workers of 8 for full compaction
[2020-10-28T10:45:28.535+0800][1.138s][3212][9748 ][info][gc,start       ] GC(37) Pause Full (G1 Evacuation Pause)
[2020-10-28T10:45:28.536+0800][1.138s][3212][9748 ][info][gc,phases,start] GC(37) Phase 1: Mark live objects
[2020-10-28T10:45:28.539+0800][1.141s][3212][9748 ][info][gc,stringtable ] GC(37) Cleaned string and symbol table, strings: 6183 processed, 0 removed, symbols: 52175 processed, 0 removed
[2020-10-28T10:45:28.539+0800][1.141s][3212][9748 ][info][gc,phases      ] GC(37) Phase 1: Mark live objects 3.481ms
[2020-10-28T10:45:28.539+0800][1.141s][3212][9748 ][info][gc,phases,start] GC(37) Phase 2: Prepare for compaction
[2020-10-28T10:45:28.540+0800][1.142s][3212][9748 ][info][gc,phases      ] GC(37) Phase 2: Prepare for compaction 0.563ms
[2020-10-28T10:45:28.540+0800][1.142s][3212][9748 ][info][gc,phases,start] GC(37) Phase 3: Adjust pointers
[2020-10-28T10:45:28.543+0800][1.146s][3212][9748 ][info][gc,phases      ] GC(37) Phase 3: Adjust pointers 3.756ms
[2020-10-28T10:45:28.544+0800][1.146s][3212][9748 ][info][gc,phases,start] GC(37) Phase 4: Compact heap
[2020-10-28T10:45:28.556+0800][1.158s][3212][9748 ][info][gc,phases      ] GC(37) Phase 4: Compact heap 12.020ms
[2020-10-28T10:45:28.557+0800][1.159s][3212][9748 ][info][gc,heap        ] GC(37) Eden regions: 0->0(6)
[2020-10-28T10:45:28.557+0800][1.159s][3212][9748 ][info][gc,heap        ] GC(37) Survivor regions: 0->0(1)
[2020-10-28T10:45:28.557+0800][1.159s][3212][9748 ][info][gc,heap        ] GC(37) Old regions: 82->78
[2020-10-28T10:45:28.557+0800][1.159s][3212][9748 ][info][gc,heap        ] GC(37) Humongous regions: 46->44
[2020-10-28T10:45:28.557+0800][1.159s][3212][9748 ][info][gc,metaspace   ] GC(37) Metaspace: 16351K->16351K(1064960K)
[2020-10-28T10:45:28.557+0800][1.160s][3212][9748 ][info][gc             ] GC(37) Pause Full (G1 Evacuation Pause) 120M->113M(128M) 21.784ms
[2020-10-28T10:45:28.558+0800][1.160s][3212][9748 ][info][gc,cpu         ] GC(37) User=0.06s Sys=0.00s Real=0.02s
[2020-10-28T10:45:28.559+0800][1.161s][3212][13364][info][gc,marking     ] GC(32) Concurrent Mark From Roots 34.799ms
[2020-10-28T10:45:28.559+0800][1.161s][3212][13364][info][gc,marking     ] GC(32) Concurrent Mark Abort
[2020-10-28T10:45:28.559+0800][1.161s][3212][13364][info][gc             ] GC(32) Concurrent Cycle 35.915ms
[2020-10-28T10:45:28.560+0800][1.162s][3212][9748 ][info][gc,start       ] GC(38) Pause Young (Concurrent Start) (G1 Humongous Allocation)
[2020-10-28T10:45:28.560+0800][1.162s][3212][9748 ][info][gc,task        ] GC(38) Using 3 workers of 8 for evacuation
[2020-10-28T10:45:28.562+0800][1.164s][3212][9748 ][info][gc,phases      ] GC(38)   Pre Evacuate Collection Set: 0.1ms
[2020-10-28T10:45:28.562+0800][1.164s][3212][9748 ][info][gc,phases      ] GC(38)   Evacuate Collection Set: 1.0ms
[2020-10-28T10:45:28.562+0800][1.164s][3212][9748 ][info][gc,phases      ] GC(38)   Post Evacuate Collection Set: 0.2ms
[2020-10-28T10:45:28.562+0800][1.164s][3212][9748 ][info][gc,phases      ] GC(38)   Other: 0.6ms
[2020-10-28T10:45:28.562+0800][1.164s][3212][9748 ][info][gc,heap        ] GC(38) Eden regions: 2->0(5)
[2020-10-28T10:45:28.562+0800][1.164s][3212][9748 ][info][gc,heap        ] GC(38) Survivor regions: 0->1(1)
[2020-10-28T10:45:28.562+0800][1.164s][3212][9748 ][info][gc,heap        ] GC(38) Old regions: 78->78
[2020-10-28T10:45:28.562+0800][1.164s][3212][9748 ][info][gc,heap        ] GC(38) Humongous regions: 44->44
[2020-10-28T10:45:28.562+0800][1.164s][3212][9748 ][info][gc,metaspace   ] GC(38) Metaspace: 16351K->16351K(1064960K)
[2020-10-28T10:45:28.562+0800][1.164s][3212][9748 ][info][gc             ] GC(38) Pause Young (Concurrent Start) (G1 Humongous Allocation) 114M->113M(128M) 2.329ms
[2020-10-28T10:45:28.563+0800][1.165s][3212][9748 ][info][gc,cpu         ] GC(38) User=0.03s Sys=0.00s Real=0.00s
[2020-10-28T10:45:28.563+0800][1.165s][3212][13364][info][gc             ] GC(39) Concurrent Cycle
[2020-10-28T10:45:28.564+0800][1.166s][3212][13364][info][gc,marking     ] GC(39) Concurrent Clear Claimed Marks
[2020-10-28T10:45:28.564+0800][1.166s][3212][13364][info][gc,marking     ] GC(39) Concurrent Clear Claimed Marks 0.222ms
[2020-10-28T10:45:28.564+0800][1.166s][3212][13364][info][gc,marking     ] GC(39) Concurrent Scan Root Regions
[2020-10-28T10:45:28.564+0800][1.167s][3212][13364][info][gc,marking     ] GC(39) Concurrent Scan Root Regions 0.328ms
[2020-10-28T10:45:28.564+0800][1.167s][3212][13364][info][gc,marking     ] GC(39) Concurrent Mark (1.167s)
[2020-10-28T10:45:28.565+0800][1.167s][3212][13364][info][gc,marking     ] GC(39) Concurrent Mark From Roots
[2020-10-28T10:45:28.565+0800][1.167s][3212][13364][info][gc,task        ] GC(39) Using 2 workers of 2 for marking
[2020-10-28T10:45:28.565+0800][1.167s][3212][9748 ][info][gc,start       ] GC(40) Pause Young (Normal) (G1 Humongous Allocation)
[2020-10-28T10:45:28.565+0800][1.167s][3212][9748 ][info][gc,task        ] GC(40) Using 3 workers of 8 for evacuation
[2020-10-28T10:45:28.565+0800][1.167s][3212][9748 ][info][gc             ] GC(40) To-space exhausted
[2020-10-28T10:45:28.565+0800][1.168s][3212][9748 ][info][gc,phases      ] GC(40)   Pre Evacuate Collection Set: 0.0ms
[2020-10-28T10:45:28.565+0800][1.168s][3212][9748 ][info][gc,phases      ] GC(40)   Evacuate Collection Set: 0.1ms
[2020-10-28T10:45:28.565+0800][1.168s][3212][9748 ][info][gc,phases      ] GC(40)   Post Evacuate Collection Set: 0.1ms
[2020-10-28T10:45:28.565+0800][1.168s][3212][9748 ][info][gc,phases      ] GC(40)   Other: 0.4ms
[2020-10-28T10:45:28.565+0800][1.168s][3212][9748 ][info][gc,heap        ] GC(40) Eden regions: 3->0(6)
[2020-10-28T10:45:28.566+0800][1.168s][3212][9748 ][info][gc,heap        ] GC(40) Survivor regions: 1->0(1)
[2020-10-28T10:45:28.566+0800][1.168s][3212][9748 ][info][gc,heap        ] GC(40) Old regions: 78->82
[2020-10-28T10:45:28.566+0800][1.168s][3212][9748 ][info][gc,heap        ] GC(40) Humongous regions: 46->45
[2020-10-28T10:45:28.566+0800][1.168s][3212][9748 ][info][gc,metaspace   ] GC(40) Metaspace: 16351K->16351K(1064960K)
[2020-10-28T10:45:28.566+0800][1.168s][3212][9748 ][info][gc             ] GC(40) Pause Young (Normal) (G1 Humongous Allocation) 118M->117M(128M) 0.854ms
[2020-10-28T10:45:28.566+0800][1.168s][3212][9748 ][info][gc,cpu         ] GC(40) User=0.00s Sys=0.00s Real=0.00s
[2020-10-28T10:45:28.566+0800][1.168s][3212][9748 ][info][gc,start       ] GC(41) Pause Young (Normal) (G1 Evacuation Pause)
[2020-10-28T10:45:28.566+0800][1.168s][3212][9748 ][info][gc,task        ] GC(41) Using 3 workers of 8 for evacuation
[2020-10-28T10:45:28.566+0800][1.169s][3212][9748 ][info][gc,phases      ] GC(41)   Pre Evacuate Collection Set: 0.0ms
[2020-10-28T10:45:28.566+0800][1.169s][3212][9748 ][info][gc,phases      ] GC(41)   Evacuate Collection Set: 0.1ms
[2020-10-28T10:45:28.566+0800][1.169s][3212][9748 ][info][gc,phases      ] GC(41)   Post Evacuate Collection Set: 0.1ms
[2020-10-28T10:45:28.566+0800][1.169s][3212][9748 ][info][gc,phases      ] GC(41)   Other: 0.1ms
[2020-10-28T10:45:28.566+0800][1.169s][3212][9748 ][info][gc,heap        ] GC(41) Eden regions: 0->0(6)
[2020-10-28T10:45:28.566+0800][1.169s][3212][9748 ][info][gc,heap        ] GC(41) Survivor regions: 0->0(1)
[2020-10-28T10:45:28.567+0800][1.169s][3212][9748 ][info][gc,heap        ] GC(41) Old regions: 82->82
[2020-10-28T10:45:28.567+0800][1.169s][3212][9748 ][info][gc,heap        ] GC(41) Humongous regions: 46->45
[2020-10-28T10:45:28.567+0800][1.169s][3212][9748 ][info][gc,metaspace   ] GC(41) Metaspace: 16351K->16351K(1064960K)
[2020-10-28T10:45:28.567+0800][1.169s][3212][9748 ][info][gc             ] GC(41) Pause Young (Normal) (G1 Evacuation Pause) 118M->117M(128M) 0.499ms
[2020-10-28T10:45:28.567+0800][1.169s][3212][9748 ][info][gc,cpu         ] GC(41) User=0.00s Sys=0.00s Real=0.00s
[2020-10-28T10:45:28.567+0800][1.169s][3212][9748 ][info][gc,start       ] GC(42) Pause Young (Normal) (G1 Evacuation Pause)
[2020-10-28T10:45:28.567+0800][1.170s][3212][9748 ][info][gc,task        ] GC(42) Using 3 workers of 8 for evacuation
[2020-10-28T10:45:28.567+0800][1.170s][3212][9748 ][info][gc             ] GC(42) To-space exhausted
[2020-10-28T10:45:28.568+0800][1.170s][3212][9748 ][info][gc,phases      ] GC(42)   Pre Evacuate Collection Set: 0.0ms
[2020-10-28T10:45:28.568+0800][1.170s][3212][9748 ][info][gc,phases      ] GC(42)   Evacuate Collection Set: 0.1ms
[2020-10-28T10:45:28.568+0800][1.170s][3212][9748 ][info][gc,phases      ] GC(42)   Post Evacuate Collection Set: 0.2ms
[2020-10-28T10:45:28.568+0800][1.170s][3212][9748 ][info][gc,phases      ] GC(42)   Other: 0.4ms
[2020-10-28T10:45:28.568+0800][1.170s][3212][9748 ][info][gc,heap        ] GC(42) Eden regions: 1->0(6)
[2020-10-28T10:45:28.568+0800][1.170s][3212][9748 ][info][gc,heap        ] GC(42) Survivor regions: 0->0(1)
[2020-10-28T10:45:28.568+0800][1.170s][3212][9748 ][info][gc,heap        ] GC(42) Old regions: 82->83
[2020-10-28T10:45:28.568+0800][1.170s][3212][9748 ][info][gc,heap        ] GC(42) Humongous regions: 45->45
[2020-10-28T10:45:28.568+0800][1.170s][3212][9748 ][info][gc,metaspace   ] GC(42) Metaspace: 16351K->16351K(1064960K)
[2020-10-28T10:45:28.568+0800][1.170s][3212][9748 ][info][gc             ] GC(42) Pause Young (Normal) (G1 Evacuation Pause) 118M->118M(128M) 0.883ms
[2020-10-28T10:45:28.568+0800][1.171s][3212][9748 ][info][gc,cpu         ] GC(42) User=0.00s Sys=0.00s Real=0.00s
[2020-10-28T10:45:28.568+0800][1.171s][3212][9748 ][info][gc,task        ] GC(43) Using 3 workers of 8 for full compaction
[2020-10-28T10:45:28.568+0800][1.171s][3212][9748 ][info][gc,start       ] GC(43) Pause Full (G1 Evacuation Pause)
[2020-10-28T10:45:28.569+0800][1.171s][3212][9748 ][info][gc,phases,start] GC(43) Phase 1: Mark live objects
[2020-10-28T10:45:28.572+0800][1.175s][3212][9748 ][info][gc,stringtable ] GC(43) Cleaned string and symbol table, strings: 6183 processed, 0 removed, symbols: 52175 processed, 0 removed
[2020-10-28T10:45:28.572+0800][1.175s][3212][9748 ][info][gc,phases      ] GC(43) Phase 1: Mark live objects 3.609ms
[2020-10-28T10:45:28.572+0800][1.175s][3212][9748 ][info][gc,phases,start] GC(43) Phase 2: Prepare for compaction
[2020-10-28T10:45:28.573+0800][1.175s][3212][9748 ][info][gc,phases      ] GC(43) Phase 2: Prepare for compaction 0.656ms
[2020-10-28T10:45:28.573+0800][1.175s][3212][9748 ][info][gc,phases,start] GC(43) Phase 3: Adjust pointers
[2020-10-28T10:45:28.577+0800][1.180s][3212][9748 ][info][gc,phases      ] GC(43) Phase 3: Adjust pointers 4.029ms
[2020-10-28T10:45:28.577+0800][1.180s][3212][9748 ][info][gc,phases,start] GC(43) Phase 4: Compact heap
[2020-10-28T10:45:28.590+0800][1.192s][3212][9748 ][info][gc,phases      ] GC(43) Phase 4: Compact heap 12.272ms
[2020-10-28T10:45:28.592+0800][1.195s][3212][9748 ][info][gc,heap        ] GC(43) Eden regions: 0->0(6)
[2020-10-28T10:45:28.593+0800][1.195s][3212][9748 ][info][gc,heap        ] GC(43) Survivor regions: 0->0(1)
[2020-10-28T10:45:28.593+0800][1.195s][3212][9748 ][info][gc,heap        ] GC(43) Old regions: 83->80
[2020-10-28T10:45:28.593+0800][1.195s][3212][9748 ][info][gc,heap        ] GC(43) Humongous regions: 45->45
[2020-10-28T10:45:28.593+0800][1.195s][3212][9748 ][info][gc,metaspace   ] GC(43) Metaspace: 16351K->16351K(1064960K)
[2020-10-28T10:45:28.593+0800][1.195s][3212][9748 ][info][gc             ] GC(43) Pause Full (G1 Evacuation Pause) 118M->115M(128M) 24.341ms
[2020-10-28T10:45:28.594+0800][1.196s][3212][9748 ][info][gc,cpu         ] GC(43) User=0.08s Sys=0.00s Real=0.03s
[2020-10-28T10:45:28.594+0800][1.197s][3212][13364][info][gc,marking     ] GC(39) Concurrent Mark From Roots 29.784ms
[2020-10-28T10:45:28.594+0800][1.197s][3212][13364][info][gc,marking     ] GC(39) Concurrent Mark Abort
[2020-10-28T10:45:28.595+0800][1.197s][3212][13364][info][gc             ] GC(39) Concurrent Cycle 31.731ms
[2020-10-28T10:45:28.595+0800][1.198s][3212][9748 ][info][gc,start       ] GC(44) Pause Young (Concurrent Start) (G1 Humongous Allocation)
[2020-10-28T10:45:28.595+0800][1.198s][3212][9748 ][info][gc,task        ] GC(44) Using 3 workers of 8 for evacuation
[2020-10-28T10:45:28.596+0800][1.198s][3212][9748 ][info][gc,phases      ] GC(44)   Pre Evacuate Collection Set: 0.0ms
[2020-10-28T10:45:28.596+0800][1.199s][3212][9748 ][info][gc,phases      ] GC(44)   Evacuate Collection Set: 0.5ms
[2020-10-28T10:45:28.596+0800][1.199s][3212][9748 ][info][gc,phases      ] GC(44)   Post Evacuate Collection Set: 0.1ms
[2020-10-28T10:45:28.596+0800][1.199s][3212][9748 ][info][gc,phases      ] GC(44)   Other: 0.2ms
[2020-10-28T10:45:28.596+0800][1.199s][3212][9748 ][info][gc,heap        ] GC(44) Eden regions: 1->0(5)
[2020-10-28T10:45:28.596+0800][1.199s][3212][9748 ][info][gc,heap        ] GC(44) Survivor regions: 0->1(1)
[2020-10-28T10:45:28.596+0800][1.199s][3212][9748 ][info][gc,heap        ] GC(44) Old regions: 80->80
[2020-10-28T10:45:28.596+0800][1.199s][3212][9748 ][info][gc,heap        ] GC(44) Humongous regions: 45->45
[2020-10-28T10:45:28.596+0800][1.199s][3212][9748 ][info][gc,metaspace   ] GC(44) Metaspace: 16351K->16351K(1064960K)
[2020-10-28T10:45:28.597+0800][1.199s][3212][9748 ][info][gc             ] GC(44) Pause Young (Concurrent Start) (G1 Humongous Allocation) 116M->116M(128M) 1.165ms
[2020-10-28T10:45:28.597+0800][1.200s][3212][9748 ][info][gc,cpu         ] GC(44) User=0.00s Sys=0.00s Real=0.00s
[2020-10-28T10:45:28.598+0800][1.200s][3212][13364][info][gc             ] GC(45) Concurrent Cycle
[2020-10-28T10:45:28.599+0800][1.201s][3212][13364][info][gc,marking     ] GC(45) Concurrent Clear Claimed Marks
[2020-10-28T10:45:28.599+0800][1.201s][3212][13364][info][gc,marking     ] GC(45) Concurrent Clear Claimed Marks 0.084ms
[2020-10-28T10:45:28.599+0800][1.201s][3212][13364][info][gc,marking     ] GC(45) Concurrent Scan Root Regions
[2020-10-28T10:45:28.599+0800][1.201s][3212][13364][info][gc,marking     ] GC(45) Concurrent Scan Root Regions 0.068ms
[2020-10-28T10:45:28.599+0800][1.201s][3212][9748 ][info][gc,start       ] GC(46) Pause Young (Normal) (G1 Humongous Allocation)
[2020-10-28T10:45:28.599+0800][1.201s][3212][13364][info][gc,marking     ] GC(45) Concurrent Mark (1.201s)
[2020-10-28T10:45:28.599+0800][1.201s][3212][9748 ][info][gc,task        ] GC(46) Using 3 workers of 8 for evacuation
[2020-10-28T10:45:28.599+0800][1.201s][3212][13364][info][gc,marking     ] GC(45) Concurrent Mark From Roots
[2020-10-28T10:45:28.599+0800][1.201s][3212][13364][info][gc,task        ] GC(45) Using 2 workers of 2 for marking
[2020-10-28T10:45:28.599+0800][1.202s][3212][9748 ][info][gc             ] GC(46) To-space exhausted
[2020-10-28T10:45:28.600+0800][1.202s][3212][9748 ][info][gc,phases      ] GC(46)   Pre Evacuate Collection Set: 0.1ms
[2020-10-28T10:45:28.600+0800][1.202s][3212][9748 ][info][gc,phases      ] GC(46)   Evacuate Collection Set: 0.1ms
[2020-10-28T10:45:28.600+0800][1.202s][3212][9748 ][info][gc,phases      ] GC(46)   Post Evacuate Collection Set: 0.1ms
[2020-10-28T10:45:28.600+0800][1.202s][3212][9748 ][info][gc,phases      ] GC(46)   Other: 0.5ms
[2020-10-28T10:45:28.600+0800][1.202s][3212][9748 ][info][gc,heap        ] GC(46) Eden regions: 1->0(6)
[2020-10-28T10:45:28.600+0800][1.202s][3212][9748 ][info][gc,heap        ] GC(46) Survivor regions: 1->0(1)
[2020-10-28T10:45:28.600+0800][1.202s][3212][9748 ][info][gc,heap        ] GC(46) Old regions: 80->82
[2020-10-28T10:45:28.600+0800][1.202s][3212][9748 ][info][gc,heap        ] GC(46) Humongous regions: 46->45
[2020-10-28T10:45:28.600+0800][1.202s][3212][9748 ][info][gc,metaspace   ] GC(46) Metaspace: 16351K->16351K(1064960K)
[2020-10-28T10:45:28.600+0800][1.202s][3212][9748 ][info][gc             ] GC(46) Pause Young (Normal) (G1 Humongous Allocation) 118M->117M(128M) 0.909ms
[2020-10-28T10:45:28.600+0800][1.202s][3212][9748 ][info][gc,cpu         ] GC(46) User=0.00s Sys=0.00s Real=0.00s
[2020-10-28T10:45:28.600+0800][1.203s][3212][9748 ][info][gc,start       ] GC(47) Pause Young (Normal) (G1 Evacuation Pause)
[2020-10-28T10:45:28.600+0800][1.203s][3212][9748 ][info][gc,task        ] GC(47) Using 3 workers of 8 for evacuation
[2020-10-28T10:45:28.600+0800][1.203s][3212][9748 ][info][gc,phases      ] GC(47)   Pre Evacuate Collection Set: 0.0ms
[2020-10-28T10:45:28.601+0800][1.203s][3212][9748 ][info][gc,phases      ] GC(47)   Evacuate Collection Set: 0.1ms
[2020-10-28T10:45:28.601+0800][1.203s][3212][9748 ][info][gc,phases      ] GC(47)   Post Evacuate Collection Set: 0.1ms
[2020-10-28T10:45:28.601+0800][1.203s][3212][9748 ][info][gc,phases      ] GC(47)   Other: 0.1ms
[2020-10-28T10:45:28.601+0800][1.203s][3212][9748 ][info][gc,heap        ] GC(47) Eden regions: 0->0(6)
[2020-10-28T10:45:28.601+0800][1.203s][3212][9748 ][info][gc,heap        ] GC(47) Survivor regions: 0->0(1)
[2020-10-28T10:45:28.601+0800][1.203s][3212][9748 ][info][gc,heap        ] GC(47) Old regions: 82->82
[2020-10-28T10:45:28.601+0800][1.203s][3212][9748 ][info][gc,heap        ] GC(47) Humongous regions: 46->45
[2020-10-28T10:45:28.601+0800][1.203s][3212][9748 ][info][gc,metaspace   ] GC(47) Metaspace: 16351K->16351K(1064960K)
[2020-10-28T10:45:28.601+0800][1.203s][3212][9748 ][info][gc             ] GC(47) Pause Young (Normal) (G1 Evacuation Pause) 118M->117M(128M) 0.439ms
[2020-10-28T10:45:28.601+0800][1.203s][3212][9748 ][info][gc,cpu         ] GC(47) User=0.00s Sys=0.00s Real=0.00s
[2020-10-28T10:45:28.601+0800][1.203s][3212][9748 ][info][gc,start       ] GC(48) Pause Young (Normal) (G1 Humongous Allocation)
[2020-10-28T10:45:28.601+0800][1.203s][3212][9748 ][info][gc,task        ] GC(48) Using 3 workers of 8 for evacuation
[2020-10-28T10:45:28.601+0800][1.204s][3212][9748 ][info][gc             ] GC(48) To-space exhausted
[2020-10-28T10:45:28.602+0800][1.204s][3212][9748 ][info][gc,phases      ] GC(48)   Pre Evacuate Collection Set: 0.0ms
[2020-10-28T10:45:28.602+0800][1.204s][3212][9748 ][info][gc,phases      ] GC(48)   Evacuate Collection Set: 0.1ms
[2020-10-28T10:45:28.602+0800][1.204s][3212][9748 ][info][gc,phases      ] GC(48)   Post Evacuate Collection Set: 0.1ms
[2020-10-28T10:45:28.602+0800][1.204s][3212][9748 ][info][gc,phases      ] GC(48)   Other: 0.3ms
[2020-10-28T10:45:28.602+0800][1.204s][3212][9748 ][info][gc,heap        ] GC(48) Eden regions: 1->0(6)
[2020-10-28T10:45:28.602+0800][1.204s][3212][9748 ][info][gc,heap        ] GC(48) Survivor regions: 0->0(1)
[2020-10-28T10:45:28.602+0800][1.204s][3212][9748 ][info][gc,heap        ] GC(48) Old regions: 82->83
[2020-10-28T10:45:28.602+0800][1.204s][3212][9748 ][info][gc,heap        ] GC(48) Humongous regions: 45->45
[2020-10-28T10:45:28.602+0800][1.204s][3212][9748 ][info][gc,metaspace   ] GC(48) Metaspace: 16351K->16351K(1064960K)
[2020-10-28T10:45:28.602+0800][1.204s][3212][9748 ][info][gc             ] GC(48) Pause Young (Normal) (G1 Humongous Allocation) 117M->117M(128M) 0.808ms
[2020-10-28T10:45:28.602+0800][1.205s][3212][9748 ][info][gc,cpu         ] GC(48) User=0.00s Sys=0.00s Real=0.00s
[2020-10-28T10:45:28.602+0800][1.205s][3212][9748 ][info][gc,task        ] GC(49) Using 3 workers of 8 for full compaction
[2020-10-28T10:45:28.602+0800][1.205s][3212][9748 ][info][gc,start       ] GC(49) Pause Full (G1 Humongous Allocation)
[2020-10-28T10:45:28.603+0800][1.205s][3212][9748 ][info][gc,phases,start] GC(49) Phase 1: Mark live objects
[2020-10-28T10:45:28.607+0800][1.209s][3212][9748 ][info][gc,stringtable ] GC(49) Cleaned string and symbol table, strings: 6183 processed, 0 removed, symbols: 52175 processed, 0 removed
[2020-10-28T10:45:28.607+0800][1.209s][3212][9748 ][info][gc,phases      ] GC(49) Phase 1: Mark live objects 4.088ms
[2020-10-28T10:45:28.607+0800][1.209s][3212][9748 ][info][gc,phases,start] GC(49) Phase 2: Prepare for compaction
[2020-10-28T10:45:28.608+0800][1.210s][3212][9748 ][info][gc,phases      ] GC(49) Phase 2: Prepare for compaction 0.898ms
[2020-10-28T10:45:28.608+0800][1.210s][3212][9748 ][info][gc,phases,start] GC(49) Phase 3: Adjust pointers
[2020-10-28T10:45:28.611+0800][1.214s][3212][9748 ][info][gc,phases      ] GC(49) Phase 3: Adjust pointers 3.546ms
[2020-10-28T10:45:28.611+0800][1.214s][3212][9748 ][info][gc,phases,start] GC(49) Phase 4: Compact heap
[2020-10-28T10:45:28.621+0800][1.223s][3212][9748 ][info][gc,phases      ] GC(49) Phase 4: Compact heap 9.301ms
[2020-10-28T10:45:28.622+0800][1.224s][3212][9748 ][info][gc,heap        ] GC(49) Eden regions: 0->0(6)
[2020-10-28T10:45:28.622+0800][1.225s][3212][9748 ][info][gc,heap        ] GC(49) Survivor regions: 0->0(1)
[2020-10-28T10:45:28.622+0800][1.225s][3212][9748 ][info][gc,heap        ] GC(49) Old regions: 83->80
[2020-10-28T10:45:28.622+0800][1.225s][3212][9748 ][info][gc,heap        ] GC(49) Humongous regions: 45->45
[2020-10-28T10:45:28.622+0800][1.225s][3212][9748 ][info][gc,metaspace   ] GC(49) Metaspace: 16351K->16351K(1064960K)
[2020-10-28T10:45:28.622+0800][1.225s][3212][9748 ][info][gc             ] GC(49) Pause Full (G1 Humongous Allocation) 117M->116M(128M) 19.937ms
[2020-10-28T10:45:28.623+0800][1.225s][3212][9748 ][info][gc,cpu         ] GC(49) User=0.06s Sys=0.00s Real=0.02s
[2020-10-28T10:45:28.623+0800][1.225s][3212][13364][info][gc,marking     ] GC(45) Concurrent Mark From Roots 23.931ms
[2020-10-28T10:45:28.623+0800][1.225s][3212][13364][info][gc,marking     ] GC(45) Concurrent Mark Abort
[2020-10-28T10:45:28.623+0800][1.225s][3212][13364][info][gc             ] GC(45) Concurrent Cycle 25.512ms
[2020-10-28T10:45:28.623+0800][1.226s][3212][9748 ][info][gc,start       ] GC(50) Pause Young (Concurrent Start) (G1 Humongous Allocation)
[2020-10-28T10:45:28.623+0800][1.226s][3212][9748 ][info][gc,task        ] GC(50) Using 3 workers of 8 for evacuation
[2020-10-28T10:45:28.624+0800][1.226s][3212][9748 ][info][gc,phases      ] GC(50)   Pre Evacuate Collection Set: 0.0ms
[2020-10-28T10:45:28.624+0800][1.226s][3212][9748 ][info][gc,phases      ] GC(50)   Evacuate Collection Set: 0.4ms
[2020-10-28T10:45:28.624+0800][1.226s][3212][9748 ][info][gc,phases      ] GC(50)   Post Evacuate Collection Set: 0.1ms
[2020-10-28T10:45:28.624+0800][1.226s][3212][9748 ][info][gc,phases      ] GC(50)   Other: 0.2ms
[2020-10-28T10:45:28.624+0800][1.226s][3212][9748 ][info][gc,heap        ] GC(50) Eden regions: 1->0(5)
[2020-10-28T10:45:28.624+0800][1.226s][3212][9748 ][info][gc,heap        ] GC(50) Survivor regions: 0->1(1)
[2020-10-28T10:45:28.624+0800][1.226s][3212][9748 ][info][gc,heap        ] GC(50) Old regions: 80->80
[2020-10-28T10:45:28.624+0800][1.227s][3212][9748 ][info][gc,heap        ] GC(50) Humongous regions: 46->45
[2020-10-28T10:45:28.624+0800][1.227s][3212][9748 ][info][gc,metaspace   ] GC(50) Metaspace: 16351K->16351K(1064960K)
[2020-10-28T10:45:28.624+0800][1.227s][3212][9748 ][info][gc             ] GC(50) Pause Young (Concurrent Start) (G1 Humongous Allocation) 118M->116M(128M) 1.091ms
[2020-10-28T10:45:28.625+0800][1.227s][3212][9748 ][info][gc,cpu         ] GC(50) User=0.02s Sys=0.00s Real=0.00s
[2020-10-28T10:45:28.625+0800][1.227s][3212][13364][info][gc             ] GC(51) Concurrent Cycle
[2020-10-28T10:45:28.626+0800][1.229s][3212][13364][info][gc,marking     ] GC(51) Concurrent Clear Claimed Marks
[2020-10-28T10:45:28.626+0800][1.229s][3212][13364][info][gc,marking     ] GC(51) Concurrent Clear Claimed Marks 0.194ms
[2020-10-28T10:45:28.626+0800][1.229s][3212][13364][info][gc,marking     ] GC(51) Concurrent Scan Root Regions
[2020-10-28T10:45:28.627+0800][1.229s][3212][13364][info][gc,marking     ] GC(51) Concurrent Scan Root Regions 0.212ms
[2020-10-28T10:45:28.627+0800][1.229s][3212][9748 ][info][gc,start       ] GC(52) Pause Young (Normal) (G1 Humongous Allocation)
[2020-10-28T10:45:28.628+0800][1.230s][3212][13364][info][gc,marking     ] GC(51) Concurrent Mark (1.230s)
[2020-10-28T10:45:28.628+0800][1.230s][3212][9748 ][info][gc,task        ] GC(52) Using 3 workers of 8 for evacuation
[2020-10-28T10:45:28.628+0800][1.230s][3212][13364][info][gc,marking     ] GC(51) Concurrent Mark From Roots
[2020-10-28T10:45:28.628+0800][1.230s][3212][13364][info][gc,task        ] GC(51) Using 2 workers of 2 for marking
[2020-10-28T10:45:28.628+0800][1.231s][3212][9748 ][info][gc             ] GC(52) To-space exhausted
[2020-10-28T10:45:28.629+0800][1.231s][3212][9748 ][info][gc,phases      ] GC(52)   Pre Evacuate Collection Set: 0.6ms
[2020-10-28T10:45:28.629+0800][1.231s][3212][9748 ][info][gc,phases      ] GC(52)   Evacuate Collection Set: 0.2ms
[2020-10-28T10:45:28.629+0800][1.231s][3212][9748 ][info][gc,phases      ] GC(52)   Post Evacuate Collection Set: 0.3ms
[2020-10-28T10:45:28.629+0800][1.232s][3212][9748 ][info][gc,phases      ] GC(52)   Other: 1.8ms
[2020-10-28T10:45:28.629+0800][1.232s][3212][9748 ][info][gc,heap        ] GC(52) Eden regions: 1->0(6)
[2020-10-28T10:45:28.629+0800][1.232s][3212][9748 ][info][gc,heap        ] GC(52) Survivor regions: 1->0(1)
[2020-10-28T10:45:28.629+0800][1.232s][3212][9748 ][info][gc,heap        ] GC(52) Old regions: 80->82
[2020-10-28T10:45:28.629+0800][1.232s][3212][9748 ][info][gc,heap        ] GC(52) Humongous regions: 46->45
[2020-10-28T10:45:28.629+0800][1.232s][3212][9748 ][info][gc,metaspace   ] GC(52) Metaspace: 16351K->16351K(1064960K)
[2020-10-28T10:45:28.629+0800][1.232s][3212][9748 ][info][gc             ] GC(52) Pause Young (Normal) (G1 Humongous Allocation) 118M->117M(128M) 2.603ms
[2020-10-28T10:45:28.630+0800][1.232s][3212][9748 ][info][gc,cpu         ] GC(52) User=0.00s Sys=0.00s Real=0.00s
[2020-10-28T10:45:28.630+0800][1.232s][3212][9748 ][info][gc,start       ] GC(53) Pause Young (Normal) (G1 Evacuation Pause)
[2020-10-28T10:45:28.630+0800][1.232s][3212][9748 ][info][gc,task        ] GC(53) Using 3 workers of 8 for evacuation
[2020-10-28T10:45:28.630+0800][1.232s][3212][9748 ][info][gc,phases      ] GC(53)   Pre Evacuate Collection Set: 0.0ms
[2020-10-28T10:45:28.630+0800][1.232s][3212][9748 ][info][gc,phases      ] GC(53)   Evacuate Collection Set: 0.1ms
[2020-10-28T10:45:28.630+0800][1.232s][3212][9748 ][info][gc,phases      ] GC(53)   Post Evacuate Collection Set: 0.1ms
[2020-10-28T10:45:28.630+0800][1.232s][3212][9748 ][info][gc,phases      ] GC(53)   Other: 0.1ms
[2020-10-28T10:45:28.630+0800][1.232s][3212][9748 ][info][gc,heap        ] GC(53) Eden regions: 0->0(6)
[2020-10-28T10:45:28.630+0800][1.233s][3212][9748 ][info][gc,heap        ] GC(53) Survivor regions: 0->0(1)
[2020-10-28T10:45:28.630+0800][1.233s][3212][9748 ][info][gc,heap        ] GC(53) Old regions: 82->82
[2020-10-28T10:45:28.630+0800][1.233s][3212][9748 ][info][gc,heap        ] GC(53) Humongous regions: 46->45
[2020-10-28T10:45:28.630+0800][1.233s][3212][9748 ][info][gc,metaspace   ] GC(53) Metaspace: 16351K->16351K(1064960K)
[2020-10-28T10:45:28.630+0800][1.233s][3212][9748 ][info][gc             ] GC(53) Pause Young (Normal) (G1 Evacuation Pause) 118M->117M(128M) 0.483ms
[2020-10-28T10:45:28.631+0800][1.233s][3212][9748 ][info][gc,cpu         ] GC(53) User=0.00s Sys=0.00s Real=0.00s
[2020-10-28T10:45:28.631+0800][1.233s][3212][9748 ][info][gc,start       ] GC(54) Pause Young (Normal) (G1 Humongous Allocation)
[2020-10-28T10:45:28.631+0800][1.233s][3212][9748 ][info][gc,task        ] GC(54) Using 3 workers of 8 for evacuation
[2020-10-28T10:45:28.631+0800][1.233s][3212][9748 ][info][gc             ] GC(54) To-space exhausted
[2020-10-28T10:45:28.631+0800][1.234s][3212][9748 ][info][gc,phases      ] GC(54)   Pre Evacuate Collection Set: 0.0ms
[2020-10-28T10:45:28.631+0800][1.234s][3212][9748 ][info][gc,phases      ] GC(54)   Evacuate Collection Set: 0.1ms
[2020-10-28T10:45:28.631+0800][1.234s][3212][9748 ][info][gc,phases      ] GC(54)   Post Evacuate Collection Set: 0.1ms
[2020-10-28T10:45:28.631+0800][1.234s][3212][9748 ][info][gc,phases      ] GC(54)   Other: 0.4ms
[2020-10-28T10:45:28.632+0800][1.234s][3212][9748 ][info][gc,heap        ] GC(54) Eden regions: 1->0(6)
[2020-10-28T10:45:28.632+0800][1.234s][3212][9748 ][info][gc,heap        ] GC(54) Survivor regions: 0->0(1)
[2020-10-28T10:45:28.632+0800][1.234s][3212][9748 ][info][gc,heap        ] GC(54) Old regions: 82->83
[2020-10-28T10:45:28.632+0800][1.234s][3212][9748 ][info][gc,heap        ] GC(54) Humongous regions: 45->45
[2020-10-28T10:45:28.632+0800][1.234s][3212][9748 ][info][gc,metaspace   ] GC(54) Metaspace: 16351K->16351K(1064960K)
[2020-10-28T10:45:28.632+0800][1.234s][3212][9748 ][info][gc             ] GC(54) Pause Young (Normal) (G1 Humongous Allocation) 117M->117M(128M) 0.785ms
[2020-10-28T10:45:28.632+0800][1.234s][3212][9748 ][info][gc,cpu         ] GC(54) User=0.00s Sys=0.00s Real=0.00s
[2020-10-28T10:45:28.632+0800][1.234s][3212][9748 ][info][gc,task        ] GC(55) Using 3 workers of 8 for full compaction
[2020-10-28T10:45:28.632+0800][1.234s][3212][9748 ][info][gc,start       ] GC(55) Pause Full (G1 Humongous Allocation)
[2020-10-28T10:45:28.632+0800][1.235s][3212][9748 ][info][gc,phases,start] GC(55) Phase 1: Mark live objects
[2020-10-28T10:45:28.636+0800][1.238s][3212][9748 ][info][gc,stringtable ] GC(55) Cleaned string and symbol table, strings: 6183 processed, 0 removed, symbols: 52175 processed, 0 removed
[2020-10-28T10:45:28.636+0800][1.238s][3212][9748 ][info][gc,phases      ] GC(55) Phase 1: Mark live objects 3.523ms
[2020-10-28T10:45:28.636+0800][1.238s][3212][9748 ][info][gc,phases,start] GC(55) Phase 2: Prepare for compaction
[2020-10-28T10:45:28.636+0800][1.239s][3212][9748 ][info][gc,phases      ] GC(55) Phase 2: Prepare for compaction 0.685ms
[2020-10-28T10:45:28.636+0800][1.239s][3212][9748 ][info][gc,phases,start] GC(55) Phase 3: Adjust pointers
[2020-10-28T10:45:28.638+0800][1.241s][3212][9748 ][info][gc,phases      ] GC(55) Phase 3: Adjust pointers 1.919ms
[2020-10-28T10:45:28.638+0800][1.241s][3212][9748 ][info][gc,phases,start] GC(55) Phase 4: Compact heap
[2020-10-28T10:45:28.647+0800][1.249s][3212][9748 ][info][gc,phases      ] GC(55) Phase 4: Compact heap 8.430ms
[2020-10-28T10:45:28.651+0800][1.253s][3212][9748 ][info][gc,heap        ] GC(55) Eden regions: 0->0(6)
[2020-10-28T10:45:28.651+0800][1.253s][3212][9748 ][info][gc,heap        ] GC(55) Survivor regions: 0->0(1)
[2020-10-28T10:45:28.651+0800][1.253s][3212][9748 ][info][gc,heap        ] GC(55) Old regions: 83->80
[2020-10-28T10:45:28.651+0800][1.253s][3212][9748 ][info][gc,heap        ] GC(55) Humongous regions: 45->43
[2020-10-28T10:45:28.651+0800][1.253s][3212][9748 ][info][gc,metaspace   ] GC(55) Metaspace: 16351K->16351K(1064960K)
[2020-10-28T10:45:28.651+0800][1.253s][3212][9748 ][info][gc             ] GC(55) Pause Full (G1 Humongous Allocation) 117M->115M(128M) 18.837ms
[2020-10-28T10:45:28.652+0800][1.254s][3212][9748 ][info][gc,cpu         ] GC(55) User=0.03s Sys=0.00s Real=0.02s
[2020-10-28T10:45:28.652+0800][1.255s][3212][13364][info][gc,marking     ] GC(51) Concurrent Mark From Roots 24.621ms
[2020-10-28T10:45:28.652+0800][1.255s][3212][13364][info][gc,marking     ] GC(51) Concurrent Mark Abort
[2020-10-28T10:45:28.652+0800][1.255s][3212][13364][info][gc             ] GC(51) Concurrent Cycle 27.546ms
[2020-10-28T10:45:28.653+0800][1.255s][3212][9748 ][info][gc,start       ] GC(56) Pause Young (Concurrent Start) (G1 Humongous Allocation)
[2020-10-28T10:45:28.653+0800][1.255s][3212][9748 ][info][gc,task        ] GC(56) Using 3 workers of 8 for evacuation
[2020-10-28T10:45:28.653+0800][1.256s][3212][9748 ][info][gc,phases      ] GC(56)   Pre Evacuate Collection Set: 0.0ms
[2020-10-28T10:45:28.653+0800][1.256s][3212][9748 ][info][gc,phases      ] GC(56)   Evacuate Collection Set: 0.3ms
[2020-10-28T10:45:28.653+0800][1.256s][3212][9748 ][info][gc,phases      ] GC(56)   Post Evacuate Collection Set: 0.1ms
[2020-10-28T10:45:28.653+0800][1.256s][3212][9748 ][info][gc,phases      ] GC(56)   Other: 0.2ms
[2020-10-28T10:45:28.654+0800][1.256s][3212][9748 ][info][gc,heap        ] GC(56) Eden regions: 1->0(5)
[2020-10-28T10:45:28.654+0800][1.256s][3212][9748 ][info][gc,heap        ] GC(56) Survivor regions: 0->1(1)
[2020-10-28T10:45:28.654+0800][1.256s][3212][9748 ][info][gc,heap        ] GC(56) Old regions: 80->80
[2020-10-28T10:45:28.654+0800][1.256s][3212][9748 ][info][gc,heap        ] GC(56) Humongous regions: 44->43
[2020-10-28T10:45:28.654+0800][1.256s][3212][9748 ][info][gc,metaspace   ] GC(56) Metaspace: 16351K->16351K(1064960K)
[2020-10-28T10:45:28.654+0800][1.256s][3212][9748 ][info][gc             ] GC(56) Pause Young (Concurrent Start) (G1 Humongous Allocation) 116M->115M(128M) 1.037ms
[2020-10-28T10:45:28.654+0800][1.256s][3212][9748 ][info][gc,cpu         ] GC(56) User=0.00s Sys=0.00s Real=0.00s
[2020-10-28T10:45:28.654+0800][1.256s][3212][13364][info][gc             ] GC(57) Concurrent Cycle
[2020-10-28T10:45:28.654+0800][1.257s][3212][13364][info][gc,marking     ] GC(57) Concurrent Clear Claimed Marks
[2020-10-28T10:45:28.655+0800][1.257s][3212][13364][info][gc,marking     ] GC(57) Concurrent Clear Claimed Marks 0.102ms
[2020-10-28T10:45:28.655+0800][1.257s][3212][13364][info][gc,marking     ] GC(57) Concurrent Scan Root Regions
[2020-10-28T10:45:28.655+0800][1.257s][3212][13364][info][gc,marking     ] GC(57) Concurrent Scan Root Regions 0.105ms
[2020-10-28T10:45:28.655+0800][1.257s][3212][13364][info][gc,marking     ] GC(57) Concurrent Mark (1.257s)
[2020-10-28T10:45:28.655+0800][1.257s][3212][9748 ][info][gc,start       ] GC(58) Pause Young (Normal) (G1 Evacuation Pause)
[2020-10-28T10:45:28.655+0800][1.257s][3212][13364][info][gc,marking     ] GC(57) Concurrent Mark From Roots
[2020-10-28T10:45:28.655+0800][1.257s][3212][9748 ][info][gc,task        ] GC(58) Using 3 workers of 8 for evacuation
[2020-10-28T10:45:28.655+0800][1.257s][3212][13364][info][gc,task        ] GC(57) Using 2 workers of 2 for marking
[2020-10-28T10:45:28.655+0800][1.257s][3212][9748 ][info][gc             ] GC(58) To-space exhausted
[2020-10-28T10:45:28.655+0800][1.258s][3212][9748 ][info][gc,phases      ] GC(58)   Pre Evacuate Collection Set: 0.3ms
[2020-10-28T10:45:28.656+0800][1.258s][3212][9748 ][info][gc,phases      ] GC(58)   Evacuate Collection Set: 0.1ms
[2020-10-28T10:45:28.656+0800][1.258s][3212][9748 ][info][gc,phases      ] GC(58)   Post Evacuate Collection Set: 0.1ms
[2020-10-28T10:45:28.656+0800][1.258s][3212][9748 ][info][gc,phases      ] GC(58)   Other: 0.5ms
[2020-10-28T10:45:28.656+0800][1.258s][3212][9748 ][info][gc,heap        ] GC(58) Eden regions: 2->0(6)
[2020-10-28T10:45:28.656+0800][1.258s][3212][9748 ][info][gc,heap        ] GC(58) Survivor regions: 1->0(1)
[2020-10-28T10:45:28.656+0800][1.258s][3212][9748 ][info][gc,heap        ] GC(58) Old regions: 80->83
[2020-10-28T10:45:28.656+0800][1.258s][3212][9748 ][info][gc,heap        ] GC(58) Humongous regions: 45->45
[2020-10-28T10:45:28.656+0800][1.258s][3212][9748 ][info][gc,metaspace   ] GC(58) Metaspace: 16351K->16351K(1064960K)
[2020-10-28T10:45:28.656+0800][1.258s][3212][9748 ][info][gc             ] GC(58) Pause Young (Normal) (G1 Evacuation Pause) 118M->118M(128M) 1.048ms
[2020-10-28T10:45:28.656+0800][1.258s][3212][9748 ][info][gc,cpu         ] GC(58) User=0.03s Sys=0.00s Real=0.00s
[2020-10-28T10:45:28.656+0800][1.258s][3212][9748 ][info][gc,task        ] GC(59) Using 3 workers of 8 for full compaction
[2020-10-28T10:45:28.656+0800][1.259s][3212][9748 ][info][gc,start       ] GC(59) Pause Full (G1 Evacuation Pause)
[2020-10-28T10:45:28.656+0800][1.259s][3212][9748 ][info][gc,phases,start] GC(59) Phase 1: Mark live objects
[2020-10-28T10:45:28.665+0800][1.267s][3212][9748 ][info][gc,stringtable ] GC(59) Cleaned string and symbol table, strings: 6183 processed, 0 removed, symbols: 52175 processed, 0 removed
[2020-10-28T10:45:28.665+0800][1.268s][3212][9748 ][info][gc,phases      ] GC(59) Phase 1: Mark live objects 8.805ms
[2020-10-28T10:45:28.665+0800][1.268s][3212][9748 ][info][gc,phases,start] GC(59) Phase 2: Prepare for compaction
[2020-10-28T10:45:28.666+0800][1.268s][3212][9748 ][info][gc,phases      ] GC(59) Phase 2: Prepare for compaction 0.755ms
[2020-10-28T10:45:28.666+0800][1.268s][3212][9748 ][info][gc,phases,start] GC(59) Phase 3: Adjust pointers
[2020-10-28T10:45:28.668+0800][1.270s][3212][9748 ][info][gc,phases      ] GC(59) Phase 3: Adjust pointers 1.873ms
[2020-10-28T10:45:28.668+0800][1.270s][3212][9748 ][info][gc,phases,start] GC(59) Phase 4: Compact heap
[2020-10-28T10:45:28.675+0800][1.278s][3212][9748 ][info][gc,phases      ] GC(59) Phase 4: Compact heap 7.172ms
[2020-10-28T10:45:28.679+0800][1.281s][3212][9748 ][info][gc,heap        ] GC(59) Eden regions: 0->0(6)
[2020-10-28T10:45:28.679+0800][1.281s][3212][9748 ][info][gc,heap        ] GC(59) Survivor regions: 0->0(1)
[2020-10-28T10:45:28.679+0800][1.281s][3212][9748 ][info][gc,heap        ] GC(59) Old regions: 83->80
[2020-10-28T10:45:28.679+0800][1.281s][3212][9748 ][info][gc,heap        ] GC(59) Humongous regions: 45->45
[2020-10-28T10:45:28.679+0800][1.281s][3212][9748 ][info][gc,metaspace   ] GC(59) Metaspace: 16351K->16351K(1064960K)
[2020-10-28T10:45:28.679+0800][1.281s][3212][9748 ][info][gc             ] GC(59) Pause Full (G1 Evacuation Pause) 118M->117M(128M) 22.459ms
[2020-10-28T10:45:28.680+0800][1.282s][3212][9748 ][info][gc,cpu         ] GC(59) User=0.03s Sys=0.00s Real=0.02s
[2020-10-28T10:45:28.680+0800][1.282s][3212][13364][info][gc,marking     ] GC(57) Concurrent Mark From Roots 25.354ms
[2020-10-28T10:45:28.680+0800][1.283s][3212][13364][info][gc,marking     ] GC(57) Concurrent Mark Abort
[2020-10-28T10:45:28.680+0800][1.283s][3212][13364][info][gc             ] GC(57) Concurrent Cycle 26.309ms
[2020-10-28T10:45:28.681+0800][1.284s][3212][9748 ][info][gc,start       ] GC(60) Pause Young (Concurrent Start) (G1 Humongous Allocation)
[2020-10-28T10:45:28.682+0800][1.284s][3212][9748 ][info][gc,task        ] GC(60) Using 3 workers of 8 for evacuation
[2020-10-28T10:45:28.683+0800][1.286s][3212][9748 ][info][gc             ] GC(60) To-space exhausted
[2020-10-28T10:45:28.684+0800][1.286s][3212][9748 ][info][gc,phases      ] GC(60)   Pre Evacuate Collection Set: 0.2ms
[2020-10-28T10:45:28.684+0800][1.286s][3212][9748 ][info][gc,phases      ] GC(60)   Evacuate Collection Set: 0.9ms
[2020-10-28T10:45:28.684+0800][1.286s][3212][9748 ][info][gc,phases      ] GC(60)   Post Evacuate Collection Set: 0.2ms
[2020-10-28T10:45:28.684+0800][1.286s][3212][9748 ][info][gc,phases      ] GC(60)   Other: 1.1ms
[2020-10-28T10:45:28.684+0800][1.286s][3212][9748 ][info][gc,heap        ] GC(60) Eden regions: 2->0(5)
[2020-10-28T10:45:28.684+0800][1.286s][3212][9748 ][info][gc,heap        ] GC(60) Survivor regions: 0->1(1)
[2020-10-28T10:45:28.684+0800][1.286s][3212][9748 ][info][gc,heap        ] GC(60) Old regions: 80->81
[2020-10-28T10:45:28.684+0800][1.286s][3212][9748 ][info][gc,heap        ] GC(60) Humongous regions: 45->45
[2020-10-28T10:45:28.684+0800][1.286s][3212][9748 ][info][gc,metaspace   ] GC(60) Metaspace: 16351K->16351K(1064960K)
[2020-10-28T10:45:28.684+0800][1.286s][3212][9748 ][info][gc             ] GC(60) Pause Young (Concurrent Start) (G1 Humongous Allocation) 118M->119M(128M) 2.702ms
[2020-10-28T10:45:28.684+0800][1.287s][3212][9748 ][info][gc,cpu         ] GC(60) User=0.00s Sys=0.00s Real=0.00s
[2020-10-28T10:45:28.685+0800][1.287s][3212][13364][info][gc             ] GC(61) Concurrent Cycle
[2020-10-28T10:45:28.685+0800][1.287s][3212][13364][info][gc,marking     ] GC(61) Concurrent Clear Claimed Marks
[2020-10-28T10:45:28.685+0800][1.287s][3212][13364][info][gc,marking     ] GC(61) Concurrent Clear Claimed Marks 0.067ms
[2020-10-28T10:45:28.685+0800][1.287s][3212][13364][info][gc,marking     ] GC(61) Concurrent Scan Root Regions
[2020-10-28T10:45:28.685+0800][1.287s][3212][13364][info][gc,marking     ] GC(61) Concurrent Scan Root Regions 0.082ms
[2020-10-28T10:45:28.685+0800][1.287s][3212][9748 ][info][gc,start       ] GC(62) Pause Young (Normal) (G1 Evacuation Pause)
[2020-10-28T10:45:28.685+0800][1.287s][3212][13364][info][gc,marking     ] GC(61) Concurrent Mark (1.287s)
[2020-10-28T10:45:28.685+0800][1.287s][3212][9748 ][info][gc,task        ] GC(62) Using 3 workers of 8 for evacuation
[2020-10-28T10:45:28.685+0800][1.288s][3212][13364][info][gc,marking     ] GC(61) Concurrent Mark From Roots
[2020-10-28T10:45:28.685+0800][1.288s][3212][13364][info][gc,task        ] GC(61) Using 2 workers of 2 for marking
[2020-10-28T10:45:28.686+0800][1.288s][3212][9748 ][info][gc             ] GC(62) To-space exhausted
[2020-10-28T10:45:28.686+0800][1.288s][3212][9748 ][info][gc,phases      ] GC(62)   Pre Evacuate Collection Set: 0.4ms
[2020-10-28T10:45:28.686+0800][1.288s][3212][9748 ][info][gc,phases      ] GC(62)   Evacuate Collection Set: 0.1ms
[2020-10-28T10:45:28.686+0800][1.288s][3212][9748 ][info][gc,phases      ] GC(62)   Post Evacuate Collection Set: 0.1ms
[2020-10-28T10:45:28.686+0800][1.288s][3212][9748 ][info][gc,phases      ] GC(62)   Other: 0.5ms
[2020-10-28T10:45:28.686+0800][1.288s][3212][9748 ][info][gc,heap        ] GC(62) Eden regions: 0->0(6)
[2020-10-28T10:45:28.686+0800][1.288s][3212][9748 ][info][gc,heap        ] GC(62) Survivor regions: 1->0(1)
[2020-10-28T10:45:28.686+0800][1.288s][3212][9748 ][info][gc,heap        ] GC(62) Old regions: 81->82
[2020-10-28T10:45:28.686+0800][1.288s][3212][9748 ][info][gc,heap        ] GC(62) Humongous regions: 46->46
[2020-10-28T10:45:28.686+0800][1.288s][3212][9748 ][info][gc,metaspace   ] GC(62) Metaspace: 16351K->16351K(1064960K)
[2020-10-28T10:45:28.686+0800][1.288s][3212][9748 ][info][gc             ] GC(62) Pause Young (Normal) (G1 Evacuation Pause) 120M->120M(128M) 1.012ms
[2020-10-28T10:45:28.686+0800][1.289s][3212][9748 ][info][gc,cpu         ] GC(62) User=0.00s Sys=0.00s Real=0.00s
[2020-10-28T10:45:28.686+0800][1.289s][3212][9748 ][info][gc,task        ] GC(63) Using 3 workers of 8 for full compaction
[2020-10-28T10:45:28.687+0800][1.289s][3212][9748 ][info][gc,start       ] GC(63) Pause Full (G1 Evacuation Pause)
[2020-10-28T10:45:28.687+0800][1.289s][3212][9748 ][info][gc,phases,start] GC(63) Phase 1: Mark live objects
[2020-10-28T10:45:28.690+0800][1.292s][3212][9748 ][info][gc,stringtable ] GC(63) Cleaned string and symbol table, strings: 6183 processed, 0 removed, symbols: 52175 processed, 0 removed
[2020-10-28T10:45:28.690+0800][1.292s][3212][9748 ][info][gc,phases      ] GC(63) Phase 1: Mark live objects 3.264ms
[2020-10-28T10:45:28.690+0800][1.292s][3212][9748 ][info][gc,phases,start] GC(63) Phase 2: Prepare for compaction
[2020-10-28T10:45:28.691+0800][1.293s][3212][9748 ][info][gc,phases      ] GC(63) Phase 2: Prepare for compaction 0.681ms
[2020-10-28T10:45:28.691+0800][1.293s][3212][9748 ][info][gc,phases,start] GC(63) Phase 3: Adjust pointers
[2020-10-28T10:45:28.694+0800][1.296s][3212][9748 ][info][gc,phases      ] GC(63) Phase 3: Adjust pointers 3.124ms
[2020-10-28T10:45:28.694+0800][1.296s][3212][9748 ][info][gc,phases,start] GC(63) Phase 4: Compact heap
[2020-10-28T10:45:28.700+0800][1.302s][3212][9748 ][info][gc,phases      ] GC(63) Phase 4: Compact heap 6.124ms
[2020-10-28T10:45:28.702+0800][1.305s][3212][9748 ][info][gc,heap        ] GC(63) Eden regions: 0->0(6)
[2020-10-28T10:45:28.702+0800][1.305s][3212][9748 ][info][gc,heap        ] GC(63) Survivor regions: 0->0(1)
[2020-10-28T10:45:28.702+0800][1.305s][3212][9748 ][info][gc,heap        ] GC(63) Old regions: 82->80
[2020-10-28T10:45:28.702+0800][1.305s][3212][9748 ][info][gc,heap        ] GC(63) Humongous regions: 46->46
[2020-10-28T10:45:28.702+0800][1.305s][3212][9748 ][info][gc,metaspace   ] GC(63) Metaspace: 16351K->16351K(1064960K)
[2020-10-28T10:45:28.702+0800][1.305s][3212][9748 ][info][gc             ] GC(63) Pause Full (G1 Evacuation Pause) 120M->119M(128M) 15.893ms
[2020-10-28T10:45:28.703+0800][1.305s][3212][9748 ][info][gc,cpu         ] GC(63) User=0.05s Sys=0.00s Real=0.02s
[2020-10-28T10:45:28.703+0800][1.305s][3212][13364][info][gc,marking     ] GC(61) Concurrent Mark From Roots 17.889ms
[2020-10-28T10:45:28.703+0800][1.305s][3212][13364][info][gc,marking     ] GC(61) Concurrent Mark Abort
[2020-10-28T10:45:28.703+0800][1.305s][3212][13364][info][gc             ] GC(61) Concurrent Cycle 18.591ms
[2020-10-28T10:45:28.703+0800][1.306s][3212][9748 ][info][gc,start       ] GC(64) Pause Young (Concurrent Start) (G1 Humongous Allocation)
[2020-10-28T10:45:28.703+0800][1.306s][3212][9748 ][info][gc,task        ] GC(64) Using 3 workers of 8 for evacuation
[2020-10-28T10:45:28.704+0800][1.306s][3212][9748 ][info][gc,phases      ] GC(64)   Pre Evacuate Collection Set: 0.0ms
[2020-10-28T10:45:28.704+0800][1.306s][3212][9748 ][info][gc,phases      ] GC(64)   Evacuate Collection Set: 0.2ms
[2020-10-28T10:45:28.704+0800][1.306s][3212][9748 ][info][gc,phases      ] GC(64)   Post Evacuate Collection Set: 0.1ms
[2020-10-28T10:45:28.704+0800][1.306s][3212][9748 ][info][gc,phases      ] GC(64)   Other: 0.1ms
[2020-10-28T10:45:28.704+0800][1.306s][3212][9748 ][info][gc,heap        ] GC(64) Eden regions: 1->0(5)
[2020-10-28T10:45:28.704+0800][1.306s][3212][9748 ][info][gc,heap        ] GC(64) Survivor regions: 0->1(1)
[2020-10-28T10:45:28.704+0800][1.306s][3212][9748 ][info][gc,heap        ] GC(64) Old regions: 80->80
[2020-10-28T10:45:28.704+0800][1.306s][3212][9748 ][info][gc,heap        ] GC(64) Humongous regions: 46->46
[2020-10-28T10:45:28.704+0800][1.306s][3212][9748 ][info][gc,metaspace   ] GC(64) Metaspace: 16351K->16351K(1064960K)
[2020-10-28T10:45:28.704+0800][1.306s][3212][9748 ][info][gc             ] GC(64) Pause Young (Concurrent Start) (G1 Humongous Allocation) 119M->119M(128M) 0.672ms
[2020-10-28T10:45:28.704+0800][1.306s][3212][9748 ][info][gc,cpu         ] GC(64) User=0.00s Sys=0.00s Real=0.00s
[2020-10-28T10:45:28.704+0800][1.307s][3212][13364][info][gc             ] GC(65) Concurrent Cycle
[2020-10-28T10:45:28.704+0800][1.307s][3212][13364][info][gc,marking     ] GC(65) Concurrent Clear Claimed Marks
[2020-10-28T10:45:28.705+0800][1.307s][3212][13364][info][gc,marking     ] GC(65) Concurrent Clear Claimed Marks 0.040ms
[2020-10-28T10:45:28.705+0800][1.307s][3212][13364][info][gc,marking     ] GC(65) Concurrent Scan Root Regions
[2020-10-28T10:45:28.705+0800][1.307s][3212][13364][info][gc,marking     ] GC(65) Concurrent Scan Root Regions 0.055ms
[2020-10-28T10:45:28.705+0800][1.307s][3212][9748 ][info][gc,start       ] GC(66) Pause Young (Normal) (G1 Evacuation Pause)
[2020-10-28T10:45:28.705+0800][1.307s][3212][13364][info][gc,marking     ] GC(65) Concurrent Mark (1.307s)
[2020-10-28T10:45:28.705+0800][1.307s][3212][9748 ][info][gc,task        ] GC(66) Using 3 workers of 8 for evacuation
[2020-10-28T10:45:28.705+0800][1.307s][3212][13364][info][gc,marking     ] GC(65) Concurrent Mark From Roots
[2020-10-28T10:45:28.705+0800][1.307s][3212][13364][info][gc,task        ] GC(65) Using 2 workers of 2 for marking
[2020-10-28T10:45:28.705+0800][1.307s][3212][9748 ][info][gc             ] GC(66) To-space exhausted
[2020-10-28T10:45:28.705+0800][1.308s][3212][9748 ][info][gc,phases      ] GC(66)   Pre Evacuate Collection Set: 0.3ms
[2020-10-28T10:45:28.705+0800][1.308s][3212][9748 ][info][gc,phases      ] GC(66)   Evacuate Collection Set: 0.1ms
[2020-10-28T10:45:28.705+0800][1.308s][3212][9748 ][info][gc,phases      ] GC(66)   Post Evacuate Collection Set: 0.1ms
[2020-10-28T10:45:28.705+0800][1.308s][3212][9748 ][info][gc,phases      ] GC(66)   Other: 0.4ms
[2020-10-28T10:45:28.705+0800][1.308s][3212][9748 ][info][gc,heap        ] GC(66) Eden regions: 0->0(6)
[2020-10-28T10:45:28.705+0800][1.308s][3212][9748 ][info][gc,heap        ] GC(66) Survivor regions: 1->0(1)
[2020-10-28T10:45:28.705+0800][1.308s][3212][9748 ][info][gc,heap        ] GC(66) Old regions: 80->81
[2020-10-28T10:45:28.705+0800][1.308s][3212][9748 ][info][gc,heap        ] GC(66) Humongous regions: 47->47
[2020-10-28T10:45:28.705+0800][1.308s][3212][9748 ][info][gc,metaspace   ] GC(66) Metaspace: 16351K->16351K(1064960K)
[2020-10-28T10:45:28.705+0800][1.308s][3212][9748 ][info][gc             ] GC(66) Pause Young (Normal) (G1 Evacuation Pause) 120M->120M(128M) 0.816ms
[2020-10-28T10:45:28.706+0800][1.308s][3212][9748 ][info][gc,cpu         ] GC(66) User=0.00s Sys=0.00s Real=0.00s
[2020-10-28T10:45:28.706+0800][1.308s][3212][9748 ][info][gc,task        ] GC(67) Using 3 workers of 8 for full compaction
[2020-10-28T10:45:28.706+0800][1.308s][3212][9748 ][info][gc,start       ] GC(67) Pause Full (G1 Evacuation Pause)
[2020-10-28T10:45:28.706+0800][1.308s][3212][9748 ][info][gc,phases,start] GC(67) Phase 1: Mark live objects
[2020-10-28T10:45:28.711+0800][1.314s][3212][9748 ][info][gc,stringtable ] GC(67) Cleaned string and symbol table, strings: 6183 processed, 0 removed, symbols: 52175 processed, 0 removed
[2020-10-28T10:45:28.712+0800][1.314s][3212][9748 ][info][gc,phases      ] GC(67) Phase 1: Mark live objects 5.778ms
[2020-10-28T10:45:28.712+0800][1.314s][3212][9748 ][info][gc,phases,start] GC(67) Phase 2: Prepare for compaction
[2020-10-28T10:45:28.713+0800][1.316s][3212][9748 ][info][gc,phases      ] GC(67) Phase 2: Prepare for compaction 1.423ms
[2020-10-28T10:45:28.713+0800][1.316s][3212][9748 ][info][gc,phases,start] GC(67) Phase 3: Adjust pointers
[2020-10-28T10:45:28.716+0800][1.318s][3212][9748 ][info][gc,phases      ] GC(67) Phase 3: Adjust pointers 2.596ms
[2020-10-28T10:45:28.716+0800][1.318s][3212][9748 ][info][gc,phases,start] GC(67) Phase 4: Compact heap
[2020-10-28T10:45:28.717+0800][1.319s][3212][9748 ][info][gc,phases      ] GC(67) Phase 4: Compact heap 1.069ms
[2020-10-28T10:45:28.718+0800][1.320s][3212][9748 ][info][gc,heap        ] GC(67) Eden regions: 0->0(6)
[2020-10-28T10:45:28.718+0800][1.320s][3212][9748 ][info][gc,heap        ] GC(67) Survivor regions: 0->0(1)
[2020-10-28T10:45:28.718+0800][1.320s][3212][9748 ][info][gc,heap        ] GC(67) Old regions: 81->80
[2020-10-28T10:45:28.718+0800][1.320s][3212][9748 ][info][gc,heap        ] GC(67) Humongous regions: 47->47
[2020-10-28T10:45:28.718+0800][1.320s][3212][9748 ][info][gc,metaspace   ] GC(67) Metaspace: 16351K->16351K(1064960K)
[2020-10-28T10:45:28.718+0800][1.321s][3212][9748 ][info][gc             ] GC(67) Pause Full (G1 Evacuation Pause) 120M->120M(128M) 12.380ms
[2020-10-28T10:45:28.719+0800][1.321s][3212][9748 ][info][gc,cpu         ] GC(67) User=0.03s Sys=0.00s Real=0.01s
[2020-10-28T10:45:28.719+0800][1.321s][3212][13364][info][gc,marking     ] GC(65) Concurrent Mark From Roots 14.037ms
[2020-10-28T10:45:28.719+0800][1.321s][3212][13364][info][gc,marking     ] GC(65) Concurrent Mark Abort
[2020-10-28T10:45:28.719+0800][1.321s][3212][13364][info][gc             ] GC(65) Concurrent Cycle 14.569ms
[2020-10-28T10:45:28.719+0800][1.321s][3212][9748 ][info][gc,start       ] GC(68) Pause Young (Normal) (G1 Evacuation Pause)
[2020-10-28T10:45:28.719+0800][1.321s][3212][9748 ][info][gc,task        ] GC(68) Using 3 workers of 8 for evacuation
[2020-10-28T10:45:28.719+0800][1.322s][3212][9748 ][info][gc             ] GC(68) To-space exhausted
[2020-10-28T10:45:28.720+0800][1.322s][3212][9748 ][info][gc,phases      ] GC(68)   Pre Evacuate Collection Set: 0.0ms
[2020-10-28T10:45:28.720+0800][1.322s][3212][9748 ][info][gc,phases      ] GC(68)   Evacuate Collection Set: 0.1ms
[2020-10-28T10:45:28.720+0800][1.322s][3212][9748 ][info][gc,phases      ] GC(68)   Post Evacuate Collection Set: 0.2ms
[2020-10-28T10:45:28.720+0800][1.322s][3212][9748 ][info][gc,phases      ] GC(68)   Other: 0.4ms
[2020-10-28T10:45:28.720+0800][1.322s][3212][9748 ][info][gc,heap        ] GC(68) Eden regions: 1->0(6)
[2020-10-28T10:45:28.720+0800][1.322s][3212][9748 ][info][gc,heap        ] GC(68) Survivor regions: 0->0(1)
[2020-10-28T10:45:28.720+0800][1.322s][3212][9748 ][info][gc,heap        ] GC(68) Old regions: 80->81
[2020-10-28T10:45:28.720+0800][1.322s][3212][9748 ][info][gc,heap        ] GC(68) Humongous regions: 47->47
[2020-10-28T10:45:28.720+0800][1.322s][3212][9748 ][info][gc,metaspace   ] GC(68) Metaspace: 16351K->16351K(1064960K)
[2020-10-28T10:45:28.720+0800][1.322s][3212][9748 ][info][gc             ] GC(68) Pause Young (Normal) (G1 Evacuation Pause) 121M->121M(128M) 0.984ms
[2020-10-28T10:45:28.720+0800][1.323s][3212][9748 ][info][gc,cpu         ] GC(68) User=0.00s Sys=0.00s Real=0.00s
[2020-10-28T10:45:28.720+0800][1.323s][3212][9748 ][info][gc,task        ] GC(69) Using 3 workers of 8 for full compaction
[2020-10-28T10:45:28.721+0800][1.323s][3212][9748 ][info][gc,start       ] GC(69) Pause Full (G1 Evacuation Pause)
[2020-10-28T10:45:28.721+0800][1.323s][3212][9748 ][info][gc,phases,start] GC(69) Phase 1: Mark live objects
[2020-10-28T10:45:28.724+0800][1.326s][3212][9748 ][info][gc,stringtable ] GC(69) Cleaned string and symbol table, strings: 6183 processed, 0 removed, symbols: 52175 processed, 0 removed
[2020-10-28T10:45:28.724+0800][1.326s][3212][9748 ][info][gc,phases      ] GC(69) Phase 1: Mark live objects 3.077ms
[2020-10-28T10:45:28.724+0800][1.326s][3212][9748 ][info][gc,phases,start] GC(69) Phase 2: Prepare for compaction
[2020-10-28T10:45:28.724+0800][1.327s][3212][9748 ][info][gc,phases      ] GC(69) Phase 2: Prepare for compaction 0.633ms
[2020-10-28T10:45:28.724+0800][1.327s][3212][9748 ][info][gc,phases,start] GC(69) Phase 3: Adjust pointers
[2020-10-28T10:45:28.727+0800][1.329s][3212][9748 ][info][gc,phases      ] GC(69) Phase 3: Adjust pointers 2.069ms
[2020-10-28T10:45:28.727+0800][1.329s][3212][9748 ][info][gc,phases,start] GC(69) Phase 4: Compact heap
[2020-10-28T10:45:28.737+0800][1.339s][3212][9748 ][info][gc,phases      ] GC(69) Phase 4: Compact heap 9.927ms
[2020-10-28T10:45:28.739+0800][1.341s][3212][9748 ][info][gc,heap        ] GC(69) Eden regions: 0->0(6)
[2020-10-28T10:45:28.739+0800][1.341s][3212][9748 ][info][gc,heap        ] GC(69) Survivor regions: 0->0(1)
[2020-10-28T10:45:28.739+0800][1.342s][3212][9748 ][info][gc,heap        ] GC(69) Old regions: 81->81
[2020-10-28T10:45:28.739+0800][1.342s][3212][9748 ][info][gc,heap        ] GC(69) Humongous regions: 47->45
[2020-10-28T10:45:28.739+0800][1.342s][3212][9748 ][info][gc,metaspace   ] GC(69) Metaspace: 16351K->16351K(1064960K)
[2020-10-28T10:45:28.739+0800][1.342s][3212][9748 ][info][gc             ] GC(69) Pause Full (G1 Evacuation Pause) 121M->118M(128M) 18.735ms
[2020-10-28T10:45:28.740+0800][1.342s][3212][9748 ][info][gc,cpu         ] GC(69) User=0.02s Sys=0.02s Real=0.02s
[2020-10-28T10:45:28.740+0800][1.343s][3212][9748 ][info][gc,start       ] GC(70) Pause Young (Concurrent Start) (G1 Humongous Allocation)
[2020-10-28T10:45:28.740+0800][1.343s][3212][9748 ][info][gc,task        ] GC(70) Using 3 workers of 8 for evacuation
[2020-10-28T10:45:28.741+0800][1.343s][3212][9748 ][info][gc             ] GC(70) To-space exhausted
[2020-10-28T10:45:28.742+0800][1.344s][3212][9748 ][info][gc,phases      ] GC(70)   Pre Evacuate Collection Set: 0.1ms
[2020-10-28T10:45:28.742+0800][1.344s][3212][9748 ][info][gc,phases      ] GC(70)   Evacuate Collection Set: 0.3ms
[2020-10-28T10:45:28.742+0800][1.344s][3212][9748 ][info][gc,phases      ] GC(70)   Post Evacuate Collection Set: 0.2ms
[2020-10-28T10:45:28.742+0800][1.344s][3212][9748 ][info][gc,phases      ] GC(70)   Other: 0.8ms
[2020-10-28T10:45:28.742+0800][1.344s][3212][9748 ][info][gc,heap        ] GC(70) Eden regions: 2->0(6)
[2020-10-28T10:45:28.742+0800][1.344s][3212][9748 ][info][gc,heap        ] GC(70) Survivor regions: 0->0(1)
[2020-10-28T10:45:28.742+0800][1.344s][3212][9748 ][info][gc,heap        ] GC(70) Old regions: 81->83
[2020-10-28T10:45:28.742+0800][1.344s][3212][9748 ][info][gc,heap        ] GC(70) Humongous regions: 45->45
[2020-10-28T10:45:28.742+0800][1.344s][3212][9748 ][info][gc,metaspace   ] GC(70) Metaspace: 16351K->16351K(1064960K)
[2020-10-28T10:45:28.742+0800][1.344s][3212][9748 ][info][gc             ] GC(70) Pause Young (Concurrent Start) (G1 Humongous Allocation) 120M->120M(128M) 1.710ms
[2020-10-28T10:45:28.742+0800][1.345s][3212][9748 ][info][gc,cpu         ] GC(70) User=0.00s Sys=0.00s Real=0.00s
[2020-10-28T10:45:28.742+0800][1.345s][3212][13364][info][gc             ] GC(71) Concurrent Cycle
[2020-10-28T10:45:28.742+0800][1.345s][3212][9748 ][info][gc,start       ] GC(72) Pause Young (Normal) (G1 Humongous Allocation)
[2020-10-28T10:45:28.743+0800][1.345s][3212][9748 ][info][gc,task        ] GC(72) Using 3 workers of 8 for evacuation
[2020-10-28T10:45:28.743+0800][1.345s][3212][13364][info][gc,marking     ] GC(71) Concurrent Clear Claimed Marks
[2020-10-28T10:45:28.743+0800][1.345s][3212][13364][info][gc,marking     ] GC(71) Concurrent Clear Claimed Marks 0.049ms
[2020-10-28T10:45:28.743+0800][1.345s][3212][9748 ][info][gc,phases      ] GC(72)   Pre Evacuate Collection Set: 0.0ms
[2020-10-28T10:45:28.743+0800][1.345s][3212][13364][info][gc,marking     ] GC(71) Concurrent Scan Root Regions
[2020-10-28T10:45:28.743+0800][1.345s][3212][9748 ][info][gc,phases      ] GC(72)   Evacuate Collection Set: 0.1ms
[2020-10-28T10:45:28.743+0800][1.345s][3212][13364][info][gc,marking     ] GC(71) Concurrent Scan Root Regions 0.088ms
[2020-10-28T10:45:28.743+0800][1.345s][3212][9748 ][info][gc,phases      ] GC(72)   Post Evacuate Collection Set: 0.1ms
[2020-10-28T10:45:28.743+0800][1.345s][3212][13364][info][gc,marking     ] GC(71) Concurrent Mark (1.345s)
[2020-10-28T10:45:28.743+0800][1.345s][3212][9748 ][info][gc,phases      ] GC(72)   Other: 0.1ms
[2020-10-28T10:45:28.743+0800][1.345s][3212][13364][info][gc,marking     ] GC(71) Concurrent Mark From Roots
[2020-10-28T10:45:28.743+0800][1.345s][3212][9748 ][info][gc,heap        ] GC(72) Eden regions: 0->0(6)
[2020-10-28T10:45:28.743+0800][1.345s][3212][13364][info][gc,task        ] GC(71) Using 2 workers of 2 for marking
[2020-10-28T10:45:28.743+0800][1.346s][3212][9748 ][info][gc,heap        ] GC(72) Survivor regions: 0->0(1)
[2020-10-28T10:45:28.743+0800][1.346s][3212][9748 ][info][gc,heap        ] GC(72) Old regions: 83->83
[2020-10-28T10:45:28.743+0800][1.346s][3212][9748 ][info][gc,heap        ] GC(72) Humongous regions: 45->45
[2020-10-28T10:45:28.743+0800][1.346s][3212][9748 ][info][gc,metaspace   ] GC(72) Metaspace: 16351K->16351K(1064960K)
[2020-10-28T10:45:28.743+0800][1.346s][3212][9748 ][info][gc             ] GC(72) Pause Young (Normal) (G1 Humongous Allocation) 120M->120M(128M) 0.821ms
[2020-10-28T10:45:28.744+0800][1.346s][3212][9748 ][info][gc,cpu         ] GC(72) User=0.00s Sys=0.00s Real=0.00s
[2020-10-28T10:45:28.744+0800][1.346s][3212][9748 ][info][gc,task        ] GC(73) Using 3 workers of 8 for full compaction
[2020-10-28T10:45:28.744+0800][1.346s][3212][9748 ][info][gc,start       ] GC(73) Pause Full (G1 Humongous Allocation)
[2020-10-28T10:45:28.744+0800][1.347s][3212][9748 ][info][gc,phases,start] GC(73) Phase 1: Mark live objects
[2020-10-28T10:45:28.754+0800][1.356s][3212][9748 ][info][gc,stringtable ] GC(73) Cleaned string and symbol table, strings: 6183 processed, 0 removed, symbols: 52175 processed, 0 removed
[2020-10-28T10:45:28.754+0800][1.356s][3212][9748 ][info][gc,phases      ] GC(73) Phase 1: Mark live objects 9.824ms
[2020-10-28T10:45:28.754+0800][1.357s][3212][9748 ][info][gc,phases,start] GC(73) Phase 2: Prepare for compaction
[2020-10-28T10:45:28.755+0800][1.357s][3212][9748 ][info][gc,phases      ] GC(73) Phase 2: Prepare for compaction 0.674ms
[2020-10-28T10:45:28.755+0800][1.357s][3212][9748 ][info][gc,phases,start] GC(73) Phase 3: Adjust pointers
[2020-10-28T10:45:28.756+0800][1.359s][3212][9748 ][info][gc,phases      ] GC(73) Phase 3: Adjust pointers 1.486ms
[2020-10-28T10:45:28.757+0800][1.359s][3212][9748 ][info][gc,phases,start] GC(73) Phase 4: Compact heap
[2020-10-28T10:45:28.763+0800][1.365s][3212][9748 ][info][gc,phases      ] GC(73) Phase 4: Compact heap 6.192ms
[2020-10-28T10:45:28.766+0800][1.368s][3212][9748 ][info][gc,heap        ] GC(73) Eden regions: 0->0(6)
[2020-10-28T10:45:28.766+0800][1.368s][3212][9748 ][info][gc,heap        ] GC(73) Survivor regions: 0->0(1)
[2020-10-28T10:45:28.766+0800][1.368s][3212][9748 ][info][gc,heap        ] GC(73) Old regions: 83->81
[2020-10-28T10:45:28.766+0800][1.368s][3212][9748 ][info][gc,heap        ] GC(73) Humongous regions: 45->44
[2020-10-28T10:45:28.766+0800][1.368s][3212][9748 ][info][gc,metaspace   ] GC(73) Metaspace: 16351K->16351K(1064960K)
[2020-10-28T10:45:28.766+0800][1.368s][3212][9748 ][info][gc             ] GC(73) Pause Full (G1 Humongous Allocation) 120M->118M(128M) 22.218ms
[2020-10-28T10:45:28.767+0800][1.369s][3212][9748 ][info][gc,cpu         ] GC(73) User=0.08s Sys=0.00s Real=0.02s
[2020-10-28T10:45:28.767+0800][1.370s][3212][13364][info][gc,marking     ] GC(71) Concurrent Mark From Roots 24.115ms
[2020-10-28T10:45:28.767+0800][1.370s][3212][13364][info][gc,marking     ] GC(71) Concurrent Mark Abort
[2020-10-28T10:45:28.767+0800][1.370s][3212][13364][info][gc             ] GC(71) Concurrent Cycle 25.105ms
[2020-10-28T10:45:28.769+0800][1.371s][3212][9748 ][info][gc,start       ] GC(74) Pause Young (Normal) (G1 Evacuation Pause)
[2020-10-28T10:45:28.769+0800][1.372s][3212][9748 ][info][gc,task        ] GC(74) Using 3 workers of 8 for evacuation
[2020-10-28T10:45:28.770+0800][1.372s][3212][9748 ][info][gc             ] GC(74) To-space exhausted
[2020-10-28T10:45:28.770+0800][1.373s][3212][9748 ][info][gc,phases      ] GC(74)   Pre Evacuate Collection Set: 0.1ms
[2020-10-28T10:45:28.770+0800][1.373s][3212][9748 ][info][gc,phases      ] GC(74)   Evacuate Collection Set: 0.2ms
[2020-10-28T10:45:28.770+0800][1.373s][3212][9748 ][info][gc,phases      ] GC(74)   Post Evacuate Collection Set: 0.2ms
[2020-10-28T10:45:28.770+0800][1.373s][3212][9748 ][info][gc,phases      ] GC(74)   Other: 0.8ms
[2020-10-28T10:45:28.770+0800][1.373s][3212][9748 ][info][gc,heap        ] GC(74) Eden regions: 2->0(6)
[2020-10-28T10:45:28.770+0800][1.373s][3212][9748 ][info][gc,heap        ] GC(74) Survivor regions: 0->0(1)
[2020-10-28T10:45:28.770+0800][1.373s][3212][9748 ][info][gc,heap        ] GC(74) Old regions: 81->83
[2020-10-28T10:45:28.770+0800][1.373s][3212][9748 ][info][gc,heap        ] GC(74) Humongous regions: 45->44
[2020-10-28T10:45:28.770+0800][1.373s][3212][9748 ][info][gc,metaspace   ] GC(74) Metaspace: 16351K->16351K(1064960K)
[2020-10-28T10:45:28.770+0800][1.373s][3212][9748 ][info][gc             ] GC(74) Pause Young (Normal) (G1 Evacuation Pause) 121M->120M(128M) 1.353ms
[2020-10-28T10:45:28.771+0800][1.373s][3212][9748 ][info][gc,cpu         ] GC(74) User=0.00s Sys=0.00s Real=0.00s
[2020-10-28T10:45:28.771+0800][1.373s][3212][9748 ][info][gc,start       ] GC(75) Pause Young (Concurrent Start) (G1 Evacuation Pause)
[2020-10-28T10:45:28.771+0800][1.373s][3212][9748 ][info][gc,task        ] GC(75) Using 3 workers of 8 for evacuation
[2020-10-28T10:45:28.771+0800][1.374s][3212][9748 ][info][gc             ] GC(75) To-space exhausted
[2020-10-28T10:45:28.772+0800][1.374s][3212][9748 ][info][gc,phases      ] GC(75)   Pre Evacuate Collection Set: 0.0ms
[2020-10-28T10:45:28.772+0800][1.374s][3212][9748 ][info][gc,phases      ] GC(75)   Evacuate Collection Set: 0.2ms
[2020-10-28T10:45:28.772+0800][1.374s][3212][9748 ][info][gc,phases      ] GC(75)   Post Evacuate Collection Set: 0.1ms
[2020-10-28T10:45:28.772+0800][1.374s][3212][9748 ][info][gc,phases      ] GC(75)   Other: 0.5ms
[2020-10-28T10:45:28.772+0800][1.374s][3212][9748 ][info][gc,heap        ] GC(75) Eden regions: 1->0(6)
[2020-10-28T10:45:28.772+0800][1.374s][3212][9748 ][info][gc,heap        ] GC(75) Survivor regions: 0->0(1)
[2020-10-28T10:45:28.772+0800][1.374s][3212][9748 ][info][gc,heap        ] GC(75) Old regions: 83->84
[2020-10-28T10:45:28.772+0800][1.374s][3212][9748 ][info][gc,heap        ] GC(75) Humongous regions: 44->44
[2020-10-28T10:45:28.772+0800][1.374s][3212][9748 ][info][gc,metaspace   ] GC(75) Metaspace: 16351K->16351K(1064960K)
[2020-10-28T10:45:28.772+0800][1.374s][3212][9748 ][info][gc             ] GC(75) Pause Young (Concurrent Start) (G1 Evacuation Pause) 120M->120M(128M) 1.073ms
[2020-10-28T10:45:28.772+0800][1.375s][3212][9748 ][info][gc,cpu         ] GC(75) User=0.00s Sys=0.00s Real=0.00s
[2020-10-28T10:45:28.772+0800][1.375s][3212][9748 ][info][gc,task        ] GC(76) Using 3 workers of 8 for full compaction
[2020-10-28T10:45:28.772+0800][1.375s][3212][13364][info][gc             ] GC(77) Concurrent Cycle
[2020-10-28T10:45:28.772+0800][1.375s][3212][9748 ][info][gc,start       ] GC(76) Pause Full (G1 Evacuation Pause)
[2020-10-28T10:45:28.773+0800][1.375s][3212][9748 ][info][gc,phases,start] GC(76) Phase 1: Mark live objects
[2020-10-28T10:45:28.773+0800][1.375s][3212][13364][info][gc,marking     ] GC(77) Concurrent Clear Claimed Marks
[2020-10-28T10:45:28.773+0800][1.375s][3212][13364][info][gc,marking     ] GC(77) Concurrent Clear Claimed Marks 0.043ms
[2020-10-28T10:45:28.773+0800][1.375s][3212][13364][info][gc,marking     ] GC(77) Concurrent Scan Root Regions
[2020-10-28T10:45:28.773+0800][1.375s][3212][13364][info][gc,marking     ] GC(77) Concurrent Scan Root Regions 0.029ms
[2020-10-28T10:45:28.773+0800][1.375s][3212][13364][info][gc,marking     ] GC(77) Concurrent Mark (1.375s)
[2020-10-28T10:45:28.778+0800][1.380s][3212][9748 ][info][gc,stringtable ] GC(76) Cleaned string and symbol table, strings: 6183 processed, 0 removed, symbols: 52175 processed, 0 removed
[2020-10-28T10:45:28.778+0800][1.380s][3212][9748 ][info][gc,phases      ] GC(76) Phase 1: Mark live objects 5.347ms
[2020-10-28T10:45:28.778+0800][1.380s][3212][9748 ][info][gc,phases,start] GC(76) Phase 2: Prepare for compaction
[2020-10-28T10:45:28.779+0800][1.381s][3212][9748 ][info][gc,phases      ] GC(76) Phase 2: Prepare for compaction 0.522ms
[2020-10-28T10:45:28.779+0800][1.381s][3212][9748 ][info][gc,phases,start] GC(76) Phase 3: Adjust pointers
[2020-10-28T10:45:28.780+0800][1.383s][3212][9748 ][info][gc,phases      ] GC(76) Phase 3: Adjust pointers 1.711ms
[2020-10-28T10:45:28.780+0800][1.383s][3212][9748 ][info][gc,phases,start] GC(76) Phase 4: Compact heap
[2020-10-28T10:45:28.787+0800][1.389s][3212][9748 ][info][gc,phases      ] GC(76) Phase 4: Compact heap 6.738ms
[2020-10-28T10:45:28.788+0800][1.390s][3212][9748 ][info][gc,heap        ] GC(76) Eden regions: 0->0(6)
[2020-10-28T10:45:28.788+0800][1.390s][3212][9748 ][info][gc,heap        ] GC(76) Survivor regions: 0->0(1)
[2020-10-28T10:45:28.788+0800][1.390s][3212][9748 ][info][gc,heap        ] GC(76) Old regions: 84->84
[2020-10-28T10:45:28.788+0800][1.390s][3212][9748 ][info][gc,heap        ] GC(76) Humongous regions: 44->43
[2020-10-28T10:45:28.788+0800][1.391s][3212][9748 ][info][gc,metaspace   ] GC(76) Metaspace: 16351K->16351K(1064960K)
[2020-10-28T10:45:28.788+0800][1.391s][3212][9748 ][info][gc             ] GC(76) Pause Full (G1 Evacuation Pause) 120M->118M(128M) 15.716ms
[2020-10-28T10:45:28.789+0800][1.391s][3212][9748 ][info][gc,cpu         ] GC(76) User=0.06s Sys=0.00s Real=0.02s
[2020-10-28T10:45:28.789+0800][1.391s][3212][13364][info][gc,marking     ] GC(77) Concurrent Mark Abort
[2020-10-28T10:45:28.789+0800][1.391s][3212][13364][info][gc             ] GC(77) Concurrent Cycle 16.353ms
[2020-10-28T10:45:28.789+0800][1.391s][3212][9748 ][info][gc,start       ] GC(78) Pause Young (Normal) (G1 Evacuation Pause)
[2020-10-28T10:45:28.789+0800][1.391s][3212][9748 ][info][gc,task        ] GC(78) Using 3 workers of 8 for evacuation
[2020-10-28T10:45:28.789+0800][1.392s][3212][9748 ][info][gc             ] GC(78) To-space exhausted
[2020-10-28T10:45:28.790+0800][1.392s][3212][9748 ][info][gc,phases      ] GC(78)   Pre Evacuate Collection Set: 0.0ms
[2020-10-28T10:45:28.790+0800][1.392s][3212][9748 ][info][gc,phases      ] GC(78)   Evacuate Collection Set: 0.1ms
[2020-10-28T10:45:28.790+0800][1.392s][3212][9748 ][info][gc,phases      ] GC(78)   Post Evacuate Collection Set: 0.1ms
[2020-10-28T10:45:28.790+0800][1.392s][3212][9748 ][info][gc,phases      ] GC(78)   Other: 0.4ms
[2020-10-28T10:45:28.790+0800][1.392s][3212][9748 ][info][gc,heap        ] GC(78) Eden regions: 1->0(6)
[2020-10-28T10:45:28.790+0800][1.392s][3212][9748 ][info][gc,heap        ] GC(78) Survivor regions: 0->0(1)
[2020-10-28T10:45:28.790+0800][1.392s][3212][9748 ][info][gc,heap        ] GC(78) Old regions: 84->85
[2020-10-28T10:45:28.790+0800][1.392s][3212][9748 ][info][gc,heap        ] GC(78) Humongous regions: 43->43
[2020-10-28T10:45:28.790+0800][1.392s][3212][9748 ][info][gc,metaspace   ] GC(78) Metaspace: 16351K->16351K(1064960K)
[2020-10-28T10:45:28.790+0800][1.392s][3212][9748 ][info][gc             ] GC(78) Pause Young (Normal) (G1 Evacuation Pause) 119M->119M(128M) 0.849ms
[2020-10-28T10:45:28.790+0800][1.392s][3212][9748 ][info][gc,cpu         ] GC(78) User=0.00s Sys=0.00s Real=0.00s
[2020-10-28T10:45:28.790+0800][1.393s][3212][9748 ][info][gc,task        ] GC(79) Using 3 workers of 8 for full compaction
[2020-10-28T10:45:28.790+0800][1.393s][3212][9748 ][info][gc,start       ] GC(79) Pause Full (G1 Evacuation Pause)
[2020-10-28T10:45:28.790+0800][1.393s][3212][9748 ][info][gc,phases,start] GC(79) Phase 1: Mark live objects
[2020-10-28T10:45:28.796+0800][1.399s][3212][9748 ][info][gc,stringtable ] GC(79) Cleaned string and symbol table, strings: 6183 processed, 0 removed, symbols: 52175 processed, 0 removed
[2020-10-28T10:45:28.797+0800][1.399s][3212][9748 ][info][gc,phases      ] GC(79) Phase 1: Mark live objects 6.090ms
[2020-10-28T10:45:28.797+0800][1.399s][3212][9748 ][info][gc,phases,start] GC(79) Phase 2: Prepare for compaction
[2020-10-28T10:45:28.798+0800][1.401s][3212][9748 ][info][gc,phases      ] GC(79) Phase 2: Prepare for compaction 1.693ms
[2020-10-28T10:45:28.798+0800][1.401s][3212][9748 ][info][gc,phases,start] GC(79) Phase 3: Adjust pointers
[2020-10-28T10:45:28.801+0800][1.403s][3212][9748 ][info][gc,phases      ] GC(79) Phase 3: Adjust pointers 2.737ms
[2020-10-28T10:45:28.801+0800][1.403s][3212][9748 ][info][gc,phases,start] GC(79) Phase 4: Compact heap
[2020-10-28T10:45:28.802+0800][1.404s][3212][9748 ][info][gc,phases      ] GC(79) Phase 4: Compact heap 0.787ms
[2020-10-28T10:45:28.803+0800][1.405s][3212][9748 ][info][gc,heap        ] GC(79) Eden regions: 0->0(6)
[2020-10-28T10:45:28.803+0800][1.405s][3212][9748 ][info][gc,heap        ] GC(79) Survivor regions: 0->0(1)
[2020-10-28T10:45:28.803+0800][1.405s][3212][9748 ][info][gc,heap        ] GC(79) Old regions: 85->83
[2020-10-28T10:45:28.803+0800][1.405s][3212][9748 ][info][gc,heap        ] GC(79) Humongous regions: 43->43
[2020-10-28T10:45:28.803+0800][1.405s][3212][9748 ][info][gc,metaspace   ] GC(79) Metaspace: 16351K->16351K(1064960K)
[2020-10-28T10:45:28.803+0800][1.405s][3212][9748 ][info][gc             ] GC(79) Pause Full (G1 Evacuation Pause) 119M->118M(128M) 12.828ms
[2020-10-28T10:45:28.804+0800][1.406s][3212][9748 ][info][gc,cpu         ] GC(79) User=0.02s Sys=0.02s Real=0.01s
[2020-10-28T10:45:28.804+0800][1.406s][3212][9748 ][info][gc,start       ] GC(80) Pause Young (Concurrent Start) (G1 Humongous Allocation)
[2020-10-28T10:45:28.804+0800][1.406s][3212][9748 ][info][gc,task        ] GC(80) Using 3 workers of 8 for evacuation
[2020-10-28T10:45:28.804+0800][1.407s][3212][9748 ][info][gc             ] GC(80) To-space exhausted
[2020-10-28T10:45:28.805+0800][1.407s][3212][9748 ][info][gc,phases      ] GC(80)   Pre Evacuate Collection Set: 0.0ms
[2020-10-28T10:45:28.805+0800][1.407s][3212][9748 ][info][gc,phases      ] GC(80)   Evacuate Collection Set: 0.2ms
[2020-10-28T10:45:28.805+0800][1.407s][3212][9748 ][info][gc,phases      ] GC(80)   Post Evacuate Collection Set: 0.2ms
[2020-10-28T10:45:28.805+0800][1.407s][3212][9748 ][info][gc,phases      ] GC(80)   Other: 0.4ms
[2020-10-28T10:45:28.805+0800][1.407s][3212][9748 ][info][gc,heap        ] GC(80) Eden regions: 2->0(6)
[2020-10-28T10:45:28.805+0800][1.407s][3212][9748 ][info][gc,heap        ] GC(80) Survivor regions: 0->0(1)
[2020-10-28T10:45:28.805+0800][1.407s][3212][9748 ][info][gc,heap        ] GC(80) Old regions: 83->85
[2020-10-28T10:45:28.805+0800][1.407s][3212][9748 ][info][gc,heap        ] GC(80) Humongous regions: 43->43
[2020-10-28T10:45:28.805+0800][1.407s][3212][9748 ][info][gc,metaspace   ] GC(80) Metaspace: 16351K->16351K(1064960K)
[2020-10-28T10:45:28.805+0800][1.407s][3212][9748 ][info][gc             ] GC(80) Pause Young (Concurrent Start) (G1 Humongous Allocation) 120M->120M(128M) 1.001ms
[2020-10-28T10:45:28.805+0800][1.408s][3212][9748 ][info][gc,cpu         ] GC(80) User=0.00s Sys=0.00s Real=0.00s
[2020-10-28T10:45:28.805+0800][1.408s][3212][13364][info][gc             ] GC(81) Concurrent Cycle
[2020-10-28T10:45:28.805+0800][1.408s][3212][9748 ][info][gc,start       ] GC(82) Pause Young (Normal) (G1 Humongous Allocation)
[2020-10-28T10:45:28.805+0800][1.408s][3212][9748 ][info][gc,task        ] GC(82) Using 3 workers of 8 for evacuation
[2020-10-28T10:45:28.806+0800][1.408s][3212][13364][info][gc,marking     ] GC(81) Concurrent Clear Claimed Marks
[2020-10-28T10:45:28.806+0800][1.408s][3212][9748 ][info][gc,phases      ] GC(82)   Pre Evacuate Collection Set: 0.0ms
[2020-10-28T10:45:28.806+0800][1.408s][3212][13364][info][gc,marking     ] GC(81) Concurrent Clear Claimed Marks 0.045ms
[2020-10-28T10:45:28.806+0800][1.408s][3212][9748 ][info][gc,phases      ] GC(82)   Evacuate Collection Set: 0.1ms
[2020-10-28T10:45:28.806+0800][1.408s][3212][13364][info][gc,marking     ] GC(81) Concurrent Scan Root Regions
[2020-10-28T10:45:28.806+0800][1.408s][3212][9748 ][info][gc,phases      ] GC(82)   Post Evacuate Collection Set: 0.1ms
[2020-10-28T10:45:28.806+0800][1.408s][3212][13364][info][gc,marking     ] GC(81) Concurrent Scan Root Regions 0.063ms
[2020-10-28T10:45:28.806+0800][1.408s][3212][9748 ][info][gc,phases      ] GC(82)   Other: 0.1ms
[2020-10-28T10:45:28.806+0800][1.408s][3212][13364][info][gc,marking     ] GC(81) Concurrent Mark (1.408s)
[2020-10-28T10:45:28.806+0800][1.408s][3212][9748 ][info][gc,heap        ] GC(82) Eden regions: 0->0(6)
[2020-10-28T10:45:28.806+0800][1.408s][3212][13364][info][gc,marking     ] GC(81) Concurrent Mark From Roots
[2020-10-28T10:45:28.806+0800][1.408s][3212][9748 ][info][gc,heap        ] GC(82) Survivor regions: 0->0(1)
[2020-10-28T10:45:28.806+0800][1.408s][3212][13364][info][gc,task        ] GC(81) Using 2 workers of 2 for marking
[2020-10-28T10:45:28.806+0800][1.408s][3212][9748 ][info][gc,heap        ] GC(82) Old regions: 85->85
[2020-10-28T10:45:28.806+0800][1.408s][3212][9748 ][info][gc,heap        ] GC(82) Humongous regions: 43->43
[2020-10-28T10:45:28.806+0800][1.408s][3212][9748 ][info][gc,metaspace   ] GC(82) Metaspace: 16351K->16351K(1064960K)
[2020-10-28T10:45:28.806+0800][1.408s][3212][9748 ][info][gc             ] GC(82) Pause Young (Normal) (G1 Humongous Allocation) 120M->120M(128M) 0.753ms
[2020-10-28T10:45:28.806+0800][1.409s][3212][9748 ][info][gc,cpu         ] GC(82) User=0.00s Sys=0.00s Real=0.00s
[2020-10-28T10:45:28.806+0800][1.409s][3212][9748 ][info][gc,task        ] GC(83) Using 3 workers of 8 for full compaction
[2020-10-28T10:45:28.806+0800][1.409s][3212][9748 ][info][gc,start       ] GC(83) Pause Full (G1 Humongous Allocation)
[2020-10-28T10:45:28.807+0800][1.409s][3212][9748 ][info][gc,phases,start] GC(83) Phase 1: Mark live objects
[2020-10-28T10:45:28.814+0800][1.417s][3212][9748 ][info][gc,stringtable ] GC(83) Cleaned string and symbol table, strings: 6183 processed, 0 removed, symbols: 52175 processed, 0 removed
[2020-10-28T10:45:28.815+0800][1.417s][3212][9748 ][info][gc,phases      ] GC(83) Phase 1: Mark live objects 7.923ms
[2020-10-28T10:45:28.815+0800][1.417s][3212][9748 ][info][gc,phases,start] GC(83) Phase 2: Prepare for compaction
[2020-10-28T10:45:28.817+0800][1.419s][3212][9748 ][info][gc,phases      ] GC(83) Phase 2: Prepare for compaction 2.055ms
[2020-10-28T10:45:28.817+0800][1.419s][3212][9748 ][info][gc,phases,start] GC(83) Phase 3: Adjust pointers
[2020-10-28T10:45:28.818+0800][1.421s][3212][9748 ][info][gc,phases      ] GC(83) Phase 3: Adjust pointers 1.426ms
[2020-10-28T10:45:28.818+0800][1.421s][3212][9748 ][info][gc,phases,start] GC(83) Phase 4: Compact heap
[2020-10-28T10:45:28.826+0800][1.428s][3212][9748 ][info][gc,phases      ] GC(83) Phase 4: Compact heap 7.662ms
[2020-10-28T10:45:28.830+0800][1.432s][3212][9748 ][info][gc,heap        ] GC(83) Eden regions: 0->0(6)
[2020-10-28T10:45:28.830+0800][1.432s][3212][9748 ][info][gc,heap        ] GC(83) Survivor regions: 0->0(1)
[2020-10-28T10:45:28.830+0800][1.432s][3212][9748 ][info][gc,heap        ] GC(83) Old regions: 85->84
[2020-10-28T10:45:28.830+0800][1.432s][3212][9748 ][info][gc,heap        ] GC(83) Humongous regions: 43->42
[2020-10-28T10:45:28.830+0800][1.432s][3212][9748 ][info][gc,metaspace   ] GC(83) Metaspace: 16351K->16351K(1064960K)
[2020-10-28T10:45:28.830+0800][1.432s][3212][9748 ][info][gc             ] GC(83) Pause Full (G1 Humongous Allocation) 120M->118M(128M) 23.355ms
[2020-10-28T10:45:28.831+0800][1.433s][3212][9748 ][info][gc,cpu         ] GC(83) User=0.08s Sys=0.00s Real=0.03s
[2020-10-28T10:45:28.831+0800][1.434s][3212][13364][info][gc,marking     ] GC(81) Concurrent Mark From Roots 25.348ms
[2020-10-28T10:45:28.831+0800][1.434s][3212][13364][info][gc,marking     ] GC(81) Concurrent Mark Abort
[2020-10-28T10:45:28.831+0800][1.434s][3212][13364][info][gc             ] GC(81) Concurrent Cycle 26.175ms
[2020-10-28T10:45:28.832+0800][1.435s][3212][9748 ][info][gc,start       ] GC(84) Pause Young (Normal) (G1 Evacuation Pause)
[2020-10-28T10:45:28.833+0800][1.435s][3212][9748 ][info][gc,task        ] GC(84) Using 3 workers of 8 for evacuation
[2020-10-28T10:45:28.834+0800][1.436s][3212][9748 ][info][gc             ] GC(84) To-space exhausted
[2020-10-28T10:45:28.834+0800][1.436s][3212][9748 ][info][gc,phases      ] GC(84)   Pre Evacuate Collection Set: 0.0ms
[2020-10-28T10:45:28.834+0800][1.436s][3212][9748 ][info][gc,phases      ] GC(84)   Evacuate Collection Set: 0.6ms
[2020-10-28T10:45:28.834+0800][1.436s][3212][9748 ][info][gc,phases      ] GC(84)   Post Evacuate Collection Set: 0.3ms
[2020-10-28T10:45:28.834+0800][1.437s][3212][9748 ][info][gc,phases      ] GC(84)   Other: 0.7ms
[2020-10-28T10:45:28.834+0800][1.437s][3212][9748 ][info][gc,heap        ] GC(84) Eden regions: 1->0(6)
[2020-10-28T10:45:28.834+0800][1.437s][3212][9748 ][info][gc,heap        ] GC(84) Survivor regions: 0->0(1)
[2020-10-28T10:45:28.834+0800][1.437s][3212][9748 ][info][gc,heap        ] GC(84) Old regions: 84->85
[2020-10-28T10:45:28.834+0800][1.437s][3212][9748 ][info][gc,heap        ] GC(84) Humongous regions: 43->42
[2020-10-28T10:45:28.834+0800][1.437s][3212][9748 ][info][gc,metaspace   ] GC(84) Metaspace: 16351K->16351K(1064960K)
[2020-10-28T10:45:28.834+0800][1.437s][3212][9748 ][info][gc             ] GC(84) Pause Young (Normal) (G1 Evacuation Pause) 120M->119M(128M) 1.842ms
[2020-10-28T10:45:28.835+0800][1.437s][3212][9748 ][info][gc,cpu         ] GC(84) User=0.00s Sys=0.00s Real=0.00s
[2020-10-28T10:45:28.835+0800][1.438s][3212][9748 ][info][gc,start       ] GC(85) Pause Young (Concurrent Start) (G1 Evacuation Pause)
[2020-10-28T10:45:28.835+0800][1.438s][3212][9748 ][info][gc,task        ] GC(85) Using 3 workers of 8 for evacuation
[2020-10-28T10:45:28.836+0800][1.438s][3212][9748 ][info][gc             ] GC(85) To-space exhausted
[2020-10-28T10:45:28.836+0800][1.439s][3212][9748 ][info][gc,phases      ] GC(85)   Pre Evacuate Collection Set: 0.0ms
[2020-10-28T10:45:28.836+0800][1.439s][3212][9748 ][info][gc,phases      ] GC(85)   Evacuate Collection Set: 0.3ms
[2020-10-28T10:45:28.837+0800][1.439s][3212][9748 ][info][gc,phases      ] GC(85)   Post Evacuate Collection Set: 0.2ms
[2020-10-28T10:45:28.837+0800][1.439s][3212][9748 ][info][gc,phases      ] GC(85)   Other: 0.8ms
[2020-10-28T10:45:28.837+0800][1.439s][3212][9748 ][info][gc,heap        ] GC(85) Eden regions: 1->0(6)
[2020-10-28T10:45:28.837+0800][1.439s][3212][9748 ][info][gc,heap        ] GC(85) Survivor regions: 0->0(1)
[2020-10-28T10:45:28.837+0800][1.439s][3212][9748 ][info][gc,heap        ] GC(85) Old regions: 85->86
[2020-10-28T10:45:28.837+0800][1.439s][3212][9748 ][info][gc,heap        ] GC(85) Humongous regions: 42->42
[2020-10-28T10:45:28.837+0800][1.439s][3212][9748 ][info][gc,metaspace   ] GC(85) Metaspace: 16351K->16351K(1064960K)
[2020-10-28T10:45:28.837+0800][1.439s][3212][9748 ][info][gc             ] GC(85) Pause Young (Concurrent Start) (G1 Evacuation Pause) 119M->119M(128M) 1.487ms
[2020-10-28T10:45:28.837+0800][1.439s][3212][9748 ][info][gc,cpu         ] GC(85) User=0.00s Sys=0.00s Real=0.00s
[2020-10-28T10:45:28.837+0800][1.439s][3212][9748 ][info][gc,task        ] GC(86) Using 3 workers of 8 for full compaction
[2020-10-28T10:45:28.837+0800][1.439s][3212][13364][info][gc             ] GC(87) Concurrent Cycle
[2020-10-28T10:45:28.837+0800][1.439s][3212][9748 ][info][gc,start       ] GC(86) Pause Full (G1 Evacuation Pause)
[2020-10-28T10:45:28.837+0800][1.440s][3212][9748 ][info][gc,phases,start] GC(86) Phase 1: Mark live objects
[2020-10-28T10:45:28.837+0800][1.440s][3212][13364][info][gc,marking     ] GC(87) Concurrent Clear Claimed Marks
[2020-10-28T10:45:28.837+0800][1.440s][3212][13364][info][gc,marking     ] GC(87) Concurrent Clear Claimed Marks 0.055ms
[2020-10-28T10:45:28.837+0800][1.440s][3212][13364][info][gc,marking     ] GC(87) Concurrent Scan Root Regions
[2020-10-28T10:45:28.838+0800][1.440s][3212][13364][info][gc,marking     ] GC(87) Concurrent Scan Root Regions 0.023ms
[2020-10-28T10:45:28.838+0800][1.440s][3212][13364][info][gc,marking     ] GC(87) Concurrent Mark (1.440s)
[2020-10-28T10:45:28.841+0800][1.443s][3212][9748 ][info][gc,stringtable ] GC(86) Cleaned string and symbol table, strings: 6183 processed, 0 removed, symbols: 52175 processed, 0 removed
[2020-10-28T10:45:28.841+0800][1.443s][3212][9748 ][info][gc,phases      ] GC(86) Phase 1: Mark live objects 3.315ms
[2020-10-28T10:45:28.841+0800][1.443s][3212][9748 ][info][gc,phases,start] GC(86) Phase 2: Prepare for compaction
[2020-10-28T10:45:28.843+0800][1.445s][3212][9748 ][info][gc,phases      ] GC(86) Phase 2: Prepare for compaction 2.093ms
[2020-10-28T10:45:28.843+0800][1.445s][3212][9748 ][info][gc,phases,start] GC(86) Phase 3: Adjust pointers
[2020-10-28T10:45:28.846+0800][1.448s][3212][9748 ][info][gc,phases      ] GC(86) Phase 3: Adjust pointers 2.762ms
[2020-10-28T10:45:28.846+0800][1.448s][3212][9748 ][info][gc,phases,start] GC(86) Phase 4: Compact heap
[2020-10-28T10:45:28.850+0800][1.452s][3212][9748 ][info][gc,phases      ] GC(86) Phase 4: Compact heap 3.759ms
[2020-10-28T10:45:28.851+0800][1.453s][3212][9748 ][info][gc,heap        ] GC(86) Eden regions: 0->0(6)
[2020-10-28T10:45:28.851+0800][1.453s][3212][9748 ][info][gc,heap        ] GC(86) Survivor regions: 0->0(1)
[2020-10-28T10:45:28.851+0800][1.453s][3212][9748 ][info][gc,heap        ] GC(86) Old regions: 86->84
[2020-10-28T10:45:28.851+0800][1.453s][3212][9748 ][info][gc,heap        ] GC(86) Humongous regions: 42->42
[2020-10-28T10:45:28.851+0800][1.453s][3212][9748 ][info][gc,metaspace   ] GC(86) Metaspace: 16351K->16351K(1064960K)
[2020-10-28T10:45:28.851+0800][1.453s][3212][9748 ][info][gc             ] GC(86) Pause Full (G1 Evacuation Pause) 119M->118M(128M) 13.596ms
[2020-10-28T10:45:28.851+0800][1.454s][3212][9748 ][info][gc,cpu         ] GC(86) User=0.03s Sys=0.00s Real=0.01s
[2020-10-28T10:45:28.851+0800][1.454s][3212][13364][info][gc,marking     ] GC(87) Concurrent Mark Abort
[2020-10-28T10:45:28.852+0800][1.454s][3212][13364][info][gc             ] GC(87) Concurrent Cycle 14.447ms
[2020-10-28T10:45:28.852+0800][1.455s][3212][9748 ][info][gc,start       ] GC(88) Pause Young (Normal) (G1 Evacuation Pause)
[2020-10-28T10:45:28.852+0800][1.455s][3212][9748 ][info][gc,task        ] GC(88) Using 3 workers of 8 for evacuation
[2020-10-28T10:45:28.853+0800][1.455s][3212][9748 ][info][gc             ] GC(88) To-space exhausted
[2020-10-28T10:45:28.853+0800][1.455s][3212][9748 ][info][gc,phases      ] GC(88)   Pre Evacuate Collection Set: 0.0ms
[2020-10-28T10:45:28.853+0800][1.455s][3212][9748 ][info][gc,phases      ] GC(88)   Evacuate Collection Set: 0.1ms
[2020-10-28T10:45:28.853+0800][1.455s][3212][9748 ][info][gc,phases      ] GC(88)   Post Evacuate Collection Set: 0.2ms
[2020-10-28T10:45:28.853+0800][1.455s][3212][9748 ][info][gc,phases      ] GC(88)   Other: 0.5ms
[2020-10-28T10:45:28.853+0800][1.455s][3212][9748 ][info][gc,heap        ] GC(88) Eden regions: 2->0(6)
[2020-10-28T10:45:28.853+0800][1.456s][3212][9748 ][info][gc,heap        ] GC(88) Survivor regions: 0->0(1)
[2020-10-28T10:45:28.853+0800][1.456s][3212][9748 ][info][gc,heap        ] GC(88) Old regions: 84->86
[2020-10-28T10:45:28.853+0800][1.456s][3212][9748 ][info][gc,heap        ] GC(88) Humongous regions: 42->42
[2020-10-28T10:45:28.853+0800][1.456s][3212][9748 ][info][gc,metaspace   ] GC(88) Metaspace: 16351K->16351K(1064960K)
[2020-10-28T10:45:28.853+0800][1.456s][3212][9748 ][info][gc             ] GC(88) Pause Young (Normal) (G1 Evacuation Pause) 120M->120M(128M) 0.916ms
[2020-10-28T10:45:28.854+0800][1.456s][3212][9748 ][info][gc,cpu         ] GC(88) User=0.00s Sys=0.00s Real=0.00s
[2020-10-28T10:45:28.854+0800][1.456s][3212][9748 ][info][gc,task        ] GC(89) Using 3 workers of 8 for full compaction
[2020-10-28T10:45:28.854+0800][1.456s][3212][9748 ][info][gc,start       ] GC(89) Pause Full (G1 Evacuation Pause)
[2020-10-28T10:45:28.854+0800][1.456s][3212][9748 ][info][gc,phases,start] GC(89) Phase 1: Mark live objects
[2020-10-28T10:45:28.857+0800][1.459s][3212][9748 ][info][gc,stringtable ] GC(89) Cleaned string and symbol table, strings: 6183 processed, 0 removed, symbols: 52175 processed, 0 removed
[2020-10-28T10:45:28.857+0800][1.459s][3212][9748 ][info][gc,phases      ] GC(89) Phase 1: Mark live objects 2.866ms
[2020-10-28T10:45:28.857+0800][1.459s][3212][9748 ][info][gc,phases,start] GC(89) Phase 2: Prepare for compaction
[2020-10-28T10:45:28.857+0800][1.460s][3212][9748 ][info][gc,phases      ] GC(89) Phase 2: Prepare for compaction 0.625ms
[2020-10-28T10:45:28.857+0800][1.460s][3212][9748 ][info][gc,phases,start] GC(89) Phase 3: Adjust pointers
[2020-10-28T10:45:28.860+0800][1.462s][3212][9748 ][info][gc,phases      ] GC(89) Phase 3: Adjust pointers 2.703ms
[2020-10-28T10:45:28.860+0800][1.463s][3212][9748 ][info][gc,phases,start] GC(89) Phase 4: Compact heap
[2020-10-28T10:45:28.863+0800][1.465s][3212][9748 ][info][gc,phases      ] GC(89) Phase 4: Compact heap 2.504ms
[2020-10-28T10:45:28.865+0800][1.468s][3212][9748 ][info][gc,heap        ] GC(89) Eden regions: 0->0(6)
[2020-10-28T10:45:28.866+0800][1.468s][3212][9748 ][info][gc,heap        ] GC(89) Survivor regions: 0->0(1)
[2020-10-28T10:45:28.866+0800][1.468s][3212][9748 ][info][gc,heap        ] GC(89) Old regions: 86->85
[2020-10-28T10:45:28.866+0800][1.468s][3212][9748 ][info][gc,heap        ] GC(89) Humongous regions: 42->42
[2020-10-28T10:45:28.866+0800][1.468s][3212][9748 ][info][gc,metaspace   ] GC(89) Metaspace: 16351K->16351K(1064960K)
[2020-10-28T10:45:28.866+0800][1.468s][3212][9748 ][info][gc             ] GC(89) Pause Full (G1 Evacuation Pause) 120M->119M(128M) 11.817ms
[2020-10-28T10:45:28.866+0800][1.469s][3212][9748 ][info][gc,cpu         ] GC(89) User=0.05s Sys=0.00s Real=0.01s
[2020-10-28T10:45:28.867+0800][1.469s][3212][9748 ][info][gc,start       ] GC(90) Pause Young (Concurrent Start) (G1 Evacuation Pause)
[2020-10-28T10:45:28.867+0800][1.469s][3212][9748 ][info][gc,task        ] GC(90) Using 3 workers of 8 for evacuation
[2020-10-28T10:45:28.867+0800][1.470s][3212][9748 ][info][gc             ] GC(90) To-space exhausted
[2020-10-28T10:45:28.868+0800][1.470s][3212][9748 ][info][gc,phases      ] GC(90)   Pre Evacuate Collection Set: 0.0ms
[2020-10-28T10:45:28.868+0800][1.470s][3212][9748 ][info][gc,phases      ] GC(90)   Evacuate Collection Set: 0.2ms
[2020-10-28T10:45:28.868+0800][1.470s][3212][9748 ][info][gc,phases      ] GC(90)   Post Evacuate Collection Set: 0.2ms
[2020-10-28T10:45:28.868+0800][1.470s][3212][9748 ][info][gc,phases      ] GC(90)   Other: 0.6ms
[2020-10-28T10:45:28.868+0800][1.470s][3212][9748 ][info][gc,heap        ] GC(90) Eden regions: 1->0(6)
[2020-10-28T10:45:28.868+0800][1.470s][3212][9748 ][info][gc,heap        ] GC(90) Survivor regions: 0->0(1)
[2020-10-28T10:45:28.868+0800][1.470s][3212][9748 ][info][gc,heap        ] GC(90) Old regions: 85->86
[2020-10-28T10:45:28.868+0800][1.470s][3212][9748 ][info][gc,heap        ] GC(90) Humongous regions: 42->42
[2020-10-28T10:45:28.868+0800][1.470s][3212][9748 ][info][gc,metaspace   ] GC(90) Metaspace: 16351K->16351K(1064960K)
[2020-10-28T10:45:28.868+0800][1.470s][3212][9748 ][info][gc             ] GC(90) Pause Young (Concurrent Start) (G1 Evacuation Pause) 120M->120M(128M) 1.172ms
[2020-10-28T10:45:28.868+0800][1.471s][3212][9748 ][info][gc,cpu         ] GC(90) User=0.00s Sys=0.00s Real=0.00s
[2020-10-28T10:45:28.868+0800][1.471s][3212][13364][info][gc             ] GC(92) Concurrent Cycle
[2020-10-28T10:45:28.868+0800][1.471s][3212][9748 ][info][gc,task        ] GC(91) Using 3 workers of 8 for full compaction
[2020-10-28T10:45:28.868+0800][1.471s][3212][9748 ][info][gc,start       ] GC(91) Pause Full (G1 Evacuation Pause)
[2020-10-28T10:45:28.869+0800][1.471s][3212][9748 ][info][gc,phases,start] GC(91) Phase 1: Mark live objects
[2020-10-28T10:45:28.869+0800][1.471s][3212][13364][info][gc,marking     ] GC(92) Concurrent Clear Claimed Marks
[2020-10-28T10:45:28.869+0800][1.471s][3212][13364][info][gc,marking     ] GC(92) Concurrent Clear Claimed Marks 0.045ms
[2020-10-28T10:45:28.869+0800][1.471s][3212][13364][info][gc,marking     ] GC(92) Concurrent Scan Root Regions
[2020-10-28T10:45:28.869+0800][1.471s][3212][13364][info][gc,marking     ] GC(92) Concurrent Scan Root Regions 0.027ms
[2020-10-28T10:45:28.869+0800][1.471s][3212][13364][info][gc,marking     ] GC(92) Concurrent Mark (1.471s)
[2020-10-28T10:45:28.871+0800][1.474s][3212][9748 ][info][gc,stringtable ] GC(91) Cleaned string and symbol table, strings: 6183 processed, 0 removed, symbols: 52175 processed, 0 removed
[2020-10-28T10:45:28.871+0800][1.474s][3212][9748 ][info][gc,phases      ] GC(91) Phase 1: Mark live objects 2.749ms
[2020-10-28T10:45:28.871+0800][1.474s][3212][9748 ][info][gc,phases,start] GC(91) Phase 2: Prepare for compaction
[2020-10-28T10:45:28.872+0800][1.474s][3212][9748 ][info][gc,phases      ] GC(91) Phase 2: Prepare for compaction 0.489ms
[2020-10-28T10:45:28.872+0800][1.474s][3212][9748 ][info][gc,phases,start] GC(91) Phase 3: Adjust pointers
[2020-10-28T10:45:28.873+0800][1.475s][3212][9748 ][info][gc,phases      ] GC(91) Phase 3: Adjust pointers 1.263ms
[2020-10-28T10:45:28.873+0800][1.476s][3212][9748 ][info][gc,phases,start] GC(91) Phase 4: Compact heap
[2020-10-28T10:45:28.874+0800][1.477s][3212][9748 ][info][gc,phases      ] GC(91) Phase 4: Compact heap 1.038ms
[2020-10-28T10:45:28.877+0800][1.479s][3212][9748 ][info][gc,heap        ] GC(91) Eden regions: 0->0(6)
[2020-10-28T10:45:28.877+0800][1.480s][3212][9748 ][info][gc,heap        ] GC(91) Survivor regions: 0->0(1)
[2020-10-28T10:45:28.877+0800][1.480s][3212][9748 ][info][gc,heap        ] GC(91) Old regions: 86->85
[2020-10-28T10:45:28.877+0800][1.480s][3212][9748 ][info][gc,heap        ] GC(91) Humongous regions: 42->42
[2020-10-28T10:45:28.877+0800][1.480s][3212][9748 ][info][gc,metaspace   ] GC(91) Metaspace: 16351K->16351K(1064960K)
[2020-10-28T10:45:28.877+0800][1.480s][3212][9748 ][info][gc             ] GC(91) Pause Full (G1 Evacuation Pause) 120M->119M(128M) 8.942ms
[2020-10-28T10:45:28.878+0800][1.481s][3212][9748 ][info][gc,cpu         ] GC(91) User=0.02s Sys=0.00s Real=0.01s
[2020-10-28T10:45:28.878+0800][1.481s][3212][13364][info][gc,marking     ] GC(92) Concurrent Mark Abort
[2020-10-28T10:45:28.878+0800][1.481s][3212][13364][info][gc             ] GC(92) Concurrent Cycle 10.023ms
[2020-10-28T10:45:28.879+0800][1.481s][3212][9748 ][info][gc,start       ] GC(93) Pause Young (Normal) (G1 Evacuation Pause)
[2020-10-28T10:45:28.879+0800][1.481s][3212][9748 ][info][gc,task        ] GC(93) Using 3 workers of 8 for evacuation
[2020-10-28T10:45:28.879+0800][1.482s][3212][9748 ][info][gc             ] GC(93) To-space exhausted
[2020-10-28T10:45:28.880+0800][1.482s][3212][9748 ][info][gc,phases      ] GC(93)   Pre Evacuate Collection Set: 0.0ms
[2020-10-28T10:45:28.880+0800][1.482s][3212][9748 ][info][gc,phases      ] GC(93)   Evacuate Collection Set: 0.2ms
[2020-10-28T10:45:28.880+0800][1.482s][3212][9748 ][info][gc,phases      ] GC(93)   Post Evacuate Collection Set: 0.3ms
[2020-10-28T10:45:28.880+0800][1.482s][3212][9748 ][info][gc,phases      ] GC(93)   Other: 0.7ms
[2020-10-28T10:45:28.880+0800][1.482s][3212][9748 ][info][gc,heap        ] GC(93) Eden regions: 1->0(6)
[2020-10-28T10:45:28.880+0800][1.482s][3212][9748 ][info][gc,heap        ] GC(93) Survivor regions: 0->0(1)
[2020-10-28T10:45:28.880+0800][1.482s][3212][9748 ][info][gc,heap        ] GC(93) Old regions: 85->86
[2020-10-28T10:45:28.880+0800][1.482s][3212][9748 ][info][gc,heap        ] GC(93) Humongous regions: 42->42
[2020-10-28T10:45:28.880+0800][1.483s][3212][9748 ][info][gc,metaspace   ] GC(93) Metaspace: 16351K->16351K(1064960K)
[2020-10-28T10:45:28.880+0800][1.483s][3212][9748 ][info][gc             ] GC(93) Pause Young (Normal) (G1 Evacuation Pause) 120M->120M(128M) 1.534ms
[2020-10-28T10:45:28.881+0800][1.483s][3212][9748 ][info][gc,cpu         ] GC(93) User=0.00s Sys=0.00s Real=0.00s
[2020-10-28T10:45:28.881+0800][1.483s][3212][9748 ][info][gc,task        ] GC(94) Using 3 workers of 8 for full compaction
[2020-10-28T10:45:28.881+0800][1.483s][3212][9748 ][info][gc,start       ] GC(94) Pause Full (G1 Evacuation Pause)
[2020-10-28T10:45:28.881+0800][1.483s][3212][9748 ][info][gc,phases,start] GC(94) Phase 1: Mark live objects
[2020-10-28T10:45:28.883+0800][1.486s][3212][9748 ][info][gc,stringtable ] GC(94) Cleaned string and symbol table, strings: 6183 processed, 0 removed, symbols: 52175 processed, 0 removed
[2020-10-28T10:45:28.884+0800][1.486s][3212][9748 ][info][gc,phases      ] GC(94) Phase 1: Mark live objects 2.654ms
[2020-10-28T10:45:28.884+0800][1.486s][3212][9748 ][info][gc,phases,start] GC(94) Phase 2: Prepare for compaction
[2020-10-28T10:45:28.884+0800][1.486s][3212][9748 ][info][gc,phases      ] GC(94) Phase 2: Prepare for compaction 0.578ms
[2020-10-28T10:45:28.884+0800][1.486s][3212][9748 ][info][gc,phases,start] GC(94) Phase 3: Adjust pointers
[2020-10-28T10:45:28.886+0800][1.488s][3212][9748 ][info][gc,phases      ] GC(94) Phase 3: Adjust pointers 1.381ms
[2020-10-28T10:45:28.886+0800][1.488s][3212][9748 ][info][gc,phases,start] GC(94) Phase 4: Compact heap
[2020-10-28T10:45:28.887+0800][1.489s][3212][9748 ][info][gc,phases      ] GC(94) Phase 4: Compact heap 1.349ms
[2020-10-28T10:45:28.888+0800][1.490s][3212][9748 ][info][gc,heap        ] GC(94) Eden regions: 0->0(6)
[2020-10-28T10:45:28.888+0800][1.490s][3212][9748 ][info][gc,heap        ] GC(94) Survivor regions: 0->0(1)
[2020-10-28T10:45:28.888+0800][1.490s][3212][9748 ][info][gc,heap        ] GC(94) Old regions: 86->84
[2020-10-28T10:45:28.888+0800][1.490s][3212][9748 ][info][gc,heap        ] GC(94) Humongous regions: 42->42
[2020-10-28T10:45:28.888+0800][1.490s][3212][9748 ][info][gc,metaspace   ] GC(94) Metaspace: 16351K->16351K(1064960K)
[2020-10-28T10:45:28.888+0800][1.490s][3212][9748 ][info][gc             ] GC(94) Pause Full (G1 Evacuation Pause) 120M->119M(128M) 7.269ms
[2020-10-28T10:45:28.889+0800][1.491s][3212][9748 ][info][gc,cpu         ] GC(94) User=0.00s Sys=0.00s Real=0.01s
[2020-10-28T10:45:28.889+0800][1.491s][3212][9748 ][info][gc,start       ] GC(95) Pause Young (Concurrent Start) (G1 Humongous Allocation)
[2020-10-28T10:45:28.889+0800][1.491s][3212][9748 ][info][gc,task        ] GC(95) Using 3 workers of 8 for evacuation
[2020-10-28T10:45:28.889+0800][1.492s][3212][9748 ][info][gc,phases      ] GC(95)   Pre Evacuate Collection Set: 0.0ms
[2020-10-28T10:45:28.889+0800][1.492s][3212][9748 ][info][gc,phases      ] GC(95)   Evacuate Collection Set: 0.2ms
[2020-10-28T10:45:28.889+0800][1.492s][3212][9748 ][info][gc,phases      ] GC(95)   Post Evacuate Collection Set: 0.1ms
[2020-10-28T10:45:28.889+0800][1.492s][3212][9748 ][info][gc,phases      ] GC(95)   Other: 0.1ms
[2020-10-28T10:45:28.890+0800][1.492s][3212][9748 ][info][gc,heap        ] GC(95) Eden regions: 1->0(5)
[2020-10-28T10:45:28.890+0800][1.492s][3212][9748 ][info][gc,heap        ] GC(95) Survivor regions: 0->1(1)
[2020-10-28T10:45:28.890+0800][1.492s][3212][9748 ][info][gc,heap        ] GC(95) Old regions: 84->84
[2020-10-28T10:45:28.890+0800][1.492s][3212][9748 ][info][gc,heap        ] GC(95) Humongous regions: 42->42
[2020-10-28T10:45:28.890+0800][1.492s][3212][9748 ][info][gc,metaspace   ] GC(95) Metaspace: 16351K->16351K(1064960K)
[2020-10-28T10:45:28.890+0800][1.492s][3212][9748 ][info][gc             ] GC(95) Pause Young (Concurrent Start) (G1 Humongous Allocation) 119M->119M(128M) 0.671ms
[2020-10-28T10:45:28.890+0800][1.492s][3212][9748 ][info][gc,cpu         ] GC(95) User=0.00s Sys=0.00s Real=0.00s
[2020-10-28T10:45:28.890+0800][1.493s][3212][13364][info][gc             ] GC(96) Concurrent Cycle
[2020-10-28T10:45:28.891+0800][1.493s][3212][13364][info][gc,marking     ] GC(96) Concurrent Clear Claimed Marks
[2020-10-28T10:45:28.891+0800][1.493s][3212][13364][info][gc,marking     ] GC(96) Concurrent Clear Claimed Marks 0.081ms
[2020-10-28T10:45:28.891+0800][1.493s][3212][13364][info][gc,marking     ] GC(96) Concurrent Scan Root Regions
[2020-10-28T10:45:28.891+0800][1.493s][3212][13364][info][gc,marking     ] GC(96) Concurrent Scan Root Regions 0.089ms
[2020-10-28T10:45:28.891+0800][1.493s][3212][9748 ][info][gc,start       ] GC(97) Pause Young (Normal) (G1 Evacuation Pause)
[2020-10-28T10:45:28.891+0800][1.493s][3212][13364][info][gc,marking     ] GC(96) Concurrent Mark (1.493s)
[2020-10-28T10:45:28.891+0800][1.493s][3212][9748 ][info][gc,task        ] GC(97) Using 3 workers of 8 for evacuation
[2020-10-28T10:45:28.891+0800][1.493s][3212][13364][info][gc,marking     ] GC(96) Concurrent Mark From Roots
[2020-10-28T10:45:28.891+0800][1.493s][3212][13364][info][gc,task        ] GC(96) Using 2 workers of 2 for marking
[2020-10-28T10:45:28.892+0800][1.494s][3212][9748 ][info][gc             ] GC(97) To-space exhausted
[2020-10-28T10:45:28.892+0800][1.495s][3212][9748 ][info][gc,phases      ] GC(97)   Pre Evacuate Collection Set: 0.6ms
[2020-10-28T10:45:28.892+0800][1.495s][3212][9748 ][info][gc,phases      ] GC(97)   Evacuate Collection Set: 0.1ms
[2020-10-28T10:45:28.892+0800][1.495s][3212][9748 ][info][gc,phases      ] GC(97)   Post Evacuate Collection Set: 0.4ms
[2020-10-28T10:45:28.892+0800][1.495s][3212][9748 ][info][gc,phases      ] GC(97)   Other: 0.9ms
[2020-10-28T10:45:28.892+0800][1.495s][3212][9748 ][info][gc,heap        ] GC(97) Eden regions: 0->0(6)
[2020-10-28T10:45:28.892+0800][1.495s][3212][9748 ][info][gc,heap        ] GC(97) Survivor regions: 1->0(1)
[2020-10-28T10:45:28.893+0800][1.495s][3212][9748 ][info][gc,heap        ] GC(97) Old regions: 84->85
[2020-10-28T10:45:28.893+0800][1.495s][3212][9748 ][info][gc,heap        ] GC(97) Humongous regions: 43->42
[2020-10-28T10:45:28.893+0800][1.495s][3212][9748 ][info][gc,metaspace   ] GC(97) Metaspace: 16351K->16351K(1064960K)
[2020-10-28T10:45:28.893+0800][1.495s][3212][9748 ][info][gc             ] GC(97) Pause Young (Normal) (G1 Evacuation Pause) 120M->119M(128M) 1.720ms
[2020-10-28T10:45:28.893+0800][1.495s][3212][9748 ][info][gc,cpu         ] GC(97) User=0.00s Sys=0.00s Real=0.00s
[2020-10-28T10:45:28.894+0800][1.496s][3212][9748 ][info][gc,start       ] GC(98) Pause Young (Normal) (G1 Humongous Allocation)
[2020-10-28T10:45:28.894+0800][1.496s][3212][9748 ][info][gc,task        ] GC(98) Using 3 workers of 8 for evacuation
[2020-10-28T10:45:28.894+0800][1.497s][3212][9748 ][info][gc             ] GC(98) To-space exhausted
[2020-10-28T10:45:28.895+0800][1.497s][3212][9748 ][info][gc,phases      ] GC(98)   Pre Evacuate Collection Set: 0.0ms
[2020-10-28T10:45:28.895+0800][1.497s][3212][9748 ][info][gc,phases      ] GC(98)   Evacuate Collection Set: 0.2ms
[2020-10-28T10:45:28.895+0800][1.497s][3212][9748 ][info][gc,phases      ] GC(98)   Post Evacuate Collection Set: 0.2ms
[2020-10-28T10:45:28.895+0800][1.497s][3212][9748 ][info][gc,phases      ] GC(98)   Other: 0.5ms
[2020-10-28T10:45:28.895+0800][1.497s][3212][9748 ][info][gc,heap        ] GC(98) Eden regions: 1->0(6)
[2020-10-28T10:45:28.895+0800][1.497s][3212][9748 ][info][gc,heap        ] GC(98) Survivor regions: 0->0(1)
[2020-10-28T10:45:28.895+0800][1.497s][3212][9748 ][info][gc,heap        ] GC(98) Old regions: 85->86
[2020-10-28T10:45:28.895+0800][1.497s][3212][9748 ][info][gc,heap        ] GC(98) Humongous regions: 42->42
[2020-10-28T10:45:28.895+0800][1.497s][3212][9748 ][info][gc,metaspace   ] GC(98) Metaspace: 16351K->16351K(1064960K)
[2020-10-28T10:45:28.895+0800][1.497s][3212][9748 ][info][gc             ] GC(98) Pause Young (Normal) (G1 Humongous Allocation) 120M->120M(128M) 1.217ms
[2020-10-28T10:45:28.895+0800][1.497s][3212][9748 ][info][gc,cpu         ] GC(98) User=0.00s Sys=0.00s Real=0.00s
[2020-10-28T10:45:28.895+0800][1.498s][3212][9748 ][info][gc,task        ] GC(99) Using 3 workers of 8 for full compaction
[2020-10-28T10:45:28.895+0800][1.498s][3212][9748 ][info][gc,start       ] GC(99) Pause Full (G1 Humongous Allocation)
[2020-10-28T10:45:28.896+0800][1.498s][3212][9748 ][info][gc,phases,start] GC(99) Phase 1: Mark live objects
[2020-10-28T10:45:28.900+0800][1.502s][3212][9748 ][info][gc,stringtable ] GC(99) Cleaned string and symbol table, strings: 6183 processed, 0 removed, symbols: 52175 processed, 0 removed
[2020-10-28T10:45:28.900+0800][1.502s][3212][9748 ][info][gc,phases      ] GC(99) Phase 1: Mark live objects 4.225ms
[2020-10-28T10:45:28.900+0800][1.502s][3212][9748 ][info][gc,phases,start] GC(99) Phase 2: Prepare for compaction
[2020-10-28T10:45:28.900+0800][1.503s][3212][9748 ][info][gc,phases      ] GC(99) Phase 2: Prepare for compaction 0.476ms
[2020-10-28T10:45:28.900+0800][1.503s][3212][9748 ][info][gc,phases,start] GC(99) Phase 3: Adjust pointers
[2020-10-28T10:45:28.902+0800][1.504s][3212][9748 ][info][gc,phases      ] GC(99) Phase 3: Adjust pointers 1.306ms
[2020-10-28T10:45:28.902+0800][1.504s][3212][9748 ][info][gc,phases,start] GC(99) Phase 4: Compact heap
[2020-10-28T10:45:28.903+0800][1.505s][3212][9748 ][info][gc,phases      ] GC(99) Phase 4: Compact heap 1.066ms
[2020-10-28T10:45:28.904+0800][1.506s][3212][9748 ][info][gc,heap        ] GC(99) Eden regions: 0->0(6)
[2020-10-28T10:45:28.904+0800][1.506s][3212][9748 ][info][gc,heap        ] GC(99) Survivor regions: 0->0(1)
[2020-10-28T10:45:28.904+0800][1.506s][3212][9748 ][info][gc,heap        ] GC(99) Old regions: 86->85
[2020-10-28T10:45:28.904+0800][1.506s][3212][9748 ][info][gc,heap        ] GC(99) Humongous regions: 42->42
[2020-10-28T10:45:28.904+0800][1.506s][3212][9748 ][info][gc,metaspace   ] GC(99) Metaspace: 16351K->16351K(1064960K)
[2020-10-28T10:45:28.904+0800][1.506s][3212][9748 ][info][gc             ] GC(99) Pause Full (G1 Humongous Allocation) 120M->119M(128M) 8.721ms
[2020-10-28T10:45:28.905+0800][1.507s][3212][9748 ][info][gc,cpu         ] GC(99) User=0.00s Sys=0.00s Real=0.01s
[2020-10-28T10:45:28.905+0800][1.507s][3212][13364][info][gc,marking     ] GC(96) Concurrent Mark From Roots 13.773ms
[2020-10-28T10:45:28.905+0800][1.507s][3212][9748 ][info][gc,start       ] GC(100) Pause Young (Normal) (G1 Evacuation Pause)
[2020-10-28T10:45:28.905+0800][1.507s][3212][9748 ][info][gc,task        ] GC(100) Using 3 workers of 8 for evacuation
[2020-10-28T10:45:28.905+0800][1.507s][3212][9748 ][info][gc,phases      ] GC(100)   Pre Evacuate Collection Set: 0.0ms
[2020-10-28T10:45:28.905+0800][1.507s][3212][9748 ][info][gc,phases      ] GC(100)   Evacuate Collection Set: 0.1ms
[2020-10-28T10:45:28.905+0800][1.507s][3212][9748 ][info][gc,phases      ] GC(100)   Post Evacuate Collection Set: 0.1ms
[2020-10-28T10:45:28.905+0800][1.507s][3212][9748 ][info][gc,phases      ] GC(100)   Other: 0.1ms
[2020-10-28T10:45:28.905+0800][1.508s][3212][9748 ][info][gc,heap        ] GC(100) Eden regions: 0->0(6)
[2020-10-28T10:45:28.905+0800][1.508s][3212][9748 ][info][gc,heap        ] GC(100) Survivor regions: 0->0(1)
[2020-10-28T10:45:28.905+0800][1.508s][3212][9748 ][info][gc,heap        ] GC(100) Old regions: 85->85
[2020-10-28T10:45:28.905+0800][1.508s][3212][9748 ][info][gc,heap        ] GC(100) Humongous regions: 43->43
[2020-10-28T10:45:28.905+0800][1.508s][3212][9748 ][info][gc,metaspace   ] GC(100) Metaspace: 16351K->16351K(1064960K)
[2020-10-28T10:45:28.905+0800][1.508s][3212][9748 ][info][gc             ] GC(100) Pause Young (Normal) (G1 Evacuation Pause) 120M->120M(128M) 0.477ms
[2020-10-28T10:45:28.906+0800][1.508s][3212][9748 ][info][gc,cpu         ] GC(100) User=0.00s Sys=0.00s Real=0.00s
[2020-10-28T10:45:28.906+0800][1.508s][3212][9748 ][info][gc,task        ] GC(101) Using 3 workers of 8 for full compaction
[2020-10-28T10:45:28.906+0800][1.508s][3212][9748 ][info][gc,start       ] GC(101) Pause Full (G1 Evacuation Pause)
[2020-10-28T10:45:28.906+0800][1.508s][3212][9748 ][info][gc,phases,start] GC(101) Phase 1: Mark live objects
[2020-10-28T10:45:28.911+0800][1.513s][3212][9748 ][info][gc,stringtable ] GC(101) Cleaned string and symbol table, strings: 6183 processed, 0 removed, symbols: 52175 processed, 0 removed
[2020-10-28T10:45:28.911+0800][1.513s][3212][9748 ][info][gc,phases      ] GC(101) Phase 1: Mark live objects 4.810ms
[2020-10-28T10:45:28.911+0800][1.513s][3212][9748 ][info][gc,phases,start] GC(101) Phase 2: Prepare for compaction
[2020-10-28T10:45:28.912+0800][1.515s][3212][9748 ][info][gc,phases      ] GC(101) Phase 2: Prepare for compaction 1.790ms
[2020-10-28T10:45:28.913+0800][1.515s][3212][9748 ][info][gc,phases,start] GC(101) Phase 3: Adjust pointers
[2020-10-28T10:45:28.915+0800][1.517s][3212][9748 ][info][gc,phases      ] GC(101) Phase 3: Adjust pointers 2.052ms
[2020-10-28T10:45:28.915+0800][1.517s][3212][9748 ][info][gc,phases,start] GC(101) Phase 4: Compact heap
[2020-10-28T10:45:28.917+0800][1.519s][3212][9748 ][info][gc,phases      ] GC(101) Phase 4: Compact heap 1.896ms
[2020-10-28T10:45:28.918+0800][1.520s][3212][9748 ][info][gc,heap        ] GC(101) Eden regions: 0->0(6)
[2020-10-28T10:45:28.918+0800][1.520s][3212][9748 ][info][gc,heap        ] GC(101) Survivor regions: 0->0(1)
[2020-10-28T10:45:28.918+0800][1.520s][3212][9748 ][info][gc,heap        ] GC(101) Old regions: 85->85
[2020-10-28T10:45:28.918+0800][1.520s][3212][9748 ][info][gc,heap        ] GC(101) Humongous regions: 43->43
[2020-10-28T10:45:28.918+0800][1.520s][3212][9748 ][info][gc,metaspace   ] GC(101) Metaspace: 16351K->16351K(1064960K)
[2020-10-28T10:45:28.918+0800][1.520s][3212][9748 ][info][gc             ] GC(101) Pause Full (G1 Evacuation Pause) 120M->120M(128M) 11.975ms
[2020-10-28T10:45:28.918+0800][1.521s][3212][9748 ][info][gc,cpu         ] GC(101) User=0.00s Sys=0.00s Real=0.01s
[2020-10-28T10:45:28.918+0800][1.521s][3212][9748 ][info][gc,task        ] GC(102) Using 3 workers of 8 for full compaction
[2020-10-28T10:45:28.918+0800][1.521s][3212][9748 ][info][gc,start       ] GC(102) Pause Full (G1 Evacuation Pause)
[2020-10-28T10:45:28.919+0800][1.521s][3212][9748 ][info][gc,phases,start] GC(102) Phase 1: Mark live objects
[2020-10-28T10:45:28.921+0800][1.524s][3212][9748 ][info][gc,stringtable ] GC(102) Cleaned string and symbol table, strings: 6183 processed, 0 removed, symbols: 52175 processed, 0 removed
[2020-10-28T10:45:28.921+0800][1.524s][3212][9748 ][info][gc,phases      ] GC(102) Phase 1: Mark live objects 2.699ms
[2020-10-28T10:45:28.921+0800][1.524s][3212][9748 ][info][gc,phases,start] GC(102) Phase 2: Prepare for compaction
[2020-10-28T10:45:28.922+0800][1.524s][3212][9748 ][info][gc,phases      ] GC(102) Phase 2: Prepare for compaction 0.494ms
[2020-10-28T10:45:28.922+0800][1.524s][3212][9748 ][info][gc,phases,start] GC(102) Phase 3: Adjust pointers
[2020-10-28T10:45:28.923+0800][1.525s][3212][9748 ][info][gc,phases      ] GC(102) Phase 3: Adjust pointers 1.215ms
[2020-10-28T10:45:28.923+0800][1.525s][3212][9748 ][info][gc,phases,start] GC(102) Phase 4: Compact heap
[2020-10-28T10:45:28.929+0800][1.531s][3212][9748 ][info][gc,phases      ] GC(102) Phase 4: Compact heap 5.703ms
[2020-10-28T10:45:28.931+0800][1.533s][3212][9748 ][info][gc,heap        ] GC(102) Eden regions: 0->0(6)
[2020-10-28T10:45:28.931+0800][1.534s][3212][9748 ][info][gc,heap        ] GC(102) Survivor regions: 0->0(1)
[2020-10-28T10:45:28.931+0800][1.534s][3212][9748 ][info][gc,heap        ] GC(102) Old regions: 85->84
[2020-10-28T10:45:28.931+0800][1.534s][3212][9748 ][info][gc,heap        ] GC(102) Humongous regions: 43->43
[2020-10-28T10:45:28.931+0800][1.534s][3212][9748 ][info][gc,metaspace   ] GC(102) Metaspace: 16351K->16351K(1064960K)
[2020-10-28T10:45:28.931+0800][1.534s][3212][9748 ][info][gc             ] GC(102) Pause Full (G1 Evacuation Pause) 120M->120M(128M) 12.915ms
[2020-10-28T10:45:28.932+0800][1.535s][3212][9748 ][info][gc,cpu         ] GC(102) User=0.05s Sys=0.00s Real=0.01s
[2020-10-28T10:45:28.933+0800][1.535s][3212][13364][info][gc,marking     ] GC(96) Concurrent Mark Abort
[2020-10-28T10:45:28.933+0800][1.535s][3212][13364][info][gc             ] GC(96) Concurrent Cycle 42.322ms
[2020-10-28T10:45:28.933+0800][1.535s][3212][9748 ][info][gc,start       ] GC(103) Pause Young (Concurrent Start) (G1 Humongous Allocation)
[2020-10-28T10:45:28.933+0800][1.535s][3212][9748 ][info][gc,task        ] GC(103) Using 3 workers of 8 for evacuation
[2020-10-28T10:45:28.934+0800][1.536s][3212][9748 ][info][gc             ] GC(103) To-space exhausted
[2020-10-28T10:45:28.934+0800][1.536s][3212][9748 ][info][gc,phases      ] GC(103)   Pre Evacuate Collection Set: 0.0ms
[2020-10-28T10:45:28.934+0800][1.536s][3212][9748 ][info][gc,phases      ] GC(103)   Evacuate Collection Set: 0.3ms
[2020-10-28T10:45:28.934+0800][1.536s][3212][9748 ][info][gc,phases      ] GC(103)   Post Evacuate Collection Set: 0.2ms
[2020-10-28T10:45:28.934+0800][1.536s][3212][9748 ][info][gc,phases      ] GC(103)   Other: 0.6ms
[2020-10-28T10:45:28.934+0800][1.536s][3212][9748 ][info][gc,heap        ] GC(103) Eden regions: 1->0(6)
[2020-10-28T10:45:28.934+0800][1.536s][3212][9748 ][info][gc,heap        ] GC(103) Survivor regions: 0->0(1)
[2020-10-28T10:45:28.934+0800][1.536s][3212][9748 ][info][gc,heap        ] GC(103) Old regions: 84->85
[2020-10-28T10:45:28.934+0800][1.536s][3212][9748 ][info][gc,heap        ] GC(103) Humongous regions: 43->43
[2020-10-28T10:45:28.934+0800][1.536s][3212][9748 ][info][gc,metaspace   ] GC(103) Metaspace: 16351K->16351K(1064960K)
[2020-10-28T10:45:28.934+0800][1.537s][3212][9748 ][info][gc             ] GC(103) Pause Young (Concurrent Start) (G1 Humongous Allocation) 121M->121M(128M) 1.369ms
[2020-10-28T10:45:28.935+0800][1.537s][3212][9748 ][info][gc,cpu         ] GC(103) User=0.00s Sys=0.00s Real=0.00s
[2020-10-28T10:45:28.935+0800][1.537s][3212][13364][info][gc             ] GC(104) Concurrent Cycle
[2020-10-28T10:45:28.935+0800][1.537s][3212][9748 ][info][gc,start       ] GC(105) Pause Young (Normal) (G1 Humongous Allocation)
[2020-10-28T10:45:28.935+0800][1.537s][3212][9748 ][info][gc,task        ] GC(105) Using 3 workers of 8 for evacuation
[2020-10-28T10:45:28.935+0800][1.537s][3212][13364][info][gc,marking     ] GC(104) Concurrent Clear Claimed Marks
[2020-10-28T10:45:28.935+0800][1.537s][3212][9748 ][info][gc,phases      ] GC(105)   Pre Evacuate Collection Set: 0.0ms
[2020-10-28T10:45:28.935+0800][1.537s][3212][13364][info][gc,marking     ] GC(104) Concurrent Clear Claimed Marks 0.044ms
[2020-10-28T10:45:28.935+0800][1.537s][3212][9748 ][info][gc,phases      ] GC(105)   Evacuate Collection Set: 0.1ms
[2020-10-28T10:45:28.935+0800][1.537s][3212][13364][info][gc,marking     ] GC(104) Concurrent Scan Root Regions
[2020-10-28T10:45:28.935+0800][1.537s][3212][9748 ][info][gc,phases      ] GC(105)   Post Evacuate Collection Set: 0.1ms
[2020-10-28T10:45:28.935+0800][1.537s][3212][13364][info][gc,marking     ] GC(104) Concurrent Scan Root Regions 0.064ms
[2020-10-28T10:45:28.935+0800][1.537s][3212][9748 ][info][gc,phases      ] GC(105)   Other: 0.1ms
[2020-10-28T10:45:28.935+0800][1.537s][3212][13364][info][gc,marking     ] GC(104) Concurrent Mark (1.537s)
[2020-10-28T10:45:28.935+0800][1.537s][3212][9748 ][info][gc,heap        ] GC(105) Eden regions: 0->0(6)
[2020-10-28T10:45:28.935+0800][1.538s][3212][13364][info][gc,marking     ] GC(104) Concurrent Mark From Roots
[2020-10-28T10:45:28.935+0800][1.538s][3212][9748 ][info][gc,heap        ] GC(105) Survivor regions: 0->0(1)
[2020-10-28T10:45:28.935+0800][1.538s][3212][13364][info][gc,task        ] GC(104) Using 2 workers of 2 for marking
[2020-10-28T10:45:28.935+0800][1.538s][3212][9748 ][info][gc,heap        ] GC(105) Old regions: 85->85
[2020-10-28T10:45:28.935+0800][1.538s][3212][9748 ][info][gc,heap        ] GC(105) Humongous regions: 43->43
[2020-10-28T10:45:28.935+0800][1.538s][3212][9748 ][info][gc,metaspace   ] GC(105) Metaspace: 16351K->16351K(1064960K)
[2020-10-28T10:45:28.935+0800][1.538s][3212][9748 ][info][gc             ] GC(105) Pause Young (Normal) (G1 Humongous Allocation) 121M->121M(128M) 0.752ms
[2020-10-28T10:45:28.936+0800][1.538s][3212][9748 ][info][gc,cpu         ] GC(105) User=0.00s Sys=0.00s Real=0.00s
[2020-10-28T10:45:28.936+0800][1.538s][3212][9748 ][info][gc,task        ] GC(106) Using 3 workers of 8 for full compaction
[2020-10-28T10:45:28.936+0800][1.538s][3212][9748 ][info][gc,start       ] GC(106) Pause Full (G1 Humongous Allocation)
[2020-10-28T10:45:28.936+0800][1.538s][3212][9748 ][info][gc,phases,start] GC(106) Phase 1: Mark live objects
[2020-10-28T10:45:28.939+0800][1.541s][3212][9748 ][info][gc,stringtable ] GC(106) Cleaned string and symbol table, strings: 6183 processed, 0 removed, symbols: 52175 processed, 0 removed
[2020-10-28T10:45:28.939+0800][1.541s][3212][9748 ][info][gc,phases      ] GC(106) Phase 1: Mark live objects 2.758ms
[2020-10-28T10:45:28.939+0800][1.541s][3212][9748 ][info][gc,phases,start] GC(106) Phase 2: Prepare for compaction
[2020-10-28T10:45:28.939+0800][1.541s][3212][9748 ][info][gc,phases      ] GC(106) Phase 2: Prepare for compaction 0.451ms
[2020-10-28T10:45:28.939+0800][1.542s][3212][9748 ][info][gc,phases,start] GC(106) Phase 3: Adjust pointers
[2020-10-28T10:45:28.941+0800][1.543s][3212][9748 ][info][gc,phases      ] GC(106) Phase 3: Adjust pointers 1.330ms
[2020-10-28T10:45:28.941+0800][1.543s][3212][9748 ][info][gc,phases,start] GC(106) Phase 4: Compact heap
[2020-10-28T10:45:28.943+0800][1.545s][3212][9748 ][info][gc,phases      ] GC(106) Phase 4: Compact heap 2.512ms
[2020-10-28T10:45:28.945+0800][1.547s][3212][9748 ][info][gc,heap        ] GC(106) Eden regions: 0->0(6)
[2020-10-28T10:45:28.945+0800][1.547s][3212][9748 ][info][gc,heap        ] GC(106) Survivor regions: 0->0(1)
[2020-10-28T10:45:28.945+0800][1.547s][3212][9748 ][info][gc,heap        ] GC(106) Old regions: 85->84
[2020-10-28T10:45:28.945+0800][1.547s][3212][9748 ][info][gc,heap        ] GC(106) Humongous regions: 43->43
[2020-10-28T10:45:28.945+0800][1.547s][3212][9748 ][info][gc,metaspace   ] GC(106) Metaspace: 16351K->16351K(1064960K)
[2020-10-28T10:45:28.945+0800][1.547s][3212][9748 ][info][gc             ] GC(106) Pause Full (G1 Humongous Allocation) 121M->120M(128M) 9.333ms
[2020-10-28T10:45:28.946+0800][1.549s][3212][9748 ][info][gc,cpu         ] GC(106) User=0.05s Sys=0.00s Real=0.01s
[2020-10-28T10:45:28.947+0800][1.549s][3212][13364][info][gc,marking     ] GC(104) Concurrent Mark From Roots 11.352ms
[2020-10-28T10:45:28.947+0800][1.549s][3212][13364][info][gc,marking     ] GC(104) Concurrent Mark Abort
[2020-10-28T10:45:28.947+0800][1.549s][3212][13364][info][gc             ] GC(104) Concurrent Cycle 12.186ms
[2020-10-28T10:45:28.947+0800][1.549s][3212][9748 ][info][gc,start       ] GC(107) Pause Young (Normal) (G1 Evacuation Pause)
[2020-10-28T10:45:28.947+0800][1.549s][3212][9748 ][info][gc,task        ] GC(107) Using 3 workers of 8 for evacuation
[2020-10-28T10:45:28.948+0800][1.550s][3212][9748 ][info][gc,phases      ] GC(107)   Pre Evacuate Collection Set: 0.0ms
[2020-10-28T10:45:28.948+0800][1.550s][3212][9748 ][info][gc,phases      ] GC(107)   Evacuate Collection Set: 0.4ms
[2020-10-28T10:45:28.948+0800][1.550s][3212][9748 ][info][gc,phases      ] GC(107)   Post Evacuate Collection Set: 0.3ms
[2020-10-28T10:45:28.948+0800][1.550s][3212][9748 ][info][gc,phases      ] GC(107)   Other: 0.2ms
[2020-10-28T10:45:28.948+0800][1.550s][3212][9748 ][info][gc,heap        ] GC(107) Eden regions: 0->0(6)
[2020-10-28T10:45:28.948+0800][1.550s][3212][9748 ][info][gc,heap        ] GC(107) Survivor regions: 0->0(1)
[2020-10-28T10:45:28.948+0800][1.550s][3212][9748 ][info][gc,heap        ] GC(107) Old regions: 84->84
[2020-10-28T10:45:28.948+0800][1.550s][3212][9748 ][info][gc,heap        ] GC(107) Humongous regions: 44->43
[2020-10-28T10:45:28.948+0800][1.550s][3212][9748 ][info][gc,metaspace   ] GC(107) Metaspace: 16351K->16351K(1064960K)
[2020-10-28T10:45:28.948+0800][1.550s][3212][9748 ][info][gc             ] GC(107) Pause Young (Normal) (G1 Evacuation Pause) 121M->120M(128M) 1.117ms
[2020-10-28T10:45:28.948+0800][1.551s][3212][9748 ][info][gc,cpu         ] GC(107) User=0.00s Sys=0.00s Real=0.00s
[2020-10-28T10:45:28.949+0800][1.551s][3212][9748 ][info][gc,start       ] GC(108) Pause Young (Concurrent Start) (G1 Evacuation Pause)
[2020-10-28T10:45:28.949+0800][1.551s][3212][9748 ][info][gc,task        ] GC(108) Using 3 workers of 8 for evacuation
[2020-10-28T10:45:28.950+0800][1.552s][3212][9748 ][info][gc             ] GC(108) To-space exhausted
[2020-10-28T10:45:28.950+0800][1.552s][3212][9748 ][info][gc,phases      ] GC(108)   Pre Evacuate Collection Set: 0.0ms
[2020-10-28T10:45:28.950+0800][1.552s][3212][9748 ][info][gc,phases      ] GC(108)   Evacuate Collection Set: 0.2ms
[2020-10-28T10:45:28.950+0800][1.553s][3212][9748 ][info][gc,phases      ] GC(108)   Post Evacuate Collection Set: 0.2ms
[2020-10-28T10:45:28.950+0800][1.553s][3212][9748 ][info][gc,phases      ] GC(108)   Other: 0.6ms
[2020-10-28T10:45:28.950+0800][1.553s][3212][9748 ][info][gc,heap        ] GC(108) Eden regions: 1->0(6)
[2020-10-28T10:45:28.950+0800][1.553s][3212][9748 ][info][gc,heap        ] GC(108) Survivor regions: 0->0(1)
[2020-10-28T10:45:28.950+0800][1.553s][3212][9748 ][info][gc,heap        ] GC(108) Old regions: 84->85
[2020-10-28T10:45:28.950+0800][1.553s][3212][9748 ][info][gc,heap        ] GC(108) Humongous regions: 43->43
[2020-10-28T10:45:28.950+0800][1.553s][3212][9748 ][info][gc,metaspace   ] GC(108) Metaspace: 16351K->16351K(1064960K)
[2020-10-28T10:45:28.950+0800][1.553s][3212][9748 ][info][gc             ] GC(108) Pause Young (Concurrent Start) (G1 Evacuation Pause) 121M->121M(128M) 1.217ms
[2020-10-28T10:45:28.950+0800][1.553s][3212][9748 ][info][gc,cpu         ] GC(108) User=0.00s Sys=0.00s Real=0.00s
[2020-10-28T10:45:28.951+0800][1.553s][3212][9748 ][info][gc,task        ] GC(109) Using 3 workers of 8 for full compaction
[2020-10-28T10:45:28.951+0800][1.553s][3212][13364][info][gc             ] GC(110) Concurrent Cycle
[2020-10-28T10:45:28.951+0800][1.553s][3212][9748 ][info][gc,start       ] GC(109) Pause Full (G1 Evacuation Pause)
[2020-10-28T10:45:28.951+0800][1.553s][3212][9748 ][info][gc,phases,start] GC(109) Phase 1: Mark live objects
[2020-10-28T10:45:28.951+0800][1.553s][3212][13364][info][gc,marking     ] GC(110) Concurrent Clear Claimed Marks
[2020-10-28T10:45:28.951+0800][1.553s][3212][13364][info][gc,marking     ] GC(110) Concurrent Clear Claimed Marks 0.043ms
[2020-10-28T10:45:28.951+0800][1.553s][3212][13364][info][gc,marking     ] GC(110) Concurrent Scan Root Regions
[2020-10-28T10:45:28.951+0800][1.553s][3212][13364][info][gc,marking     ] GC(110) Concurrent Scan Root Regions 0.033ms
[2020-10-28T10:45:28.951+0800][1.553s][3212][13364][info][gc,marking     ] GC(110) Concurrent Mark (1.553s)
[2020-10-28T10:45:28.953+0800][1.556s][3212][9748 ][info][gc,stringtable ] GC(109) Cleaned string and symbol table, strings: 6183 processed, 0 removed, symbols: 52175 processed, 0 removed
[2020-10-28T10:45:28.953+0800][1.556s][3212][9748 ][info][gc,phases      ] GC(109) Phase 1: Mark live objects 2.684ms
[2020-10-28T10:45:28.953+0800][1.556s][3212][9748 ][info][gc,phases,start] GC(109) Phase 2: Prepare for compaction
[2020-10-28T10:45:28.954+0800][1.556s][3212][9748 ][info][gc,phases      ] GC(109) Phase 2: Prepare for compaction 0.461ms
[2020-10-28T10:45:28.954+0800][1.556s][3212][9748 ][info][gc,phases,start] GC(109) Phase 3: Adjust pointers
[2020-10-28T10:45:28.955+0800][1.558s][3212][9748 ][info][gc,phases      ] GC(109) Phase 3: Adjust pointers 1.246ms
[2020-10-28T10:45:28.955+0800][1.558s][3212][9748 ][info][gc,phases,start] GC(109) Phase 4: Compact heap
[2020-10-28T10:45:28.960+0800][1.563s][3212][9748 ][info][gc,phases      ] GC(109) Phase 4: Compact heap 5.186ms
[2020-10-28T10:45:28.963+0800][1.565s][3212][9748 ][info][gc,heap        ] GC(109) Eden regions: 0->0(6)
[2020-10-28T10:45:28.963+0800][1.566s][3212][9748 ][info][gc,heap        ] GC(109) Survivor regions: 0->0(1)
[2020-10-28T10:45:28.963+0800][1.566s][3212][9748 ][info][gc,heap        ] GC(109) Old regions: 85->85
[2020-10-28T10:45:28.963+0800][1.566s][3212][9748 ][info][gc,heap        ] GC(109) Humongous regions: 43->42
[2020-10-28T10:45:28.963+0800][1.566s][3212][9748 ][info][gc,metaspace   ] GC(109) Metaspace: 16351K->16351K(1064960K)
[2020-10-28T10:45:28.963+0800][1.566s][3212][9748 ][info][gc             ] GC(109) Pause Full (G1 Evacuation Pause) 121M->120M(128M) 12.516ms
[2020-10-28T10:45:28.964+0800][1.566s][3212][9748 ][info][gc,cpu         ] GC(109) User=0.05s Sys=0.00s Real=0.01s
[2020-10-28T10:45:28.964+0800][1.566s][3212][13364][info][gc,marking     ] GC(110) Concurrent Mark Abort
[2020-10-28T10:45:28.964+0800][1.566s][3212][13364][info][gc             ] GC(110) Concurrent Cycle 13.352ms
[2020-10-28T10:45:28.964+0800][1.567s][3212][9748 ][info][gc,start       ] GC(111) Pause Young (Normal) (G1 Evacuation Pause)
[2020-10-28T10:45:28.964+0800][1.567s][3212][9748 ][info][gc,task        ] GC(111) Using 3 workers of 8 for evacuation
[2020-10-28T10:45:28.964+0800][1.567s][3212][9748 ][info][gc             ] GC(111) To-space exhausted
[2020-10-28T10:45:28.965+0800][1.567s][3212][9748 ][info][gc,phases      ] GC(111)   Pre Evacuate Collection Set: 0.0ms
[2020-10-28T10:45:28.965+0800][1.567s][3212][9748 ][info][gc,phases      ] GC(111)   Evacuate Collection Set: 0.1ms
[2020-10-28T10:45:28.965+0800][1.567s][3212][9748 ][info][gc,phases      ] GC(111)   Post Evacuate Collection Set: 0.1ms
[2020-10-28T10:45:28.965+0800][1.567s][3212][9748 ][info][gc,phases      ] GC(111)   Other: 0.6ms
[2020-10-28T10:45:28.965+0800][1.567s][3212][9748 ][info][gc,heap        ] GC(111) Eden regions: 1->0(6)
[2020-10-28T10:45:28.965+0800][1.567s][3212][9748 ][info][gc,heap        ] GC(111) Survivor regions: 0->0(1)
[2020-10-28T10:45:28.965+0800][1.567s][3212][9748 ][info][gc,heap        ] GC(111) Old regions: 85->86
[2020-10-28T10:45:28.965+0800][1.567s][3212][9748 ][info][gc,heap        ] GC(111) Humongous regions: 42->42
[2020-10-28T10:45:28.965+0800][1.568s][3212][9748 ][info][gc,metaspace   ] GC(111) Metaspace: 16351K->16351K(1064960K)
[2020-10-28T10:45:28.965+0800][1.568s][3212][9748 ][info][gc             ] GC(111) Pause Young (Normal) (G1 Evacuation Pause) 121M->121M(128M) 0.999ms
[2020-10-28T10:45:28.966+0800][1.568s][3212][9748 ][info][gc,cpu         ] GC(111) User=0.00s Sys=0.00s Real=0.00s
[2020-10-28T10:45:28.966+0800][1.568s][3212][9748 ][info][gc,task        ] GC(112) Using 3 workers of 8 for full compaction
[2020-10-28T10:45:28.966+0800][1.568s][3212][9748 ][info][gc,start       ] GC(112) Pause Full (G1 Evacuation Pause)
[2020-10-28T10:45:28.966+0800][1.568s][3212][9748 ][info][gc,phases,start] GC(112) Phase 1: Mark live objects
[2020-10-28T10:45:28.971+0800][1.573s][3212][9748 ][info][gc,stringtable ] GC(112) Cleaned string and symbol table, strings: 6183 processed, 0 removed, symbols: 52175 processed, 0 removed
[2020-10-28T10:45:28.971+0800][1.573s][3212][9748 ][info][gc,phases      ] GC(112) Phase 1: Mark live objects 4.993ms
[2020-10-28T10:45:28.971+0800][1.573s][3212][9748 ][info][gc,phases,start] GC(112) Phase 2: Prepare for compaction
[2020-10-28T10:45:28.971+0800][1.574s][3212][9748 ][info][gc,phases      ] GC(112) Phase 2: Prepare for compaction 0.603ms
[2020-10-28T10:45:28.971+0800][1.574s][3212][9748 ][info][gc,phases,start] GC(112) Phase 3: Adjust pointers
[2020-10-28T10:45:28.973+0800][1.575s][3212][9748 ][info][gc,phases      ] GC(112) Phase 3: Adjust pointers 1.421ms
[2020-10-28T10:45:28.973+0800][1.575s][3212][9748 ][info][gc,phases,start] GC(112) Phase 4: Compact heap
[2020-10-28T10:45:28.978+0800][1.581s][3212][9748 ][info][gc,phases      ] GC(112) Phase 4: Compact heap 5.227ms
[2020-10-28T10:45:28.979+0800][1.581s][3212][9748 ][info][gc,heap        ] GC(112) Eden regions: 0->0(6)
[2020-10-28T10:45:28.979+0800][1.582s][3212][9748 ][info][gc,heap        ] GC(112) Survivor regions: 0->0(1)
[2020-10-28T10:45:28.979+0800][1.582s][3212][9748 ][info][gc,heap        ] GC(112) Old regions: 86->85
[2020-10-28T10:45:28.979+0800][1.582s][3212][9748 ][info][gc,heap        ] GC(112) Humongous regions: 42->41
[2020-10-28T10:45:28.979+0800][1.582s][3212][9748 ][info][gc,metaspace   ] GC(112) Metaspace: 16351K->16351K(1064960K)
[2020-10-28T10:45:28.979+0800][1.582s][3212][9748 ][info][gc             ] GC(112) Pause Full (G1 Evacuation Pause) 121M->119M(128M) 13.475ms
[2020-10-28T10:45:28.980+0800][1.582s][3212][9748 ][info][gc,cpu         ] GC(112) User=0.05s Sys=0.00s Real=0.01s
[2020-10-28T10:45:28.980+0800][1.582s][3212][9748 ][info][gc,start       ] GC(113) Pause Young (Concurrent Start) (G1 Humongous Allocation)
[2020-10-28T10:45:28.980+0800][1.583s][3212][9748 ][info][gc,task        ] GC(113) Using 3 workers of 8 for evacuation
[2020-10-28T10:45:28.980+0800][1.583s][3212][9748 ][info][gc,phases      ] GC(113)   Pre Evacuate Collection Set: 0.0ms
[2020-10-28T10:45:28.980+0800][1.583s][3212][9748 ][info][gc,phases      ] GC(113)   Evacuate Collection Set: 0.2ms
[2020-10-28T10:45:28.980+0800][1.583s][3212][9748 ][info][gc,phases      ] GC(113)   Post Evacuate Collection Set: 0.1ms
[2020-10-28T10:45:28.981+0800][1.583s][3212][9748 ][info][gc,phases      ] GC(113)   Other: 0.1ms
[2020-10-28T10:45:28.981+0800][1.583s][3212][9748 ][info][gc,heap        ] GC(113) Eden regions: 1->0(5)
[2020-10-28T10:45:28.981+0800][1.583s][3212][9748 ][info][gc,heap        ] GC(113) Survivor regions: 0->1(1)
[2020-10-28T10:45:28.981+0800][1.583s][3212][9748 ][info][gc,heap        ] GC(113) Old regions: 85->85
[2020-10-28T10:45:28.981+0800][1.583s][3212][9748 ][info][gc,heap        ] GC(113) Humongous regions: 41->41
[2020-10-28T10:45:28.981+0800][1.583s][3212][9748 ][info][gc,metaspace   ] GC(113) Metaspace: 16351K->16351K(1064960K)
[2020-10-28T10:45:28.981+0800][1.583s][3212][9748 ][info][gc             ] GC(113) Pause Young (Concurrent Start) (G1 Humongous Allocation) 120M->119M(128M) 0.743ms
[2020-10-28T10:45:28.981+0800][1.584s][3212][9748 ][info][gc,cpu         ] GC(113) User=0.00s Sys=0.00s Real=0.00s
[2020-10-28T10:45:28.981+0800][1.584s][3212][13364][info][gc             ] GC(114) Concurrent Cycle
[2020-10-28T10:45:28.981+0800][1.584s][3212][13364][info][gc,marking     ] GC(114) Concurrent Clear Claimed Marks
[2020-10-28T10:45:28.982+0800][1.584s][3212][13364][info][gc,marking     ] GC(114) Concurrent Clear Claimed Marks 0.080ms
[2020-10-28T10:45:28.982+0800][1.584s][3212][13364][info][gc,marking     ] GC(114) Concurrent Scan Root Regions
[2020-10-28T10:45:28.982+0800][1.584s][3212][13364][info][gc,marking     ] GC(114) Concurrent Scan Root Regions 0.095ms
[2020-10-28T10:45:28.982+0800][1.584s][3212][9748 ][info][gc,start       ] GC(115) Pause Young (Normal) (G1 Evacuation Pause)
[2020-10-28T10:45:28.982+0800][1.584s][3212][13364][info][gc,marking     ] GC(114) Concurrent Mark (1.584s)
[2020-10-28T10:45:28.982+0800][1.584s][3212][9748 ][info][gc,task        ] GC(115) Using 3 workers of 8 for evacuation
[2020-10-28T10:45:28.982+0800][1.584s][3212][13364][info][gc,marking     ] GC(114) Concurrent Mark From Roots
[2020-10-28T10:45:28.982+0800][1.584s][3212][13364][info][gc,task        ] GC(114) Using 2 workers of 2 for marking
[2020-10-28T10:45:28.982+0800][1.585s][3212][9748 ][info][gc             ] GC(115) To-space exhausted
[2020-10-28T10:45:28.983+0800][1.586s][3212][9748 ][info][gc,phases      ] GC(115)   Pre Evacuate Collection Set: 0.4ms
[2020-10-28T10:45:28.983+0800][1.586s][3212][9748 ][info][gc,phases      ] GC(115)   Evacuate Collection Set: 0.2ms
[2020-10-28T10:45:28.983+0800][1.586s][3212][9748 ][info][gc,phases      ] GC(115)   Post Evacuate Collection Set: 0.3ms
[2020-10-28T10:45:28.983+0800][1.586s][3212][9748 ][info][gc,phases      ] GC(115)   Other: 1.0ms
[2020-10-28T10:45:28.983+0800][1.586s][3212][9748 ][info][gc,heap        ] GC(115) Eden regions: 0->0(6)
[2020-10-28T10:45:28.983+0800][1.586s][3212][9748 ][info][gc,heap        ] GC(115) Survivor regions: 1->0(1)
[2020-10-28T10:45:28.983+0800][1.586s][3212][9748 ][info][gc,heap        ] GC(115) Old regions: 85->86
[2020-10-28T10:45:28.983+0800][1.586s][3212][9748 ][info][gc,heap        ] GC(115) Humongous regions: 42->41
[2020-10-28T10:45:28.983+0800][1.586s][3212][9748 ][info][gc,metaspace   ] GC(115) Metaspace: 16351K->16351K(1064960K)
[2020-10-28T10:45:28.983+0800][1.586s][3212][9748 ][info][gc             ] GC(115) Pause Young (Normal) (G1 Evacuation Pause) 120M->119M(128M) 1.786ms
[2020-10-28T10:45:28.984+0800][1.587s][3212][9748 ][info][gc,cpu         ] GC(115) User=0.02s Sys=0.00s Real=0.00s
[2020-10-28T10:45:28.985+0800][1.587s][3212][9748 ][info][gc,start       ] GC(116) Pause Young (Normal) (G1 Humongous Allocation)
[2020-10-28T10:45:28.985+0800][1.587s][3212][9748 ][info][gc,task        ] GC(116) Using 3 workers of 8 for evacuation
[2020-10-28T10:45:28.985+0800][1.588s][3212][9748 ][info][gc             ] GC(116) To-space exhausted
[2020-10-28T10:45:28.986+0800][1.588s][3212][9748 ][info][gc,phases      ] GC(116)   Pre Evacuate Collection Set: 0.0ms
[2020-10-28T10:45:28.986+0800][1.588s][3212][9748 ][info][gc,phases      ] GC(116)   Evacuate Collection Set: 0.3ms
[2020-10-28T10:45:28.986+0800][1.588s][3212][9748 ][info][gc,phases      ] GC(116)   Post Evacuate Collection Set: 0.3ms
[2020-10-28T10:45:28.986+0800][1.588s][3212][9748 ][info][gc,phases      ] GC(116)   Other: 0.8ms
[2020-10-28T10:45:28.986+0800][1.589s][3212][9748 ][info][gc,heap        ] GC(116) Eden regions: 1->0(6)
[2020-10-28T10:45:28.986+0800][1.589s][3212][9748 ][info][gc,heap        ] GC(116) Survivor regions: 0->0(1)
[2020-10-28T10:45:28.986+0800][1.589s][3212][9748 ][info][gc,heap        ] GC(116) Old regions: 86->87
[2020-10-28T10:45:28.986+0800][1.589s][3212][9748 ][info][gc,heap        ] GC(116) Humongous regions: 41->41
[2020-10-28T10:45:28.986+0800][1.589s][3212][9748 ][info][gc,metaspace   ] GC(116) Metaspace: 16351K->16351K(1064960K)
[2020-10-28T10:45:28.986+0800][1.589s][3212][9748 ][info][gc             ] GC(116) Pause Young (Normal) (G1 Humongous Allocation) 120M->120M(128M) 1.595ms
[2020-10-28T10:45:28.986+0800][1.589s][3212][9748 ][info][gc,cpu         ] GC(116) User=0.00s Sys=0.00s Real=0.00s
[2020-10-28T10:45:28.986+0800][1.589s][3212][9748 ][info][gc,task        ] GC(117) Using 3 workers of 8 for full compaction
[2020-10-28T10:45:28.987+0800][1.589s][3212][9748 ][info][gc,start       ] GC(117) Pause Full (G1 Humongous Allocation)
[2020-10-28T10:45:28.987+0800][1.589s][3212][9748 ][info][gc,phases,start] GC(117) Phase 1: Mark live objects
[2020-10-28T10:45:28.989+0800][1.592s][3212][9748 ][info][gc,stringtable ] GC(117) Cleaned string and symbol table, strings: 6183 processed, 0 removed, symbols: 52175 processed, 0 removed
[2020-10-28T10:45:28.989+0800][1.592s][3212][9748 ][info][gc,phases      ] GC(117) Phase 1: Mark live objects 2.711ms
[2020-10-28T10:45:28.989+0800][1.592s][3212][9748 ][info][gc,phases,start] GC(117) Phase 2: Prepare for compaction
[2020-10-28T10:45:28.990+0800][1.592s][3212][9748 ][info][gc,phases      ] GC(117) Phase 2: Prepare for compaction 0.596ms
[2020-10-28T10:45:28.990+0800][1.593s][3212][9748 ][info][gc,phases,start] GC(117) Phase 3: Adjust pointers
[2020-10-28T10:45:28.991+0800][1.594s][3212][9748 ][info][gc,phases      ] GC(117) Phase 3: Adjust pointers 1.303ms
[2020-10-28T10:45:28.991+0800][1.594s][3212][9748 ][info][gc,phases,start] GC(117) Phase 4: Compact heap
[2020-10-28T10:45:28.994+0800][1.596s][3212][9748 ][info][gc,phases      ] GC(117) Phase 4: Compact heap 2.071ms
[2020-10-28T10:45:28.995+0800][1.598s][3212][9748 ][info][gc,heap        ] GC(117) Eden regions: 0->0(6)
[2020-10-28T10:45:28.996+0800][1.598s][3212][9748 ][info][gc,heap        ] GC(117) Survivor regions: 0->0(1)
[2020-10-28T10:45:28.996+0800][1.598s][3212][9748 ][info][gc,heap        ] GC(117) Old regions: 87->86
[2020-10-28T10:45:28.996+0800][1.598s][3212][9748 ][info][gc,heap        ] GC(117) Humongous regions: 41->41
[2020-10-28T10:45:28.996+0800][1.598s][3212][9748 ][info][gc,metaspace   ] GC(117) Metaspace: 16351K->16351K(1064960K)
[2020-10-28T10:45:28.996+0800][1.598s][3212][9748 ][info][gc             ] GC(117) Pause Full (G1 Humongous Allocation) 120M->119M(128M) 9.047ms
[2020-10-28T10:45:28.996+0800][1.599s][3212][9748 ][info][gc,cpu         ] GC(117) User=0.00s Sys=0.00s Real=0.01s
[2020-10-28T10:45:28.996+0800][1.599s][3212][13364][info][gc,marking     ] GC(114) Concurrent Mark From Roots 14.584ms
[2020-10-28T10:45:28.997+0800][1.599s][3212][9748 ][info][gc,start       ] GC(118) Pause Young (Normal) (G1 Evacuation Pause)
[2020-10-28T10:45:28.997+0800][1.599s][3212][9748 ][info][gc,task        ] GC(118) Using 3 workers of 8 for evacuation
[2020-10-28T10:45:28.997+0800][1.599s][3212][9748 ][info][gc,phases      ] GC(118)   Pre Evacuate Collection Set: 0.0ms
[2020-10-28T10:45:28.997+0800][1.599s][3212][9748 ][info][gc,phases      ] GC(118)   Evacuate Collection Set: 0.1ms
[2020-10-28T10:45:28.997+0800][1.599s][3212][9748 ][info][gc,phases      ] GC(118)   Post Evacuate Collection Set: 0.1ms
[2020-10-28T10:45:28.997+0800][1.599s][3212][9748 ][info][gc,phases      ] GC(118)   Other: 0.1ms
[2020-10-28T10:45:28.997+0800][1.599s][3212][9748 ][info][gc,heap        ] GC(118) Eden regions: 0->0(6)
[2020-10-28T10:45:28.997+0800][1.599s][3212][9748 ][info][gc,heap        ] GC(118) Survivor regions: 0->0(1)
[2020-10-28T10:45:28.997+0800][1.599s][3212][9748 ][info][gc,heap        ] GC(118) Old regions: 86->86
[2020-10-28T10:45:28.997+0800][1.599s][3212][9748 ][info][gc,heap        ] GC(118) Humongous regions: 42->41
[2020-10-28T10:45:28.997+0800][1.600s][3212][9748 ][info][gc,metaspace   ] GC(118) Metaspace: 16351K->16351K(1064960K)
[2020-10-28T10:45:28.997+0800][1.600s][3212][9748 ][info][gc             ] GC(118) Pause Young (Normal) (G1 Evacuation Pause) 120M->119M(128M) 0.588ms
[2020-10-28T10:45:28.998+0800][1.600s][3212][9748 ][info][gc,cpu         ] GC(118) User=0.00s Sys=0.00s Real=0.00s
[2020-10-28T10:45:28.998+0800][1.600s][3212][13364][info][gc,marking     ] GC(114) Concurrent Mark Abort
[2020-10-28T10:45:28.998+0800][1.600s][3212][13364][info][gc             ] GC(114) Concurrent Cycle 16.545ms
[2020-10-28T10:45:28.998+0800][1.600s][3212][9748 ][info][gc,start       ] GC(119) Pause Young (Normal) (G1 Evacuation Pause)
[2020-10-28T10:45:28.998+0800][1.600s][3212][9748 ][info][gc,task        ] GC(119) Using 3 workers of 8 for evacuation
[2020-10-28T10:45:28.998+0800][1.601s][3212][9748 ][info][gc             ] GC(119) To-space exhausted
[2020-10-28T10:45:28.999+0800][1.602s][3212][9748 ][info][gc,phases      ] GC(119)   Pre Evacuate Collection Set: 0.0ms
[2020-10-28T10:45:28.999+0800][1.602s][3212][9748 ][info][gc,phases      ] GC(119)   Evacuate Collection Set: 0.1ms
[2020-10-28T10:45:28.999+0800][1.602s][3212][9748 ][info][gc,phases      ] GC(119)   Post Evacuate Collection Set: 0.4ms
[2020-10-28T10:45:28.999+0800][1.602s][3212][9748 ][info][gc,phases      ] GC(119)   Other: 0.8ms
[2020-10-28T10:45:28.999+0800][1.602s][3212][9748 ][info][gc,heap        ] GC(119) Eden regions: 1->0(6)
[2020-10-28T10:45:28.999+0800][1.602s][3212][9748 ][info][gc,heap        ] GC(119) Survivor regions: 0->0(1)
[2020-10-28T10:45:28.999+0800][1.602s][3212][9748 ][info][gc,heap        ] GC(119) Old regions: 86->87
[2020-10-28T10:45:28.999+0800][1.602s][3212][9748 ][info][gc,heap        ] GC(119) Humongous regions: 41->41
[2020-10-28T10:45:28.999+0800][1.602s][3212][9748 ][info][gc,metaspace   ] GC(119) Metaspace: 16351K->16351K(1064960K)
[2020-10-28T10:45:29.000+0800][1.602s][3212][9748 ][info][gc             ] GC(119) Pause Young (Normal) (G1 Evacuation Pause) 120M->120M(128M) 1.627ms
[2020-10-28T10:45:29.000+0800][1.602s][3212][9748 ][info][gc,cpu         ] GC(119) User=0.02s Sys=0.00s Real=0.00s
[2020-10-28T10:45:29.000+0800][1.603s][3212][9748 ][info][gc,task        ] GC(120) Using 3 workers of 8 for full compaction
[2020-10-28T10:45:29.000+0800][1.603s][3212][9748 ][info][gc,start       ] GC(120) Pause Full (G1 Evacuation Pause)
[2020-10-28T10:45:29.000+0800][1.603s][3212][9748 ][info][gc,phases,start] GC(120) Phase 1: Mark live objects
[2020-10-28T10:45:29.004+0800][1.607s][3212][9748 ][info][gc,stringtable ] GC(120) Cleaned string and symbol table, strings: 6183 processed, 0 removed, symbols: 52175 processed, 0 removed
[2020-10-28T10:45:29.004+0800][1.607s][3212][9748 ][info][gc,phases      ] GC(120) Phase 1: Mark live objects 3.775ms
[2020-10-28T10:45:29.004+0800][1.607s][3212][9748 ][info][gc,phases,start] GC(120) Phase 2: Prepare for compaction
[2020-10-28T10:45:29.005+0800][1.607s][3212][9748 ][info][gc,phases      ] GC(120) Phase 2: Prepare for compaction 0.490ms
[2020-10-28T10:45:29.005+0800][1.607s][3212][9748 ][info][gc,phases,start] GC(120) Phase 3: Adjust pointers
[2020-10-28T10:45:29.006+0800][1.608s][3212][9748 ][info][gc,phases      ] GC(120) Phase 3: Adjust pointers 1.219ms
[2020-10-28T10:45:29.006+0800][1.608s][3212][9748 ][info][gc,phases,start] GC(120) Phase 4: Compact heap
[2020-10-28T10:45:29.007+0800][1.609s][3212][9748 ][info][gc,phases      ] GC(120) Phase 4: Compact heap 0.663ms
[2020-10-28T10:45:29.008+0800][1.611s][3212][9748 ][info][gc,heap        ] GC(120) Eden regions: 0->0(6)
[2020-10-28T10:45:29.008+0800][1.611s][3212][9748 ][info][gc,heap        ] GC(120) Survivor regions: 0->0(1)
[2020-10-28T10:45:29.008+0800][1.611s][3212][9748 ][info][gc,heap        ] GC(120) Old regions: 87->86
[2020-10-28T10:45:29.009+0800][1.611s][3212][9748 ][info][gc,heap        ] GC(120) Humongous regions: 41->41
[2020-10-28T10:45:29.009+0800][1.611s][3212][9748 ][info][gc,metaspace   ] GC(120) Metaspace: 16351K->16351K(1064960K)
[2020-10-28T10:45:29.009+0800][1.611s][3212][9748 ][info][gc             ] GC(120) Pause Full (G1 Evacuation Pause) 120M->119M(128M) 8.304ms
[2020-10-28T10:45:29.010+0800][1.612s][3212][9748 ][info][gc,cpu         ] GC(120) User=0.00s Sys=0.00s Real=0.01s
[2020-10-28T10:45:29.011+0800][1.612s][3212][9748 ][info][gc,start       ] GC(121) Pause Young (Concurrent Start) (G1 Humongous Allocation)
[2020-10-28T10:45:29.011+0800][1.612s][3212][9748 ][info][gc,task        ] GC(121) Using 3 workers of 8 for evacuation
[2020-10-28T10:45:29.011+0800][1.613s][3212][9748 ][info][gc,phases      ] GC(121)   Pre Evacuate Collection Set: 0.0ms
[2020-10-28T10:45:29.011+0800][1.613s][3212][9748 ][info][gc,phases      ] GC(121)   Evacuate Collection Set: 0.2ms
[2020-10-28T10:45:29.011+0800][1.613s][3212][9748 ][info][gc,phases      ] GC(121)   Post Evacuate Collection Set: 0.2ms
[2020-10-28T10:45:29.011+0800][1.613s][3212][9748 ][info][gc,phases      ] GC(121)   Other: 0.1ms
[2020-10-28T10:45:29.011+0800][1.613s][3212][9748 ][info][gc,heap        ] GC(121) Eden regions: 1->0(6)
[2020-10-28T10:45:29.011+0800][1.613s][3212][9748 ][info][gc,heap        ] GC(121) Survivor regions: 0->0(1)
[2020-10-28T10:45:29.011+0800][1.613s][3212][9748 ][info][gc,heap        ] GC(121) Old regions: 86->86
[2020-10-28T10:45:29.011+0800][1.613s][3212][9748 ][info][gc,heap        ] GC(121) Humongous regions: 41->41
[2020-10-28T10:45:29.011+0800][1.613s][3212][9748 ][info][gc,metaspace   ] GC(121) Metaspace: 16351K->16351K(1064960K)
[2020-10-28T10:45:29.011+0800][1.613s][3212][9748 ][info][gc             ] GC(121) Pause Young (Concurrent Start) (G1 Humongous Allocation) 120M->119M(128M) 0.710ms
[2020-10-28T10:45:29.011+0800][1.613s][3212][9748 ][info][gc,cpu         ] GC(121) User=0.00s Sys=0.00s Real=0.00s
[2020-10-28T10:45:29.011+0800][1.613s][3212][13364][info][gc             ] GC(122) Concurrent Cycle
[2020-10-28T10:45:29.011+0800][1.614s][3212][9748 ][info][gc,start       ] GC(123) Pause Young (Normal) (G1 Evacuation Pause)
[2020-10-28T10:45:29.011+0800][1.614s][3212][9748 ][info][gc,task        ] GC(123) Using 3 workers of 8 for evacuation
[2020-10-28T10:45:29.011+0800][1.614s][3212][13364][info][gc,marking     ] GC(122) Concurrent Clear Claimed Marks
[2020-10-28T10:45:29.011+0800][1.614s][3212][9748 ][info][gc,phases      ] GC(123)   Pre Evacuate Collection Set: 0.0ms
[2020-10-28T10:45:29.011+0800][1.614s][3212][13364][info][gc,marking     ] GC(122) Concurrent Clear Claimed Marks 0.039ms
[2020-10-28T10:45:29.011+0800][1.614s][3212][9748 ][info][gc,phases      ] GC(123)   Evacuate Collection Set: 0.1ms
[2020-10-28T10:45:29.012+0800][1.614s][3212][13364][info][gc,marking     ] GC(122) Concurrent Scan Root Regions
[2020-10-28T10:45:29.012+0800][1.614s][3212][9748 ][info][gc,phases      ] GC(123)   Post Evacuate Collection Set: 0.1ms
[2020-10-28T10:45:29.012+0800][1.614s][3212][13364][info][gc,marking     ] GC(122) Concurrent Scan Root Regions 0.102ms
[2020-10-28T10:45:29.012+0800][1.614s][3212][9748 ][info][gc,phases      ] GC(123)   Other: 0.1ms
[2020-10-28T10:45:29.012+0800][1.614s][3212][13364][info][gc,marking     ] GC(122) Concurrent Mark (1.614s)
[2020-10-28T10:45:29.012+0800][1.614s][3212][9748 ][info][gc,heap        ] GC(123) Eden regions: 0->0(6)
[2020-10-28T10:45:29.012+0800][1.614s][3212][13364][info][gc,marking     ] GC(122) Concurrent Mark From Roots
[2020-10-28T10:45:29.012+0800][1.614s][3212][9748 ][info][gc,heap        ] GC(123) Survivor regions: 0->0(1)
[2020-10-28T10:45:29.012+0800][1.614s][3212][13364][info][gc,task        ] GC(122) Using 2 workers of 2 for marking
[2020-10-28T10:45:29.012+0800][1.614s][3212][9748 ][info][gc,heap        ] GC(123) Old regions: 86->86
[2020-10-28T10:45:29.012+0800][1.614s][3212][9748 ][info][gc,heap        ] GC(123) Humongous regions: 42->41
[2020-10-28T10:45:29.012+0800][1.614s][3212][9748 ][info][gc,metaspace   ] GC(123) Metaspace: 16351K->16351K(1064960K)
[2020-10-28T10:45:29.012+0800][1.615s][3212][9748 ][info][gc             ] GC(123) Pause Young (Normal) (G1 Evacuation Pause) 120M->119M(128M) 0.932ms
[2020-10-28T10:45:29.012+0800][1.615s][3212][9748 ][info][gc,cpu         ] GC(123) User=0.00s Sys=0.00s Real=0.00s
[2020-10-28T10:45:29.013+0800][1.615s][3212][9748 ][info][gc,start       ] GC(124) Pause Young (Normal) (G1 Evacuation Pause)
[2020-10-28T10:45:29.013+0800][1.615s][3212][9748 ][info][gc,task        ] GC(124) Using 3 workers of 8 for evacuation
[2020-10-28T10:45:29.013+0800][1.615s][3212][9748 ][info][gc             ] GC(124) To-space exhausted
[2020-10-28T10:45:29.013+0800][1.616s][3212][9748 ][info][gc,phases      ] GC(124)   Pre Evacuate Collection Set: 0.0ms
[2020-10-28T10:45:29.013+0800][1.616s][3212][9748 ][info][gc,phases      ] GC(124)   Evacuate Collection Set: 0.1ms
[2020-10-28T10:45:29.013+0800][1.616s][3212][9748 ][info][gc,phases      ] GC(124)   Post Evacuate Collection Set: 0.2ms
[2020-10-28T10:45:29.014+0800][1.616s][3212][9748 ][info][gc,phases      ] GC(124)   Other: 0.6ms
[2020-10-28T10:45:29.014+0800][1.616s][3212][9748 ][info][gc,heap        ] GC(124) Eden regions: 1->0(6)
[2020-10-28T10:45:29.014+0800][1.616s][3212][9748 ][info][gc,heap        ] GC(124) Survivor regions: 0->0(1)
[2020-10-28T10:45:29.014+0800][1.616s][3212][9748 ][info][gc,heap        ] GC(124) Old regions: 86->87
[2020-10-28T10:45:29.014+0800][1.616s][3212][9748 ][info][gc,heap        ] GC(124) Humongous regions: 41->41
[2020-10-28T10:45:29.014+0800][1.616s][3212][9748 ][info][gc,metaspace   ] GC(124) Metaspace: 16351K->16351K(1064960K)
[2020-10-28T10:45:29.014+0800][1.616s][3212][9748 ][info][gc             ] GC(124) Pause Young (Normal) (G1 Evacuation Pause) 120M->120M(128M) 0.994ms
[2020-10-28T10:45:29.014+0800][1.616s][3212][9748 ][info][gc,cpu         ] GC(124) User=0.00s Sys=0.00s Real=0.00s
[2020-10-28T10:45:29.014+0800][1.616s][3212][9748 ][info][gc,task        ] GC(125) Using 3 workers of 8 for full compaction
[2020-10-28T10:45:29.014+0800][1.617s][3212][9748 ][info][gc,start       ] GC(125) Pause Full (G1 Evacuation Pause)
[2020-10-28T10:45:29.014+0800][1.617s][3212][9748 ][info][gc,phases,start] GC(125) Phase 1: Mark live objects
[2020-10-28T10:45:29.019+0800][1.622s][3212][9748 ][info][gc,stringtable ] GC(125) Cleaned string and symbol table, strings: 6183 processed, 0 removed, symbols: 52175 processed, 0 removed
[2020-10-28T10:45:29.019+0800][1.622s][3212][9748 ][info][gc,phases      ] GC(125) Phase 1: Mark live objects 4.992ms
[2020-10-28T10:45:29.019+0800][1.622s][3212][9748 ][info][gc,phases,start] GC(125) Phase 2: Prepare for compaction
[2020-10-28T10:45:29.020+0800][1.622s][3212][9748 ][info][gc,phases      ] GC(125) Phase 2: Prepare for compaction 0.509ms
[2020-10-28T10:45:29.020+0800][1.622s][3212][9748 ][info][gc,phases,start] GC(125) Phase 3: Adjust pointers
[2020-10-28T10:45:29.021+0800][1.623s][3212][9748 ][info][gc,phases      ] GC(125) Phase 3: Adjust pointers 1.214ms
[2020-10-28T10:45:29.021+0800][1.624s][3212][9748 ][info][gc,phases,start] GC(125) Phase 4: Compact heap
[2020-10-28T10:45:29.022+0800][1.624s][3212][9748 ][info][gc,phases      ] GC(125) Phase 4: Compact heap 0.767ms
[2020-10-28T10:45:29.023+0800][1.625s][3212][9748 ][info][gc,heap        ] GC(125) Eden regions: 0->0(6)
[2020-10-28T10:45:29.023+0800][1.625s][3212][9748 ][info][gc,heap        ] GC(125) Survivor regions: 0->0(1)
[2020-10-28T10:45:29.023+0800][1.625s][3212][9748 ][info][gc,heap        ] GC(125) Old regions: 87->86
[2020-10-28T10:45:29.023+0800][1.625s][3212][9748 ][info][gc,heap        ] GC(125) Humongous regions: 41->41
[2020-10-28T10:45:29.023+0800][1.625s][3212][9748 ][info][gc,metaspace   ] GC(125) Metaspace: 16351K->16351K(1064960K)
[2020-10-28T10:45:29.023+0800][1.625s][3212][9748 ][info][gc             ] GC(125) Pause Full (G1 Evacuation Pause) 120M->120M(128M) 8.846ms
[2020-10-28T10:45:29.024+0800][1.626s][3212][9748 ][info][gc,cpu         ] GC(125) User=0.05s Sys=0.00s Real=0.01s
[2020-10-28T10:45:29.024+0800][1.626s][3212][13364][info][gc,marking     ] GC(122) Concurrent Mark From Roots 11.890ms
[2020-10-28T10:45:29.024+0800][1.626s][3212][13364][info][gc,marking     ] GC(122) Concurrent Mark Abort
[2020-10-28T10:45:29.024+0800][1.626s][3212][13364][info][gc             ] GC(122) Concurrent Cycle 12.755ms
[2020-10-28T10:45:29.024+0800][1.626s][3212][9748 ][info][gc,start       ] GC(126) Pause Young (Normal) (G1 Humongous Allocation)
[2020-10-28T10:45:29.024+0800][1.626s][3212][9748 ][info][gc,task        ] GC(126) Using 3 workers of 8 for evacuation
[2020-10-28T10:45:29.024+0800][1.627s][3212][9748 ][info][gc,phases      ] GC(126)   Pre Evacuate Collection Set: 0.0ms
[2020-10-28T10:45:29.024+0800][1.627s][3212][9748 ][info][gc,phases      ] GC(126)   Evacuate Collection Set: 0.1ms
[2020-10-28T10:45:29.024+0800][1.627s][3212][9748 ][info][gc,phases      ] GC(126)   Post Evacuate Collection Set: 0.1ms
[2020-10-28T10:45:29.024+0800][1.627s][3212][9748 ][info][gc,phases      ] GC(126)   Other: 0.1ms
[2020-10-28T10:45:29.024+0800][1.627s][3212][9748 ][info][gc,heap        ] GC(126) Eden regions: 1->0(6)
[2020-10-28T10:45:29.024+0800][1.627s][3212][9748 ][info][gc,heap        ] GC(126) Survivor regions: 0->0(1)
[2020-10-28T10:45:29.024+0800][1.627s][3212][9748 ][info][gc,heap        ] GC(126) Old regions: 86->86
[2020-10-28T10:45:29.024+0800][1.627s][3212][9748 ][info][gc,heap        ] GC(126) Humongous regions: 41->41
[2020-10-28T10:45:29.024+0800][1.627s][3212][9748 ][info][gc,metaspace   ] GC(126) Metaspace: 16351K->16351K(1064960K)
[2020-10-28T10:45:29.024+0800][1.627s][3212][9748 ][info][gc             ] GC(126) Pause Young (Normal) (G1 Humongous Allocation) 120M->120M(128M) 0.485ms
[2020-10-28T10:45:29.025+0800][1.627s][3212][9748 ][info][gc,cpu         ] GC(126) User=0.00s Sys=0.00s Real=0.00s
[2020-10-28T10:45:29.025+0800][1.628s][3212][9748 ][info][gc,start       ] GC(127) Pause Young (Concurrent Start) (G1 Evacuation Pause)
[2020-10-28T10:45:29.025+0800][1.628s][3212][9748 ][info][gc,task        ] GC(127) Using 3 workers of 8 for evacuation
[2020-10-28T10:45:29.026+0800][1.629s][3212][9748 ][info][gc,phases      ] GC(127)   Pre Evacuate Collection Set: 0.1ms
[2020-10-28T10:45:29.026+0800][1.629s][3212][9748 ][info][gc,phases      ] GC(127)   Evacuate Collection Set: 0.3ms
[2020-10-28T10:45:29.026+0800][1.629s][3212][9748 ][info][gc,phases      ] GC(127)   Post Evacuate Collection Set: 0.3ms
[2020-10-28T10:45:29.026+0800][1.629s][3212][9748 ][info][gc,phases      ] GC(127)   Other: 0.3ms
[2020-10-28T10:45:29.026+0800][1.629s][3212][9748 ][info][gc,heap        ] GC(127) Eden regions: 0->0(6)
[2020-10-28T10:45:29.026+0800][1.629s][3212][9748 ][info][gc,heap        ] GC(127) Survivor regions: 0->0(1)
[2020-10-28T10:45:29.026+0800][1.629s][3212][9748 ][info][gc,heap        ] GC(127) Old regions: 86->86
[2020-10-28T10:45:29.026+0800][1.629s][3212][9748 ][info][gc,heap        ] GC(127) Humongous regions: 42->42
[2020-10-28T10:45:29.027+0800][1.629s][3212][9748 ][info][gc,metaspace   ] GC(127) Metaspace: 16351K->16351K(1064960K)
[2020-10-28T10:45:29.027+0800][1.629s][3212][9748 ][info][gc             ] GC(127) Pause Young (Concurrent Start) (G1 Evacuation Pause) 121M->121M(128M) 1.266ms
[2020-10-28T10:45:29.027+0800][1.630s][3212][9748 ][info][gc,cpu         ] GC(127) User=0.00s Sys=0.00s Real=0.00s
[2020-10-28T10:45:29.027+0800][1.630s][3212][9748 ][info][gc,task        ] GC(128) Using 3 workers of 8 for full compaction
[2020-10-28T10:45:29.027+0800][1.630s][3212][13364][info][gc             ] GC(129) Concurrent Cycle
[2020-10-28T10:45:29.027+0800][1.630s][3212][9748 ][info][gc,start       ] GC(128) Pause Full (G1 Evacuation Pause)
[2020-10-28T10:45:29.028+0800][1.630s][3212][9748 ][info][gc,phases,start] GC(128) Phase 1: Mark live objects
[2020-10-28T10:45:29.028+0800][1.631s][3212][13364][info][gc,marking     ] GC(129) Concurrent Clear Claimed Marks
[2020-10-28T10:45:29.028+0800][1.631s][3212][13364][info][gc,marking     ] GC(129) Concurrent Clear Claimed Marks 0.044ms
[2020-10-28T10:45:29.028+0800][1.631s][3212][13364][info][gc,marking     ] GC(129) Concurrent Scan Root Regions
[2020-10-28T10:45:29.028+0800][1.631s][3212][13364][info][gc,marking     ] GC(129) Concurrent Scan Root Regions 0.026ms
[2020-10-28T10:45:29.028+0800][1.631s][3212][13364][info][gc,marking     ] GC(129) Concurrent Mark (1.631s)
[2020-10-28T10:45:29.032+0800][1.635s][3212][9748 ][info][gc,stringtable ] GC(128) Cleaned string and symbol table, strings: 6183 processed, 0 removed, symbols: 52175 processed, 0 removed
[2020-10-28T10:45:29.032+0800][1.635s][3212][9748 ][info][gc,phases      ] GC(128) Phase 1: Mark live objects 4.462ms
[2020-10-28T10:45:29.032+0800][1.635s][3212][9748 ][info][gc,phases,start] GC(128) Phase 2: Prepare for compaction
[2020-10-28T10:45:29.035+0800][1.637s][3212][9748 ][info][gc,phases      ] GC(128) Phase 2: Prepare for compaction 2.162ms
[2020-10-28T10:45:29.035+0800][1.637s][3212][9748 ][info][gc,phases,start] GC(128) Phase 3: Adjust pointers
[2020-10-28T10:45:29.036+0800][1.638s][3212][9748 ][info][gc,phases      ] GC(128) Phase 3: Adjust pointers 1.255ms
[2020-10-28T10:45:29.036+0800][1.638s][3212][9748 ][info][gc,phases,start] GC(128) Phase 4: Compact heap
[2020-10-28T10:45:29.037+0800][1.639s][3212][9748 ][info][gc,phases      ] GC(128) Phase 4: Compact heap 0.740ms
[2020-10-28T10:45:29.038+0800][1.640s][3212][9748 ][info][gc,heap        ] GC(128) Eden regions: 0->0(6)
[2020-10-28T10:45:29.038+0800][1.640s][3212][9748 ][info][gc,heap        ] GC(128) Survivor regions: 0->0(1)
[2020-10-28T10:45:29.038+0800][1.640s][3212][9748 ][info][gc,heap        ] GC(128) Old regions: 86->86
[2020-10-28T10:45:29.038+0800][1.640s][3212][9748 ][info][gc,heap        ] GC(128) Humongous regions: 42->42
[2020-10-28T10:45:29.038+0800][1.640s][3212][9748 ][info][gc,metaspace   ] GC(128) Metaspace: 16351K->16351K(1064960K)
[2020-10-28T10:45:29.038+0800][1.640s][3212][9748 ][info][gc             ] GC(128) Pause Full (G1 Evacuation Pause) 121M->121M(128M) 10.394ms
[2020-10-28T10:45:29.038+0800][1.641s][3212][9748 ][info][gc,cpu         ] GC(128) User=0.05s Sys=0.00s Real=0.01s
[2020-10-28T10:45:29.038+0800][1.641s][3212][9748 ][info][gc,task        ] GC(130) Using 3 workers of 8 for full compaction
[2020-10-28T10:45:29.038+0800][1.641s][3212][9748 ][info][gc,start       ] GC(130) Pause Full (G1 Evacuation Pause)
[2020-10-28T10:45:29.039+0800][1.641s][3212][9748 ][info][gc,phases,start] GC(130) Phase 1: Mark live objects
[2020-10-28T10:45:29.044+0800][1.646s][3212][9748 ][info][gc,stringtable ] GC(130) Cleaned string and symbol table, strings: 6183 processed, 0 removed, symbols: 52175 processed, 0 removed
[2020-10-28T10:45:29.044+0800][1.646s][3212][9748 ][info][gc,phases      ] GC(130) Phase 1: Mark live objects 5.009ms
[2020-10-28T10:45:29.044+0800][1.646s][3212][9748 ][info][gc,phases,start] GC(130) Phase 2: Prepare for compaction
[2020-10-28T10:45:29.044+0800][1.647s][3212][9748 ][info][gc,phases      ] GC(130) Phase 2: Prepare for compaction 0.543ms
[2020-10-28T10:45:29.044+0800][1.647s][3212][9748 ][info][gc,phases,start] GC(130) Phase 3: Adjust pointers
[2020-10-28T10:45:29.046+0800][1.648s][3212][9748 ][info][gc,phases      ] GC(130) Phase 3: Adjust pointers 1.665ms
[2020-10-28T10:45:29.046+0800][1.648s][3212][9748 ][info][gc,phases,start] GC(130) Phase 4: Compact heap
[2020-10-28T10:45:29.049+0800][1.651s][3212][9748 ][info][gc,phases      ] GC(130) Phase 4: Compact heap 2.952ms
[2020-10-28T10:45:29.050+0800][1.653s][3212][9748 ][info][gc,heap        ] GC(130) Eden regions: 0->0(6)
[2020-10-28T10:45:29.050+0800][1.653s][3212][9748 ][info][gc,heap        ] GC(130) Survivor regions: 0->0(1)
[2020-10-28T10:45:29.050+0800][1.653s][3212][9748 ][info][gc,heap        ] GC(130) Old regions: 86->86
[2020-10-28T10:45:29.050+0800][1.653s][3212][9748 ][info][gc,heap        ] GC(130) Humongous regions: 42->42
[2020-10-28T10:45:29.050+0800][1.653s][3212][9748 ][info][gc,metaspace   ] GC(130) Metaspace: 16351K->16351K(1064960K)
[2020-10-28T10:45:29.050+0800][1.653s][3212][9748 ][info][gc             ] GC(130) Pause Full (G1 Evacuation Pause) 121M->121M(128M) 11.936ms
[2020-10-28T10:45:29.051+0800][1.653s][3212][9748 ][info][gc,cpu         ] GC(130) User=0.05s Sys=0.00s Real=0.01s
[2020-10-28T10:45:29.051+0800][1.654s][3212][13364][info][gc,marking     ] GC(129) Concurrent Mark Abort
[2020-10-28T10:45:29.051+0800][1.654s][3212][13364][info][gc             ] GC(129) Concurrent Cycle 24.029ms
[2020-10-28T10:45:29.051+0800][1.654s][3212][9748 ][info][gc,start       ] GC(131) Pause Young (Normal) (G1 Evacuation Pause)
[2020-10-28T10:45:29.051+0800][1.654s][3212][9748 ][info][gc,task        ] GC(131) Using 3 workers of 8 for evacuation
[2020-10-28T10:45:29.052+0800][1.654s][3212][9748 ][info][gc,phases      ] GC(131)   Pre Evacuate Collection Set: 0.0ms
[2020-10-28T10:45:29.052+0800][1.654s][3212][9748 ][info][gc,phases      ] GC(131)   Evacuate Collection Set: 0.1ms
[2020-10-28T10:45:29.052+0800][1.654s][3212][9748 ][info][gc,phases      ] GC(131)   Post Evacuate Collection Set: 0.2ms
[2020-10-28T10:45:29.052+0800][1.654s][3212][9748 ][info][gc,phases      ] GC(131)   Other: 0.1ms
[2020-10-28T10:45:29.052+0800][1.654s][3212][9748 ][info][gc,heap        ] GC(131) Eden regions: 0->0(6)
[2020-10-28T10:45:29.052+0800][1.654s][3212][9748 ][info][gc,heap        ] GC(131) Survivor regions: 0->0(1)
[2020-10-28T10:45:29.052+0800][1.654s][3212][9748 ][info][gc,heap        ] GC(131) Old regions: 86->86
[2020-10-28T10:45:29.052+0800][1.654s][3212][9748 ][info][gc,heap        ] GC(131) Humongous regions: 42->42
[2020-10-28T10:45:29.052+0800][1.654s][3212][9748 ][info][gc,metaspace   ] GC(131) Metaspace: 16351K->16351K(1064960K)
[2020-10-28T10:45:29.052+0800][1.654s][3212][9748 ][info][gc             ] GC(131) Pause Young (Normal) (G1 Evacuation Pause) 121M->121M(128M) 0.614ms
[2020-10-28T10:45:29.052+0800][1.655s][3212][9748 ][info][gc,cpu         ] GC(131) User=0.00s Sys=0.00s Real=0.00s
[2020-10-28T10:45:29.052+0800][1.655s][3212][9748 ][info][gc,task        ] GC(132) Using 3 workers of 8 for full compaction
[2020-10-28T10:45:29.052+0800][1.655s][3212][9748 ][info][gc,start       ] GC(132) Pause Full (G1 Evacuation Pause)
[2020-10-28T10:45:29.052+0800][1.655s][3212][9748 ][info][gc,phases,start] GC(132) Phase 1: Mark live objects
[2020-10-28T10:45:29.056+0800][1.658s][3212][9748 ][info][gc,stringtable ] GC(132) Cleaned string and symbol table, strings: 6183 processed, 0 removed, symbols: 52175 processed, 0 removed
[2020-10-28T10:45:29.056+0800][1.658s][3212][9748 ][info][gc,phases      ] GC(132) Phase 1: Mark live objects 3.229ms
[2020-10-28T10:45:29.056+0800][1.658s][3212][9748 ][info][gc,phases,start] GC(132) Phase 2: Prepare for compaction
[2020-10-28T10:45:29.056+0800][1.659s][3212][9748 ][info][gc,phases      ] GC(132) Phase 2: Prepare for compaction 0.603ms
[2020-10-28T10:45:29.056+0800][1.659s][3212][9748 ][info][gc,phases,start] GC(132) Phase 3: Adjust pointers
[2020-10-28T10:45:29.058+0800][1.661s][3212][9748 ][info][gc,phases      ] GC(132) Phase 3: Adjust pointers 1.810ms
[2020-10-28T10:45:29.058+0800][1.661s][3212][9748 ][info][gc,phases,start] GC(132) Phase 4: Compact heap
[2020-10-28T10:45:29.060+0800][1.662s][3212][9748 ][info][gc,phases      ] GC(132) Phase 4: Compact heap 1.531ms
[2020-10-28T10:45:29.063+0800][1.665s][3212][9748 ][info][gc,heap        ] GC(132) Eden regions: 0->0(6)
[2020-10-28T10:45:29.063+0800][1.665s][3212][9748 ][info][gc,heap        ] GC(132) Survivor regions: 0->0(1)
[2020-10-28T10:45:29.063+0800][1.665s][3212][9748 ][info][gc,heap        ] GC(132) Old regions: 86->86
[2020-10-28T10:45:29.063+0800][1.665s][3212][9748 ][info][gc,heap        ] GC(132) Humongous regions: 42->42
[2020-10-28T10:45:29.063+0800][1.665s][3212][9748 ][info][gc,metaspace   ] GC(132) Metaspace: 16351K->16351K(1064960K)
[2020-10-28T10:45:29.063+0800][1.665s][3212][9748 ][info][gc             ] GC(132) Pause Full (G1 Evacuation Pause) 121M->121M(128M) 10.656ms
[2020-10-28T10:45:29.064+0800][1.667s][3212][9748 ][info][gc,cpu         ] GC(132) User=0.02s Sys=0.00s Real=0.01s
[2020-10-28T10:45:29.064+0800][1.667s][3212][9748 ][info][gc,task        ] GC(133) Using 3 workers of 8 for full compaction
[2020-10-28T10:45:29.064+0800][1.667s][3212][9748 ][info][gc,start       ] GC(133) Pause Full (G1 Evacuation Pause)
[2020-10-28T10:45:29.064+0800][1.667s][3212][9748 ][info][gc,phases,start] GC(133) Phase 1: Mark live objects
[2020-10-28T10:45:29.069+0800][1.672s][3212][9748 ][info][gc,stringtable ] GC(133) Cleaned string and symbol table, strings: 6183 processed, 0 removed, symbols: 52175 processed, 0 removed
[2020-10-28T10:45:29.069+0800][1.672s][3212][9748 ][info][gc,phases      ] GC(133) Phase 1: Mark live objects 4.734ms
[2020-10-28T10:45:29.069+0800][1.672s][3212][9748 ][info][gc,phases,start] GC(133) Phase 2: Prepare for compaction
[2020-10-28T10:45:29.070+0800][1.672s][3212][9748 ][info][gc,phases      ] GC(133) Phase 2: Prepare for compaction 0.609ms
[2020-10-28T10:45:29.070+0800][1.672s][3212][9748 ][info][gc,phases,start] GC(133) Phase 3: Adjust pointers
[2020-10-28T10:45:29.072+0800][1.674s][3212][9748 ][info][gc,phases      ] GC(133) Phase 3: Adjust pointers 1.646ms
[2020-10-28T10:45:29.072+0800][1.674s][3212][9748 ][info][gc,phases,start] GC(133) Phase 4: Compact heap
[2020-10-28T10:45:29.079+0800][1.681s][3212][9748 ][info][gc,phases      ] GC(133) Phase 4: Compact heap 6.960ms
[2020-10-28T10:45:29.082+0800][1.684s][3212][9748 ][info][gc,heap        ] GC(133) Eden regions: 0->0(6)
[2020-10-28T10:45:29.082+0800][1.685s][3212][9748 ][info][gc,heap        ] GC(133) Survivor regions: 0->0(1)
[2020-10-28T10:45:29.082+0800][1.685s][3212][9748 ][info][gc,heap        ] GC(133) Old regions: 86->86
[2020-10-28T10:45:29.082+0800][1.685s][3212][9748 ][info][gc,heap        ] GC(133) Humongous regions: 42->42
[2020-10-28T10:45:29.082+0800][1.685s][3212][9748 ][info][gc,metaspace   ] GC(133) Metaspace: 16351K->16351K(1064960K)
[2020-10-28T10:45:29.082+0800][1.685s][3212][9748 ][info][gc             ] GC(133) Pause Full (G1 Evacuation Pause) 121M->121M(128M) 17.891ms
[2020-10-28T10:45:29.083+0800][1.686s][3212][9748 ][info][gc,cpu         ] GC(133) User=0.02s Sys=0.00s Real=0.02s
[2020-10-28T10:45:29.083+0800][1.686s][3212][9748 ][info][gc,start       ] GC(134) Pause Young (Concurrent Start) (G1 Evacuation Pause)
[2020-10-28T10:45:29.083+0800][1.686s][3212][9748 ][info][gc,task        ] GC(134) Using 3 workers of 8 for evacuation
[2020-10-28T10:45:29.084+0800][1.686s][3212][9748 ][info][gc,phases      ] GC(134)   Pre Evacuate Collection Set: 0.0ms
[2020-10-28T10:45:29.084+0800][1.686s][3212][9748 ][info][gc,phases      ] GC(134)   Evacuate Collection Set: 0.2ms
[2020-10-28T10:45:29.084+0800][1.686s][3212][9748 ][info][gc,phases      ] GC(134)   Post Evacuate Collection Set: 0.2ms
[2020-10-28T10:45:29.084+0800][1.687s][3212][9748 ][info][gc,phases      ] GC(134)   Other: 0.1ms
[2020-10-28T10:45:29.084+0800][1.687s][3212][9748 ][info][gc,heap        ] GC(134) Eden regions: 0->0(6)
[2020-10-28T10:45:29.084+0800][1.687s][3212][9748 ][info][gc,heap        ] GC(134) Survivor regions: 0->0(1)
[2020-10-28T10:45:29.084+0800][1.687s][3212][9748 ][info][gc,heap        ] GC(134) Old regions: 86->86
[2020-10-28T10:45:29.084+0800][1.687s][3212][9748 ][info][gc,heap        ] GC(134) Humongous regions: 42->42
[2020-10-28T10:45:29.084+0800][1.687s][3212][9748 ][info][gc,metaspace   ] GC(134) Metaspace: 16351K->16351K(1064960K)
[2020-10-28T10:45:29.084+0800][1.687s][3212][9748 ][info][gc             ] GC(134) Pause Young (Concurrent Start) (G1 Evacuation Pause) 121M->121M(128M) 0.723ms
[2020-10-28T10:45:29.085+0800][1.687s][3212][9748 ][info][gc,cpu         ] GC(134) User=0.00s Sys=0.00s Real=0.00s
[2020-10-28T10:45:29.085+0800][1.687s][3212][9748 ][info][gc,task        ] GC(135) Using 3 workers of 8 for full compaction
[2020-10-28T10:45:29.085+0800][1.687s][3212][13364][info][gc             ] GC(136) Concurrent Cycle
[2020-10-28T10:45:29.085+0800][1.687s][3212][9748 ][info][gc,start       ] GC(135) Pause Full (G1 Evacuation Pause)
[2020-10-28T10:45:29.085+0800][1.687s][3212][9748 ][info][gc,phases,start] GC(135) Phase 1: Mark live objects
[2020-10-28T10:45:29.085+0800][1.688s][3212][13364][info][gc,marking     ] GC(136) Concurrent Clear Claimed Marks
[2020-10-28T10:45:29.085+0800][1.688s][3212][13364][info][gc,marking     ] GC(136) Concurrent Clear Claimed Marks 0.038ms
[2020-10-28T10:45:29.085+0800][1.688s][3212][13364][info][gc,marking     ] GC(136) Concurrent Scan Root Regions
[2020-10-28T10:45:29.085+0800][1.688s][3212][13364][info][gc,marking     ] GC(136) Concurrent Scan Root Regions 0.019ms
[2020-10-28T10:45:29.085+0800][1.688s][3212][13364][info][gc,marking     ] GC(136) Concurrent Mark (1.688s)
[2020-10-28T10:45:29.088+0800][1.691s][3212][9748 ][info][gc,stringtable ] GC(135) Cleaned string and symbol table, strings: 6183 processed, 0 removed, symbols: 52175 processed, 0 removed
[2020-10-28T10:45:29.088+0800][1.691s][3212][9748 ][info][gc,phases      ] GC(135) Phase 1: Mark live objects 3.131ms
[2020-10-28T10:45:29.088+0800][1.691s][3212][9748 ][info][gc,phases,start] GC(135) Phase 2: Prepare for compaction
[2020-10-28T10:45:29.089+0800][1.691s][3212][9748 ][info][gc,phases      ] GC(135) Phase 2: Prepare for compaction 0.762ms
[2020-10-28T10:45:29.089+0800][1.691s][3212][9748 ][info][gc,phases,start] GC(135) Phase 3: Adjust pointers
[2020-10-28T10:45:29.091+0800][1.693s][3212][9748 ][info][gc,phases      ] GC(135) Phase 3: Adjust pointers 1.712ms
[2020-10-28T10:45:29.091+0800][1.693s][3212][9748 ][info][gc,phases,start] GC(135) Phase 4: Compact heap
[2020-10-28T10:45:29.092+0800][1.694s][3212][9748 ][info][gc,phases      ] GC(135) Phase 4: Compact heap 1.134ms
[2020-10-28T10:45:29.096+0800][1.698s][3212][9748 ][info][gc,heap        ] GC(135) Eden regions: 0->0(76)
[2020-10-28T10:45:29.096+0800][1.698s][3212][9748 ][info][gc,heap        ] GC(135) Survivor regions: 0->0(1)
[2020-10-28T10:45:29.096+0800][1.698s][3212][9748 ][info][gc,heap        ] GC(135) Old regions: 86->6
[2020-10-28T10:45:29.096+0800][1.699s][3212][9748 ][info][gc,heap        ] GC(135) Humongous regions: 42->1
[2020-10-28T10:45:29.096+0800][1.699s][3212][9748 ][info][gc,metaspace   ] GC(135) Metaspace: 16351K->16351K(1064960K)
[2020-10-28T10:45:29.096+0800][1.699s][3212][9748 ][info][gc             ] GC(135) Pause Full (G1 Evacuation Pause) 121M->4M(128M) 11.293ms
[2020-10-28T10:45:29.097+0800][1.700s][3212][9748 ][info][gc,cpu         ] GC(135) User=0.02s Sys=0.00s Real=0.01s
[2020-10-28T10:45:29.098+0800][1.700s][3212][13364][info][gc,marking     ] GC(136) Concurrent Mark Abort
[2020-10-28T10:45:29.098+0800][1.700s][3212][13364][info][gc             ] GC(136) Concurrent Cycle 12.947ms
[2020-10-28T10:45:29.101+0800][1.704s][3212][15140][info][gc,heap,exit   ] Heap
[2020-10-28T10:45:29.101+0800][1.704s][3212][15140][info][gc,heap,exit   ]  garbage-first heap   total 131072K, used 4588K [0x00000000f8000000, 0x0000000100000000)
[2020-10-28T10:45:29.102+0800][1.704s][3212][15140][info][gc,heap,exit   ]   region size 1024K, 1 young (1024K), 0 survivors (0K)
[2020-10-28T10:45:29.102+0800][1.704s][3212][15140][info][gc,heap,exit   ]  Metaspace       used 16359K, capacity 16784K, committed 17024K, reserved 1064960K
[2020-10-28T10:45:29.102+0800][1.705s][3212][15140][info][gc,heap,exit   ]   class space    used 1719K, capacity 1872K, committed 1920K, reserved 1048576K
