[2020-10-28T10:48:27.444+0800][0.017s][9376][6804][info][gc,heap] Heap region size: 1M
[2020-10-28T10:48:27.457+0800][0.030s][9376][6804][info][gc     ] Using G1
[2020-10-28T10:48:27.458+0800][0.031s][9376][6804][info][gc,heap,coops] Heap address: 0x00000000e0000000, size: 512 MB, Compressed Oops mode: 32-bit
[2020-10-28T10:48:28.117+0800][0.690s][9376][12344][info][gc,start     ] GC(0) Pause Young (Normal) (G1 Evacuation Pause)
[2020-10-28T10:48:28.118+0800][0.691s][9376][12344][info][gc,task      ] GC(0) Using 8 workers of 8 for evacuation
[2020-10-28T10:48:28.131+0800][0.704s][9376][12344][info][gc,phases    ] GC(0)   Pre Evacuate Collection Set: 0.0ms
[2020-10-28T10:48:28.136+0800][0.709s][9376][12344][info][gc,phases    ] GC(0)   Evacuate Collection Set: 12.0ms
[2020-10-28T10:48:28.136+0800][0.709s][9376][12344][info][gc,phases    ] GC(0)   Post Evacuate Collection Set: 0.7ms
[2020-10-28T10:48:28.136+0800][0.709s][9376][12344][info][gc,phases    ] GC(0)   Other: 0.9ms
[2020-10-28T10:48:28.136+0800][0.709s][9376][12344][info][gc,heap      ] GC(0) Eden regions: 25->0(23)
[2020-10-28T10:48:28.136+0800][0.709s][9376][12344][info][gc,heap      ] GC(0) Survivor regions: 0->4(4)
[2020-10-28T10:48:28.136+0800][0.709s][9376][12344][info][gc,heap      ] GC(0) Old regions: 0->4
[2020-10-28T10:48:28.136+0800][0.709s][9376][12344][info][gc,heap      ] GC(0) Humongous regions: 2->2
[2020-10-28T10:48:28.136+0800][0.709s][9376][12344][info][gc,metaspace ] GC(0) Metaspace: 15205K->15205K(1062912K)
[2020-10-28T10:48:28.136+0800][0.709s][9376][12344][info][gc           ] GC(0) Pause Young (Normal) (G1 Evacuation Pause) 27M->9M(512M) 18.645ms
[2020-10-28T10:48:28.136+0800][0.709s][9376][12344][info][gc,cpu       ] GC(0) User=0.11s Sys=0.00s Real=0.02s
[2020-10-28T10:48:28.282+0800][0.855s][9376][12344][info][gc,start     ] GC(1) Pause Young (Normal) (G1 Evacuation Pause)
[2020-10-28T10:48:28.282+0800][0.856s][9376][12344][info][gc,task      ] GC(1) Using 8 workers of 8 for evacuation
[2020-10-28T10:48:28.291+0800][0.864s][9376][12344][info][gc,phases    ] GC(1)   Pre Evacuate Collection Set: 0.0ms
[2020-10-28T10:48:28.291+0800][0.864s][9376][12344][info][gc,phases    ] GC(1)   Evacuate Collection Set: 7.6ms
[2020-10-28T10:48:28.291+0800][0.864s][9376][12344][info][gc,phases    ] GC(1)   Post Evacuate Collection Set: 0.6ms
[2020-10-28T10:48:28.291+0800][0.864s][9376][12344][info][gc,phases    ] GC(1)   Other: 0.2ms
[2020-10-28T10:48:28.291+0800][0.864s][9376][12344][info][gc,heap      ] GC(1) Eden regions: 23->0(30)
[2020-10-28T10:48:28.291+0800][0.864s][9376][12344][info][gc,heap      ] GC(1) Survivor regions: 4->4(4)
[2020-10-28T10:48:28.291+0800][0.864s][9376][12344][info][gc,heap      ] GC(1) Old regions: 4->12
[2020-10-28T10:48:28.291+0800][0.864s][9376][12344][info][gc,heap      ] GC(1) Humongous regions: 8->5
[2020-10-28T10:48:28.291+0800][0.864s][9376][12344][info][gc,metaspace ] GC(1) Metaspace: 16369K->16369K(1064960K)
[2020-10-28T10:48:28.291+0800][0.864s][9376][12344][info][gc           ] GC(1) Pause Young (Normal) (G1 Evacuation Pause) 38M->20M(512M) 8.722ms
[2020-10-28T10:48:28.291+0800][0.864s][9376][12344][info][gc,cpu       ] GC(1) User=0.00s Sys=0.00s Real=0.01s
[2020-10-28T10:48:28.323+0800][0.896s][9376][12344][info][gc,start     ] GC(2) Pause Young (Normal) (G1 Evacuation Pause)
[2020-10-28T10:48:28.323+0800][0.896s][9376][12344][info][gc,task      ] GC(2) Using 8 workers of 8 for evacuation
[2020-10-28T10:48:28.328+0800][0.901s][9376][12344][info][gc,phases    ] GC(2)   Pre Evacuate Collection Set: 0.0ms
[2020-10-28T10:48:28.328+0800][0.901s][9376][12344][info][gc,phases    ] GC(2)   Evacuate Collection Set: 4.1ms
[2020-10-28T10:48:28.328+0800][0.901s][9376][12344][info][gc,phases    ] GC(2)   Post Evacuate Collection Set: 0.5ms
[2020-10-28T10:48:28.328+0800][0.901s][9376][12344][info][gc,phases    ] GC(2)   Other: 0.2ms
[2020-10-28T10:48:28.328+0800][0.901s][9376][12344][info][gc,heap      ] GC(2) Eden regions: 30->0(43)
[2020-10-28T10:48:28.328+0800][0.901s][9376][12344][info][gc,heap      ] GC(2) Survivor regions: 4->5(5)
[2020-10-28T10:48:28.328+0800][0.901s][9376][12344][info][gc,heap      ] GC(2) Old regions: 12->23
[2020-10-28T10:48:28.328+0800][0.901s][9376][12344][info][gc,heap      ] GC(2) Humongous regions: 23->14
[2020-10-28T10:48:28.328+0800][0.901s][9376][12344][info][gc,metaspace ] GC(2) Metaspace: 16380K->16380K(1064960K)
[2020-10-28T10:48:28.328+0800][0.901s][9376][12344][info][gc           ] GC(2) Pause Young (Normal) (G1 Evacuation Pause) 68M->41M(512M) 5.157ms
[2020-10-28T10:48:28.328+0800][0.901s][9376][12344][info][gc,cpu       ] GC(2) User=0.00s Sys=0.00s Real=0.01s
[2020-10-28T10:48:28.355+0800][0.928s][9376][12344][info][gc,start     ] GC(3) Pause Young (Normal) (G1 Evacuation Pause)
[2020-10-28T10:48:28.355+0800][0.928s][9376][12344][info][gc,task      ] GC(3) Using 8 workers of 8 for evacuation
[2020-10-28T10:48:28.360+0800][0.933s][9376][12344][info][gc,phases    ] GC(3)   Pre Evacuate Collection Set: 0.0ms
[2020-10-28T10:48:28.360+0800][0.933s][9376][12344][info][gc,phases    ] GC(3)   Evacuate Collection Set: 4.2ms
[2020-10-28T10:48:28.360+0800][0.933s][9376][12344][info][gc,phases    ] GC(3)   Post Evacuate Collection Set: 0.5ms
[2020-10-28T10:48:28.360+0800][0.933s][9376][12344][info][gc,phases    ] GC(3)   Other: 0.2ms
[2020-10-28T10:48:28.360+0800][0.933s][9376][12344][info][gc,heap      ] GC(3) Eden regions: 43->0(59)
[2020-10-28T10:48:28.360+0800][0.933s][9376][12344][info][gc,heap      ] GC(3) Survivor regions: 5->6(6)
[2020-10-28T10:48:28.360+0800][0.933s][9376][12344][info][gc,heap      ] GC(3) Old regions: 23->36
[2020-10-28T10:48:28.360+0800][0.933s][9376][12344][info][gc,heap      ] GC(3) Humongous regions: 42->26
[2020-10-28T10:48:28.360+0800][0.933s][9376][12344][info][gc,metaspace ] GC(3) Metaspace: 16380K->16380K(1064960K)
[2020-10-28T10:48:28.360+0800][0.933s][9376][12344][info][gc           ] GC(3) Pause Young (Normal) (G1 Evacuation Pause) 111M->67M(512M) 5.397ms
[2020-10-28T10:48:28.361+0800][0.934s][9376][12344][info][gc,cpu       ] GC(3) User=0.03s Sys=0.00s Real=0.01s
[2020-10-28T10:48:28.387+0800][0.961s][9376][12344][info][gc,start     ] GC(4) Pause Young (Normal) (G1 Evacuation Pause)
[2020-10-28T10:48:28.387+0800][0.961s][9376][12344][info][gc,task      ] GC(4) Using 8 workers of 8 for evacuation
[2020-10-28T10:48:28.395+0800][0.968s][9376][12344][info][gc,phases    ] GC(4)   Pre Evacuate Collection Set: 0.1ms
[2020-10-28T10:48:28.395+0800][0.969s][9376][12344][info][gc,phases    ] GC(4)   Evacuate Collection Set: 7.0ms
[2020-10-28T10:48:28.395+0800][0.969s][9376][12344][info][gc,phases    ] GC(4)   Post Evacuate Collection Set: 0.5ms
[2020-10-28T10:48:28.396+0800][0.969s][9376][12344][info][gc,phases    ] GC(4)   Other: 0.3ms
[2020-10-28T10:48:28.396+0800][0.969s][9376][12344][info][gc,heap      ] GC(4) Eden regions: 59->0(81)
[2020-10-28T10:48:28.396+0800][0.969s][9376][12344][info][gc,heap      ] GC(4) Survivor regions: 6->9(9)
[2020-10-28T10:48:28.396+0800][0.969s][9376][12344][info][gc,heap      ] GC(4) Old regions: 36->56
[2020-10-28T10:48:28.396+0800][0.969s][9376][12344][info][gc,heap      ] GC(4) Humongous regions: 59->45
[2020-10-28T10:48:28.396+0800][0.969s][9376][12344][info][gc,metaspace ] GC(4) Metaspace: 16380K->16380K(1064960K)
[2020-10-28T10:48:28.396+0800][0.969s][9376][12344][info][gc           ] GC(4) Pause Young (Normal) (G1 Evacuation Pause) 159M->109M(512M) 8.230ms
[2020-10-28T10:48:28.396+0800][0.969s][9376][12344][info][gc,cpu       ] GC(4) User=0.08s Sys=0.05s Real=0.01s
[2020-10-28T10:48:28.430+0800][1.003s][9376][12344][info][gc,start     ] GC(5) Pause Young (Normal) (G1 Evacuation Pause)
[2020-10-28T10:48:28.430+0800][1.004s][9376][12344][info][gc,task      ] GC(5) Using 8 workers of 8 for evacuation
[2020-10-28T10:48:28.443+0800][1.016s][9376][12344][info][gc,phases    ] GC(5)   Pre Evacuate Collection Set: 0.1ms
[2020-10-28T10:48:28.443+0800][1.017s][9376][12344][info][gc,phases    ] GC(5)   Evacuate Collection Set: 12.2ms
[2020-10-28T10:48:28.443+0800][1.017s][9376][12344][info][gc,phases    ] GC(5)   Post Evacuate Collection Set: 0.4ms
[2020-10-28T10:48:28.444+0800][1.017s][9376][12344][info][gc,phases    ] GC(5)   Other: 0.2ms
[2020-10-28T10:48:28.444+0800][1.017s][9376][12344][info][gc,heap      ] GC(5) Eden regions: 81->0(106)
[2020-10-28T10:48:28.444+0800][1.017s][9376][12344][info][gc,heap      ] GC(5) Survivor regions: 9->12(12)
[2020-10-28T10:48:28.444+0800][1.017s][9376][12344][info][gc,heap      ] GC(5) Old regions: 56->85
[2020-10-28T10:48:28.444+0800][1.017s][9376][12344][info][gc,heap      ] GC(5) Humongous regions: 91->56
[2020-10-28T10:48:28.444+0800][1.017s][9376][12344][info][gc,metaspace ] GC(5) Metaspace: 16380K->16380K(1064960K)
[2020-10-28T10:48:28.444+0800][1.017s][9376][12344][info][gc           ] GC(5) Pause Young (Normal) (G1 Evacuation Pause) 235M->152M(512M) 13.402ms
[2020-10-28T10:48:28.444+0800][1.017s][9376][12344][info][gc,cpu       ] GC(5) User=0.08s Sys=0.03s Real=0.01s
[2020-10-28T10:48:28.518+0800][1.091s][9376][12344][info][gc,start     ] GC(6) Pause Young (Normal) (G1 Evacuation Pause)
[2020-10-28T10:48:28.518+0800][1.091s][9376][12344][info][gc,task      ] GC(6) Using 8 workers of 8 for evacuation
[2020-10-28T10:48:28.532+0800][1.105s][9376][12344][info][gc,phases    ] GC(6)   Pre Evacuate Collection Set: 0.1ms
[2020-10-28T10:48:28.532+0800][1.105s][9376][12344][info][gc,phases    ] GC(6)   Evacuate Collection Set: 13.6ms
[2020-10-28T10:48:28.532+0800][1.105s][9376][12344][info][gc,phases    ] GC(6)   Post Evacuate Collection Set: 0.7ms
[2020-10-28T10:48:28.532+0800][1.105s][9376][12344][info][gc,phases    ] GC(6)   Other: 0.3ms
[2020-10-28T10:48:28.532+0800][1.105s][9376][12344][info][gc,heap      ] GC(6) Eden regions: 106->0(109)
[2020-10-28T10:48:28.532+0800][1.106s][9376][12344][info][gc,heap      ] GC(6) Survivor regions: 12->15(15)
[2020-10-28T10:48:28.532+0800][1.106s][9376][12344][info][gc,heap      ] GC(6) Old regions: 85->127
[2020-10-28T10:48:28.532+0800][1.106s][9376][12344][info][gc,heap      ] GC(6) Humongous regions: 114->76
[2020-10-28T10:48:28.533+0800][1.106s][9376][12344][info][gc,metaspace ] GC(6) Metaspace: 16380K->16380K(1064960K)
[2020-10-28T10:48:28.533+0800][1.106s][9376][12344][info][gc           ] GC(6) Pause Young (Normal) (G1 Evacuation Pause) 316M->217M(512M) 15.066ms
[2020-10-28T10:48:28.533+0800][1.106s][9376][12344][info][gc,cpu       ] GC(6) User=0.02s Sys=0.00s Real=0.02s
[2020-10-28T10:48:28.550+0800][1.123s][9376][12344][info][gc,start     ] GC(7) Pause Young (Concurrent Start) (G1 Humongous Allocation)
[2020-10-28T10:48:28.550+0800][1.123s][9376][12344][info][gc,task      ] GC(7) Using 8 workers of 8 for evacuation
[2020-10-28T10:48:28.559+0800][1.132s][9376][12344][info][gc,phases    ] GC(7)   Pre Evacuate Collection Set: 0.1ms
[2020-10-28T10:48:28.559+0800][1.132s][9376][12344][info][gc,phases    ] GC(7)   Evacuate Collection Set: 8.0ms
[2020-10-28T10:48:28.559+0800][1.132s][9376][12344][info][gc,phases    ] GC(7)   Post Evacuate Collection Set: 0.9ms
[2020-10-28T10:48:28.559+0800][1.132s][9376][12344][info][gc,phases    ] GC(7)   Other: 0.3ms
[2020-10-28T10:48:28.559+0800][1.132s][9376][12344][info][gc,heap      ] GC(7) Eden regions: 51->0(108)
[2020-10-28T10:48:28.559+0800][1.132s][9376][12344][info][gc,heap      ] GC(7) Survivor regions: 15->16(16)
[2020-10-28T10:48:28.559+0800][1.132s][9376][12344][info][gc,heap      ] GC(7) Old regions: 127->141
[2020-10-28T10:48:28.559+0800][1.132s][9376][12344][info][gc,heap      ] GC(7) Humongous regions: 103->83
[2020-10-28T10:48:28.559+0800][1.132s][9376][12344][info][gc,metaspace ] GC(7) Metaspace: 16380K->16380K(1064960K)
[2020-10-28T10:48:28.559+0800][1.132s][9376][12344][info][gc           ] GC(7) Pause Young (Concurrent Start) (G1 Humongous Allocation) 294M->239M(512M) 9.652ms
[2020-10-28T10:48:28.560+0800][1.133s][9376][12344][info][gc,cpu       ] GC(7) User=0.00s Sys=0.00s Real=0.01s
[2020-10-28T10:48:28.560+0800][1.133s][9376][11736][info][gc           ] GC(8) Concurrent Cycle
[2020-10-28T10:48:28.561+0800][1.135s][9376][11736][info][gc,marking   ] GC(8) Concurrent Clear Claimed Marks
[2020-10-28T10:48:28.562+0800][1.135s][9376][11736][info][gc,marking   ] GC(8) Concurrent Clear Claimed Marks 0.273ms
[2020-10-28T10:48:28.562+0800][1.135s][9376][11736][info][gc,marking   ] GC(8) Concurrent Scan Root Regions
[2020-10-28T10:48:28.563+0800][1.136s][9376][11736][info][gc,marking   ] GC(8) Concurrent Scan Root Regions 0.769ms
[2020-10-28T10:48:28.563+0800][1.136s][9376][11736][info][gc,marking   ] GC(8) Concurrent Mark (1.136s)
[2020-10-28T10:48:28.563+0800][1.136s][9376][11736][info][gc,marking   ] GC(8) Concurrent Mark From Roots
[2020-10-28T10:48:28.563+0800][1.136s][9376][11736][info][gc,task      ] GC(8) Using 2 workers of 2 for marking
[2020-10-28T10:48:28.576+0800][1.149s][9376][11736][info][gc,marking   ] GC(8) Concurrent Mark From Roots 13.492ms
[2020-10-28T10:48:28.577+0800][1.150s][9376][11736][info][gc,marking   ] GC(8) Concurrent Preclean
[2020-10-28T10:48:28.577+0800][1.150s][9376][11736][info][gc,marking   ] GC(8) Concurrent Preclean 0.678ms
[2020-10-28T10:48:28.577+0800][1.151s][9376][11736][info][gc,marking   ] GC(8) Concurrent Mark (1.136s, 1.151s) 14.822ms
[2020-10-28T10:48:28.578+0800][1.151s][9376][12344][info][gc,start     ] GC(8) Pause Remark
[2020-10-28T10:48:28.583+0800][1.156s][9376][12344][info][gc,stringtable] GC(8) Cleaned string and symbol table, strings: 6275 processed, 18 removed, symbols: 52182 processed, 8 removed
[2020-10-28T10:48:28.584+0800][1.157s][9376][12344][info][gc            ] GC(8) Pause Remark 281M->281M(512M) 5.883ms
[2020-10-28T10:48:28.584+0800][1.158s][9376][12344][info][gc,cpu        ] GC(8) User=0.03s Sys=0.02s Real=0.01s
[2020-10-28T10:48:28.585+0800][1.158s][9376][11736][info][gc,marking    ] GC(8) Concurrent Rebuild Remembered Sets
[2020-10-28T10:48:28.592+0800][1.166s][9376][11736][info][gc,marking    ] GC(8) Concurrent Rebuild Remembered Sets 7.917ms
[2020-10-28T10:48:28.593+0800][1.166s][9376][12344][info][gc,start      ] GC(8) Pause Cleanup
[2020-10-28T10:48:28.593+0800][1.166s][9376][12344][info][gc            ] GC(8) Pause Cleanup 301M->301M(512M) 0.186ms
[2020-10-28T10:48:28.593+0800][1.166s][9376][12344][info][gc,cpu        ] GC(8) User=0.00s Sys=0.00s Real=0.00s
[2020-10-28T10:48:28.593+0800][1.166s][9376][11736][info][gc,marking    ] GC(8) Concurrent Cleanup for Next Mark
[2020-10-28T10:48:28.595+0800][1.168s][9376][11736][info][gc,marking    ] GC(8) Concurrent Cleanup for Next Mark 1.317ms
[2020-10-28T10:48:28.595+0800][1.168s][9376][11736][info][gc            ] GC(8) Concurrent Cycle 34.371ms
[2020-10-28T10:48:28.644+0800][1.218s][9376][12344][info][gc,start      ] GC(9) Pause Young (Prepare Mixed) (G1 Evacuation Pause)
[2020-10-28T10:48:28.644+0800][1.218s][9376][12344][info][gc,task       ] GC(9) Using 8 workers of 8 for evacuation
[2020-10-28T10:48:28.657+0800][1.231s][9376][12344][info][gc,phases     ] GC(9)   Pre Evacuate Collection Set: 0.4ms
[2020-10-28T10:48:28.657+0800][1.231s][9376][12344][info][gc,phases     ] GC(9)   Evacuate Collection Set: 11.4ms
[2020-10-28T10:48:28.657+0800][1.231s][9376][12344][info][gc,phases     ] GC(9)   Post Evacuate Collection Set: 0.6ms
[2020-10-28T10:48:28.657+0800][1.231s][9376][12344][info][gc,phases     ] GC(9)   Other: 0.4ms
[2020-10-28T10:48:28.657+0800][1.231s][9376][12344][info][gc,heap       ] GC(9) Eden regions: 108->0(9)
[2020-10-28T10:48:28.657+0800][1.231s][9376][12344][info][gc,heap       ] GC(9) Survivor regions: 16->16(16)
[2020-10-28T10:48:28.657+0800][1.231s][9376][12344][info][gc,heap       ] GC(9) Old regions: 141->182
[2020-10-28T10:48:28.657+0800][1.231s][9376][12344][info][gc,heap       ] GC(9) Humongous regions: 146->88
[2020-10-28T10:48:28.657+0800][1.231s][9376][12344][info][gc,metaspace  ] GC(9) Metaspace: 16382K->16382K(1064960K)
[2020-10-28T10:48:28.657+0800][1.231s][9376][12344][info][gc            ] GC(9) Pause Young (Prepare Mixed) (G1 Evacuation Pause) 410M->285M(512M) 13.048ms
[2020-10-28T10:48:28.658+0800][1.231s][9376][12344][info][gc,cpu        ] GC(9) User=0.09s Sys=0.03s Real=0.01s
[2020-10-28T10:48:28.662+0800][1.235s][9376][12344][info][gc,start      ] GC(10) Pause Young (Mixed) (G1 Evacuation Pause)
[2020-10-28T10:48:28.662+0800][1.236s][9376][12344][info][gc,task       ] GC(10) Using 8 workers of 8 for evacuation
[2020-10-28T10:48:28.667+0800][1.241s][9376][12344][info][gc,phases     ] GC(10)   Pre Evacuate Collection Set: 0.2ms
[2020-10-28T10:48:28.668+0800][1.241s][9376][12344][info][gc,phases     ] GC(10)   Evacuate Collection Set: 4.7ms
[2020-10-28T10:48:28.668+0800][1.241s][9376][12344][info][gc,phases     ] GC(10)   Post Evacuate Collection Set: 0.5ms
[2020-10-28T10:48:28.668+0800][1.241s][9376][12344][info][gc,phases     ] GC(10)   Other: 0.4ms
[2020-10-28T10:48:28.668+0800][1.241s][9376][12344][info][gc,heap       ] GC(10) Eden regions: 9->0(93)
[2020-10-28T10:48:28.668+0800][1.241s][9376][12344][info][gc,heap       ] GC(10) Survivor regions: 16->4(4)
[2020-10-28T10:48:28.668+0800][1.241s][9376][12344][info][gc,heap       ] GC(10) Old regions: 182->185
[2020-10-28T10:48:28.668+0800][1.242s][9376][12344][info][gc,heap       ] GC(10) Humongous regions: 96->90
[2020-10-28T10:48:28.668+0800][1.242s][9376][12344][info][gc,metaspace  ] GC(10) Metaspace: 16382K->16382K(1064960K)
[2020-10-28T10:48:28.668+0800][1.242s][9376][12344][info][gc            ] GC(10) Pause Young (Mixed) (G1 Evacuation Pause) 302M->278M(512M) 6.107ms
[2020-10-28T10:48:28.668+0800][1.242s][9376][12344][info][gc,cpu        ] GC(10) User=0.00s Sys=0.00s Real=0.01s
[2020-10-28T10:48:28.669+0800][1.243s][9376][12344][info][gc,start      ] GC(11) Pause Young (Concurrent Start) (G1 Humongous Allocation)
[2020-10-28T10:48:28.669+0800][1.243s][9376][12344][info][gc,task       ] GC(11) Using 8 workers of 8 for evacuation
[2020-10-28T10:48:28.673+0800][1.247s][9376][12344][info][gc,phases     ] GC(11)   Pre Evacuate Collection Set: 0.6ms
[2020-10-28T10:48:28.674+0800][1.247s][9376][12344][info][gc,phases     ] GC(11)   Evacuate Collection Set: 2.1ms
[2020-10-28T10:48:28.674+0800][1.247s][9376][12344][info][gc,phases     ] GC(11)   Post Evacuate Collection Set: 0.6ms
[2020-10-28T10:48:28.674+0800][1.247s][9376][12344][info][gc,phases     ] GC(11)   Other: 0.9ms
[2020-10-28T10:48:28.674+0800][1.247s][9376][12344][info][gc,heap       ] GC(11) Eden regions: 2->0(74)
[2020-10-28T10:48:28.674+0800][1.247s][9376][12344][info][gc,heap       ] GC(11) Survivor regions: 4->5(13)
[2020-10-28T10:48:28.674+0800][1.247s][9376][12344][info][gc,heap       ] GC(11) Old regions: 185->185
[2020-10-28T10:48:28.674+0800][1.247s][9376][12344][info][gc,heap       ] GC(11) Humongous regions: 90->90
[2020-10-28T10:48:28.674+0800][1.247s][9376][12344][info][gc,metaspace  ] GC(11) Metaspace: 16382K->16382K(1064960K)
[2020-10-28T10:48:28.674+0800][1.247s][9376][12344][info][gc            ] GC(11) Pause Young (Concurrent Start) (G1 Humongous Allocation) 279M->279M(512M) 4.503ms
[2020-10-28T10:48:28.674+0800][1.248s][9376][12344][info][gc,cpu        ] GC(11) User=0.02s Sys=0.00s Real=0.01s
[2020-10-28T10:48:28.674+0800][1.248s][9376][11736][info][gc            ] GC(12) Concurrent Cycle
[2020-10-28T10:48:28.674+0800][1.248s][9376][11736][info][gc,marking    ] GC(12) Concurrent Clear Claimed Marks
[2020-10-28T10:48:28.674+0800][1.248s][9376][11736][info][gc,marking    ] GC(12) Concurrent Clear Claimed Marks 0.050ms
[2020-10-28T10:48:28.674+0800][1.248s][9376][11736][info][gc,marking    ] GC(12) Concurrent Scan Root Regions
[2020-10-28T10:48:28.674+0800][1.248s][9376][11736][info][gc,marking    ] GC(12) Concurrent Scan Root Regions 0.100ms
[2020-10-28T10:48:28.675+0800][1.248s][9376][11736][info][gc,marking    ] GC(12) Concurrent Mark (1.248s)
[2020-10-28T10:48:28.675+0800][1.248s][9376][11736][info][gc,marking    ] GC(12) Concurrent Mark From Roots
[2020-10-28T10:48:28.675+0800][1.248s][9376][11736][info][gc,task       ] GC(12) Using 2 workers of 2 for marking
[2020-10-28T10:48:28.679+0800][1.253s][9376][11736][info][gc,marking    ] GC(12) Concurrent Mark From Roots 4.858ms
[2020-10-28T10:48:28.679+0800][1.253s][9376][11736][info][gc,marking    ] GC(12) Concurrent Preclean
[2020-10-28T10:48:28.680+0800][1.253s][9376][11736][info][gc,marking    ] GC(12) Concurrent Preclean 0.196ms
[2020-10-28T10:48:28.680+0800][1.253s][9376][11736][info][gc,marking    ] GC(12) Concurrent Mark (1.248s, 1.253s) 5.199ms
[2020-10-28T10:48:28.680+0800][1.254s][9376][12344][info][gc,start      ] GC(12) Pause Remark
[2020-10-28T10:48:28.681+0800][1.255s][9376][12344][info][gc,stringtable] GC(12) Cleaned string and symbol table, strings: 6258 processed, 0 removed, symbols: 52175 processed, 0 removed
[2020-10-28T10:48:28.681+0800][1.255s][9376][12344][info][gc            ] GC(12) Pause Remark 305M->303M(512M) 1.457ms
[2020-10-28T10:48:28.682+0800][1.255s][9376][12344][info][gc,cpu        ] GC(12) User=0.00s Sys=0.00s Real=0.00s
[2020-10-28T10:48:28.682+0800][1.255s][9376][11736][info][gc,marking    ] GC(12) Concurrent Rebuild Remembered Sets
[2020-10-28T10:48:28.684+0800][1.258s][9376][11736][info][gc,marking    ] GC(12) Concurrent Rebuild Remembered Sets 2.740ms
[2020-10-28T10:48:28.685+0800][1.259s][9376][12344][info][gc,start      ] GC(12) Pause Cleanup
[2020-10-28T10:48:28.685+0800][1.259s][9376][12344][info][gc            ] GC(12) Pause Cleanup 323M->323M(512M) 0.527ms
[2020-10-28T10:48:28.686+0800][1.260s][9376][12344][info][gc,cpu        ] GC(12) User=0.00s Sys=0.00s Real=0.00s
[2020-10-28T10:48:28.687+0800][1.260s][9376][11736][info][gc,marking    ] GC(12) Concurrent Cleanup for Next Mark
[2020-10-28T10:48:28.690+0800][1.264s][9376][11736][info][gc,marking    ] GC(12) Concurrent Cleanup for Next Mark 3.591ms
[2020-10-28T10:48:28.690+0800][1.264s][9376][11736][info][gc            ] GC(12) Concurrent Cycle 16.332ms
[2020-10-28T10:48:28.699+0800][1.273s][9376][12344][info][gc,start      ] GC(13) Pause Young (Prepare Mixed) (G1 Evacuation Pause)
[2020-10-28T10:48:28.700+0800][1.273s][9376][12344][info][gc,task       ] GC(13) Using 8 workers of 8 for evacuation
[2020-10-28T10:48:28.708+0800][1.282s][9376][12344][info][gc,phases     ] GC(13)   Pre Evacuate Collection Set: 0.2ms
[2020-10-28T10:48:28.708+0800][1.282s][9376][12344][info][gc,phases     ] GC(13)   Evacuate Collection Set: 8.2ms
[2020-10-28T10:48:28.708+0800][1.282s][9376][12344][info][gc,phases     ] GC(13)   Post Evacuate Collection Set: 0.3ms
[2020-10-28T10:48:28.709+0800][1.282s][9376][12344][info][gc,phases     ] GC(13)   Other: 0.3ms
[2020-10-28T10:48:28.709+0800][1.282s][9376][12344][info][gc,heap       ] GC(13) Eden regions: 74->0(15)
[2020-10-28T10:48:28.709+0800][1.282s][9376][12344][info][gc,heap       ] GC(13) Survivor regions: 5->10(10)
[2020-10-28T10:48:28.709+0800][1.282s][9376][12344][info][gc,heap       ] GC(13) Old regions: 184->205
[2020-10-28T10:48:28.709+0800][1.282s][9376][12344][info][gc,heap       ] GC(13) Humongous regions: 136->99
[2020-10-28T10:48:28.709+0800][1.282s][9376][12344][info][gc,metaspace  ] GC(13) Metaspace: 16382K->16382K(1064960K)
[2020-10-28T10:48:28.709+0800][1.282s][9376][12344][info][gc            ] GC(13) Pause Young (Prepare Mixed) (G1 Evacuation Pause) 398M->313M(512M) 9.172ms
[2020-10-28T10:48:28.709+0800][1.283s][9376][12344][info][gc,cpu        ] GC(13) User=0.08s Sys=0.03s Real=0.01s
[2020-10-28T10:48:28.713+0800][1.287s][9376][12344][info][gc,start      ] GC(14) Pause Young (Mixed) (G1 Evacuation Pause)
[2020-10-28T10:48:28.714+0800][1.287s][9376][12344][info][gc,task       ] GC(14) Using 8 workers of 8 for evacuation
[2020-10-28T10:48:28.721+0800][1.295s][9376][12344][info][gc,phases     ] GC(14)   Pre Evacuate Collection Set: 0.1ms
[2020-10-28T10:48:28.721+0800][1.295s][9376][12344][info][gc,phases     ] GC(14)   Evacuate Collection Set: 6.5ms
[2020-10-28T10:48:28.721+0800][1.295s][9376][12344][info][gc,phases     ] GC(14)   Post Evacuate Collection Set: 0.7ms
[2020-10-28T10:48:28.721+0800][1.295s][9376][12344][info][gc,phases     ] GC(14)   Other: 0.4ms
[2020-10-28T10:48:28.721+0800][1.295s][9376][12344][info][gc,heap       ] GC(14) Eden regions: 15->0(72)
[2020-10-28T10:48:28.721+0800][1.295s][9376][12344][info][gc,heap       ] GC(14) Survivor regions: 10->4(4)
[2020-10-28T10:48:28.721+0800][1.295s][9376][12344][info][gc,heap       ] GC(14) Old regions: 205->192
[2020-10-28T10:48:28.722+0800][1.295s][9376][12344][info][gc,heap       ] GC(14) Humongous regions: 107->101
[2020-10-28T10:48:28.722+0800][1.295s][9376][12344][info][gc,metaspace  ] GC(14) Metaspace: 16382K->16382K(1064960K)
[2020-10-28T10:48:28.722+0800][1.295s][9376][12344][info][gc            ] GC(14) Pause Young (Mixed) (G1 Evacuation Pause) 336M->296M(512M) 8.226ms
[2020-10-28T10:48:28.722+0800][1.296s][9376][12344][info][gc,cpu        ] GC(14) User=0.06s Sys=0.05s Real=0.01s
[2020-10-28T10:48:28.723+0800][1.297s][9376][12344][info][gc,start      ] GC(15) Pause Young (Concurrent Start) (G1 Humongous Allocation)
[2020-10-28T10:48:28.723+0800][1.297s][9376][12344][info][gc,task       ] GC(15) Using 8 workers of 8 for evacuation
[2020-10-28T10:48:28.724+0800][1.298s][9376][12344][info][gc,phases     ] GC(15)   Pre Evacuate Collection Set: 0.0ms
[2020-10-28T10:48:28.724+0800][1.298s][9376][12344][info][gc,phases     ] GC(15)   Evacuate Collection Set: 0.8ms
[2020-10-28T10:48:28.724+0800][1.298s][9376][12344][info][gc,phases     ] GC(15)   Post Evacuate Collection Set: 0.1ms
[2020-10-28T10:48:28.724+0800][1.298s][9376][12344][info][gc,phases     ] GC(15)   Other: 0.1ms
[2020-10-28T10:48:28.724+0800][1.298s][9376][12344][info][gc,heap       ] GC(15) Eden regions: 3->0(65)
[2020-10-28T10:48:28.724+0800][1.298s][9376][12344][info][gc,heap       ] GC(15) Survivor regions: 4->5(10)
[2020-10-28T10:48:28.724+0800][1.298s][9376][12344][info][gc,heap       ] GC(15) Old regions: 192->192
[2020-10-28T10:48:28.724+0800][1.298s][9376][12344][info][gc,heap       ] GC(15) Humongous regions: 101->100
[2020-10-28T10:48:28.724+0800][1.298s][9376][12344][info][gc,metaspace  ] GC(15) Metaspace: 16382K->16382K(1064960K)
[2020-10-28T10:48:28.724+0800][1.298s][9376][12344][info][gc            ] GC(15) Pause Young (Concurrent Start) (G1 Humongous Allocation) 299M->296M(512M) 1.331ms
[2020-10-28T10:48:28.724+0800][1.298s][9376][12344][info][gc,cpu        ] GC(15) User=0.00s Sys=0.00s Real=0.00s
[2020-10-28T10:48:28.724+0800][1.298s][9376][11736][info][gc            ] GC(16) Concurrent Cycle
[2020-10-28T10:48:28.725+0800][1.298s][9376][11736][info][gc,marking    ] GC(16) Concurrent Clear Claimed Marks
[2020-10-28T10:48:28.725+0800][1.298s][9376][11736][info][gc,marking    ] GC(16) Concurrent Clear Claimed Marks 0.044ms
[2020-10-28T10:48:28.725+0800][1.298s][9376][11736][info][gc,marking    ] GC(16) Concurrent Scan Root Regions
[2020-10-28T10:48:28.725+0800][1.299s][9376][11736][info][gc,marking    ] GC(16) Concurrent Scan Root Regions 0.082ms
[2020-10-28T10:48:28.725+0800][1.299s][9376][11736][info][gc,marking    ] GC(16) Concurrent Mark (1.299s)
[2020-10-28T10:48:28.725+0800][1.299s][9376][11736][info][gc,marking    ] GC(16) Concurrent Mark From Roots
[2020-10-28T10:48:28.725+0800][1.299s][9376][11736][info][gc,task       ] GC(16) Using 2 workers of 2 for marking
[2020-10-28T10:48:28.730+0800][1.303s][9376][11736][info][gc,marking    ] GC(16) Concurrent Mark From Roots 4.869ms
[2020-10-28T10:48:28.730+0800][1.304s][9376][11736][info][gc,marking    ] GC(16) Concurrent Preclean
[2020-10-28T10:48:28.730+0800][1.304s][9376][11736][info][gc,marking    ] GC(16) Concurrent Preclean 0.142ms
[2020-10-28T10:48:28.730+0800][1.304s][9376][11736][info][gc,marking    ] GC(16) Concurrent Mark (1.299s, 1.304s) 5.150ms
[2020-10-28T10:48:28.730+0800][1.304s][9376][12344][info][gc,start      ] GC(16) Pause Remark
[2020-10-28T10:48:28.731+0800][1.305s][9376][12344][info][gc,stringtable] GC(16) Cleaned string and symbol table, strings: 6258 processed, 0 removed, symbols: 52175 processed, 0 removed
[2020-10-28T10:48:28.732+0800][1.305s][9376][12344][info][gc            ] GC(16) Pause Remark 333M->333M(512M) 1.501ms
[2020-10-28T10:48:28.732+0800][1.306s][9376][12344][info][gc,cpu        ] GC(16) User=0.00s Sys=0.00s Real=0.00s
[2020-10-28T10:48:28.732+0800][1.306s][9376][11736][info][gc,marking    ] GC(16) Concurrent Rebuild Remembered Sets
[2020-10-28T10:48:28.736+0800][1.309s][9376][11736][info][gc,marking    ] GC(16) Concurrent Rebuild Remembered Sets 3.620ms
[2020-10-28T10:48:28.736+0800][1.310s][9376][12344][info][gc,start      ] GC(16) Pause Cleanup
[2020-10-28T10:48:28.736+0800][1.310s][9376][12344][info][gc            ] GC(16) Pause Cleanup 345M->345M(512M) 0.155ms
[2020-10-28T10:48:28.736+0800][1.310s][9376][12344][info][gc,cpu        ] GC(16) User=0.00s Sys=0.00s Real=0.00s
[2020-10-28T10:48:28.736+0800][1.310s][9376][11736][info][gc,marking    ] GC(16) Concurrent Cleanup for Next Mark
[2020-10-28T10:48:28.737+0800][1.311s][9376][11736][info][gc,marking    ] GC(16) Concurrent Cleanup for Next Mark 0.792ms
[2020-10-28T10:48:28.737+0800][1.311s][9376][11736][info][gc            ] GC(16) Concurrent Cycle 12.673ms
[2020-10-28T10:48:28.744+0800][1.318s][9376][12344][info][gc,start      ] GC(17) Pause Young (Prepare Mixed) (G1 Evacuation Pause)
[2020-10-28T10:48:28.744+0800][1.318s][9376][12344][info][gc,task       ] GC(17) Using 8 workers of 8 for evacuation
[2020-10-28T10:48:28.751+0800][1.324s][9376][12344][info][gc,phases     ] GC(17)   Pre Evacuate Collection Set: 0.1ms
[2020-10-28T10:48:28.751+0800][1.324s][9376][12344][info][gc,phases     ] GC(17)   Evacuate Collection Set: 5.8ms
[2020-10-28T10:48:28.751+0800][1.324s][9376][12344][info][gc,phases     ] GC(17)   Post Evacuate Collection Set: 0.5ms
[2020-10-28T10:48:28.751+0800][1.324s][9376][12344][info][gc,phases     ] GC(17)   Other: 0.2ms
[2020-10-28T10:48:28.751+0800][1.324s][9376][12344][info][gc,heap       ] GC(17) Eden regions: 65->0(16)
[2020-10-28T10:48:28.751+0800][1.324s][9376][12344][info][gc,heap       ] GC(17) Survivor regions: 5->9(9)
[2020-10-28T10:48:28.751+0800][1.325s][9376][12344][info][gc,heap       ] GC(17) Old regions: 192->212
[2020-10-28T10:48:28.751+0800][1.325s][9376][12344][info][gc,heap       ] GC(17) Humongous regions: 139->114
[2020-10-28T10:48:28.751+0800][1.325s][9376][12344][info][gc,metaspace  ] GC(17) Metaspace: 16382K->16382K(1064960K)
[2020-10-28T10:48:28.751+0800][1.325s][9376][12344][info][gc            ] GC(17) Pause Young (Prepare Mixed) (G1 Evacuation Pause) 400M->334M(512M) 6.924ms
[2020-10-28T10:48:28.751+0800][1.325s][9376][12344][info][gc,cpu        ] GC(17) User=0.06s Sys=0.06s Real=0.01s
[2020-10-28T10:48:28.757+0800][1.331s][9376][12344][info][gc,start      ] GC(18) Pause Young (Mixed) (G1 Evacuation Pause)
[2020-10-28T10:48:28.757+0800][1.331s][9376][12344][info][gc,task       ] GC(18) Using 8 workers of 8 for evacuation
[2020-10-28T10:48:28.764+0800][1.338s][9376][12344][info][gc,phases     ] GC(18)   Pre Evacuate Collection Set: 0.1ms
[2020-10-28T10:48:28.764+0800][1.338s][9376][12344][info][gc,phases     ] GC(18)   Evacuate Collection Set: 6.6ms
[2020-10-28T10:48:28.764+0800][1.338s][9376][12344][info][gc,phases     ] GC(18)   Post Evacuate Collection Set: 0.4ms
[2020-10-28T10:48:28.764+0800][1.338s][9376][12344][info][gc,phases     ] GC(18)   Other: 0.2ms
[2020-10-28T10:48:28.764+0800][1.338s][9376][12344][info][gc,heap       ] GC(18) Eden regions: 16->0(59)
[2020-10-28T10:48:28.764+0800][1.338s][9376][12344][info][gc,heap       ] GC(18) Survivor regions: 9->4(4)
[2020-10-28T10:48:28.764+0800][1.338s][9376][12344][info][gc,heap       ] GC(18) Old regions: 212->200
[2020-10-28T10:48:28.764+0800][1.338s][9376][12344][info][gc,heap       ] GC(18) Humongous regions: 126->116
[2020-10-28T10:48:28.764+0800][1.338s][9376][12344][info][gc,metaspace  ] GC(18) Metaspace: 16382K->16382K(1064960K)
[2020-10-28T10:48:28.765+0800][1.338s][9376][12344][info][gc            ] GC(18) Pause Young (Mixed) (G1 Evacuation Pause) 362M->319M(512M) 7.502ms
[2020-10-28T10:48:28.765+0800][1.339s][9376][12344][info][gc,cpu        ] GC(18) User=0.00s Sys=0.00s Real=0.01s
[2020-10-28T10:48:28.773+0800][1.347s][9376][12344][info][gc,start      ] GC(19) Pause Young (Concurrent Start) (G1 Humongous Allocation)
[2020-10-28T10:48:28.773+0800][1.347s][9376][12344][info][gc,task       ] GC(19) Using 8 workers of 8 for evacuation
[2020-10-28T10:48:28.777+0800][1.351s][9376][12344][info][gc,phases     ] GC(19)   Pre Evacuate Collection Set: 0.1ms
[2020-10-28T10:48:28.777+0800][1.351s][9376][12344][info][gc,phases     ] GC(19)   Evacuate Collection Set: 3.0ms
[2020-10-28T10:48:28.777+0800][1.351s][9376][12344][info][gc,phases     ] GC(19)   Post Evacuate Collection Set: 0.2ms
[2020-10-28T10:48:28.777+0800][1.351s][9376][12344][info][gc,phases     ] GC(19)   Other: 0.3ms
[2020-10-28T10:48:28.777+0800][1.351s][9376][12344][info][gc,heap       ] GC(19) Eden regions: 26->0(57)
[2020-10-28T10:48:28.777+0800][1.351s][9376][12344][info][gc,heap       ] GC(19) Survivor regions: 4->8(8)
[2020-10-28T10:48:28.777+0800][1.351s][9376][12344][info][gc,heap       ] GC(19) Old regions: 200->209
[2020-10-28T10:48:28.777+0800][1.351s][9376][12344][info][gc,heap       ] GC(19) Humongous regions: 141->118
[2020-10-28T10:48:28.777+0800][1.351s][9376][12344][info][gc,metaspace  ] GC(19) Metaspace: 16382K->16382K(1064960K)
[2020-10-28T10:48:28.777+0800][1.351s][9376][12344][info][gc            ] GC(19) Pause Young (Concurrent Start) (G1 Humongous Allocation) 369M->334M(512M) 3.783ms
[2020-10-28T10:48:28.777+0800][1.351s][9376][12344][info][gc,cpu        ] GC(19) User=0.00s Sys=0.00s Real=0.00s
[2020-10-28T10:48:28.777+0800][1.351s][9376][11736][info][gc            ] GC(20) Concurrent Cycle
[2020-10-28T10:48:28.778+0800][1.351s][9376][11736][info][gc,marking    ] GC(20) Concurrent Clear Claimed Marks
[2020-10-28T10:48:28.778+0800][1.351s][9376][11736][info][gc,marking    ] GC(20) Concurrent Clear Claimed Marks 0.049ms
[2020-10-28T10:48:28.778+0800][1.351s][9376][11736][info][gc,marking    ] GC(20) Concurrent Scan Root Regions
[2020-10-28T10:48:28.778+0800][1.352s][9376][11736][info][gc,marking    ] GC(20) Concurrent Scan Root Regions 0.086ms
[2020-10-28T10:48:28.778+0800][1.352s][9376][11736][info][gc,marking    ] GC(20) Concurrent Mark (1.352s)
[2020-10-28T10:48:28.778+0800][1.352s][9376][11736][info][gc,marking    ] GC(20) Concurrent Mark From Roots
[2020-10-28T10:48:28.778+0800][1.352s][9376][11736][info][gc,task       ] GC(20) Using 2 workers of 2 for marking
[2020-10-28T10:48:28.784+0800][1.358s][9376][11736][info][gc,marking    ] GC(20) Concurrent Mark From Roots 6.295ms
[2020-10-28T10:48:28.784+0800][1.358s][9376][11736][info][gc,marking    ] GC(20) Concurrent Preclean
[2020-10-28T10:48:28.785+0800][1.358s][9376][11736][info][gc,marking    ] GC(20) Concurrent Preclean 0.274ms
[2020-10-28T10:48:28.785+0800][1.358s][9376][11736][info][gc,marking    ] GC(20) Concurrent Mark (1.352s, 1.358s) 6.743ms
[2020-10-28T10:48:28.785+0800][1.358s][9376][12344][info][gc,start      ] GC(20) Pause Remark
[2020-10-28T10:48:28.788+0800][1.361s][9376][12344][info][gc,stringtable] GC(20) Cleaned string and symbol table, strings: 6258 processed, 0 removed, symbols: 52175 processed, 0 removed
[2020-10-28T10:48:28.788+0800][1.362s][9376][12344][info][gc            ] GC(20) Pause Remark 379M->379M(512M) 3.469ms
[2020-10-28T10:48:28.789+0800][1.363s][9376][12344][info][gc,cpu        ] GC(20) User=0.00s Sys=0.00s Real=0.00s
[2020-10-28T10:48:28.789+0800][1.363s][9376][11736][info][gc,marking    ] GC(20) Concurrent Rebuild Remembered Sets
[2020-10-28T10:48:28.792+0800][1.365s][9376][11736][info][gc,marking    ] GC(20) Concurrent Rebuild Remembered Sets 2.849ms
[2020-10-28T10:48:28.792+0800][1.366s][9376][12344][info][gc,start      ] GC(20) Pause Cleanup
[2020-10-28T10:48:28.792+0800][1.366s][9376][12344][info][gc            ] GC(20) Pause Cleanup 391M->391M(512M) 0.151ms
[2020-10-28T10:48:28.792+0800][1.366s][9376][12344][info][gc,cpu        ] GC(20) User=0.00s Sys=0.00s Real=0.00s
[2020-10-28T10:48:28.792+0800][1.366s][9376][11736][info][gc,marking    ] GC(20) Concurrent Cleanup for Next Mark
[2020-10-28T10:48:28.793+0800][1.367s][9376][11736][info][gc,marking    ] GC(20) Concurrent Cleanup for Next Mark 1.041ms
[2020-10-28T10:48:28.794+0800][1.367s][9376][11736][info][gc            ] GC(20) Concurrent Cycle 16.243ms
[2020-10-28T10:48:28.798+0800][1.372s][9376][12344][info][gc,start      ] GC(21) Pause Young (Prepare Mixed) (G1 Evacuation Pause)
[2020-10-28T10:48:28.799+0800][1.372s][9376][12344][info][gc,task       ] GC(21) Using 8 workers of 8 for evacuation
[2020-10-28T10:48:28.807+0800][1.380s][9376][12344][info][gc,phases     ] GC(21)   Pre Evacuate Collection Set: 0.1ms
[2020-10-28T10:48:28.807+0800][1.380s][9376][12344][info][gc,phases     ] GC(21)   Evacuate Collection Set: 7.0ms
[2020-10-28T10:48:28.807+0800][1.380s][9376][12344][info][gc,phases     ] GC(21)   Post Evacuate Collection Set: 0.7ms
[2020-10-28T10:48:28.807+0800][1.380s][9376][12344][info][gc,phases     ] GC(21)   Other: 0.2ms
[2020-10-28T10:48:28.807+0800][1.380s][9376][12344][info][gc,heap       ] GC(21) Eden regions: 57->0(16)
[2020-10-28T10:48:28.807+0800][1.380s][9376][12344][info][gc,heap       ] GC(21) Survivor regions: 8->9(9)
[2020-10-28T10:48:28.807+0800][1.380s][9376][12344][info][gc,heap       ] GC(21) Old regions: 209->229
[2020-10-28T10:48:28.807+0800][1.380s][9376][12344][info][gc,heap       ] GC(21) Humongous regions: 156->125
[2020-10-28T10:48:28.807+0800][1.381s][9376][12344][info][gc,metaspace  ] GC(21) Metaspace: 16382K->16382K(1064960K)
[2020-10-28T10:48:28.807+0800][1.381s][9376][12344][info][gc            ] GC(21) Pause Young (Prepare Mixed) (G1 Evacuation Pause) 429M->362M(512M) 8.337ms
[2020-10-28T10:48:28.807+0800][1.381s][9376][12344][info][gc,cpu        ] GC(21) User=0.00s Sys=0.00s Real=0.01s
[2020-10-28T10:48:28.811+0800][1.385s][9376][12344][info][gc,start      ] GC(22) Pause Young (Mixed) (G1 Evacuation Pause)
[2020-10-28T10:48:28.811+0800][1.385s][9376][12344][info][gc,task       ] GC(22) Using 8 workers of 8 for evacuation
[2020-10-28T10:48:28.819+0800][1.393s][9376][12344][info][gc,phases     ] GC(22)   Pre Evacuate Collection Set: 0.1ms
[2020-10-28T10:48:28.819+0800][1.393s][9376][12344][info][gc,phases     ] GC(22)   Evacuate Collection Set: 7.0ms
[2020-10-28T10:48:28.819+0800][1.393s][9376][12344][info][gc,phases     ] GC(22)   Post Evacuate Collection Set: 0.4ms
[2020-10-28T10:48:28.819+0800][1.393s][9376][12344][info][gc,phases     ] GC(22)   Other: 0.2ms
[2020-10-28T10:48:28.819+0800][1.393s][9376][12344][info][gc,heap       ] GC(22) Eden regions: 16->0(21)
[2020-10-28T10:48:28.819+0800][1.393s][9376][12344][info][gc,heap       ] GC(22) Survivor regions: 9->4(4)
[2020-10-28T10:48:28.819+0800][1.393s][9376][12344][info][gc,heap       ] GC(22) Old regions: 229->209
[2020-10-28T10:48:28.819+0800][1.393s][9376][12344][info][gc,heap       ] GC(22) Humongous regions: 135->126
[2020-10-28T10:48:28.819+0800][1.393s][9376][12344][info][gc,metaspace  ] GC(22) Metaspace: 16382K->16382K(1064960K)
[2020-10-28T10:48:28.819+0800][1.393s][9376][12344][info][gc            ] GC(22) Pause Young (Mixed) (G1 Evacuation Pause) 387M->338M(512M) 8.185ms
[2020-10-28T10:48:28.820+0800][1.394s][9376][12344][info][gc,cpu        ] GC(22) User=0.13s Sys=0.00s Real=0.01s
[2020-10-28T10:48:28.828+0800][1.402s][9376][12344][info][gc,start      ] GC(23) Pause Young (Mixed) (G1 Evacuation Pause)
[2020-10-28T10:48:28.828+0800][1.402s][9376][12344][info][gc,task       ] GC(23) Using 8 workers of 8 for evacuation
[2020-10-28T10:48:28.831+0800][1.405s][9376][12344][info][gc,phases     ] GC(23)   Pre Evacuate Collection Set: 0.1ms
[2020-10-28T10:48:28.832+0800][1.405s][9376][12344][info][gc,phases     ] GC(23)   Evacuate Collection Set: 2.7ms
[2020-10-28T10:48:28.832+0800][1.405s][9376][12344][info][gc,phases     ] GC(23)   Post Evacuate Collection Set: 0.2ms
[2020-10-28T10:48:28.832+0800][1.405s][9376][12344][info][gc,phases     ] GC(23)   Other: 0.2ms
[2020-10-28T10:48:28.832+0800][1.405s][9376][12344][info][gc,heap       ] GC(23) Eden regions: 21->0(48)
[2020-10-28T10:48:28.832+0800][1.405s][9376][12344][info][gc,heap       ] GC(23) Survivor regions: 4->4(4)
[2020-10-28T10:48:28.832+0800][1.405s][9376][12344][info][gc,heap       ] GC(23) Old regions: 209->218
[2020-10-28T10:48:28.832+0800][1.405s][9376][12344][info][gc,heap       ] GC(23) Humongous regions: 151->136
[2020-10-28T10:48:28.832+0800][1.406s][9376][12344][info][gc,metaspace  ] GC(23) Metaspace: 16382K->16382K(1064960K)
[2020-10-28T10:48:28.832+0800][1.406s][9376][12344][info][gc            ] GC(23) Pause Young (Mixed) (G1 Evacuation Pause) 384M->357M(512M) 3.570ms
[2020-10-28T10:48:28.832+0800][1.406s][9376][12344][info][gc,cpu        ] GC(23) User=0.00s Sys=0.00s Real=0.00s
[2020-10-28T10:48:28.832+0800][1.406s][9376][12344][info][gc,start      ] GC(24) Pause Young (Concurrent Start) (G1 Humongous Allocation)
[2020-10-28T10:48:28.832+0800][1.406s][9376][12344][info][gc,task       ] GC(24) Using 8 workers of 8 for evacuation
[2020-10-28T10:48:28.833+0800][1.407s][9376][12344][info][gc,phases     ] GC(24)   Pre Evacuate Collection Set: 0.1ms
[2020-10-28T10:48:28.834+0800][1.407s][9376][12344][info][gc,phases     ] GC(24)   Evacuate Collection Set: 0.8ms
[2020-10-28T10:48:28.834+0800][1.407s][9376][12344][info][gc,phases     ] GC(24)   Post Evacuate Collection Set: 0.2ms
[2020-10-28T10:48:28.834+0800][1.407s][9376][12344][info][gc,phases     ] GC(24)   Other: 0.1ms
[2020-10-28T10:48:28.834+0800][1.407s][9376][12344][info][gc,heap       ] GC(24) Eden regions: 1->0(39)
[2020-10-28T10:48:28.834+0800][1.407s][9376][12344][info][gc,heap       ] GC(24) Survivor regions: 4->4(7)
[2020-10-28T10:48:28.834+0800][1.407s][9376][12344][info][gc,heap       ] GC(24) Old regions: 218->218
[2020-10-28T10:48:28.834+0800][1.407s][9376][12344][info][gc,heap       ] GC(24) Humongous regions: 136->136
[2020-10-28T10:48:28.834+0800][1.407s][9376][12344][info][gc,metaspace  ] GC(24) Metaspace: 16382K->16382K(1064960K)
[2020-10-28T10:48:28.834+0800][1.407s][9376][12344][info][gc            ] GC(24) Pause Young (Concurrent Start) (G1 Humongous Allocation) 357M->357M(512M) 1.464ms
[2020-10-28T10:48:28.834+0800][1.408s][9376][12344][info][gc,cpu        ] GC(24) User=0.00s Sys=0.00s Real=0.00s
[2020-10-28T10:48:28.834+0800][1.408s][9376][11736][info][gc            ] GC(25) Concurrent Cycle
[2020-10-28T10:48:28.835+0800][1.408s][9376][11736][info][gc,marking    ] GC(25) Concurrent Clear Claimed Marks
[2020-10-28T10:48:28.835+0800][1.408s][9376][11736][info][gc,marking    ] GC(25) Concurrent Clear Claimed Marks 0.161ms
[2020-10-28T10:48:28.835+0800][1.409s][9376][11736][info][gc,marking    ] GC(25) Concurrent Scan Root Regions
[2020-10-28T10:48:28.835+0800][1.409s][9376][11736][info][gc,marking    ] GC(25) Concurrent Scan Root Regions 0.316ms
[2020-10-28T10:48:28.835+0800][1.409s][9376][11736][info][gc,marking    ] GC(25) Concurrent Mark (1.409s)
[2020-10-28T10:48:28.835+0800][1.409s][9376][11736][info][gc,marking    ] GC(25) Concurrent Mark From Roots
[2020-10-28T10:48:28.835+0800][1.409s][9376][11736][info][gc,task       ] GC(25) Using 2 workers of 2 for marking
[2020-10-28T10:48:28.842+0800][1.416s][9376][11736][info][gc,marking    ] GC(25) Concurrent Mark From Roots 7.203ms
[2020-10-28T10:48:28.843+0800][1.416s][9376][11736][info][gc,marking    ] GC(25) Concurrent Preclean
[2020-10-28T10:48:28.843+0800][1.417s][9376][11736][info][gc,marking    ] GC(25) Concurrent Preclean 0.175ms
[2020-10-28T10:48:28.843+0800][1.417s][9376][11736][info][gc,marking    ] GC(25) Concurrent Mark (1.409s, 1.417s) 7.592ms
[2020-10-28T10:48:28.843+0800][1.417s][9376][12344][info][gc,start      ] GC(25) Pause Remark
[2020-10-28T10:48:28.844+0800][1.418s][9376][12344][info][gc,stringtable] GC(25) Cleaned string and symbol table, strings: 6259 processed, 0 removed, symbols: 52176 processed, 0 removed
[2020-10-28T10:48:28.844+0800][1.418s][9376][12344][info][gc            ] GC(25) Pause Remark 397M->397M(512M) 1.453ms
[2020-10-28T10:48:28.845+0800][1.418s][9376][12344][info][gc,cpu        ] GC(25) User=0.13s Sys=0.00s Real=0.00s
[2020-10-28T10:48:28.845+0800][1.419s][9376][11736][info][gc,marking    ] GC(25) Concurrent Rebuild Remembered Sets
[2020-10-28T10:48:28.848+0800][1.421s][9376][11736][info][gc,marking    ] GC(25) Concurrent Rebuild Remembered Sets 2.902ms
[2020-10-28T10:48:28.848+0800][1.422s][9376][12344][info][gc,start      ] GC(25) Pause Cleanup
[2020-10-28T10:48:28.848+0800][1.422s][9376][12344][info][gc            ] GC(25) Pause Cleanup 417M->417M(512M) 0.248ms
[2020-10-28T10:48:28.848+0800][1.422s][9376][12344][info][gc,cpu        ] GC(25) User=0.00s Sys=0.00s Real=0.00s
[2020-10-28T10:48:28.849+0800][1.422s][9376][11736][info][gc,marking    ] GC(25) Concurrent Cleanup for Next Mark
[2020-10-28T10:48:28.849+0800][1.423s][9376][11736][info][gc,marking    ] GC(25) Concurrent Cleanup for Next Mark 0.872ms
[2020-10-28T10:48:28.849+0800][1.423s][9376][11736][info][gc            ] GC(25) Concurrent Cycle 15.449ms
[2020-10-28T10:48:28.850+0800][1.424s][9376][12344][info][gc,start      ] GC(26) Pause Young (Prepare Mixed) (G1 Evacuation Pause)
[2020-10-28T10:48:28.850+0800][1.424s][9376][12344][info][gc,task       ] GC(26) Using 8 workers of 8 for evacuation
[2020-10-28T10:48:28.857+0800][1.430s][9376][12344][info][gc,phases     ] GC(26)   Pre Evacuate Collection Set: 0.1ms
[2020-10-28T10:48:28.857+0800][1.430s][9376][12344][info][gc,phases     ] GC(26)   Evacuate Collection Set: 5.8ms
[2020-10-28T10:48:28.857+0800][1.430s][9376][12344][info][gc,phases     ] GC(26)   Post Evacuate Collection Set: 0.4ms
[2020-10-28T10:48:28.857+0800][1.430s][9376][12344][info][gc,phases     ] GC(26)   Other: 0.2ms
[2020-10-28T10:48:28.857+0800][1.430s][9376][12344][info][gc,heap       ] GC(26) Eden regions: 39->0(19)
[2020-10-28T10:48:28.857+0800][1.430s][9376][12344][info][gc,heap       ] GC(26) Survivor regions: 4->6(6)
[2020-10-28T10:48:28.857+0800][1.430s][9376][12344][info][gc,heap       ] GC(26) Old regions: 217->231
[2020-10-28T10:48:28.857+0800][1.431s][9376][12344][info][gc,heap       ] GC(26) Humongous regions: 164->141
[2020-10-28T10:48:28.857+0800][1.431s][9376][12344][info][gc,metaspace  ] GC(26) Metaspace: 16382K->16382K(1064960K)
[2020-10-28T10:48:28.857+0800][1.431s][9376][12344][info][gc            ] GC(26) Pause Young (Prepare Mixed) (G1 Evacuation Pause) 423M->377M(512M) 6.825ms
[2020-10-28T10:48:28.857+0800][1.431s][9376][12344][info][gc,cpu        ] GC(26) User=0.00s Sys=0.00s Real=0.01s
[2020-10-28T10:48:28.863+0800][1.436s][9376][12344][info][gc,start      ] GC(27) Pause Young (Mixed) (G1 Evacuation Pause)
[2020-10-28T10:48:28.863+0800][1.436s][9376][12344][info][gc,task       ] GC(27) Using 8 workers of 8 for evacuation
[2020-10-28T10:48:28.870+0800][1.444s][9376][12344][info][gc,phases     ] GC(27)   Pre Evacuate Collection Set: 0.1ms
[2020-10-28T10:48:28.871+0800][1.444s][9376][12344][info][gc,phases     ] GC(27)   Evacuate Collection Set: 6.6ms
[2020-10-28T10:48:28.871+0800][1.445s][9376][12344][info][gc,phases     ] GC(27)   Post Evacuate Collection Set: 0.5ms
[2020-10-28T10:48:28.871+0800][1.445s][9376][12344][info][gc,phases     ] GC(27)   Other: 0.5ms
[2020-10-28T10:48:28.871+0800][1.445s][9376][12344][info][gc,heap       ] GC(27) Eden regions: 19->0(43)
[2020-10-28T10:48:28.871+0800][1.445s][9376][12344][info][gc,heap       ] GC(27) Survivor regions: 6->4(4)
[2020-10-28T10:48:28.871+0800][1.445s][9376][12344][info][gc,heap       ] GC(27) Old regions: 231->214
[2020-10-28T10:48:28.871+0800][1.445s][9376][12344][info][gc,heap       ] GC(27) Humongous regions: 154->139
[2020-10-28T10:48:28.871+0800][1.445s][9376][12344][info][gc,metaspace  ] GC(27) Metaspace: 16382K->16382K(1064960K)
[2020-10-28T10:48:28.871+0800][1.445s][9376][12344][info][gc            ] GC(27) Pause Young (Mixed) (G1 Evacuation Pause) 409M->356M(512M) 8.564ms
[2020-10-28T10:48:28.872+0800][1.445s][9376][12344][info][gc,cpu        ] GC(27) User=0.00s Sys=0.00s Real=0.01s
[2020-10-28T10:48:28.874+0800][1.448s][9376][12344][info][gc,start      ] GC(28) Pause Young (Concurrent Start) (G1 Humongous Allocation)
[2020-10-28T10:48:28.874+0800][1.448s][9376][12344][info][gc,task       ] GC(28) Using 8 workers of 8 for evacuation
[2020-10-28T10:48:28.876+0800][1.450s][9376][12344][info][gc,phases     ] GC(28)   Pre Evacuate Collection Set: 0.1ms
[2020-10-28T10:48:28.876+0800][1.450s][9376][12344][info][gc,phases     ] GC(28)   Evacuate Collection Set: 1.3ms
[2020-10-28T10:48:28.876+0800][1.450s][9376][12344][info][gc,phases     ] GC(28)   Post Evacuate Collection Set: 0.1ms
[2020-10-28T10:48:28.876+0800][1.450s][9376][12344][info][gc,phases     ] GC(28)   Other: 0.2ms
[2020-10-28T10:48:28.876+0800][1.450s][9376][12344][info][gc,heap       ] GC(28) Eden regions: 7->0(39)
[2020-10-28T10:48:28.876+0800][1.450s][9376][12344][info][gc,heap       ] GC(28) Survivor regions: 4->3(6)
[2020-10-28T10:48:28.876+0800][1.450s][9376][12344][info][gc,heap       ] GC(28) Old regions: 214->218
[2020-10-28T10:48:28.876+0800][1.450s][9376][12344][info][gc,heap       ] GC(28) Humongous regions: 139->139
[2020-10-28T10:48:28.876+0800][1.450s][9376][12344][info][gc,metaspace  ] GC(28) Metaspace: 16382K->16382K(1064960K)
[2020-10-28T10:48:28.876+0800][1.450s][9376][12344][info][gc            ] GC(28) Pause Young (Concurrent Start) (G1 Humongous Allocation) 363M->358M(512M) 2.022ms
[2020-10-28T10:48:28.877+0800][1.450s][9376][12344][info][gc,cpu        ] GC(28) User=0.02s Sys=0.00s Real=0.00s
[2020-10-28T10:48:28.877+0800][1.450s][9376][11736][info][gc            ] GC(29) Concurrent Cycle
[2020-10-28T10:48:28.877+0800][1.451s][9376][11736][info][gc,marking    ] GC(29) Concurrent Clear Claimed Marks
[2020-10-28T10:48:28.877+0800][1.451s][9376][11736][info][gc,marking    ] GC(29) Concurrent Clear Claimed Marks 0.060ms
[2020-10-28T10:48:28.877+0800][1.451s][9376][11736][info][gc,marking    ] GC(29) Concurrent Scan Root Regions
[2020-10-28T10:48:28.877+0800][1.451s][9376][11736][info][gc,marking    ] GC(29) Concurrent Scan Root Regions 0.079ms
[2020-10-28T10:48:28.877+0800][1.451s][9376][11736][info][gc,marking    ] GC(29) Concurrent Mark (1.451s)
[2020-10-28T10:48:28.877+0800][1.451s][9376][11736][info][gc,marking    ] GC(29) Concurrent Mark From Roots
[2020-10-28T10:48:28.877+0800][1.451s][9376][11736][info][gc,task       ] GC(29) Using 2 workers of 2 for marking
[2020-10-28T10:48:28.882+0800][1.456s][9376][11736][info][gc,marking    ] GC(29) Concurrent Mark From Roots 5.041ms
[2020-10-28T10:48:28.882+0800][1.456s][9376][11736][info][gc,marking    ] GC(29) Concurrent Preclean
[2020-10-28T10:48:28.882+0800][1.456s][9376][11736][info][gc,marking    ] GC(29) Concurrent Preclean 0.145ms
[2020-10-28T10:48:28.882+0800][1.456s][9376][11736][info][gc,marking    ] GC(29) Concurrent Mark (1.451s, 1.456s) 5.339ms
[2020-10-28T10:48:28.883+0800][1.456s][9376][12344][info][gc,start      ] GC(29) Pause Remark
[2020-10-28T10:48:28.884+0800][1.458s][9376][12344][info][gc,stringtable] GC(29) Cleaned string and symbol table, strings: 6259 processed, 0 removed, symbols: 52176 processed, 0 removed
[2020-10-28T10:48:28.884+0800][1.458s][9376][12344][info][gc            ] GC(29) Pause Remark 399M->399M(512M) 1.705ms
[2020-10-28T10:48:28.885+0800][1.459s][9376][12344][info][gc,cpu        ] GC(29) User=0.00s Sys=0.00s Real=0.00s
[2020-10-28T10:48:28.886+0800][1.460s][9376][11736][info][gc,marking    ] GC(29) Concurrent Rebuild Remembered Sets
[2020-10-28T10:48:28.891+0800][1.464s][9376][11736][info][gc,marking    ] GC(29) Concurrent Rebuild Remembered Sets 4.782ms
[2020-10-28T10:48:28.891+0800][1.465s][9376][12344][info][gc,start      ] GC(29) Pause Cleanup
[2020-10-28T10:48:28.891+0800][1.465s][9376][12344][info][gc            ] GC(29) Pause Cleanup 418M->418M(512M) 0.157ms
[2020-10-28T10:48:28.891+0800][1.465s][9376][12344][info][gc,cpu        ] GC(29) User=0.00s Sys=0.00s Real=0.00s
[2020-10-28T10:48:28.891+0800][1.465s][9376][11736][info][gc,marking    ] GC(29) Concurrent Cleanup for Next Mark
[2020-10-28T10:48:28.892+0800][1.466s][9376][11736][info][gc,marking    ] GC(29) Concurrent Cleanup for Next Mark 1.117ms
[2020-10-28T10:48:28.892+0800][1.466s][9376][12344][info][gc,start      ] GC(30) Pause Young (Prepare Mixed) (G1 Evacuation Pause)
[2020-10-28T10:48:28.893+0800][1.466s][9376][12344][info][gc,task       ] GC(30) Using 8 workers of 8 for evacuation
[2020-10-28T10:48:28.897+0800][1.470s][9376][12344][info][gc,phases     ] GC(30)   Pre Evacuate Collection Set: 0.1ms
[2020-10-28T10:48:28.897+0800][1.470s][9376][12344][info][gc,phases     ] GC(30)   Evacuate Collection Set: 3.4ms
[2020-10-28T10:48:28.897+0800][1.470s][9376][12344][info][gc,phases     ] GC(30)   Post Evacuate Collection Set: 0.3ms
[2020-10-28T10:48:28.897+0800][1.470s][9376][12344][info][gc,phases     ] GC(30)   Other: 0.3ms
[2020-10-28T10:48:28.897+0800][1.470s][9376][12344][info][gc,heap       ] GC(30) Eden regions: 39->0(19)
[2020-10-28T10:48:28.897+0800][1.470s][9376][12344][info][gc,heap       ] GC(30) Survivor regions: 3->6(6)
[2020-10-28T10:48:28.897+0800][1.470s][9376][12344][info][gc,heap       ] GC(30) Old regions: 218->232
[2020-10-28T10:48:28.897+0800][1.470s][9376][12344][info][gc,heap       ] GC(30) Humongous regions: 163->146
[2020-10-28T10:48:28.897+0800][1.470s][9376][12344][info][gc,metaspace  ] GC(30) Metaspace: 16382K->16382K(1064960K)
[2020-10-28T10:48:28.897+0800][1.470s][9376][12344][info][gc            ] GC(30) Pause Young (Prepare Mixed) (G1 Evacuation Pause) 421M->383M(512M) 4.300ms
[2020-10-28T10:48:28.897+0800][1.471s][9376][12344][info][gc,cpu        ] GC(30) User=0.00s Sys=0.00s Real=0.01s
[2020-10-28T10:48:28.897+0800][1.471s][9376][11736][info][gc            ] GC(29) Concurrent Cycle 20.476ms
[2020-10-28T10:48:28.902+0800][1.475s][9376][12344][info][gc,start      ] GC(31) Pause Young (Mixed) (G1 Evacuation Pause)
[2020-10-28T10:48:28.902+0800][1.476s][9376][12344][info][gc,task       ] GC(31) Using 8 workers of 8 for evacuation
[2020-10-28T10:48:28.913+0800][1.487s][9376][12344][info][gc,phases     ] GC(31)   Pre Evacuate Collection Set: 0.7ms
[2020-10-28T10:48:28.913+0800][1.487s][9376][12344][info][gc,phases     ] GC(31)   Evacuate Collection Set: 9.1ms
[2020-10-28T10:48:28.913+0800][1.487s][9376][12344][info][gc,phases     ] GC(31)   Post Evacuate Collection Set: 0.5ms
[2020-10-28T10:48:28.913+0800][1.487s][9376][12344][info][gc,phases     ] GC(31)   Other: 0.8ms
[2020-10-28T10:48:28.913+0800][1.487s][9376][12344][info][gc,heap       ] GC(31) Eden regions: 19->0(38)
[2020-10-28T10:48:28.913+0800][1.487s][9376][12344][info][gc,heap       ] GC(31) Survivor regions: 6->4(4)
[2020-10-28T10:48:28.913+0800][1.487s][9376][12344][info][gc,heap       ] GC(31) Old regions: 232->220
[2020-10-28T10:48:28.913+0800][1.487s][9376][12344][info][gc,heap       ] GC(31) Humongous regions: 151->145
[2020-10-28T10:48:28.913+0800][1.487s][9376][12344][info][gc,metaspace  ] GC(31) Metaspace: 16382K->16382K(1064960K)
[2020-10-28T10:48:28.913+0800][1.487s][9376][12344][info][gc            ] GC(31) Pause Young (Mixed) (G1 Evacuation Pause) 407M->368M(512M) 11.458ms
[2020-10-28T10:48:28.913+0800][1.487s][9376][12344][info][gc,cpu        ] GC(31) User=0.11s Sys=0.00s Real=0.01s
[2020-10-28T10:48:28.915+0800][1.488s][9376][12344][info][gc,start      ] GC(32) Pause Young (Concurrent Start) (G1 Humongous Allocation)
[2020-10-28T10:48:28.915+0800][1.488s][9376][12344][info][gc,task       ] GC(32) Using 8 workers of 8 for evacuation
[2020-10-28T10:48:28.916+0800][1.490s][9376][12344][info][gc,phases     ] GC(32)   Pre Evacuate Collection Set: 0.1ms
[2020-10-28T10:48:28.916+0800][1.490s][9376][12344][info][gc,phases     ] GC(32)   Evacuate Collection Set: 1.1ms
[2020-10-28T10:48:28.916+0800][1.490s][9376][12344][info][gc,phases     ] GC(32)   Post Evacuate Collection Set: 0.2ms
[2020-10-28T10:48:28.917+0800][1.490s][9376][12344][info][gc,phases     ] GC(32)   Other: 0.3ms
[2020-10-28T10:48:28.917+0800][1.490s][9376][12344][info][gc,heap       ] GC(32) Eden regions: 6->0(36)
[2020-10-28T10:48:28.917+0800][1.490s][9376][12344][info][gc,heap       ] GC(32) Survivor regions: 4->3(6)
[2020-10-28T10:48:28.917+0800][1.490s][9376][12344][info][gc,heap       ] GC(32) Old regions: 220->224
[2020-10-28T10:48:28.917+0800][1.490s][9376][12344][info][gc,heap       ] GC(32) Humongous regions: 145->145
[2020-10-28T10:48:28.917+0800][1.490s][9376][12344][info][gc,metaspace  ] GC(32) Metaspace: 16382K->16382K(1064960K)
[2020-10-28T10:48:28.917+0800][1.491s][9376][12344][info][gc            ] GC(32) Pause Young (Concurrent Start) (G1 Humongous Allocation) 374M->371M(512M) 2.160ms
[2020-10-28T10:48:28.917+0800][1.491s][9376][12344][info][gc,cpu        ] GC(32) User=0.00s Sys=0.00s Real=0.00s
[2020-10-28T10:48:28.917+0800][1.491s][9376][11736][info][gc            ] GC(33) Concurrent Cycle
[2020-10-28T10:48:28.918+0800][1.491s][9376][11736][info][gc,marking    ] GC(33) Concurrent Clear Claimed Marks
[2020-10-28T10:48:28.918+0800][1.492s][9376][11736][info][gc,marking    ] GC(33) Concurrent Clear Claimed Marks 0.152ms
[2020-10-28T10:48:28.918+0800][1.492s][9376][11736][info][gc,marking    ] GC(33) Concurrent Scan Root Regions
[2020-10-28T10:48:28.918+0800][1.492s][9376][11736][info][gc,marking    ] GC(33) Concurrent Scan Root Regions 0.253ms
[2020-10-28T10:48:28.918+0800][1.492s][9376][11736][info][gc,marking    ] GC(33) Concurrent Mark (1.492s)
[2020-10-28T10:48:28.918+0800][1.492s][9376][11736][info][gc,marking    ] GC(33) Concurrent Mark From Roots
[2020-10-28T10:48:28.918+0800][1.492s][9376][11736][info][gc,task       ] GC(33) Using 2 workers of 2 for marking
[2020-10-28T10:48:28.925+0800][1.498s][9376][11736][info][gc,marking    ] GC(33) Concurrent Mark From Roots 6.250ms
[2020-10-28T10:48:28.925+0800][1.498s][9376][11736][info][gc,marking    ] GC(33) Concurrent Preclean
[2020-10-28T10:48:28.925+0800][1.499s][9376][11736][info][gc,marking    ] GC(33) Concurrent Preclean 0.160ms
[2020-10-28T10:48:28.925+0800][1.499s][9376][11736][info][gc,marking    ] GC(33) Concurrent Mark (1.492s, 1.499s) 6.562ms
[2020-10-28T10:48:28.925+0800][1.499s][9376][12344][info][gc,start      ] GC(33) Pause Remark
[2020-10-28T10:48:28.926+0800][1.500s][9376][12344][info][gc,stringtable] GC(33) Cleaned string and symbol table, strings: 6259 processed, 0 removed, symbols: 52176 processed, 0 removed
[2020-10-28T10:48:28.926+0800][1.500s][9376][12344][info][gc            ] GC(33) Pause Remark 408M->408M(512M) 1.400ms
[2020-10-28T10:48:28.927+0800][1.500s][9376][12344][info][gc,cpu        ] GC(33) User=0.00s Sys=0.00s Real=0.00s
[2020-10-28T10:48:28.927+0800][1.500s][9376][11736][info][gc,marking    ] GC(33) Concurrent Rebuild Remembered Sets
[2020-10-28T10:48:28.930+0800][1.504s][9376][12344][info][gc,start      ] GC(34) Pause Young (Normal) (G1 Evacuation Pause)
[2020-10-28T10:48:28.930+0800][1.504s][9376][12344][info][gc,task       ] GC(34) Using 8 workers of 8 for evacuation
[2020-10-28T10:48:28.934+0800][1.508s][9376][12344][info][gc,phases     ] GC(34)   Pre Evacuate Collection Set: 0.1ms
[2020-10-28T10:48:28.934+0800][1.508s][9376][12344][info][gc,phases     ] GC(34)   Evacuate Collection Set: 3.2ms
[2020-10-28T10:48:28.934+0800][1.508s][9376][12344][info][gc,phases     ] GC(34)   Post Evacuate Collection Set: 0.4ms
[2020-10-28T10:48:28.934+0800][1.508s][9376][12344][info][gc,phases     ] GC(34)   Other: 0.2ms
[2020-10-28T10:48:28.934+0800][1.508s][9376][12344][info][gc,heap       ] GC(34) Eden regions: 36->0(31)
[2020-10-28T10:48:28.934+0800][1.508s][9376][12344][info][gc,heap       ] GC(34) Survivor regions: 3->5(5)
[2020-10-28T10:48:28.934+0800][1.508s][9376][12344][info][gc,heap       ] GC(34) Old regions: 224->236
[2020-10-28T10:48:28.934+0800][1.508s][9376][12344][info][gc,heap       ] GC(34) Humongous regions: 165->149
[2020-10-28T10:48:28.934+0800][1.508s][9376][12344][info][gc,metaspace  ] GC(34) Metaspace: 16382K->16382K(1064960K)
[2020-10-28T10:48:28.934+0800][1.508s][9376][12344][info][gc            ] GC(34) Pause Young (Normal) (G1 Evacuation Pause) 426M->389M(512M) 4.272ms
[2020-10-28T10:48:28.935+0800][1.508s][9376][12344][info][gc,cpu        ] GC(34) User=0.00s Sys=0.00s Real=0.00s
[2020-10-28T10:48:28.935+0800][1.509s][9376][11736][info][gc,marking    ] GC(33) Concurrent Rebuild Remembered Sets 8.727ms
[2020-10-28T10:48:28.936+0800][1.510s][9376][12344][info][gc,start      ] GC(33) Pause Cleanup
[2020-10-28T10:48:28.936+0800][1.510s][9376][12344][info][gc            ] GC(33) Pause Cleanup 391M->391M(512M) 0.476ms
[2020-10-28T10:48:28.937+0800][1.511s][9376][12344][info][gc,cpu        ] GC(33) User=0.00s Sys=0.02s Real=0.00s
[2020-10-28T10:48:28.937+0800][1.511s][9376][11736][info][gc,marking    ] GC(33) Concurrent Cleanup for Next Mark
[2020-10-28T10:48:28.939+0800][1.513s][9376][11736][info][gc,marking    ] GC(33) Concurrent Cleanup for Next Mark 2.062ms
[2020-10-28T10:48:28.939+0800][1.513s][9376][11736][info][gc            ] GC(33) Concurrent Cycle 21.965ms
[2020-10-28T10:48:28.945+0800][1.518s][9376][12344][info][gc,start      ] GC(35) Pause Young (Prepare Mixed) (G1 Evacuation Pause)
[2020-10-28T10:48:28.945+0800][1.518s][9376][12344][info][gc,task       ] GC(35) Using 8 workers of 8 for evacuation
[2020-10-28T10:48:28.949+0800][1.523s][9376][12344][info][gc,phases     ] GC(35)   Pre Evacuate Collection Set: 0.3ms
[2020-10-28T10:48:28.949+0800][1.523s][9376][12344][info][gc,phases     ] GC(35)   Evacuate Collection Set: 3.4ms
[2020-10-28T10:48:28.949+0800][1.523s][9376][12344][info][gc,phases     ] GC(35)   Post Evacuate Collection Set: 0.5ms
[2020-10-28T10:48:28.949+0800][1.523s][9376][12344][info][gc,phases     ] GC(35)   Other: 0.3ms
[2020-10-28T10:48:28.949+0800][1.523s][9376][12344][info][gc,heap       ] GC(35) Eden regions: 31->0(20)
[2020-10-28T10:48:28.949+0800][1.523s][9376][12344][info][gc,heap       ] GC(35) Survivor regions: 5->5(5)
[2020-10-28T10:48:28.949+0800][1.523s][9376][12344][info][gc,heap       ] GC(35) Old regions: 236->250
[2020-10-28T10:48:28.949+0800][1.523s][9376][12344][info][gc,heap       ] GC(35) Humongous regions: 178->155
[2020-10-28T10:48:28.949+0800][1.523s][9376][12344][info][gc,metaspace  ] GC(35) Metaspace: 16382K->16382K(1064960K)
[2020-10-28T10:48:28.949+0800][1.523s][9376][12344][info][gc            ] GC(35) Pause Young (Prepare Mixed) (G1 Evacuation Pause) 449M->409M(512M) 4.661ms
[2020-10-28T10:48:28.950+0800][1.523s][9376][12344][info][gc,cpu        ] GC(35) User=0.00s Sys=0.00s Real=0.01s
[2020-10-28T10:48:28.958+0800][1.531s][9376][12344][info][gc,start      ] GC(36) Pause Young (Mixed) (G1 Evacuation Pause)
[2020-10-28T10:48:28.958+0800][1.531s][9376][12344][info][gc,task       ] GC(36) Using 8 workers of 8 for evacuation
[2020-10-28T10:48:28.964+0800][1.538s][9376][12344][info][gc,phases     ] GC(36)   Pre Evacuate Collection Set: 0.1ms
[2020-10-28T10:48:28.964+0800][1.538s][9376][12344][info][gc,phases     ] GC(36)   Evacuate Collection Set: 5.5ms
[2020-10-28T10:48:28.964+0800][1.538s][9376][12344][info][gc,phases     ] GC(36)   Post Evacuate Collection Set: 0.7ms
[2020-10-28T10:48:28.964+0800][1.538s][9376][12344][info][gc,phases     ] GC(36)   Other: 0.4ms
[2020-10-28T10:48:28.965+0800][1.538s][9376][12344][info][gc,heap       ] GC(36) Eden regions: 20->0(30)
[2020-10-28T10:48:28.965+0800][1.538s][9376][12344][info][gc,heap       ] GC(36) Survivor regions: 5->4(4)
[2020-10-28T10:48:28.965+0800][1.538s][9376][12344][info][gc,heap       ] GC(36) Old regions: 250->238
[2020-10-28T10:48:28.965+0800][1.538s][9376][12344][info][gc,heap       ] GC(36) Humongous regions: 158->153
[2020-10-28T10:48:28.965+0800][1.538s][9376][12344][info][gc,metaspace  ] GC(36) Metaspace: 16382K->16382K(1064960K)
[2020-10-28T10:48:28.965+0800][1.538s][9376][12344][info][gc            ] GC(36) Pause Young (Mixed) (G1 Evacuation Pause) 432M->394M(512M) 7.114ms
[2020-10-28T10:48:28.965+0800][1.539s][9376][12344][info][gc,cpu        ] GC(36) User=0.00s Sys=0.00s Real=0.01s
[2020-10-28T10:48:28.965+0800][1.539s][9376][12344][info][gc,start      ] GC(37) Pause Young (Concurrent Start) (G1 Humongous Allocation)
[2020-10-28T10:48:28.965+0800][1.539s][9376][12344][info][gc,task       ] GC(37) Using 8 workers of 8 for evacuation
[2020-10-28T10:48:28.967+0800][1.540s][9376][12344][info][gc,phases     ] GC(37)   Pre Evacuate Collection Set: 0.1ms
[2020-10-28T10:48:28.967+0800][1.540s][9376][12344][info][gc,phases     ] GC(37)   Evacuate Collection Set: 0.8ms
[2020-10-28T10:48:28.967+0800][1.540s][9376][12344][info][gc,phases     ] GC(37)   Post Evacuate Collection Set: 0.2ms
[2020-10-28T10:48:28.967+0800][1.540s][9376][12344][info][gc,phases     ] GC(37)   Other: 0.2ms
[2020-10-28T10:48:28.967+0800][1.540s][9376][12344][info][gc,heap       ] GC(37) Eden regions: 1->0(24)
[2020-10-28T10:48:28.967+0800][1.541s][9376][12344][info][gc,heap       ] GC(37) Survivor regions: 4->1(5)
[2020-10-28T10:48:28.967+0800][1.541s][9376][12344][info][gc,heap       ] GC(37) Old regions: 238->242
[2020-10-28T10:48:28.967+0800][1.541s][9376][12344][info][gc,heap       ] GC(37) Humongous regions: 153->153
[2020-10-28T10:48:28.967+0800][1.541s][9376][12344][info][gc,metaspace  ] GC(37) Metaspace: 16382K->16382K(1064960K)
[2020-10-28T10:48:28.967+0800][1.541s][9376][12344][info][gc            ] GC(37) Pause Young (Concurrent Start) (G1 Humongous Allocation) 394M->394M(512M) 1.587ms
[2020-10-28T10:48:28.967+0800][1.541s][9376][12344][info][gc,cpu        ] GC(37) User=0.00s Sys=0.00s Real=0.00s
[2020-10-28T10:48:28.968+0800][1.541s][9376][11736][info][gc            ] GC(38) Concurrent Cycle
[2020-10-28T10:48:28.968+0800][1.542s][9376][11736][info][gc,marking    ] GC(38) Concurrent Clear Claimed Marks
[2020-10-28T10:48:28.969+0800][1.542s][9376][11736][info][gc,marking    ] GC(38) Concurrent Clear Claimed Marks 0.207ms
[2020-10-28T10:48:28.969+0800][1.542s][9376][11736][info][gc,marking    ] GC(38) Concurrent Scan Root Regions
[2020-10-28T10:48:28.969+0800][1.543s][9376][11736][info][gc,marking    ] GC(38) Concurrent Scan Root Regions 0.126ms
[2020-10-28T10:48:28.969+0800][1.543s][9376][11736][info][gc,marking    ] GC(38) Concurrent Mark (1.543s)
[2020-10-28T10:48:28.969+0800][1.543s][9376][11736][info][gc,marking    ] GC(38) Concurrent Mark From Roots
[2020-10-28T10:48:28.969+0800][1.543s][9376][11736][info][gc,task       ] GC(38) Using 2 workers of 2 for marking
[2020-10-28T10:48:28.978+0800][1.552s][9376][12344][info][gc,start      ] GC(39) Pause Young (Normal) (G1 Evacuation Pause)
[2020-10-28T10:48:28.978+0800][1.552s][9376][12344][info][gc,task       ] GC(39) Using 8 workers of 8 for evacuation
[2020-10-28T10:48:28.981+0800][1.555s][9376][12344][info][gc,phases     ] GC(39)   Pre Evacuate Collection Set: 0.3ms
[2020-10-28T10:48:28.981+0800][1.555s][9376][12344][info][gc,phases     ] GC(39)   Evacuate Collection Set: 1.9ms
[2020-10-28T10:48:28.981+0800][1.555s][9376][12344][info][gc,phases     ] GC(39)   Post Evacuate Collection Set: 0.4ms
[2020-10-28T10:48:28.981+0800][1.555s][9376][12344][info][gc,phases     ] GC(39)   Other: 0.2ms
[2020-10-28T10:48:28.981+0800][1.555s][9376][12344][info][gc,heap       ] GC(39) Eden regions: 24->0(21)
[2020-10-28T10:48:28.981+0800][1.555s][9376][12344][info][gc,heap       ] GC(39) Survivor regions: 1->4(4)
[2020-10-28T10:48:28.981+0800][1.555s][9376][12344][info][gc,heap       ] GC(39) Old regions: 242->249
[2020-10-28T10:48:28.981+0800][1.555s][9376][12344][info][gc,heap       ] GC(39) Humongous regions: 168->155
[2020-10-28T10:48:28.982+0800][1.555s][9376][12344][info][gc,metaspace  ] GC(39) Metaspace: 16382K->16382K(1064960K)
[2020-10-28T10:48:28.982+0800][1.555s][9376][12344][info][gc            ] GC(39) Pause Young (Normal) (G1 Evacuation Pause) 433M->407M(512M) 3.127ms
[2020-10-28T10:48:28.982+0800][1.556s][9376][12344][info][gc,cpu        ] GC(39) User=0.00s Sys=0.00s Real=0.00s
[2020-10-28T10:48:28.983+0800][1.557s][9376][11736][info][gc,marking    ] GC(38) Concurrent Mark From Roots 14.174ms
[2020-10-28T10:48:28.983+0800][1.557s][9376][11736][info][gc,marking    ] GC(38) Concurrent Preclean
[2020-10-28T10:48:28.984+0800][1.557s][9376][11736][info][gc,marking    ] GC(38) Concurrent Preclean 0.269ms
[2020-10-28T10:48:28.984+0800][1.557s][9376][11736][info][gc,marking    ] GC(38) Concurrent Mark (1.543s, 1.557s) 14.677ms
[2020-10-28T10:48:28.984+0800][1.557s][9376][12344][info][gc,start      ] GC(38) Pause Remark
[2020-10-28T10:48:28.987+0800][1.561s][9376][12344][info][gc,stringtable] GC(38) Cleaned string and symbol table, strings: 6259 processed, 0 removed, symbols: 52176 processed, 0 removed
[2020-10-28T10:48:28.989+0800][1.562s][9376][12344][info][gc            ] GC(38) Pause Remark 416M->416M(512M) 4.079ms
[2020-10-28T10:48:28.989+0800][1.562s][9376][12344][info][gc,cpu        ] GC(38) User=0.00s Sys=0.00s Real=0.01s
[2020-10-28T10:48:28.989+0800][1.562s][9376][11736][info][gc,marking    ] GC(38) Concurrent Rebuild Remembered Sets
[2020-10-28T10:48:28.994+0800][1.567s][9376][11736][info][gc,marking    ] GC(38) Concurrent Rebuild Remembered Sets 5.332ms
[2020-10-28T10:48:28.994+0800][1.568s][9376][12344][info][gc,start      ] GC(38) Pause Cleanup
[2020-10-28T10:48:28.994+0800][1.568s][9376][12344][info][gc            ] GC(38) Pause Cleanup 435M->435M(512M) 0.182ms
[2020-10-28T10:48:28.994+0800][1.568s][9376][12344][info][gc,cpu        ] GC(38) User=0.00s Sys=0.00s Real=0.00s
[2020-10-28T10:48:28.994+0800][1.568s][9376][11736][info][gc,marking    ] GC(38) Concurrent Cleanup for Next Mark
[2020-10-28T10:48:28.995+0800][1.569s][9376][12344][info][gc,start      ] GC(40) Pause Young (Prepare Mixed) (G1 Evacuation Pause)
[2020-10-28T10:48:28.995+0800][1.569s][9376][12344][info][gc,task       ] GC(40) Using 8 workers of 8 for evacuation
[2020-10-28T10:48:28.997+0800][1.571s][9376][12344][info][gc,phases     ] GC(40)   Pre Evacuate Collection Set: 0.2ms
[2020-10-28T10:48:28.997+0800][1.571s][9376][12344][info][gc,phases     ] GC(40)   Evacuate Collection Set: 1.7ms
[2020-10-28T10:48:28.997+0800][1.571s][9376][12344][info][gc,phases     ] GC(40)   Post Evacuate Collection Set: 0.2ms
[2020-10-28T10:48:28.997+0800][1.571s][9376][12344][info][gc,phases     ] GC(40)   Other: 0.2ms
[2020-10-28T10:48:28.997+0800][1.571s][9376][12344][info][gc,heap       ] GC(40) Eden regions: 21->0(21)
[2020-10-28T10:48:28.997+0800][1.571s][9376][12344][info][gc,heap       ] GC(40) Survivor regions: 4->4(4)
[2020-10-28T10:48:28.998+0800][1.571s][9376][12344][info][gc,heap       ] GC(40) Old regions: 249->254
[2020-10-28T10:48:28.998+0800][1.571s][9376][12344][info][gc,heap       ] GC(40) Humongous regions: 164->155
[2020-10-28T10:48:28.998+0800][1.571s][9376][12344][info][gc,metaspace  ] GC(40) Metaspace: 16382K->16382K(1064960K)
[2020-10-28T10:48:28.998+0800][1.571s][9376][12344][info][gc            ] GC(40) Pause Young (Prepare Mixed) (G1 Evacuation Pause) 436M->412M(512M) 2.475ms
[2020-10-28T10:48:28.998+0800][1.572s][9376][12344][info][gc,cpu        ] GC(40) User=0.00s Sys=0.00s Real=0.00s
[2020-10-28T10:48:28.998+0800][1.572s][9376][11736][info][gc,marking    ] GC(38) Concurrent Cleanup for Next Mark 3.990ms
[2020-10-28T10:48:28.999+0800][1.572s][9376][11736][info][gc            ] GC(38) Concurrent Cycle 30.980ms
[2020-10-28T10:48:29.006+0800][1.580s][9376][12344][info][gc,start      ] GC(41) Pause Young (Mixed) (G1 Evacuation Pause)
[2020-10-28T10:48:29.006+0800][1.580s][9376][12344][info][gc,task       ] GC(41) Using 8 workers of 8 for evacuation
[2020-10-28T10:48:29.013+0800][1.587s][9376][12344][info][gc,phases     ] GC(41)   Pre Evacuate Collection Set: 0.1ms
[2020-10-28T10:48:29.013+0800][1.587s][9376][12344][info][gc,phases     ] GC(41)   Evacuate Collection Set: 6.5ms
[2020-10-28T10:48:29.013+0800][1.587s][9376][12344][info][gc,phases     ] GC(41)   Post Evacuate Collection Set: 0.6ms
[2020-10-28T10:48:29.013+0800][1.587s][9376][12344][info][gc,phases     ] GC(41)   Other: 0.3ms
[2020-10-28T10:48:29.013+0800][1.587s][9376][12344][info][gc,heap       ] GC(41) Eden regions: 21->0(27)
[2020-10-28T10:48:29.014+0800][1.587s][9376][12344][info][gc,heap       ] GC(41) Survivor regions: 4->4(4)
[2020-10-28T10:48:29.014+0800][1.587s][9376][12344][info][gc,heap       ] GC(41) Old regions: 254->235
[2020-10-28T10:48:29.014+0800][1.587s][9376][12344][info][gc,heap       ] GC(41) Humongous regions: 170->158
[2020-10-28T10:48:29.014+0800][1.587s][9376][12344][info][gc,metaspace  ] GC(41) Metaspace: 16382K->16382K(1064960K)
[2020-10-28T10:48:29.014+0800][1.587s][9376][12344][info][gc            ] GC(41) Pause Young (Mixed) (G1 Evacuation Pause) 448M->396M(512M) 7.810ms
[2020-10-28T10:48:29.014+0800][1.588s][9376][12344][info][gc,cpu        ] GC(41) User=0.00s Sys=0.00s Real=0.01s
[2020-10-28T10:48:29.015+0800][1.588s][9376][12344][info][gc,start      ] GC(42) Pause Young (Concurrent Start) (G1 Humongous Allocation)
[2020-10-28T10:48:29.015+0800][1.588s][9376][12344][info][gc,task       ] GC(42) Using 8 workers of 8 for evacuation
[2020-10-28T10:48:29.018+0800][1.592s][9376][12344][info][gc,phases     ] GC(42)   Pre Evacuate Collection Set: 0.2ms
[2020-10-28T10:48:29.018+0800][1.592s][9376][12344][info][gc,phases     ] GC(42)   Evacuate Collection Set: 2.6ms
[2020-10-28T10:48:29.018+0800][1.592s][9376][12344][info][gc,phases     ] GC(42)   Post Evacuate Collection Set: 0.2ms
[2020-10-28T10:48:29.018+0800][1.592s][9376][12344][info][gc,phases     ] GC(42)   Other: 0.4ms
[2020-10-28T10:48:29.018+0800][1.592s][9376][12344][info][gc,heap       ] GC(42) Eden regions: 2->0(24)
[2020-10-28T10:48:29.018+0800][1.592s][9376][12344][info][gc,heap       ] GC(42) Survivor regions: 4->1(4)
[2020-10-28T10:48:29.018+0800][1.592s][9376][12344][info][gc,heap       ] GC(42) Old regions: 235->239
[2020-10-28T10:48:29.018+0800][1.592s][9376][12344][info][gc,heap       ] GC(42) Humongous regions: 158->158
[2020-10-28T10:48:29.018+0800][1.592s][9376][12344][info][gc,metaspace  ] GC(42) Metaspace: 16382K->16382K(1064960K)
[2020-10-28T10:48:29.018+0800][1.592s][9376][12344][info][gc            ] GC(42) Pause Young (Concurrent Start) (G1 Humongous Allocation) 398M->397M(512M) 3.719ms
[2020-10-28T10:48:29.019+0800][1.592s][9376][12344][info][gc,cpu        ] GC(42) User=0.02s Sys=0.00s Real=0.00s
[2020-10-28T10:48:29.019+0800][1.592s][9376][11736][info][gc            ] GC(43) Concurrent Cycle
[2020-10-28T10:48:29.019+0800][1.593s][9376][11736][info][gc,marking    ] GC(43) Concurrent Clear Claimed Marks
[2020-10-28T10:48:29.019+0800][1.593s][9376][11736][info][gc,marking    ] GC(43) Concurrent Clear Claimed Marks 0.050ms
[2020-10-28T10:48:29.019+0800][1.593s][9376][11736][info][gc,marking    ] GC(43) Concurrent Scan Root Regions
[2020-10-28T10:48:29.019+0800][1.593s][9376][11736][info][gc,marking    ] GC(43) Concurrent Scan Root Regions 0.071ms
[2020-10-28T10:48:29.019+0800][1.593s][9376][11736][info][gc,marking    ] GC(43) Concurrent Mark (1.593s)
[2020-10-28T10:48:29.019+0800][1.593s][9376][11736][info][gc,marking    ] GC(43) Concurrent Mark From Roots
[2020-10-28T10:48:29.019+0800][1.593s][9376][11736][info][gc,task       ] GC(43) Using 2 workers of 2 for marking
[2020-10-28T10:48:29.024+0800][1.598s][9376][11736][info][gc,marking    ] GC(43) Concurrent Mark From Roots 4.872ms
[2020-10-28T10:48:29.024+0800][1.598s][9376][11736][info][gc,marking    ] GC(43) Concurrent Preclean
[2020-10-28T10:48:29.024+0800][1.598s][9376][11736][info][gc,marking    ] GC(43) Concurrent Preclean 0.152ms
[2020-10-28T10:48:29.024+0800][1.598s][9376][11736][info][gc,marking    ] GC(43) Concurrent Mark (1.593s, 1.598s) 5.175ms
[2020-10-28T10:48:29.025+0800][1.598s][9376][12344][info][gc,start      ] GC(43) Pause Remark
[2020-10-28T10:48:29.026+0800][1.600s][9376][12344][info][gc,stringtable] GC(43) Cleaned string and symbol table, strings: 6259 processed, 0 removed, symbols: 52176 processed, 0 removed
[2020-10-28T10:48:29.026+0800][1.600s][9376][12344][info][gc            ] GC(43) Pause Remark 440M->440M(512M) 1.741ms
[2020-10-28T10:48:29.027+0800][1.600s][9376][12344][info][gc,cpu        ] GC(43) User=0.00s Sys=0.00s Real=0.00s
[2020-10-28T10:48:29.027+0800][1.600s][9376][11736][info][gc,marking    ] GC(43) Concurrent Rebuild Remembered Sets
[2020-10-28T10:48:29.027+0800][1.601s][9376][12344][info][gc,start      ] GC(44) Pause Young (Normal) (G1 Evacuation Pause)
[2020-10-28T10:48:29.027+0800][1.601s][9376][12344][info][gc,task       ] GC(44) Using 8 workers of 8 for evacuation
[2020-10-28T10:48:29.029+0800][1.603s][9376][12344][info][gc,phases     ] GC(44)   Pre Evacuate Collection Set: 0.1ms
[2020-10-28T10:48:29.029+0800][1.603s][9376][12344][info][gc,phases     ] GC(44)   Evacuate Collection Set: 1.5ms
[2020-10-28T10:48:29.029+0800][1.603s][9376][12344][info][gc,phases     ] GC(44)   Post Evacuate Collection Set: 0.3ms
[2020-10-28T10:48:29.029+0800][1.603s][9376][12344][info][gc,phases     ] GC(44)   Other: 0.2ms
[2020-10-28T10:48:29.029+0800][1.603s][9376][12344][info][gc,heap       ] GC(44) Eden regions: 24->0(22)
[2020-10-28T10:48:29.029+0800][1.603s][9376][12344][info][gc,heap       ] GC(44) Survivor regions: 1->4(4)
[2020-10-28T10:48:29.029+0800][1.603s][9376][12344][info][gc,heap       ] GC(44) Old regions: 239->244
[2020-10-28T10:48:29.029+0800][1.603s][9376][12344][info][gc,heap       ] GC(44) Humongous regions: 178->158
[2020-10-28T10:48:29.029+0800][1.603s][9376][12344][info][gc,metaspace  ] GC(44) Metaspace: 16382K->16382K(1064960K)
[2020-10-28T10:48:29.029+0800][1.603s][9376][12344][info][gc            ] GC(44) Pause Young (Normal) (G1 Evacuation Pause) 441M->405M(512M) 2.424ms
[2020-10-28T10:48:29.030+0800][1.604s][9376][12344][info][gc,cpu        ] GC(44) User=0.00s Sys=0.00s Real=0.00s
[2020-10-28T10:48:29.033+0800][1.607s][9376][11736][info][gc,marking    ] GC(43) Concurrent Rebuild Remembered Sets 6.070ms
[2020-10-28T10:48:29.033+0800][1.607s][9376][12344][info][gc,start      ] GC(43) Pause Cleanup
[2020-10-28T10:48:29.033+0800][1.607s][9376][12344][info][gc            ] GC(43) Pause Cleanup 423M->423M(512M) 0.327ms
[2020-10-28T10:48:29.034+0800][1.608s][9376][12344][info][gc,cpu        ] GC(43) User=0.00s Sys=0.00s Real=0.00s
[2020-10-28T10:48:29.034+0800][1.608s][9376][11736][info][gc,marking    ] GC(43) Concurrent Cleanup for Next Mark
[2020-10-28T10:48:29.036+0800][1.610s][9376][11736][info][gc,marking    ] GC(43) Concurrent Cleanup for Next Mark 2.005ms
[2020-10-28T10:48:29.036+0800][1.610s][9376][11736][info][gc            ] GC(43) Concurrent Cycle 17.654ms
[2020-10-28T10:48:29.043+0800][1.617s][9376][12344][info][gc,start      ] GC(45) Pause Young (Prepare Mixed) (G1 Evacuation Pause)
[2020-10-28T10:48:29.043+0800][1.617s][9376][12344][info][gc,task       ] GC(45) Using 8 workers of 8 for evacuation
[2020-10-28T10:48:29.046+0800][1.620s][9376][12344][info][gc,phases     ] GC(45)   Pre Evacuate Collection Set: 0.2ms
[2020-10-28T10:48:29.046+0800][1.620s][9376][12344][info][gc,phases     ] GC(45)   Evacuate Collection Set: 1.9ms
[2020-10-28T10:48:29.046+0800][1.620s][9376][12344][info][gc,phases     ] GC(45)   Post Evacuate Collection Set: 0.4ms
[2020-10-28T10:48:29.046+0800][1.620s][9376][12344][info][gc,phases     ] GC(45)   Other: 0.3ms
[2020-10-28T10:48:29.046+0800][1.620s][9376][12344][info][gc,heap       ] GC(45) Eden regions: 22->0(21)
[2020-10-28T10:48:29.046+0800][1.620s][9376][12344][info][gc,heap       ] GC(45) Survivor regions: 4->4(4)
[2020-10-28T10:48:29.046+0800][1.620s][9376][12344][info][gc,heap       ] GC(45) Old regions: 244->252
[2020-10-28T10:48:29.046+0800][1.620s][9376][12344][info][gc,heap       ] GC(45) Humongous regions: 171->162
[2020-10-28T10:48:29.046+0800][1.620s][9376][12344][info][gc,metaspace  ] GC(45) Metaspace: 16382K->16382K(1064960K)
[2020-10-28T10:48:29.046+0800][1.620s][9376][12344][info][gc            ] GC(45) Pause Young (Prepare Mixed) (G1 Evacuation Pause) 440M->417M(512M) 3.028ms
[2020-10-28T10:48:29.047+0800][1.620s][9376][12344][info][gc,cpu        ] GC(45) User=0.00s Sys=0.00s Real=0.00s
[2020-10-28T10:48:29.052+0800][1.625s][9376][12344][info][gc,start      ] GC(46) Pause Young (Mixed) (G1 Evacuation Pause)
[2020-10-28T10:48:29.052+0800][1.626s][9376][12344][info][gc,task       ] GC(46) Using 8 workers of 8 for evacuation
[2020-10-28T10:48:29.064+0800][1.638s][9376][12344][info][gc,phases     ] GC(46)   Pre Evacuate Collection Set: 0.3ms
[2020-10-28T10:48:29.064+0800][1.638s][9376][12344][info][gc,phases     ] GC(46)   Evacuate Collection Set: 11.2ms
[2020-10-28T10:48:29.064+0800][1.638s][9376][12344][info][gc,phases     ] GC(46)   Post Evacuate Collection Set: 0.5ms
[2020-10-28T10:48:29.064+0800][1.638s][9376][12344][info][gc,phases     ] GC(46)   Other: 0.5ms
[2020-10-28T10:48:29.064+0800][1.638s][9376][12344][info][gc,heap       ] GC(46) Eden regions: 21->0(22)
[2020-10-28T10:48:29.065+0800][1.638s][9376][12344][info][gc,heap       ] GC(46) Survivor regions: 4->4(4)
[2020-10-28T10:48:29.065+0800][1.638s][9376][12344][info][gc,heap       ] GC(46) Old regions: 252->242
[2020-10-28T10:48:29.065+0800][1.639s][9376][12344][info][gc,heap       ] GC(46) Humongous regions: 174->165
[2020-10-28T10:48:29.065+0800][1.639s][9376][12344][info][gc,metaspace  ] GC(46) Metaspace: 16382K->16382K(1064960K)
[2020-10-28T10:48:29.065+0800][1.639s][9376][12344][info][gc            ] GC(46) Pause Young (Mixed) (G1 Evacuation Pause) 450M->410M(512M) 13.463ms
[2020-10-28T10:48:29.067+0800][1.640s][9376][12344][info][gc,cpu        ] GC(46) User=0.11s Sys=0.00s Real=0.01s
[2020-10-28T10:48:29.068+0800][1.642s][9376][12344][info][gc,start      ] GC(47) Pause Young (Concurrent Start) (G1 Humongous Allocation)
[2020-10-28T10:48:29.068+0800][1.642s][9376][12344][info][gc,task       ] GC(47) Using 8 workers of 8 for evacuation
[2020-10-28T10:48:29.070+0800][1.644s][9376][12344][info][gc,phases     ] GC(47)   Pre Evacuate Collection Set: 0.3ms
[2020-10-28T10:48:29.071+0800][1.644s][9376][12344][info][gc,phases     ] GC(47)   Evacuate Collection Set: 1.0ms
[2020-10-28T10:48:29.071+0800][1.644s][9376][12344][info][gc,phases     ] GC(47)   Post Evacuate Collection Set: 0.3ms
[2020-10-28T10:48:29.071+0800][1.645s][9376][12344][info][gc,phases     ] GC(47)   Other: 0.8ms
[2020-10-28T10:48:29.071+0800][1.645s][9376][12344][info][gc,heap       ] GC(47) Eden regions: 1->0(24)
[2020-10-28T10:48:29.071+0800][1.645s][9376][12344][info][gc,heap       ] GC(47) Survivor regions: 4->1(4)
[2020-10-28T10:48:29.071+0800][1.645s][9376][12344][info][gc,heap       ] GC(47) Old regions: 242->246
[2020-10-28T10:48:29.071+0800][1.645s][9376][12344][info][gc,heap       ] GC(47) Humongous regions: 165->165
[2020-10-28T10:48:29.071+0800][1.645s][9376][12344][info][gc,metaspace  ] GC(47) Metaspace: 16382K->16382K(1064960K)
[2020-10-28T10:48:29.071+0800][1.645s][9376][12344][info][gc            ] GC(47) Pause Young (Concurrent Start) (G1 Humongous Allocation) 411M->410M(512M) 2.792ms
[2020-10-28T10:48:29.071+0800][1.645s][9376][12344][info][gc,cpu        ] GC(47) User=0.00s Sys=0.00s Real=0.00s
[2020-10-28T10:48:29.071+0800][1.645s][9376][11736][info][gc            ] GC(48) Concurrent Cycle
[2020-10-28T10:48:29.072+0800][1.646s][9376][11736][info][gc,marking    ] GC(48) Concurrent Clear Claimed Marks
[2020-10-28T10:48:29.072+0800][1.646s][9376][11736][info][gc,marking    ] GC(48) Concurrent Clear Claimed Marks 0.076ms
[2020-10-28T10:48:29.072+0800][1.646s][9376][11736][info][gc,marking    ] GC(48) Concurrent Scan Root Regions
[2020-10-28T10:48:29.072+0800][1.646s][9376][11736][info][gc,marking    ] GC(48) Concurrent Scan Root Regions 0.107ms
[2020-10-28T10:48:29.072+0800][1.646s][9376][11736][info][gc,marking    ] GC(48) Concurrent Mark (1.646s)
[2020-10-28T10:48:29.072+0800][1.646s][9376][11736][info][gc,marking    ] GC(48) Concurrent Mark From Roots
[2020-10-28T10:48:29.072+0800][1.646s][9376][11736][info][gc,task       ] GC(48) Using 2 workers of 2 for marking
[2020-10-28T10:48:29.079+0800][1.653s][9376][12344][info][gc,start      ] GC(49) Pause Young (Normal) (G1 Evacuation Pause)
[2020-10-28T10:48:29.079+0800][1.653s][9376][12344][info][gc,task       ] GC(49) Using 8 workers of 8 for evacuation
[2020-10-28T10:48:29.081+0800][1.655s][9376][12344][info][gc,phases     ] GC(49)   Pre Evacuate Collection Set: 0.1ms
[2020-10-28T10:48:29.081+0800][1.655s][9376][12344][info][gc,phases     ] GC(49)   Evacuate Collection Set: 1.5ms
[2020-10-28T10:48:29.081+0800][1.655s][9376][12344][info][gc,phases     ] GC(49)   Post Evacuate Collection Set: 0.2ms
[2020-10-28T10:48:29.081+0800][1.655s][9376][12344][info][gc,phases     ] GC(49)   Other: 0.2ms
[2020-10-28T10:48:29.081+0800][1.655s][9376][12344][info][gc,heap       ] GC(49) Eden regions: 24->0(21)
[2020-10-28T10:48:29.081+0800][1.655s][9376][12344][info][gc,heap       ] GC(49) Survivor regions: 1->4(4)
[2020-10-28T10:48:29.081+0800][1.655s][9376][12344][info][gc,heap       ] GC(49) Old regions: 246->251
[2020-10-28T10:48:29.081+0800][1.655s][9376][12344][info][gc,heap       ] GC(49) Humongous regions: 174->166
[2020-10-28T10:48:29.081+0800][1.655s][9376][12344][info][gc,metaspace  ] GC(49) Metaspace: 16382K->16382K(1064960K)
[2020-10-28T10:48:29.081+0800][1.655s][9376][12344][info][gc            ] GC(49) Pause Young (Normal) (G1 Evacuation Pause) 443M->420M(512M) 2.171ms
[2020-10-28T10:48:29.082+0800][1.655s][9376][12344][info][gc,cpu        ] GC(49) User=0.00s Sys=0.00s Real=0.00s
[2020-10-28T10:48:29.082+0800][1.656s][9376][11736][info][gc,marking    ] GC(48) Concurrent Mark From Roots 10.082ms
[2020-10-28T10:48:29.082+0800][1.656s][9376][11736][info][gc,marking    ] GC(48) Concurrent Preclean
[2020-10-28T10:48:29.082+0800][1.656s][9376][11736][info][gc,marking    ] GC(48) Concurrent Preclean 0.175ms
[2020-10-28T10:48:29.082+0800][1.656s][9376][11736][info][gc,marking    ] GC(48) Concurrent Mark (1.646s, 1.656s) 10.350ms
[2020-10-28T10:48:29.083+0800][1.656s][9376][12344][info][gc,start      ] GC(48) Pause Remark
[2020-10-28T10:48:29.084+0800][1.658s][9376][12344][info][gc,stringtable] GC(48) Cleaned string and symbol table, strings: 6259 processed, 0 removed, symbols: 52176 processed, 0 removed
[2020-10-28T10:48:29.084+0800][1.658s][9376][12344][info][gc            ] GC(48) Pause Remark 426M->426M(512M) 1.868ms
[2020-10-28T10:48:29.085+0800][1.659s][9376][12344][info][gc,cpu        ] GC(48) User=0.00s Sys=0.00s Real=0.00s
[2020-10-28T10:48:29.085+0800][1.659s][9376][11736][info][gc,marking    ] GC(48) Concurrent Rebuild Remembered Sets
[2020-10-28T10:48:29.092+0800][1.666s][9376][11736][info][gc,marking    ] GC(48) Concurrent Rebuild Remembered Sets 7.242ms
[2020-10-28T10:48:29.095+0800][1.668s][9376][12344][info][gc,start      ] GC(48) Pause Cleanup
[2020-10-28T10:48:29.095+0800][1.669s][9376][12344][info][gc            ] GC(48) Pause Cleanup 450M->450M(512M) 0.931ms
[2020-10-28T10:48:29.096+0800][1.670s][9376][12344][info][gc,cpu        ] GC(48) User=0.00s Sys=0.00s Real=0.00s
[2020-10-28T10:48:29.096+0800][1.670s][9376][11736][info][gc,marking    ] GC(48) Concurrent Cleanup for Next Mark
[2020-10-28T10:48:29.097+0800][1.670s][9376][11736][info][gc,marking    ] GC(48) Concurrent Cleanup for Next Mark 0.633ms
[2020-10-28T10:48:29.097+0800][1.671s][9376][11736][info][gc            ] GC(48) Concurrent Cycle 25.337ms
[2020-10-28T10:48:29.097+0800][1.671s][9376][12344][info][gc,start      ] GC(50) Pause Young (Prepare Mixed) (G1 Evacuation Pause)
[2020-10-28T10:48:29.097+0800][1.671s][9376][12344][info][gc,task       ] GC(50) Using 8 workers of 8 for evacuation
[2020-10-28T10:48:29.100+0800][1.674s][9376][12344][info][gc,phases     ] GC(50)   Pre Evacuate Collection Set: 0.1ms
[2020-10-28T10:48:29.100+0800][1.674s][9376][12344][info][gc,phases     ] GC(50)   Evacuate Collection Set: 2.6ms
[2020-10-28T10:48:29.100+0800][1.674s][9376][12344][info][gc,phases     ] GC(50)   Post Evacuate Collection Set: 0.3ms
[2020-10-28T10:48:29.100+0800][1.674s][9376][12344][info][gc,phases     ] GC(50)   Other: 0.2ms
[2020-10-28T10:48:29.100+0800][1.674s][9376][12344][info][gc,heap       ] GC(50) Eden regions: 21->0(21)
[2020-10-28T10:48:29.100+0800][1.674s][9376][12344][info][gc,heap       ] GC(50) Survivor regions: 4->4(4)
[2020-10-28T10:48:29.100+0800][1.674s][9376][12344][info][gc,heap       ] GC(50) Old regions: 251->261
[2020-10-28T10:48:29.100+0800][1.674s][9376][12344][info][gc,heap       ] GC(50) Humongous regions: 179->165
[2020-10-28T10:48:29.100+0800][1.674s][9376][12344][info][gc,metaspace  ] GC(50) Metaspace: 16382K->16382K(1064960K)
[2020-10-28T10:48:29.100+0800][1.674s][9376][12344][info][gc            ] GC(50) Pause Young (Prepare Mixed) (G1 Evacuation Pause) 454M->429M(512M) 3.531ms
[2020-10-28T10:48:29.101+0800][1.675s][9376][12344][info][gc,cpu        ] GC(50) User=0.00s Sys=0.00s Real=0.00s
[2020-10-28T10:48:29.110+0800][1.684s][9376][12344][info][gc,start      ] GC(51) Pause Young (Mixed) (G1 Evacuation Pause)
[2020-10-28T10:48:29.110+0800][1.684s][9376][12344][info][gc,task       ] GC(51) Using 8 workers of 8 for evacuation
[2020-10-28T10:48:29.121+0800][1.695s][9376][12344][info][gc,phases     ] GC(51)   Pre Evacuate Collection Set: 0.2ms
[2020-10-28T10:48:29.121+0800][1.695s][9376][12344][info][gc,phases     ] GC(51)   Evacuate Collection Set: 9.8ms
[2020-10-28T10:48:29.121+0800][1.695s][9376][12344][info][gc,phases     ] GC(51)   Post Evacuate Collection Set: 0.6ms
[2020-10-28T10:48:29.121+0800][1.695s][9376][12344][info][gc,phases     ] GC(51)   Other: 0.4ms
[2020-10-28T10:48:29.121+0800][1.695s][9376][12344][info][gc,heap       ] GC(51) Eden regions: 21->0(21)
[2020-10-28T10:48:29.121+0800][1.695s][9376][12344][info][gc,heap       ] GC(51) Survivor regions: 4->4(4)
[2020-10-28T10:48:29.121+0800][1.695s][9376][12344][info][gc,heap       ] GC(51) Old regions: 261->250
[2020-10-28T10:48:29.121+0800][1.695s][9376][12344][info][gc,heap       ] GC(51) Humongous regions: 177->165
[2020-10-28T10:48:29.121+0800][1.695s][9376][12344][info][gc,metaspace  ] GC(51) Metaspace: 16382K->16382K(1064960K)
[2020-10-28T10:48:29.121+0800][1.695s][9376][12344][info][gc            ] GC(51) Pause Young (Mixed) (G1 Evacuation Pause) 462M->418M(512M) 11.314ms
[2020-10-28T10:48:29.122+0800][1.696s][9376][12344][info][gc,cpu        ] GC(51) User=0.00s Sys=0.00s Real=0.01s
[2020-10-28T10:48:29.122+0800][1.696s][9376][12344][info][gc,start      ] GC(52) Pause Young (Concurrent Start) (G1 Humongous Allocation)
[2020-10-28T10:48:29.122+0800][1.696s][9376][12344][info][gc,task       ] GC(52) Using 8 workers of 8 for evacuation
[2020-10-28T10:48:29.126+0800][1.700s][9376][12344][info][gc,phases     ] GC(52)   Pre Evacuate Collection Set: 0.5ms
[2020-10-28T10:48:29.126+0800][1.700s][9376][12344][info][gc,phases     ] GC(52)   Evacuate Collection Set: 2.7ms
[2020-10-28T10:48:29.126+0800][1.700s][9376][12344][info][gc,phases     ] GC(52)   Post Evacuate Collection Set: 0.4ms
[2020-10-28T10:48:29.126+0800][1.700s][9376][12344][info][gc,phases     ] GC(52)   Other: 0.5ms
[2020-10-28T10:48:29.127+0800][1.700s][9376][12344][info][gc,heap       ] GC(52) Eden regions: 1->0(24)
[2020-10-28T10:48:29.127+0800][1.700s][9376][12344][info][gc,heap       ] GC(52) Survivor regions: 4->1(4)
[2020-10-28T10:48:29.127+0800][1.700s][9376][12344][info][gc,heap       ] GC(52) Old regions: 250->254
[2020-10-28T10:48:29.127+0800][1.700s][9376][12344][info][gc,heap       ] GC(52) Humongous regions: 165->164
[2020-10-28T10:48:29.127+0800][1.700s][9376][12344][info][gc,metaspace  ] GC(52) Metaspace: 16382K->16382K(1064960K)
[2020-10-28T10:48:29.127+0800][1.700s][9376][12344][info][gc            ] GC(52) Pause Young (Concurrent Start) (G1 Humongous Allocation) 418M->417M(512M) 4.402ms
[2020-10-28T10:48:29.127+0800][1.701s][9376][12344][info][gc,cpu        ] GC(52) User=0.13s Sys=0.00s Real=0.01s
[2020-10-28T10:48:29.127+0800][1.701s][9376][11736][info][gc            ] GC(53) Concurrent Cycle
[2020-10-28T10:48:29.129+0800][1.702s][9376][11736][info][gc,marking    ] GC(53) Concurrent Clear Claimed Marks
[2020-10-28T10:48:29.129+0800][1.702s][9376][11736][info][gc,marking    ] GC(53) Concurrent Clear Claimed Marks 0.206ms
[2020-10-28T10:48:29.129+0800][1.703s][9376][11736][info][gc,marking    ] GC(53) Concurrent Scan Root Regions
[2020-10-28T10:48:29.129+0800][1.703s][9376][11736][info][gc,marking    ] GC(53) Concurrent Scan Root Regions 0.315ms
[2020-10-28T10:48:29.129+0800][1.703s][9376][11736][info][gc,marking    ] GC(53) Concurrent Mark (1.703s)
[2020-10-28T10:48:29.129+0800][1.703s][9376][11736][info][gc,marking    ] GC(53) Concurrent Mark From Roots
[2020-10-28T10:48:29.129+0800][1.703s][9376][11736][info][gc,task       ] GC(53) Using 2 workers of 2 for marking
[2020-10-28T10:48:29.140+0800][1.714s][9376][12344][info][gc,start      ] GC(54) Pause Young (Normal) (G1 Evacuation Pause)
[2020-10-28T10:48:29.140+0800][1.714s][9376][12344][info][gc,task       ] GC(54) Using 8 workers of 8 for evacuation
[2020-10-28T10:48:29.144+0800][1.718s][9376][12344][info][gc,phases     ] GC(54)   Pre Evacuate Collection Set: 0.5ms
[2020-10-28T10:48:29.144+0800][1.718s][9376][12344][info][gc,phases     ] GC(54)   Evacuate Collection Set: 3.1ms
[2020-10-28T10:48:29.144+0800][1.718s][9376][12344][info][gc,phases     ] GC(54)   Post Evacuate Collection Set: 0.2ms
[2020-10-28T10:48:29.144+0800][1.718s][9376][12344][info][gc,phases     ] GC(54)   Other: 0.3ms
[2020-10-28T10:48:29.144+0800][1.718s][9376][12344][info][gc,heap       ] GC(54) Eden regions: 24->0(21)
[2020-10-28T10:48:29.144+0800][1.718s][9376][12344][info][gc,heap       ] GC(54) Survivor regions: 1->4(4)
[2020-10-28T10:48:29.144+0800][1.718s][9376][12344][info][gc,heap       ] GC(54) Old regions: 254->260
[2020-10-28T10:48:29.144+0800][1.718s][9376][12344][info][gc,heap       ] GC(54) Humongous regions: 178->164
[2020-10-28T10:48:29.144+0800][1.718s][9376][12344][info][gc,metaspace  ] GC(54) Metaspace: 16382K->16382K(1064960K)
[2020-10-28T10:48:29.144+0800][1.718s][9376][12344][info][gc            ] GC(54) Pause Young (Normal) (G1 Evacuation Pause) 455M->427M(512M) 4.283ms
[2020-10-28T10:48:29.145+0800][1.718s][9376][12344][info][gc,cpu        ] GC(54) User=0.02s Sys=0.00s Real=0.00s
[2020-10-28T10:48:29.145+0800][1.718s][9376][11736][info][gc,marking    ] GC(53) Concurrent Mark From Roots 15.460ms
[2020-10-28T10:48:29.145+0800][1.719s][9376][11736][info][gc,marking    ] GC(53) Concurrent Preclean
[2020-10-28T10:48:29.145+0800][1.719s][9376][11736][info][gc,marking    ] GC(53) Concurrent Preclean 0.170ms
[2020-10-28T10:48:29.145+0800][1.719s][9376][11736][info][gc,marking    ] GC(53) Concurrent Mark (1.703s, 1.719s) 15.744ms
[2020-10-28T10:48:29.145+0800][1.719s][9376][12344][info][gc,start      ] GC(53) Pause Remark
[2020-10-28T10:48:29.146+0800][1.720s][9376][12344][info][gc,stringtable] GC(53) Cleaned string and symbol table, strings: 6259 processed, 0 removed, symbols: 52176 processed, 0 removed
[2020-10-28T10:48:29.147+0800][1.720s][9376][12344][info][gc            ] GC(53) Pause Remark 430M->430M(512M) 1.639ms
[2020-10-28T10:48:29.147+0800][1.721s][9376][12344][info][gc,cpu        ] GC(53) User=0.00s Sys=0.00s Real=0.00s
[2020-10-28T10:48:29.147+0800][1.721s][9376][11736][info][gc,marking    ] GC(53) Concurrent Rebuild Remembered Sets
[2020-10-28T10:48:29.150+0800][1.724s][9376][11736][info][gc,marking    ] GC(53) Concurrent Rebuild Remembered Sets 3.026ms
[2020-10-28T10:48:29.151+0800][1.724s][9376][12344][info][gc,start      ] GC(53) Pause Cleanup
[2020-10-28T10:48:29.151+0800][1.724s][9376][12344][info][gc            ] GC(53) Pause Cleanup 450M->450M(512M) 0.235ms
[2020-10-28T10:48:29.151+0800][1.725s][9376][12344][info][gc,cpu        ] GC(53) User=0.00s Sys=0.00s Real=0.00s
[2020-10-28T10:48:29.151+0800][1.725s][9376][11736][info][gc,marking    ] GC(53) Concurrent Cleanup for Next Mark
[2020-10-28T10:48:29.153+0800][1.726s][9376][11736][info][gc,marking    ] GC(53) Concurrent Cleanup for Next Mark 1.384ms
[2020-10-28T10:48:29.153+0800][1.726s][9376][11736][info][gc            ] GC(53) Concurrent Cycle 25.419ms
[2020-10-28T10:48:29.154+0800][1.728s][9376][12344][info][gc,start      ] GC(55) Pause Young (Prepare Mixed) (G1 Evacuation Pause)
[2020-10-28T10:48:29.155+0800][1.728s][9376][12344][info][gc,task       ] GC(55) Using 8 workers of 8 for evacuation
[2020-10-28T10:48:29.162+0800][1.735s][9376][12344][info][gc,phases     ] GC(55)   Pre Evacuate Collection Set: 0.3ms
[2020-10-28T10:48:29.162+0800][1.736s][9376][12344][info][gc,phases     ] GC(55)   Evacuate Collection Set: 5.8ms
[2020-10-28T10:48:29.162+0800][1.736s][9376][12344][info][gc,phases     ] GC(55)   Post Evacuate Collection Set: 0.8ms
[2020-10-28T10:48:29.162+0800][1.736s][9376][12344][info][gc,phases     ] GC(55)   Other: 0.5ms
[2020-10-28T10:48:29.162+0800][1.736s][9376][12344][info][gc,heap       ] GC(55) Eden regions: 21->0(21)
[2020-10-28T10:48:29.162+0800][1.736s][9376][12344][info][gc,heap       ] GC(55) Survivor regions: 4->4(4)
[2020-10-28T10:48:29.162+0800][1.736s][9376][12344][info][gc,heap       ] GC(55) Old regions: 260->269
[2020-10-28T10:48:29.162+0800][1.736s][9376][12344][info][gc,heap       ] GC(55) Humongous regions: 172->163
[2020-10-28T10:48:29.162+0800][1.736s][9376][12344][info][gc,metaspace  ] GC(55) Metaspace: 16382K->16382K(1064960K)
[2020-10-28T10:48:29.162+0800][1.736s][9376][12344][info][gc            ] GC(55) Pause Young (Prepare Mixed) (G1 Evacuation Pause) 456M->435M(512M) 8.076ms
[2020-10-28T10:48:29.163+0800][1.737s][9376][12344][info][gc,cpu        ] GC(55) User=0.11s Sys=0.00s Real=0.01s
[2020-10-28T10:48:29.169+0800][1.743s][9376][12344][info][gc,start      ] GC(56) Pause Young (Mixed) (G1 Evacuation Pause)
[2020-10-28T10:48:29.169+0800][1.743s][9376][12344][info][gc,task       ] GC(56) Using 8 workers of 8 for evacuation
[2020-10-28T10:48:29.181+0800][1.755s][9376][12344][info][gc            ] GC(56) To-space exhausted
[2020-10-28T10:48:29.182+0800][1.756s][9376][12344][info][gc,phases     ] GC(56)   Pre Evacuate Collection Set: 0.5ms
[2020-10-28T10:48:29.182+0800][1.756s][9376][12344][info][gc,phases     ] GC(56)   Evacuate Collection Set: 10.8ms
[2020-10-28T10:48:29.182+0800][1.756s][9376][12344][info][gc,phases     ] GC(56)   Post Evacuate Collection Set: 0.5ms
[2020-10-28T10:48:29.182+0800][1.756s][9376][12344][info][gc,phases     ] GC(56)   Other: 1.2ms
[2020-10-28T10:48:29.182+0800][1.756s][9376][12344][info][gc,heap       ] GC(56) Eden regions: 21->0(21)
[2020-10-28T10:48:29.182+0800][1.756s][9376][12344][info][gc,heap       ] GC(56) Survivor regions: 4->4(4)
[2020-10-28T10:48:29.182+0800][1.756s][9376][12344][info][gc,heap       ] GC(56) Old regions: 269->270
[2020-10-28T10:48:29.182+0800][1.756s][9376][12344][info][gc,heap       ] GC(56) Humongous regions: 182->170
[2020-10-28T10:48:29.182+0800][1.756s][9376][12344][info][gc,metaspace  ] GC(56) Metaspace: 16382K->16382K(1064960K)
[2020-10-28T10:48:29.182+0800][1.756s][9376][12344][info][gc            ] GC(56) Pause Young (Mixed) (G1 Evacuation Pause) 475M->444M(512M) 13.147ms
[2020-10-28T10:48:29.183+0800][1.756s][9376][12344][info][gc,cpu        ] GC(56) User=0.09s Sys=0.00s Real=0.01s
[2020-10-28T10:48:29.184+0800][1.757s][9376][12344][info][gc,start      ] GC(57) Pause Young (Concurrent Start) (G1 Humongous Allocation)
[2020-10-28T10:48:29.184+0800][1.758s][9376][12344][info][gc,task       ] GC(57) Using 8 workers of 8 for evacuation
[2020-10-28T10:48:29.189+0800][1.763s][9376][12344][info][gc,phases     ] GC(57)   Pre Evacuate Collection Set: 0.5ms
[2020-10-28T10:48:29.189+0800][1.763s][9376][12344][info][gc,phases     ] GC(57)   Evacuate Collection Set: 4.0ms
[2020-10-28T10:48:29.189+0800][1.763s][9376][12344][info][gc,phases     ] GC(57)   Post Evacuate Collection Set: 0.4ms
[2020-10-28T10:48:29.189+0800][1.763s][9376][12344][info][gc,phases     ] GC(57)   Other: 0.4ms
[2020-10-28T10:48:29.189+0800][1.763s][9376][12344][info][gc,heap       ] GC(57) Eden regions: 5->0(23)
[2020-10-28T10:48:29.189+0800][1.763s][9376][12344][info][gc,heap       ] GC(57) Survivor regions: 4->2(4)
[2020-10-28T10:48:29.189+0800][1.763s][9376][12344][info][gc,heap       ] GC(57) Old regions: 270->275
[2020-10-28T10:48:29.189+0800][1.763s][9376][12344][info][gc,heap       ] GC(57) Humongous regions: 170->168
[2020-10-28T10:48:29.189+0800][1.763s][9376][12344][info][gc,metaspace  ] GC(57) Metaspace: 16382K->16382K(1064960K)
[2020-10-28T10:48:29.189+0800][1.763s][9376][12344][info][gc            ] GC(57) Pause Young (Concurrent Start) (G1 Humongous Allocation) 448M->444M(512M) 5.568ms
[2020-10-28T10:48:29.190+0800][1.764s][9376][12344][info][gc,cpu        ] GC(57) User=0.09s Sys=0.00s Real=0.01s
[2020-10-28T10:48:29.190+0800][1.764s][9376][11736][info][gc            ] GC(58) Concurrent Cycle
[2020-10-28T10:48:29.191+0800][1.765s][9376][11736][info][gc,marking    ] GC(58) Concurrent Clear Claimed Marks
[2020-10-28T10:48:29.192+0800][1.765s][9376][11736][info][gc,marking    ] GC(58) Concurrent Clear Claimed Marks 0.242ms
[2020-10-28T10:48:29.192+0800][1.765s][9376][11736][info][gc,marking    ] GC(58) Concurrent Scan Root Regions
[2020-10-28T10:48:29.192+0800][1.766s][9376][11736][info][gc,marking    ] GC(58) Concurrent Scan Root Regions 0.203ms
[2020-10-28T10:48:29.192+0800][1.766s][9376][11736][info][gc,marking    ] GC(58) Concurrent Mark (1.766s)
[2020-10-28T10:48:29.192+0800][1.766s][9376][11736][info][gc,marking    ] GC(58) Concurrent Mark From Roots
[2020-10-28T10:48:29.192+0800][1.766s][9376][11736][info][gc,task       ] GC(58) Using 2 workers of 2 for marking
[2020-10-28T10:48:29.198+0800][1.772s][9376][12344][info][gc,start      ] GC(59) Pause Young (Normal) (G1 Evacuation Pause)
[2020-10-28T10:48:29.198+0800][1.772s][9376][12344][info][gc,task       ] GC(59) Using 8 workers of 8 for evacuation
[2020-10-28T10:48:29.201+0800][1.774s][9376][12344][info][gc,phases     ] GC(59)   Pre Evacuate Collection Set: 0.1ms
[2020-10-28T10:48:29.201+0800][1.775s][9376][12344][info][gc,phases     ] GC(59)   Evacuate Collection Set: 2.2ms
[2020-10-28T10:48:29.201+0800][1.775s][9376][12344][info][gc,phases     ] GC(59)   Post Evacuate Collection Set: 0.3ms
[2020-10-28T10:48:29.201+0800][1.775s][9376][12344][info][gc,phases     ] GC(59)   Other: 0.2ms
[2020-10-28T10:48:29.201+0800][1.775s][9376][12344][info][gc,heap       ] GC(59) Eden regions: 23->0(21)
[2020-10-28T10:48:29.201+0800][1.775s][9376][12344][info][gc,heap       ] GC(59) Survivor regions: 2->4(4)
[2020-10-28T10:48:29.201+0800][1.775s][9376][12344][info][gc,heap       ] GC(59) Old regions: 275->284
[2020-10-28T10:48:29.201+0800][1.775s][9376][12344][info][gc,heap       ] GC(59) Humongous regions: 182->167
[2020-10-28T10:48:29.201+0800][1.775s][9376][12344][info][gc,metaspace  ] GC(59) Metaspace: 16382K->16382K(1064960K)
[2020-10-28T10:48:29.201+0800][1.775s][9376][12344][info][gc            ] GC(59) Pause Young (Normal) (G1 Evacuation Pause) 481M->454M(512M) 3.117ms
[2020-10-28T10:48:29.201+0800][1.775s][9376][12344][info][gc,cpu        ] GC(59) User=0.00s Sys=0.00s Real=0.00s
[2020-10-28T10:48:29.203+0800][1.777s][9376][11736][info][gc,marking    ] GC(58) Concurrent Mark From Roots 11.079ms
[2020-10-28T10:48:29.203+0800][1.777s][9376][11736][info][gc,marking    ] GC(58) Concurrent Preclean
[2020-10-28T10:48:29.204+0800][1.777s][9376][11736][info][gc,marking    ] GC(58) Concurrent Preclean 0.336ms
[2020-10-28T10:48:29.204+0800][1.777s][9376][11736][info][gc,marking    ] GC(58) Concurrent Mark (1.766s, 1.777s) 11.714ms
[2020-10-28T10:48:29.205+0800][1.778s][9376][12344][info][gc,start      ] GC(58) Pause Remark
[2020-10-28T10:48:29.207+0800][1.781s][9376][12344][info][gc,stringtable] GC(58) Cleaned string and symbol table, strings: 6259 processed, 0 removed, symbols: 52176 processed, 0 removed
[2020-10-28T10:48:29.208+0800][1.781s][9376][12344][info][gc            ] GC(58) Pause Remark 459M->458M(512M) 3.598ms
[2020-10-28T10:48:29.208+0800][1.782s][9376][12344][info][gc,cpu        ] GC(58) User=0.00s Sys=0.00s Real=0.00s
[2020-10-28T10:48:29.209+0800][1.782s][9376][11736][info][gc,marking    ] GC(58) Concurrent Rebuild Remembered Sets
[2020-10-28T10:48:29.212+0800][1.786s][9376][11736][info][gc,marking    ] GC(58) Concurrent Rebuild Remembered Sets 3.280ms
[2020-10-28T10:48:29.212+0800][1.786s][9376][12344][info][gc,start      ] GC(58) Pause Cleanup
[2020-10-28T10:48:29.212+0800][1.786s][9376][12344][info][gc            ] GC(58) Pause Cleanup 479M->479M(512M) 0.181ms
[2020-10-28T10:48:29.213+0800][1.786s][9376][12344][info][gc,cpu        ] GC(58) User=0.00s Sys=0.00s Real=0.00s
[2020-10-28T10:48:29.213+0800][1.787s][9376][11736][info][gc,marking    ] GC(58) Concurrent Cleanup for Next Mark
[2020-10-28T10:48:29.214+0800][1.787s][9376][11736][info][gc,marking    ] GC(58) Concurrent Cleanup for Next Mark 0.883ms
[2020-10-28T10:48:29.214+0800][1.788s][9376][12344][info][gc,start      ] GC(60) Pause Young (Prepare Mixed) (G1 Evacuation Pause)
[2020-10-28T10:48:29.214+0800][1.788s][9376][12344][info][gc,task       ] GC(60) Using 8 workers of 8 for evacuation
[2020-10-28T10:48:29.217+0800][1.790s][9376][12344][info][gc,phases     ] GC(60)   Pre Evacuate Collection Set: 0.1ms
[2020-10-28T10:48:29.217+0800][1.790s][9376][12344][info][gc,phases     ] GC(60)   Evacuate Collection Set: 2.2ms
[2020-10-28T10:48:29.217+0800][1.790s][9376][12344][info][gc,phases     ] GC(60)   Post Evacuate Collection Set: 0.3ms
[2020-10-28T10:48:29.217+0800][1.790s][9376][12344][info][gc,phases     ] GC(60)   Other: 0.2ms
[2020-10-28T10:48:29.217+0800][1.791s][9376][12344][info][gc,heap       ] GC(60) Eden regions: 21->0(21)
[2020-10-28T10:48:29.217+0800][1.791s][9376][12344][info][gc,heap       ] GC(60) Survivor regions: 4->4(4)
[2020-10-28T10:48:29.217+0800][1.791s][9376][12344][info][gc,heap       ] GC(60) Old regions: 283->290
[2020-10-28T10:48:29.217+0800][1.791s][9376][12344][info][gc,heap       ] GC(60) Humongous regions: 177->170
[2020-10-28T10:48:29.217+0800][1.791s][9376][12344][info][gc,metaspace  ] GC(60) Metaspace: 16382K->16382K(1064960K)
[2020-10-28T10:48:29.217+0800][1.791s][9376][12344][info][gc            ] GC(60) Pause Young (Prepare Mixed) (G1 Evacuation Pause) 483M->463M(512M) 3.145ms
[2020-10-28T10:48:29.217+0800][1.791s][9376][12344][info][gc,cpu        ] GC(60) User=0.00s Sys=0.00s Real=0.00s
[2020-10-28T10:48:29.217+0800][1.791s][9376][11736][info][gc            ] GC(58) Concurrent Cycle 27.191ms
[2020-10-28T10:48:29.228+0800][1.802s][9376][12344][info][gc,start      ] GC(61) Pause Young (Mixed) (G1 Evacuation Pause)
[2020-10-28T10:48:29.228+0800][1.802s][9376][12344][info][gc,task       ] GC(61) Using 8 workers of 8 for evacuation
[2020-10-28T10:48:29.237+0800][1.811s][9376][12344][info][gc            ] GC(61) To-space exhausted
[2020-10-28T10:48:29.238+0800][1.812s][9376][12344][info][gc,phases     ] GC(61)   Pre Evacuate Collection Set: 1.2ms
[2020-10-28T10:48:29.238+0800][1.812s][9376][12344][info][gc,phases     ] GC(61)   Evacuate Collection Set: 5.9ms
[2020-10-28T10:48:29.238+0800][1.812s][9376][12344][info][gc,phases     ] GC(61)   Post Evacuate Collection Set: 1.0ms
[2020-10-28T10:48:29.238+0800][1.812s][9376][12344][info][gc,phases     ] GC(61)   Other: 2.1ms
[2020-10-28T10:48:29.238+0800][1.812s][9376][12344][info][gc,heap       ] GC(61) Eden regions: 21->0(21)
[2020-10-28T10:48:29.238+0800][1.812s][9376][12344][info][gc,heap       ] GC(61) Survivor regions: 4->4(4)
[2020-10-28T10:48:29.238+0800][1.812s][9376][12344][info][gc,heap       ] GC(61) Old regions: 290->306
[2020-10-28T10:48:29.239+0800][1.812s][9376][12344][info][gc,heap       ] GC(61) Humongous regions: 184->172
[2020-10-28T10:48:29.239+0800][1.812s][9376][12344][info][gc,metaspace  ] GC(61) Metaspace: 16382K->16382K(1064960K)
[2020-10-28T10:48:29.239+0800][1.812s][9376][12344][info][gc            ] GC(61) Pause Young (Mixed) (G1 Evacuation Pause) 498M->482M(512M) 10.466ms
[2020-10-28T10:48:29.239+0800][1.813s][9376][12344][info][gc,cpu        ] GC(61) User=0.09s Sys=0.00s Real=0.01s
[2020-10-28T10:48:29.246+0800][1.820s][9376][12344][info][gc,start      ] GC(62) Pause Young (Mixed) (G1 Evacuation Pause)
[2020-10-28T10:48:29.246+0800][1.820s][9376][12344][info][gc,task       ] GC(62) Using 8 workers of 8 for evacuation
[2020-10-28T10:48:29.247+0800][1.821s][9376][12344][info][gc            ] GC(62) To-space exhausted
[2020-10-28T10:48:29.248+0800][1.821s][9376][12344][info][gc,phases     ] GC(62)   Pre Evacuate Collection Set: 0.1ms
[2020-10-28T10:48:29.248+0800][1.821s][9376][12344][info][gc,phases     ] GC(62)   Evacuate Collection Set: 0.3ms
[2020-10-28T10:48:29.248+0800][1.821s][9376][12344][info][gc,phases     ] GC(62)   Post Evacuate Collection Set: 0.3ms
[2020-10-28T10:48:29.248+0800][1.821s][9376][12344][info][gc,phases     ] GC(62)   Other: 0.5ms
[2020-10-28T10:48:29.248+0800][1.821s][9376][12344][info][gc,heap       ] GC(62) Eden regions: 19->0(25)
[2020-10-28T10:48:29.248+0800][1.821s][9376][12344][info][gc,heap       ] GC(62) Survivor regions: 4->0(4)
[2020-10-28T10:48:29.248+0800][1.821s][9376][12344][info][gc,heap       ] GC(62) Old regions: 306->327
[2020-10-28T10:48:29.248+0800][1.821s][9376][12344][info][gc,heap       ] GC(62) Humongous regions: 183->172
[2020-10-28T10:48:29.248+0800][1.821s][9376][12344][info][gc,metaspace  ] GC(62) Metaspace: 16382K->16382K(1064960K)
[2020-10-28T10:48:29.248+0800][1.822s][9376][12344][info][gc            ] GC(62) Pause Young (Mixed) (G1 Evacuation Pause) 511M->499M(512M) 1.424ms
[2020-10-28T10:48:29.248+0800][1.822s][9376][12344][info][gc,cpu        ] GC(62) User=0.00s Sys=0.00s Real=0.00s
[2020-10-28T10:48:29.248+0800][1.822s][9376][12344][info][gc,start      ] GC(63) Pause Young (Concurrent Start) (G1 Humongous Allocation)
[2020-10-28T10:48:29.248+0800][1.822s][9376][12344][info][gc,task       ] GC(63) Using 8 workers of 8 for evacuation
[2020-10-28T10:48:29.249+0800][1.822s][9376][12344][info][gc,phases     ] GC(63)   Pre Evacuate Collection Set: 0.1ms
[2020-10-28T10:48:29.249+0800][1.822s][9376][12344][info][gc,phases     ] GC(63)   Evacuate Collection Set: 0.3ms
[2020-10-28T10:48:29.249+0800][1.822s][9376][12344][info][gc,phases     ] GC(63)   Post Evacuate Collection Set: 0.1ms
[2020-10-28T10:48:29.249+0800][1.823s][9376][12344][info][gc,phases     ] GC(63)   Other: 0.1ms
[2020-10-28T10:48:29.249+0800][1.823s][9376][12344][info][gc,heap       ] GC(63) Eden regions: 1->0(25)
[2020-10-28T10:48:29.249+0800][1.823s][9376][12344][info][gc,heap       ] GC(63) Survivor regions: 0->0(4)
[2020-10-28T10:48:29.249+0800][1.823s][9376][12344][info][gc,heap       ] GC(63) Old regions: 327->327
[2020-10-28T10:48:29.249+0800][1.823s][9376][12344][info][gc,heap       ] GC(63) Humongous regions: 172->172
[2020-10-28T10:48:29.249+0800][1.823s][9376][12344][info][gc,metaspace  ] GC(63) Metaspace: 16382K->16382K(1064960K)
[2020-10-28T10:48:29.249+0800][1.823s][9376][12344][info][gc            ] GC(63) Pause Young (Concurrent Start) (G1 Humongous Allocation) 499M->499M(512M) 0.719ms
[2020-10-28T10:48:29.249+0800][1.823s][9376][12344][info][gc,cpu        ] GC(63) User=0.00s Sys=0.00s Real=0.00s
[2020-10-28T10:48:29.249+0800][1.823s][9376][11736][info][gc            ] GC(64) Concurrent Cycle
[2020-10-28T10:48:29.249+0800][1.823s][9376][11736][info][gc,marking    ] GC(64) Concurrent Clear Claimed Marks
[2020-10-28T10:48:29.250+0800][1.823s][9376][11736][info][gc,marking    ] GC(64) Concurrent Clear Claimed Marks 0.082ms
[2020-10-28T10:48:29.250+0800][1.823s][9376][11736][info][gc,marking    ] GC(64) Concurrent Scan Root Regions
[2020-10-28T10:48:29.250+0800][1.823s][9376][11736][info][gc,marking    ] GC(64) Concurrent Scan Root Regions 0.020ms
[2020-10-28T10:48:29.250+0800][1.823s][9376][11736][info][gc,marking    ] GC(64) Concurrent Mark (1.823s)
[2020-10-28T10:48:29.250+0800][1.823s][9376][11736][info][gc,marking    ] GC(64) Concurrent Mark From Roots
[2020-10-28T10:48:29.250+0800][1.823s][9376][11736][info][gc,task       ] GC(64) Using 2 workers of 2 for marking
[2020-10-28T10:48:29.253+0800][1.827s][9376][12344][info][gc,start      ] GC(65) Pause Young (Normal) (G1 Humongous Allocation)
[2020-10-28T10:48:29.254+0800][1.827s][9376][12344][info][gc,task       ] GC(65) Using 8 workers of 8 for evacuation
[2020-10-28T10:48:29.255+0800][1.829s][9376][12344][info][gc            ] GC(65) To-space exhausted
[2020-10-28T10:48:29.255+0800][1.829s][9376][12344][info][gc,phases     ] GC(65)   Pre Evacuate Collection Set: 0.4ms
[2020-10-28T10:48:29.256+0800][1.829s][9376][12344][info][gc,phases     ] GC(65)   Evacuate Collection Set: 0.5ms
[2020-10-28T10:48:29.256+0800][1.829s][9376][12344][info][gc,phases     ] GC(65)   Post Evacuate Collection Set: 0.5ms
[2020-10-28T10:48:29.256+0800][1.829s][9376][12344][info][gc,phases     ] GC(65)   Other: 0.9ms
[2020-10-28T10:48:29.256+0800][1.829s][9376][12344][info][gc,heap       ] GC(65) Eden regions: 9->0(25)
[2020-10-28T10:48:29.256+0800][1.829s][9376][12344][info][gc,heap       ] GC(65) Survivor regions: 0->0(4)
[2020-10-28T10:48:29.256+0800][1.829s][9376][12344][info][gc,heap       ] GC(65) Old regions: 327->336
[2020-10-28T10:48:29.256+0800][1.829s][9376][12344][info][gc,heap       ] GC(65) Humongous regions: 176->170
[2020-10-28T10:48:29.256+0800][1.829s][9376][12344][info][gc,metaspace  ] GC(65) Metaspace: 16382K->16382K(1064960K)
[2020-10-28T10:48:29.256+0800][1.829s][9376][12344][info][gc            ] GC(65) Pause Young (Normal) (G1 Humongous Allocation) 511M->505M(512M) 2.438ms
[2020-10-28T10:48:29.256+0800][1.830s][9376][12344][info][gc,cpu        ] GC(65) User=0.00s Sys=0.00s Real=0.00s
[2020-10-28T10:48:29.257+0800][1.831s][9376][12344][info][gc,start      ] GC(66) Pause Young (Normal) (G1 Evacuation Pause)
[2020-10-28T10:48:29.258+0800][1.831s][9376][12344][info][gc,task       ] GC(66) Using 8 workers of 8 for evacuation
[2020-10-28T10:48:29.258+0800][1.832s][9376][12344][info][gc            ] GC(66) To-space exhausted
[2020-10-28T10:48:29.258+0800][1.832s][9376][12344][info][gc,phases     ] GC(66)   Pre Evacuate Collection Set: 0.1ms
[2020-10-28T10:48:29.258+0800][1.832s][9376][12344][info][gc,phases     ] GC(66)   Evacuate Collection Set: 0.1ms
[2020-10-28T10:48:29.258+0800][1.832s][9376][12344][info][gc,phases     ] GC(66)   Post Evacuate Collection Set: 0.2ms
[2020-10-28T10:48:29.258+0800][1.832s][9376][12344][info][gc,phases     ] GC(66)   Other: 0.4ms
[2020-10-28T10:48:29.258+0800][1.832s][9376][12344][info][gc,heap       ] GC(66) Eden regions: 4->0(25)
[2020-10-28T10:48:29.258+0800][1.832s][9376][12344][info][gc,heap       ] GC(66) Survivor regions: 0->0(4)
[2020-10-28T10:48:29.258+0800][1.832s][9376][12344][info][gc,heap       ] GC(66) Old regions: 336->340
[2020-10-28T10:48:29.258+0800][1.832s][9376][12344][info][gc,heap       ] GC(66) Humongous regions: 172->172
[2020-10-28T10:48:29.258+0800][1.832s][9376][12344][info][gc,metaspace  ] GC(66) Metaspace: 16382K->16382K(1064960K)
[2020-10-28T10:48:29.258+0800][1.832s][9376][12344][info][gc            ] GC(66) Pause Young (Normal) (G1 Evacuation Pause) 511M->511M(512M) 0.991ms
[2020-10-28T10:48:29.259+0800][1.832s][9376][12344][info][gc,cpu        ] GC(66) User=0.00s Sys=0.00s Real=0.00s
[2020-10-28T10:48:29.259+0800][1.832s][9376][12344][info][gc,task       ] GC(67) Using 8 workers of 8 for full compaction
[2020-10-28T10:48:29.259+0800][1.833s][9376][12344][info][gc,start      ] GC(67) Pause Full (G1 Evacuation Pause)
[2020-10-28T10:48:29.260+0800][1.833s][9376][12344][info][gc,phases,start] GC(67) Phase 1: Mark live objects
[2020-10-28T10:48:29.262+0800][1.836s][9376][12344][info][gc,stringtable ] GC(67) Cleaned string and symbol table, strings: 6259 processed, 64 removed, symbols: 52176 processed, 0 removed
[2020-10-28T10:48:29.262+0800][1.836s][9376][12344][info][gc,phases      ] GC(67) Phase 1: Mark live objects 2.760ms
[2020-10-28T10:48:29.262+0800][1.836s][9376][12344][info][gc,phases,start] GC(67) Phase 2: Prepare for compaction
[2020-10-28T10:48:29.263+0800][1.837s][9376][12344][info][gc,phases      ] GC(67) Phase 2: Prepare for compaction 0.984ms
[2020-10-28T10:48:29.263+0800][1.837s][9376][12344][info][gc,phases,start] GC(67) Phase 3: Adjust pointers
[2020-10-28T10:48:29.267+0800][1.841s][9376][12344][info][gc,phases      ] GC(67) Phase 3: Adjust pointers 3.609ms
[2020-10-28T10:48:29.267+0800][1.841s][9376][12344][info][gc,phases,start] GC(67) Phase 4: Compact heap
[2020-10-28T10:48:29.314+0800][1.888s][9376][12344][info][gc,phases      ] GC(67) Phase 4: Compact heap 46.891ms
[2020-10-28T10:48:29.316+0800][1.890s][9376][12344][info][gc,heap        ] GC(67) Eden regions: 0->0(28)
[2020-10-28T10:48:29.316+0800][1.890s][9376][12344][info][gc,heap        ] GC(67) Survivor regions: 0->0(4)
[2020-10-28T10:48:29.316+0800][1.890s][9376][12344][info][gc,heap        ] GC(67) Old regions: 340->238
[2020-10-28T10:48:29.316+0800][1.890s][9376][12344][info][gc,heap        ] GC(67) Humongous regions: 172->172
[2020-10-28T10:48:29.316+0800][1.890s][9376][12344][info][gc,metaspace   ] GC(67) Metaspace: 16382K->16382K(1064960K)
[2020-10-28T10:48:29.316+0800][1.890s][9376][12344][info][gc             ] GC(67) Pause Full (G1 Evacuation Pause) 511M->378M(512M) 57.114ms
[2020-10-28T10:48:29.317+0800][1.891s][9376][12344][info][gc,cpu         ] GC(67) User=0.33s Sys=0.00s Real=0.06s
[2020-10-28T10:48:29.317+0800][1.891s][9376][11736][info][gc,marking     ] GC(64) Concurrent Mark From Roots 67.684ms
[2020-10-28T10:48:29.317+0800][1.891s][9376][11736][info][gc,marking     ] GC(64) Concurrent Mark Abort
[2020-10-28T10:48:29.317+0800][1.891s][9376][11736][info][gc             ] GC(64) Concurrent Cycle 68.302ms
[2020-10-28T10:48:29.339+0800][1.913s][9376][6804 ][info][gc,heap,exit   ] Heap
[2020-10-28T10:48:29.340+0800][1.914s][9376][6804 ][info][gc,heap,exit   ]  garbage-first heap   total 524288K, used 387733K [0x00000000e0000000, 0x0000000100000000)
[2020-10-28T10:48:29.340+0800][1.914s][9376][6804 ][info][gc,heap,exit   ]   region size 1024K, 1 young (1024K), 0 survivors (0K)
[2020-10-28T10:48:29.341+0800][1.914s][9376][6804 ][info][gc,heap,exit   ]  Metaspace       used 16552K, capacity 16956K, committed 17024K, reserved 1064960K
[2020-10-28T10:48:29.341+0800][1.915s][9376][6804 ][info][gc,heap,exit   ]   class space    used 1746K, capacity 1890K, committed 1920K, reserved 1048576K
